Microchip MPLAB XC8 Compiler V1.45 ()

Linker command line:

-W-3 --edf=C:\Program Files (x86)\Microchip\xc8\v1.45\dat\en_msgs.txt -cs \
  -h+dist/default/production\udrive_code.production.sym \
  --cmf=dist/default/production\udrive_code.production.cmf -z -Q16F18346 \
  -oC:\Users\kolbi\AppData\Local\Temp\sau4.2 \
  -Mdist/default/production/udrive_code.production.map -E1 -ver=XC8 \
  -ASTACK=0217Ch-0278fh -pstack=STACK -ACODE=00h-07FFhx8 \
  -ASTRCODE=00h-03FFFh -ASTRING=00h-0FFhx64 -ACONST=00h-0FFhx64 \
  -AENTRY=00h-0FFhx64 -ACOMMON=070h-07Fh -ABANK0=020h-06Fh \
  -ABANK1=0A0h-0EFh -ABANK2=0120h-016Fh -ABANK3=01A0h-01EFh \
  -ABANK4=0220h-026Fh -ABANK5=02A0h-02EFh -ABANK6=0320h-036Fh \
  -ABANK7=03A0h-03EFh -ABANK8=0420h-046Fh -ABANK9=04A0h-04EFh \
  -ABANK10=0520h-056Fh -ABANK11=05A0h-05EFh -ABANK12=0620h-066Fh \
  -ABANK13=06A0h-06EFh -ABANK14=0720h-076Fh -ABANK15=07A0h-07EFh \
  -ABANK16=0820h-086Fh -ABANK17=08A0h-08EFh -ABANK18=0920h-096Fh \
  -ABANK19=09A0h-09EFh -ABANK20=0A20h-0A6Fh -ABANK21=0AA0h-0AEFh \
  -ABANK22=0B20h-0B6Fh -ABANK23=0BA0h-0BEFh -ABANK24=0C20h-0C6Fh \
  -ABANK25=0CA0h-0CBFh -ABIGRAM=02000h-027EFh \
  -ARAM=020h-06Fh,0A0h-0EFh,0120h-016Fh,01A0h-01EFh,0220h-026Fh,02A0h-02EFh,0320h-036Fh,03A0h-03EFh,0420h-046Fh,04A0h-04EFh,0520h-056Fh,05A0h-05EFh,0620h-066Fh,06A0h-06EFh,0720h-076Fh,07A0h-07EFh,0820h-086Fh,08A0h-08EFh,0920h-096Fh,09A0h-09EFh,0A20h-0A6Fh,0AA0h-0AEFh,0B20h-0B6Fh,0BA0h-0BEFh,0C20h-0C6Fh,0CA0h-0CBFh \
  -AABS1=020h-07Fh,0A0h-0EFh,0120h-016Fh,01A0h-01EFh,0220h-026Fh,02A0h-02EFh,0320h-036Fh,03A0h-03EFh,0420h-046Fh,04A0h-04EFh,0520h-056Fh,05A0h-05EFh,0620h-066Fh,06A0h-06EFh,0720h-076Fh,07A0h-07EFh,0820h-086Fh,08A0h-08EFh,0920h-096Fh,09A0h-09EFh,0A20h-0A6Fh,0AA0h-0AEFh,0B20h-0B6Fh,0BA0h-0BEFh,0C20h-0C6Fh,0CA0h-0CBFh \
  -ASFR0=00h-01Fh -ASFR1=080h-09Fh -ASFR2=0100h-011Fh -ASFR3=0180h-019Fh \
  -ASFR4=0200h-021Fh -ASFR5=0280h-029Fh -ASFR6=0300h-031Fh \
  -ASFR7=0380h-039Fh -ASFR8=0400h-041Fh -ASFR9=0480h-049Fh \
  -ASFR10=0500h-051Fh -ASFR11=0580h-059Fh -ASFR12=0600h-061Fh \
  -ASFR13=0680h-069Fh -ASFR14=0700h-071Fh -ASFR15=0780h-079Fh \
  -ASFR16=0800h-081Fh -ASFR17=0880h-089Fh -ASFR18=0900h-091Fh \
  -ASFR19=0980h-099Fh -ASFR20=0A00h-0A1Fh -ASFR21=0A80h-0A9Fh \
  -ASFR22=0B00h-0B1Fh -ASFR23=0B80h-0B9Fh -ASFR24=0C00h-0C1Fh \
  -ASFR25=0C80h-0C9Fh -ASFR26=0D00h-0D6Fh -ASFR27=0D80h-0DEFh \
  -ASFR28=0E00h-0E6Fh -ASFR29=0E80h-0EEFh -ASFR30=0F00h-0F6Fh \
  -ASFR31=0F80h-0FEFh -preset_vec=00h,intentry=04h,init,end_init \
  -ppowerup=CODE -pcinit=CODE -pfunctab=ENTRY -ACONFIG=08007h-0800Ah \
  -pconfig=CONFIG -DCONFIG=2 -AIDLOC=08000h-08003h -pidloc=IDLOC -DIDLOC=2 \
  -AEEDATA=00h-0FFh/0F000h -peeprom_data=EEDATA -DEEDATA=2 -DCODE=2 \
  -DSTRCODE=2 -DSTRING=2 -DCONST=2 -DENTRY=2 -k \
  C:\Users\kolbi\AppData\Local\Temp\sau4.obj \
  dist/default/production\udrive_code.production.obj 

Object code version is 3.11

Machine type is 16F18346



                Name                               Link     Load   Length Selector   Space Scale
C:\Users\kolbi\AppData\Local\Temp\sau4.obj
                end_init                             50       50        2        8       0
                reset_vec                             0        0        2        0       0
                idloc                              8000     8000        4    10000       0
                config                             8007     8007        4    1000E       0
dist/default/production\udrive_code.production.obj
                cinit                                52       52       6E        8       0
                intentry                              4        4       4C        8       0
                text164                            2566     2566       1C     4ACC       0
                text163                            25BB     25BB       1E     4B76       0
                text162                            2269     2269        3     44D2       0
                text161                            22D6     22D6        5     45AC       0
                text160                            27D7     27D7       29     4FAE       0
                text159                            1B17     1B17       49     362E       0
                text158                            24E7     24E7       18     49CE       0
                text157                            2675     2675       21     4CEA       0
                text156                             801      801       37     1002       0
                text155                            243A     243A        D     4874       0
                text154                            226C     226C        3     44D8       0
                text153                            22DB     22DB        5     45B6       0
                text152                            2376     2376        9     46EC       0
                text151                            2447     2447        D     488E       0
                text150                            226F     226F        3     44DE       0
                text149                            2272     2272        3     44E4       0
                text148                            22A2     22A2        4     4544       0
                text147                            2275     2275        3     44EA       0
                text146                            2278     2278        3     44F0       0
                text145                            2267     2267        2     44CE       0
                text144                               2        2        2        0       0
                text143                            227B     227B        3     44F6       0
                text142                            182A     182A        1     3054       0
                text141                            22A6     22A6        4     454C       0
                text140                            227E     227E        3     44FC       0
                text139                            22E0     22E0        5     45C0       0
                text138                            240A     240A        C     4814       0
                text137                            2281     2281        3     4502       0
                text136                            1838     1838       2A     3070       0
                text135                            2318     2318        7     4630       0
                text134                            22E5     22E5        5     45CA       0
                text133                            22AA     22AA        4     4554       0
                text132                            22AE     22AE        4     455C       0
                text131                            22B2     22B2        4     4564       0
                text130                            22B6     22B6        4     456C       0
                text129                            2326     2326        8     464C       0
                text128                            231F     231F        7     463E       0
                text127                            22F4     22F4        6     45E8       0
                text126                            22BA     22BA        4     4574       0
                text125                            22BE     22BE        4     457C       0
                text124                            22C2     22C2        4     4584       0
                text123                            26FC     26FC       24     4DF8       0
                text122                            1C46     1C46       4E     388C       0
                text121                            1988     1988       3F     3310       0
                text120                            2284     2284        3     4508       0
                text119                            2615     2615       20     4C2A       0
                text117                            2635     2635       20     4C6A       0
                text116                            2517     2517       1A     4A2E       0
                text115                            23AC     23AC        A     4758       0
                text114                            1921     1921       33     3242       0
                text113                            232E     232E        8     465C       0
                text112                            237F     237F        9     46FE       0
                text111                            24A9     24A9       14     4952       0
                text110                            2388     2388        9     4710       0
                text109                            2484     2484       12     4908       0
                text108                            22C6     22C6        4     458C       0
                text107                            24BD     24BD       15     497A       0
                text106                            1891     1891       30     3122       0
                text105                            1DDB     1DDB       58     3BB6       0
                text104                            24FF     24FF       18     49FE       0
                text103                            2696     2696       21     4D2C       0
                text102                            2287     2287        3     450E       0
                text101                            228A     228A        3     4514       0
                text100                            1787     1787       79     2F0E       0
                text99                             1CE4     1CE4       52     39C8       0
                text98                             228D     228D        3     451A       0
                text97                             22CA     22CA        4     4594       0
                text96                             2290     2290        3     4520       0
                text95                             2293     2293        3     4526       0
                text94                             22FA     22FA        6     45F4       0
                text93                             2300     2300        6     4600       0
                text92                             2296     2296        3     452C       0
                text91                              800      800        1        8       0
                text90                             22CE     22CE        4     459C       0
                text89                             2299     2299        3     4532       0
                text88                             2306     2306        6     460C       0
                text87                             182B     182B        D     3056       0
                text86                             229C     229C        3     4538       0
                text85                             1862     1862       2F     30C4       0
                text84                             23DE     23DE        B     47BC       0
                text83                             2391     2391        9     4722       0
                text82                             2336     2336        8     466C       0
                text81                             233E     233E        8     467C       0
                text80                             2346     2346        8     468C       0
                text79                             234E     234E        8     469C       0
                text78                             2416     2416        C     482C       0
                text77                             23E9     23E9        B     47D2       0
                text76                             23B6     23B6        A     476C       0
                text75                             2356     2356        8     46AC       0
                text74                             235E     235E        8     46BC       0
                text73                             2366     2366        8     46CC       0
                text72                              7D3      7D3       2B        8       0
                text71                             1E33     1E33       59     3C66       0
                text70                             1A8C     1A8C       44     3518       0
                text69                             229F     229F        3     453E       0
                text68                             27B1     27B1       26     4F62       0
                text67                             23F4     23F4        B     47E8       0
                text66                             23FF     23FF        B     47FE       0
                text65                             23C0     23C0        A     4780       0
                text64                             2720     2720       24     4E40       0
                text63                             24D2     24D2       15     49A4       0
                text62                             1D88     1D88       53     3B10       0
                text61                             1A06     1A06       43     340C       0
                text60                             278C     278C       25     4F18       0
                text59                             230C     230C        6     4618       0
                text58                              6A1      6A1      132        8       0
                text57                             2744     2744       24     4E88       0
                text56                             1AD0     1AD0       47     35A0       0
                text55                             2473     2473       11     48E6       0
                text54                             1C94     1C94       50     3928       0
                text53                              938      938       89     1270       0
                text52                               C0       C0      2B0        8       0
                text51                              ECF      ECF      131     1D9E       0
                text50                             1E8C     1E8C       5B     3D18       0
                text49                             2768     2768       24     4ED0       0
                text48                              BF6      BF6       DE     17EC       0
                text47                              838      838       79     1070       0
                text46                             14E0     14E0       69     29C0       0
                text45                              A54      A54       C7     14A8       0
                text44                             1BAC     1BAC       4D     3758       0
                text43                             26D9     26D9       23     4DB2       0
                text42                             1BF9     1BF9       4D     37F2       0
                text41                             19C7     19C7       3F     338E       0
                text40                             1711     1711       76     2E22       0
                text39                             1A49     1A49       43     3492       0
                text38                             2496     2496       13     492C       0
                text37                             22EA     22EA        5     45D4       0
                text36                             147B     147B       65     28F6       0
                text35                             26B7     26B7       22     4D6E       0
                text34                              DB5      DB5      11A     1B6A       0
                text33                              CD4      CD4       E1     19A8       0
                text32                              8B1      8B1       87     1162       0
                text31                             1EE7     1EE7       5B     3DCE       0
                text30                             22EF     22EF        5     45DE       0
                text29                             1D36     1D36       52     3A6C       0
                text28                             1F42     1F42       5B     3E84       0
                text27                              9C1      9C1       93     1382       0
                text26                             25D9     25D9       1E     4BB2       0
                text25                             1417     1417       64     282E       0
                text24                             25F7     25F7       1E     4BEE       0
                text23                             1629     1629       73     2C52       0
                text22                             259E     259E       1D     4B3C       0
                text21                             254B     254B       1B     4A96       0
                text20                             169C     169C       75     2D38       0
                swtext1                            1800     1800       2A     3000       0
                text19                              370      370      19E        8       0
                text18                             23CA     23CA        A     4794       0
                text17                             23D4     23D4        A     47A8       0
                text16                             239A     239A        9     4734       0
                text15                             23A3     23A3        9     4746       0
                text14                             1B60     1B60       4C     36C0       0
                text13                             236E     236E        8     46DC       0
                text12                             1F9D     1F9D       63     3F3A       0
                text11                              B1B      B1B       DB     1636       0
                text10                             2582     2582       1C     4B04       0
                text9                              2454     2454        F     48A8       0
                text8                              15B8     15B8       71     2B70       0
                text7                              2463     2463       10     48C6       0
                text6                              1954     1954       34     32A8       0
                text5                              2531     2531       1A     4A62       0
                text4                              18C1     18C1       30     3182       0
                text3                              18F1     18F1       30     31E2       0
                text2                              13CC     13CC       4B     2798       0
                text1                               50E      50E      193        8       0
                maintext                           1549     1549       6F     2A92       0
                cstackBANK0                          20       20       2E       20       1
                cstackCOMMON                         70       70        D       70       1
                cstackBANK1                          A0       A0       39       A0       1
                cstackBANK4                         240      240       1C      220       1
                clrtext                            2422     2422        C     4844       0
                inittext                           242E     242E        C     485C       0
                dataBANK4                           220      220       20      220       1
                bssBANK3                            1A0      1A0       39      1A0       1
                dataBANK2                           16E      16E        2      120       1
                bssBANK2                            120      120       4C      120       1
                dataBANK1                            E9       E9        6       A0       1
                bssBANK1                             D9       D9       10       A0       1
                dataBANK0                            5A       5A        4       20       1
                bssBANK0                             4E       4E        C       20       1
                bssCOMMON                            7D       7D        1       70       1
                stringtext60                       2A75     2A75        2     5000       0
                stringtext59                       2A73     2A73        2     5000       0
                stringtext58                       2A71     2A71        2     5000       0
                stringtext57                       2A6C     2A6C        3     5000       0
                stringtext56                       2A69     2A69        3     5000       0
                stringtext55                       2A5F     2A5F        4     5000       0
                stringtext54                       2A5B     2A5B        4     5000       0
                stringtext53                       2A57     2A57        4     5000       0
                stringtext52                       2A53     2A53        4     5000       0
                stringtext51                       2A4F     2A4F        4     5000       0
                stringtext50                       2A4A     2A4A        5     5000       0
                stringtext49                       2A45     2A45        5     5000       0
                stringtext48                       2A40     2A40        5     5000       0
                stringtext47                       2A3B     2A3B        5     5000       0
                stringtext46                       2A36     2A36        5     5000       0
                stringtext45                       2A31     2A31        5     5000       0
                stringtext44                       2A2A     2A2A        7     5000       0
                stringtext43                       2A23     2A23        7     5000       0
                stringtext42                       2A1B     2A1B        8     5000       0
                stringtext41                       2A13     2A13        8     5000       0
                stringtext40                       2A0B     2A0B        8     5000       0
                stringtext39                       2A03     2A03        8     5000       0
                stringtext38                       29FB     29FB        8     5000       0
                stringtext37                       29F3     29F3        8     5000       0
                stringtext36                       29EB     29EB        8     5000       0
                stringtext35                       29E3     29E3        8     5000       0
                stringtext34                       29DA     29DA        9     5000       0
                stringtext33                       29D1     29D1        9     5000       0
                stringtext32                       29C6     29C6        B     5000       0
                stringtext31                       29BB     29BB        B     5000       0
                stringtext30                       29AF     29AF        C     5000       0
                stringtext29                       2996     2996        D     5000       0
                stringtext28                       2988     2988        E     5000       0
                stringtext27                       2979     2979        F     5000       0
                stringtext26                       296A     296A        F     5000       0
                stringtext25                       294B     294B       10     5000       0
                stringtext24                       293B     293B       10     5000       0
                stringtext23                       292B     292B       10     5000       0
                stringtext22                       291A     291A       11     5000       0
                stringtext21                       2909     2909       11     5000       0
                stringtext20                       28F8     28F8       11     5000       0
                stringtext19                       28E6     28E6       12     5000       0
                stringtext18                       28CF     28CF       17     5000       0
                stringtext17                       28B6     28B6       19     5000       0
                stringtext16                       289C     289C       1A     5000       0
                stringtext15                       2881     2881       1B     5000       0
                stringtext14                       2865     2865       1C     5000       0
                stringtext13                       2847     2847       1E     5000       0
                stringtext12                       2828     2828       1F     5000       0
                nvBANK3                             1D9      1D9        2      1A0       1
                nvBANK2                             16C      16C        2      120       1
                nvBANK0                              5E       5E        1       20       1
                stringtext11                       29A3     29A3        C     5000       0
                stringtext10                       295B     295B        F     5000       0
                stringtext9                        10F4     10F4       F4     2000       0
                stringtext8                        2A77     2A77        1     5000       0
                stringtext7                        2A6F     2A6F        2     5000       0
                stringtext6                        2A66     2A66        3     5000       0
                stringtext5                        2A63     2A63        3     5000       0
                stringtext4                        2800     2800       28     5000       0
                stringtext3                        12DA     12DA       F2     2000       0
                stringtext2                        11E8     11E8       F2     2000       0
                stringtext1                        1000     1000       F4     2000       0
                idataBANK4                         2655     2655       20     4CAA       0
                idataBANK2                          7FE      7FE        2        8       0
                idataBANK1                         2312     2312        6     4624       0
                idataBANK0                         22D2     22D2        4     45A4       0

TOTAL           Name                               Link     Load   Length     Space
        CLASS   STACK          

        CLASS   CODE           
                end_init                             50       50        2         0
                cinit                                52       52       6E         0
                intentry                              4        4       4C         0
                reset_vec                             0        0        2         0
                text164                            2566     2566       1C         0
                text163                            25BB     25BB       1E         0
                text162                            2269     2269        3         0
                text161                            22D6     22D6        5         0
                text160                            27D7     27D7       29         0
                text159                            1B17     1B17       49         0
                text158                            24E7     24E7       18         0
                text157                            2675     2675       21         0
                text156                             801      801       37         0
                text155                            243A     243A        D         0
                text154                            226C     226C        3         0
                text153                            22DB     22DB        5         0
                text152                            2376     2376        9         0
                text151                            2447     2447        D         0
                text150                            226F     226F        3         0
                text149                            2272     2272        3         0
                text148                            22A2     22A2        4         0
                text147                            2275     2275        3         0
                text146                            2278     2278        3         0
                text145                            2267     2267        2         0
                text144                               2        2        2         0
                text143                            227B     227B        3         0
                text142                            182A     182A        1         0
                text141                            22A6     22A6        4         0
                text140                            227E     227E        3         0
                text139                            22E0     22E0        5         0
                text138                            240A     240A        C         0
                text137                            2281     2281        3         0
                text136                            1838     1838       2A         0
                text135                            2318     2318        7         0
                text134                            22E5     22E5        5         0
                text133                            22AA     22AA        4         0
                text132                            22AE     22AE        4         0
                text131                            22B2     22B2        4         0
                text130                            22B6     22B6        4         0
                text129                            2326     2326        8         0
                text128                            231F     231F        7         0
                text127                            22F4     22F4        6         0
                text126                            22BA     22BA        4         0
                text125                            22BE     22BE        4         0
                text124                            22C2     22C2        4         0
                text123                            26FC     26FC       24         0
                text122                            1C46     1C46       4E         0
                text121                            1988     1988       3F         0
                text120                            2284     2284        3         0
                text119                            2615     2615       20         0
                text117                            2635     2635       20         0
                text116                            2517     2517       1A         0
                text115                            23AC     23AC        A         0
                text114                            1921     1921       33         0
                text113                            232E     232E        8         0
                text112                            237F     237F        9         0
                text111                            24A9     24A9       14         0
                text110                            2388     2388        9         0
                text109                            2484     2484       12         0
                text108                            22C6     22C6        4         0
                text107                            24BD     24BD       15         0
                text106                            1891     1891       30         0
                text105                            1DDB     1DDB       58         0
                text104                            24FF     24FF       18         0
                text103                            2696     2696       21         0
                text102                            2287     2287        3         0
                text101                            228A     228A        3         0
                text100                            1787     1787       79         0
                text99                             1CE4     1CE4       52         0
                text98                             228D     228D        3         0
                text97                             22CA     22CA        4         0
                text96                             2290     2290        3         0
                text95                             2293     2293        3         0
                text94                             22FA     22FA        6         0
                text93                             2300     2300        6         0
                text92                             2296     2296        3         0
                text91                              800      800        1         0
                text90                             22CE     22CE        4         0
                text89                             2299     2299        3         0
                text88                             2306     2306        6         0
                text87                             182B     182B        D         0
                text86                             229C     229C        3         0
                text85                             1862     1862       2F         0
                text84                             23DE     23DE        B         0
                text83                             2391     2391        9         0
                text82                             2336     2336        8         0
                text81                             233E     233E        8         0
                text80                             2346     2346        8         0
                text79                             234E     234E        8         0
                text78                             2416     2416        C         0
                text77                             23E9     23E9        B         0
                text76                             23B6     23B6        A         0
                text75                             2356     2356        8         0
                text74                             235E     235E        8         0
                text73                             2366     2366        8         0
                text72                              7D3      7D3       2B         0
                text71                             1E33     1E33       59         0
                text70                             1A8C     1A8C       44         0
                text69                             229F     229F        3         0
                text68                             27B1     27B1       26         0
                text67                             23F4     23F4        B         0
                text66                             23FF     23FF        B         0
                text65                             23C0     23C0        A         0
                text64                             2720     2720       24         0
                text63                             24D2     24D2       15         0
                text62                             1D88     1D88       53         0
                text61                             1A06     1A06       43         0
                text60                             278C     278C       25         0
                text59                             230C     230C        6         0
                text58                              6A1      6A1      132         0
                text57                             2744     2744       24         0
                text56                             1AD0     1AD0       47         0
                text55                             2473     2473       11         0
                text54                             1C94     1C94       50         0
                text53                              938      938       89         0
                text52                               C0       C0      2B0         0
                text51                              ECF      ECF      131         0
                text50                             1E8C     1E8C       5B         0
                text49                             2768     2768       24         0
                text48                              BF6      BF6       DE         0
                text47                              838      838       79         0
                text46                             14E0     14E0       69         0
                text45                              A54      A54       C7         0
                text44                             1BAC     1BAC       4D         0
                text43                             26D9     26D9       23         0
                text42                             1BF9     1BF9       4D         0
                text41                             19C7     19C7       3F         0
                text40                             1711     1711       76         0
                text39                             1A49     1A49       43         0
                text38                             2496     2496       13         0
                text37                             22EA     22EA        5         0
                text36                             147B     147B       65         0
                text35                             26B7     26B7       22         0
                text34                              DB5      DB5      11A         0
                text33                              CD4      CD4       E1         0
                text32                              8B1      8B1       87         0
                text31                             1EE7     1EE7       5B         0
                text30                             22EF     22EF        5         0
                text29                             1D36     1D36       52         0
                text28                             1F42     1F42       5B         0
                text27                              9C1      9C1       93         0
                text26                             25D9     25D9       1E         0
                text25                             1417     1417       64         0
                text24                             25F7     25F7       1E         0
                text23                             1629     1629       73         0
                text22                             259E     259E       1D         0
                text21                             254B     254B       1B         0
                text20                             169C     169C       75         0
                text19                              370      370      19E         0
                text18                             23CA     23CA        A         0
                text17                             23D4     23D4        A         0
                text16                             239A     239A        9         0
                text15                             23A3     23A3        9         0
                text14                             1B60     1B60       4C         0
                text13                             236E     236E        8         0
                text12                             1F9D     1F9D       63         0
                text11                              B1B      B1B       DB         0
                text10                             2582     2582       1C         0
                text9                              2454     2454        F         0
                text8                              15B8     15B8       71         0
                text7                              2463     2463       10         0
                text6                              1954     1954       34         0
                text5                              2531     2531       1A         0
                text4                              18C1     18C1       30         0
                text3                              18F1     18F1       30         0
                text2                              13CC     13CC       4B         0
                text1                               50E      50E      193         0
                maintext                           1549     1549       6F         0
                clrtext                            2422     2422        C         0
                inittext                           242E     242E        C         0
                idataBANK4                         2655     2655       20         0
                idataBANK2                          7FE      7FE        2         0
                idataBANK1                         2312     2312        6         0
                idataBANK0                         22D2     22D2        4         0

        CLASS   STRCODE        
                stringtext60                       2A75     2A75        2         0
                stringtext59                       2A73     2A73        2         0
                stringtext58                       2A71     2A71        2         0
                stringtext57                       2A6C     2A6C        3         0
                stringtext56                       2A69     2A69        3         0
                stringtext55                       2A5F     2A5F        4         0
                stringtext54                       2A5B     2A5B        4         0
                stringtext53                       2A57     2A57        4         0
                stringtext52                       2A53     2A53        4         0
                stringtext51                       2A4F     2A4F        4         0
                stringtext50                       2A4A     2A4A        5         0
                stringtext49                       2A45     2A45        5         0
                stringtext48                       2A40     2A40        5         0
                stringtext47                       2A3B     2A3B        5         0
                stringtext46                       2A36     2A36        5         0
                stringtext45                       2A31     2A31        5         0
                stringtext44                       2A2A     2A2A        7         0
                stringtext43                       2A23     2A23        7         0
                stringtext42                       2A1B     2A1B        8         0
                stringtext41                       2A13     2A13        8         0
                stringtext40                       2A0B     2A0B        8         0
                stringtext39                       2A03     2A03        8         0
                stringtext38                       29FB     29FB        8         0
                stringtext37                       29F3     29F3        8         0
                stringtext36                       29EB     29EB        8         0
                stringtext35                       29E3     29E3        8         0
                stringtext34                       29DA     29DA        9         0
                stringtext33                       29D1     29D1        9         0
                stringtext32                       29C6     29C6        B         0
                stringtext31                       29BB     29BB        B         0
                stringtext30                       29AF     29AF        C         0
                stringtext29                       2996     2996        D         0
                stringtext28                       2988     2988        E         0
                stringtext27                       2979     2979        F         0
                stringtext26                       296A     296A        F         0
                stringtext25                       294B     294B       10         0
                stringtext24                       293B     293B       10         0
                stringtext23                       292B     292B       10         0
                stringtext22                       291A     291A       11         0
                stringtext21                       2909     2909       11         0
                stringtext20                       28F8     28F8       11         0
                stringtext19                       28E6     28E6       12         0
                stringtext18                       28CF     28CF       17         0
                stringtext17                       28B6     28B6       19         0
                stringtext16                       289C     289C       1A         0
                stringtext15                       2881     2881       1B         0
                stringtext14                       2865     2865       1C         0
                stringtext13                       2847     2847       1E         0
                stringtext12                       2828     2828       1F         0
                stringtext11                       29A3     29A3        C         0
                stringtext10                       295B     295B        F         0
                stringtext9                        10F4     10F4       F4         0
                stringtext8                        2A77     2A77        1         0
                stringtext7                        2A6F     2A6F        2         0
                stringtext6                        2A66     2A66        3         0
                stringtext5                        2A63     2A63        3         0
                stringtext4                        2800     2800       28         0
                stringtext3                        12DA     12DA       F2         0
                stringtext2                        11E8     11E8       F2         0
                stringtext1                        1000     1000       F4         0

        CLASS   STRING         

        CLASS   CONST          
                swtext1                            1800     1800       2A         0

        CLASS   ENTRY          

        CLASS   COMMON         
                cstackCOMMON                         70       70        D         1
                bssCOMMON                            7D       7D        1         1

        CLASS   BANK0          
                cstackBANK0                          20       20       2E         1
                dataBANK0                            5A       5A        4         1
                bssBANK0                             4E       4E        C         1
                nvBANK0                              5E       5E        1         1

        CLASS   BANK1          
                cstackBANK1                          A0       A0       39         1
                dataBANK1                            E9       E9        6         1
                bssBANK1                             D9       D9       10         1

        CLASS   BANK2          
                dataBANK2                           16E      16E        2         1
                bssBANK2                            120      120       4C         1
                nvBANK2                             16C      16C        2         1

        CLASS   BANK3          
                bssBANK3                            1A0      1A0       39         1
                nvBANK3                             1D9      1D9        2         1

        CLASS   BANK4          
                cstackBANK4                         240      240       1C         1
                dataBANK4                           220      220       20         1

        CLASS   BANK5          

        CLASS   BANK6          

        CLASS   BANK7          

        CLASS   BANK8          

        CLASS   BANK9          

        CLASS   BANK10         

        CLASS   BANK11         

        CLASS   BANK12         

        CLASS   BANK13         

        CLASS   BANK14         

        CLASS   BANK15         

        CLASS   BANK16         

        CLASS   BANK17         

        CLASS   BANK18         

        CLASS   BANK19         

        CLASS   BANK20         

        CLASS   BANK21         

        CLASS   BANK22         

        CLASS   BANK23         

        CLASS   BANK24         

        CLASS   BANK25         

        CLASS   BIGRAM         

        CLASS   RAM            

        CLASS   ABS1           
                abs_s1                               7E       7E        2         1
                abs_s1                              C30      C30       40         1
                abs_s1                              CA0      CA0       20         1
                abs_s1                             2790     2790        0         1

        CLASS   SFR0           

        CLASS   SFR1           

        CLASS   SFR2           

        CLASS   SFR3           

        CLASS   SFR4           

        CLASS   SFR5           

        CLASS   SFR6           

        CLASS   SFR7           

        CLASS   SFR8           

        CLASS   SFR9           

        CLASS   SFR10          

        CLASS   SFR11          

        CLASS   SFR12          

        CLASS   SFR13          

        CLASS   SFR14          

        CLASS   SFR15          

        CLASS   SFR16          

        CLASS   SFR17          

        CLASS   SFR18          

        CLASS   SFR19          

        CLASS   SFR20          

        CLASS   SFR21          

        CLASS   SFR22          

        CLASS   SFR23          

        CLASS   SFR24          

        CLASS   SFR25          

        CLASS   SFR26          

        CLASS   SFR27          

        CLASS   SFR28          

        CLASS   SFR29          

        CLASS   SFR30          

        CLASS   SFR31          

        CLASS   CONFIG         
                config                             8007     8007        4         0

        CLASS   IDLOC          
                idloc                              8000     8000        4         0

        CLASS   EEDATA         

        CLASS   BANK31         

        CLASS   BANK30         

        CLASS   BANK29         

        CLASS   BANK28         

        CLASS   BANK27         

        CLASS   BANK26         



SEGMENTS        Name                           Load    Length   Top    Selector   Space  Class     Delta

                reset_vec                      000000  000004  000004         0       0  CODE        2
                intentry                       000004  0007FD  000801         8       0  CODE        2
                cstackBANK0                    000020  00003F  00005F        20       1  BANK0       1
                cstackCOMMON                   000070  00000E  00007E        70       1  COMMON      1
                cstackBANK1                    0000A0  00004F  0000EF        A0       1  BANK1       1
                bssBANK2                       000120  000050  000170       120       1  BANK2       1
                bssBANK3                       0001A0  00003B  0001DB       1A0       1  BANK3       1
                dataBANK4                      000220  00003C  00025C       220       1  BANK4       1
                text156                        000801  000037  000838      1002       0  CODE        2
                text47                         000838  000079  0008B1      1070       0  CODE        2
                text32                         0008B1  000087  000938      1162       0  CODE        2
                text53                         000938  000089  0009C1      1270       0  CODE        2
                text27                         0009C1  000093  000A54      1382       0  CODE        2
                text45                         000A54  0000C7  000B1B      14A8       0  CODE        2
                text11                         000B1B  0000DB  000BF6      1636       0  CODE        2
                text48                         000BF6  0000DE  000CD4      17EC       0  CODE        2
                text33                         000CD4  0000E1  000DB5      19A8       0  CODE        2
                text34                         000DB5  00011A  000ECF      1B6A       0  CODE        2
                text51                         000ECF  000131  001000      1D9E       0  CODE        2
                stringtext1                    001000  0003CC  0013CC      2000       0  STRCODE     2
                text2                          0013CC  00004B  001417      2798       0  CODE        2
                text25                         001417  000064  00147B      282E       0  CODE        2
                text36                         00147B  000065  0014E0      28F6       0  CODE        2
                text46                         0014E0  000069  001549      29C0       0  CODE        2
                maintext                       001549  00006F  0015B8      2A92       0  CODE        2
                text8                          0015B8  000071  001629      2B70       0  CODE        2
                text23                         001629  000073  00169C      2C52       0  CODE        2
                text20                         00169C  000075  001711      2D38       0  CODE        2
                text40                         001711  000076  001787      2E22       0  CODE        2
                text100                        001787  000079  001800      2F0E       0  CODE        2
                swtext1                        001800  00002A  00182A      3000       0  CONST       2
                text142                        00182A  000001  00182B      3054       0  CODE        2
                text87                         00182B  00000D  001838      3056       0  CODE        2
                text136                        001838  00002A  001862      3070       0  CODE        2
                text85                         001862  00002F  001891      30C4       0  CODE        2
                text106                        001891  000030  0018C1      3122       0  CODE        2
                text4                          0018C1  000030  0018F1      3182       0  CODE        2
                text3                          0018F1  000030  001921      31E2       0  CODE        2
                text114                        001921  000033  001954      3242       0  CODE        2
                text6                          001954  000034  001988      32A8       0  CODE        2
                text121                        001988  00003F  0019C7      3310       0  CODE        2
                text41                         0019C7  00003F  001A06      338E       0  CODE        2
                text61                         001A06  000043  001A49      340C       0  CODE        2
                text39                         001A49  000043  001A8C      3492       0  CODE        2
                text70                         001A8C  000044  001AD0      3518       0  CODE        2
                text56                         001AD0  000047  001B17      35A0       0  CODE        2
                text159                        001B17  000049  001B60      362E       0  CODE        2
                text14                         001B60  00004C  001BAC      36C0       0  CODE        2
                text44                         001BAC  00004D  001BF9      3758       0  CODE        2
                text42                         001BF9  00004D  001C46      37F2       0  CODE        2
                text122                        001C46  00004E  001C94      388C       0  CODE        2
                text54                         001C94  000050  001CE4      3928       0  CODE        2
                text99                         001CE4  000052  001D36      39C8       0  CODE        2
                text29                         001D36  000052  001D88      3A6C       0  CODE        2
                text62                         001D88  000053  001DDB      3B10       0  CODE        2
                text105                        001DDB  000058  001E33      3BB6       0  CODE        2
                text71                         001E33  000059  001E8C      3C66       0  CODE        2
                text50                         001E8C  00005B  001EE7      3D18       0  CODE        2
                text31                         001EE7  00005B  001F42      3DCE       0  CODE        2
                text28                         001F42  00005B  001F9D      3E84       0  CODE        2
                text12                         001F9D  000063  002000      3F3A       0  CODE        2
                text145                        002267  000002  002269      44CE       0  CODE        2
                text162                        002269  000003  00226C      44D2       0  CODE        2
                text154                        00226C  000003  00226F      44D8       0  CODE        2
                text150                        00226F  000003  002272      44DE       0  CODE        2
                text149                        002272  000003  002275      44E4       0  CODE        2
                text147                        002275  000003  002278      44EA       0  CODE        2
                text146                        002278  000003  00227B      44F0       0  CODE        2
                text143                        00227B  000003  00227E      44F6       0  CODE        2
                text140                        00227E  000003  002281      44FC       0  CODE        2
                text137                        002281  000003  002284      4502       0  CODE        2
                text120                        002284  000003  002287      4508       0  CODE        2
                text102                        002287  000003  00228A      450E       0  CODE        2
                text101                        00228A  000003  00228D      4514       0  CODE        2
                text98                         00228D  000003  002290      451A       0  CODE        2
                text96                         002290  000003  002293      4520       0  CODE        2
                text95                         002293  000003  002296      4526       0  CODE        2
                text92                         002296  000003  002299      452C       0  CODE        2
                text89                         002299  000003  00229C      4532       0  CODE        2
                text86                         00229C  000003  00229F      4538       0  CODE        2
                text69                         00229F  000003  0022A2      453E       0  CODE        2
                text148                        0022A2  000004  0022A6      4544       0  CODE        2
                text141                        0022A6  000004  0022AA      454C       0  CODE        2
                text133                        0022AA  000004  0022AE      4554       0  CODE        2
                text132                        0022AE  000004  0022B2      455C       0  CODE        2
                text131                        0022B2  000004  0022B6      4564       0  CODE        2
                text130                        0022B6  000004  0022BA      456C       0  CODE        2
                text126                        0022BA  000004  0022BE      4574       0  CODE        2
                text125                        0022BE  000004  0022C2      457C       0  CODE        2
                text124                        0022C2  000004  0022C6      4584       0  CODE        2
                text108                        0022C6  000004  0022CA      458C       0  CODE        2
                text97                         0022CA  000004  0022CE      4594       0  CODE        2
                text90                         0022CE  000004  0022D2      459C       0  CODE        2
                idataBANK0                     0022D2  000004  0022D6      45A4       0  CODE        2
                text161                        0022D6  000005  0022DB      45AC       0  CODE        2
                text153                        0022DB  000005  0022E0      45B6       0  CODE        2
                text139                        0022E0  000005  0022E5      45C0       0  CODE        2
                text134                        0022E5  000005  0022EA      45CA       0  CODE        2
                text37                         0022EA  000005  0022EF      45D4       0  CODE        2
                text30                         0022EF  000005  0022F4      45DE       0  CODE        2
                text127                        0022F4  000006  0022FA      45E8       0  CODE        2
                text94                         0022FA  000006  002300      45F4       0  CODE        2
                text93                         002300  000006  002306      4600       0  CODE        2
                text88                         002306  000006  00230C      460C       0  CODE        2
                text59                         00230C  000006  002312      4618       0  CODE        2
                idataBANK1                     002312  000006  002318      4624       0  CODE        2
                text135                        002318  000007  00231F      4630       0  CODE        2
                text128                        00231F  000007  002326      463E       0  CODE        2
                text129                        002326  000008  00232E      464C       0  CODE        2
                text113                        00232E  000008  002336      465C       0  CODE        2
                text82                         002336  000008  00233E      466C       0  CODE        2
                text81                         00233E  000008  002346      467C       0  CODE        2
                text80                         002346  000008  00234E      468C       0  CODE        2
                text79                         00234E  000008  002356      469C       0  CODE        2
                text75                         002356  000008  00235E      46AC       0  CODE        2
                text74                         00235E  000008  002366      46BC       0  CODE        2
                text73                         002366  000008  00236E      46CC       0  CODE        2
                text13                         00236E  000008  002376      46DC       0  CODE        2
                text152                        002376  000009  00237F      46EC       0  CODE        2
                text112                        00237F  000009  002388      46FE       0  CODE        2
                text110                        002388  000009  002391      4710       0  CODE        2
                text83                         002391  000009  00239A      4722       0  CODE        2
                text16                         00239A  000009  0023A3      4734       0  CODE        2
                text15                         0023A3  000009  0023AC      4746       0  CODE        2
                text115                        0023AC  00000A  0023B6      4758       0  CODE        2
                text76                         0023B6  00000A  0023C0      476C       0  CODE        2
                text65                         0023C0  00000A  0023CA      4780       0  CODE        2
                text18                         0023CA  00000A  0023D4      4794       0  CODE        2
                text17                         0023D4  00000A  0023DE      47A8       0  CODE        2
                text84                         0023DE  00000B  0023E9      47BC       0  CODE        2
                text77                         0023E9  00000B  0023F4      47D2       0  CODE        2
                text67                         0023F4  00000B  0023FF      47E8       0  CODE        2
                text66                         0023FF  00000B  00240A      47FE       0  CODE        2
                text138                        00240A  00000C  002416      4814       0  CODE        2
                text78                         002416  00000C  002422      482C       0  CODE        2
                clrtext                        002422  00000C  00242E      4844       0  CODE        2
                inittext                       00242E  00000C  00243A      485C       0  CODE        2
                text155                        00243A  00000D  002447      4874       0  CODE        2
                text151                        002447  00000D  002454      488E       0  CODE        2
                text9                          002454  00000F  002463      48A8       0  CODE        2
                text7                          002463  000010  002473      48C6       0  CODE        2
                text55                         002473  000011  002484      48E6       0  CODE        2
                text109                        002484  000012  002496      4908       0  CODE        2
                text38                         002496  000013  0024A9      492C       0  CODE        2
                text111                        0024A9  000014  0024BD      4952       0  CODE        2
                text107                        0024BD  000015  0024D2      497A       0  CODE        2
                text63                         0024D2  000015  0024E7      49A4       0  CODE        2
                text158                        0024E7  000018  0024FF      49CE       0  CODE        2
                text104                        0024FF  000018  002517      49FE       0  CODE        2
                text116                        002517  00001A  002531      4A2E       0  CODE        2
                text5                          002531  00001A  00254B      4A62       0  CODE        2
                text21                         00254B  00001B  002566      4A96       0  CODE        2
                text164                        002566  00001C  002582      4ACC       0  CODE        2
                text10                         002582  00001C  00259E      4B04       0  CODE        2
                text22                         00259E  00001D  0025BB      4B3C       0  CODE        2
                text163                        0025BB  00001E  0025D9      4B76       0  CODE        2
                text26                         0025D9  00001E  0025F7      4BB2       0  CODE        2
                text24                         0025F7  00001E  002615      4BEE       0  CODE        2
                text119                        002615  000020  002635      4C2A       0  CODE        2
                text117                        002635  000020  002655      4C6A       0  CODE        2
                idataBANK4                     002655  000020  002675      4CAA       0  CODE        2
                text157                        002675  000021  002696      4CEA       0  CODE        2
                text103                        002696  000021  0026B7      4D2C       0  CODE        2
                text35                         0026B7  000022  0026D9      4D6E       0  CODE        2
                text43                         0026D9  000023  0026FC      4DB2       0  CODE        2
                text123                        0026FC  000024  002720      4DF8       0  CODE        2
                text64                         002720  000024  002744      4E40       0  CODE        2
                text57                         002744  000024  002768      4E88       0  CODE        2
                text49                         002768  000024  00278C      4ED0       0  CODE        2
                text60                         00278C  000025  0027B1      4F18       0  CODE        2
                text68                         0027B1  000026  0027D7      4F62       0  CODE        2
                text160                        0027D7  000029  002800      4FAE       0  CODE        2
                stringtext4                    002800  000278  002A78      5000       0  STRCODE     2
                idloc                          008000  000004  008004     10000       0  IDLOC       2
                config                         008007  000004  00800B     1000E       0  CONFIG      2


UNUSED ADDRESS RANGES

        Name                Unused          Largest block    Delta
        BANK0            0005F-0006F              11           1
        BANK1            000EF-000EF               1           1
        BANK10           00520-0056F              50           1
        BANK11           005A0-005EF              50           1
        BANK12           00620-0066F              50           1
        BANK13           006A0-006EF              50           1
        BANK14           00720-0076F              50           1
        BANK15           007A0-007EF              50           1
        BANK16           00820-0086F              50           1
        BANK17           008A0-008EF              50           1
        BANK18           00920-0096F              50           1
        BANK19           009A0-009EF              50           1
        BANK20           00A20-00A6F              50           1
        BANK21           00AA0-00AEF              50           1
        BANK22           00B20-00B6F              50           1
        BANK23           00BA0-00BEF              50           1
        BANK24           00C20-00C2F              10           1
        BANK3            001DB-001EF              15           1
        BANK4            0025C-0026F              14           1
        BANK5            002A0-002EF              50           1
        BANK6            00320-0036F              50           1
        BANK7            003A0-003EF              50           1
        BANK8            00420-0046F              50           1
        BANK9            004A0-004EF              50           1
        BIGRAM           02000-027EF             7F0           1
        CODE             02000-02266             267           2
                         02A78-03FFF             800
        CONST            02000-02266             100           2
                         02A78-03FFF             100
        EEDATA           0F000-0F0FF             100           2
        ENTRY            02000-02266             100           2
                         02A78-03FFF             100
        RAM              0005F-0006F              11           1
                         000EF-000EF               1
                         001DB-001EF              15
                         0025C-0026F              14
                         002A0-002EF              50
                         00320-0036F              50
                         003A0-003EF              50
                         00420-0046F              50
                         004A0-004EF              50
                         00520-0056F              50
                         005A0-005EF              50
                         00620-0066F              50
                         006A0-006EF              50
                         00720-0076F              50
                         007A0-007EF              50
                         00820-0086F              50
                         008A0-008EF              50
                         00920-0096F              50
                         009A0-009EF              50
                         00A20-00A6F              50
                         00AA0-00AEF              50
                         00B20-00B6F              50
                         00BA0-00BEF              50
                         00C20-00C2F              10
        SFR0             00000-0001F              20           1
        SFR1             00080-0009F              20           1
        SFR10            00500-0051F              20           1
        SFR11            00580-0059F              20           1
        SFR12            00600-0061F              20           1
        SFR13            00680-0069F              20           1
        SFR14            00700-0071F              20           1
        SFR15            00780-0079F              20           1
        SFR16            00800-0081F              20           1
        SFR17            00880-0089F              20           1
        SFR18            00900-0091F              20           1
        SFR19            00980-0099F              20           1
        SFR2             00100-0011F              20           1
        SFR20            00A00-00A1F              20           1
        SFR21            00A80-00A9F              20           1
        SFR22            00B00-00B1F              20           1
        SFR23            00B80-00B9F              20           1
        SFR24            00C00-00C1F              20           1
        SFR25            00C80-00C9F              20           1
        SFR26            00D00-00D6F              70           1
        SFR27            00D80-00DEF              70           1
        SFR28            00E00-00E6F              70           1
        SFR29            00E80-00EEF              70           1
        SFR3             00180-0019F              20           1
        SFR30            00F00-00F6F              70           1
        SFR31            00F80-00FEF              70           1
        SFR4             00200-0021F              20           1
        SFR5             00280-0029F              20           1
        SFR6             00300-0031F              20           1
        SFR7             00380-0039F              20           1
        SFR8             00400-0041F              20           1
        SFR9             00480-0049F              20           1
        STACK            0217C-0278F             614           1
        STRCODE          02000-02266             267           2
                         02A78-03FFF            1588
        STRING           02000-02266             100           2
                         02A78-03FFF             100

                                  Symbol Table

?_LED_getData                             cstackBANK1  000B5
?_LED_readConfig                          cstackBANK1  000C5
?_LED_testComm                            cstackBANK1  000C9
?___awdiv                                 cstackBANK0  00031
?___awtoft                                cstackBANK0  00039
?___ftadd                                 cstackBANK1  000A6
?___ftmul                                 cstackBANK0  0003F
?___ftpack                                cstackBANK0  00031
?___fttol                                 cstackBANK1  000AF
?___lldiv                                 cstackBANK0  00031
?___llmod                                 cstackBANK0  0003F
?___wmul                                  cstackBANK0  00031
?_atoi                                    cstackBANK0  00037
?_doMove                                  cstackBANK1  000BF
?_drv_read                                cstackBANK1  000B5
?_getActive                               cstackBANK1  000B5
?_getMoveMask                             cstackBANK1  000B5
?_getPosition                             cstackBANK1  000B5
?_printf                                  cstackBANK1  000A0
?_setActive                               cstackBANK1  000B5
?_setDrvGain                              cstackBANK1  000B5
?_setDrvPeak                              cstackBANK1  000B5
?_setDrvPiezoOnTime                       cstackBANK1  000BD
?_setHeaterPostTime                       cstackBANK1  000BD
?_setHeaterPreTime                        cstackBANK1  000BD
?_setHeaterToggle                         cstackBANK1  000B5
?_setLEDBrightnessRange                   cstackBANK1  000B5
?_setLEDPwr                               cstackBANK1  000B5
?_setMoveMask                             cstackBANK1  000B5
?_startAbsMove                            cstackBANK1  000B5
?_startRelMove                            cstackBANK1  000B5
?_strchr                                  cstackBANK0  00031
?_strcspn                                 cstackBANK0  00038
?_stricmp                                 cstackBANK0  00033
?_strspn                                  cstackBANK0  00038
?_zeroPosition                            cstackBANK1  000B5
EUSART_Read@readValue                     cstackBANK0  00032
EUSART_Write@txData                       cstackBANK0  00032
LED_getData@j                             cstackBANK1  000C3
LED_getData@readData                      cstackBANK1  000BF
LED_readConfig@topOrBottom                cstackBANK1  000C5
LED_setBrightnessRange@LED_configReg      cstackBANK0  00048
LED_setBrightnessRange@range              cstackBANK0  00044
LED_setBrightnessRange@topOrBottom        cstackBANK0  00046
LED_testComm@oldConfigReg                 cstackBANK1  000CD
LED_testComm@readResult                   cstackBANK1  000CB
LED_testComm@topOrBottom                  cstackBANK1  000C9
LED_test_openshort@j                      cstackBANK1  000BE
LED_test_openshort@readData               cstackBANK1  000BA
LED_test_openshort@topOrBottom            cstackBANK1  000B7
LED_test_openshort@type                   cstackBANK1  000B5
LEDsOn@LEDpins                            cstackBANK0  00044
LEDsOn@topOrBottom                        cstackBANK0  00048
LEDsPwr@pwr                               cstackBANK0  00044
LEDsPwr@pwrAll                            cstackBANK1  000A0
LEDsPwr@topOrBottom                       cstackBANK0  00046
TMR0_Load8bitPeriod@periodVal             cstackBANK0  00031
TMR0_SetInterruptHandler@InterruptHandler cstackBANK0  00031
TMR0_Write8bitTimer@timerVal              cstackCOMMON 00070
TMR2_LoadPeriodRegister@periodVal         cstackBANK0  00031
TMR2_SetInterruptHandler@InterruptHandler cstackBANK0  00031
TMR2_WriteTimer@timerVal                  cstackCOMMON 00070
_ANSELA                                   (abs)        0018C
_ANSELB                                   (abs)        0018D
_ANSELC                                   (abs)        0018E
_BAUD1CON                                 (abs)        0019F
_EUSART_Initialize                        text116      02517
_EUSART_Read                              text117      02635
_EUSART_Receive_ISR                       text164      02566
_EUSART_Transmit_ISR                      text163      025BB
_EUSART_Write                             text60       0278C
_INTCONbits                               (abs)        0000B
_INTERRUPT_InterruptManager               intentry     00004
_LATA                                     (abs)        0010C
_LATAbits                                 (abs)        0010C
[...]
 Return value:  Size  Location     Type
                  1    wreg      void 
 Registers used:
		wreg
 Tracked objects:
		On entry : 
		On exit  : 
		Unchanged: 
 Data sizes:     COMMON   BANK0   BANK1   BANK2   BANK3   BANK4   BANK5   BANK6   BANK7   BANK8   BANK9  BANK10  BANK11  BANK12  BANK13  BANK14  BANK15  BANK16  BANK17  BANK18  BANK19  BANK20  BANK21  BANK22  BANK23  BANK24  BANK25
      Params:         0       0       0       0       0       0       0       0       0       0       0       0       0       0       0       0       0       0       0       0       0       0       0       0       0       0       0
      Locals:         1       0       0       0       0       0       0       0       0       0       0       0       0       0       0       0       0       0       0       0       0       0       0       0       0       0       0
      Temps:          0       0       0       0       0       0       0       0       0       0       0       0       0       0       0       0       0       0       0       0       0       0       0       0       0       0       0
      Totals:         1       0       0       0       0       0       0       0       0       0       0       0       0       0       0       0       0       0       0       0       0       0       0       0       0       0       0
Total ram usage:        1 bytes
 Hardware stack levels used:    1
 This function calls:
		Nothing
 This function is called by:
		_TMR0_DefaultInterruptHandler
 This function uses a non-reentrant model


 *************** function _TMR0_StopTimer *****************
 Defined at:
		line 91 in file "mcc_generated_files/tmr0.c"
 Parameters:    Size  Location     Type
		None
 Auto vars:     Size  Location     Type
		None
 Return value:  Size  Location     Type
                  1    wreg      void 
 Registers used:
		None
 Tracked objects:
		On entry : 
		On exit  : 
		Unchanged: 
 Data sizes:     COMMON   BANK0   BANK1   BANK2   BANK3   BANK4   BANK5   BANK6   BANK7   BANK8   BANK9  BANK10  BANK11  BANK12  BANK13  BANK14  BANK15  BANK16  BANK17  BANK18  BANK19  BANK20  BANK21  BANK22  BANK23  BANK24  BANK25
      Params:         0       0       0       0       0       0       0       0       0       0       0       0       0       0       0       0       0       0       0       0       0       0       0       0       0       0       0
      Locals:         0       0       0       0       0       0       0       0       0       0       0       0       0       0       0       0       0       0       0       0       0       0       0       0       0       0       0
      Temps:          0       0       0       0       0       0       0       0       0       0       0       0       0       0       0       0       0       0       0       0       0       0       0       0       0       0       0
      Totals:         0       0       0       0       0       0       0       0       0       0       0       0       0       0       0       0       0       0       0       0       0       0       0       0       0       0       0
Total ram usage:        0 bytes
 Hardware stack levels used:    1
 This function calls:
		Nothing
 This function is called by:
		_TMR0_DefaultInterruptHandler
 This function uses a non-reentrant model


 *************** function _EUSART_Transmit_ISR *****************
 Defined at:
		line 161 in file "mcc_generated_files/eusart.c"
 Parameters:    Size  Location     Type
		None
 Auto vars:     Size  Location     Type
		None
 Return value:  Size  Location     Type
                  1    wreg      void 
 Registers used:
		wreg, fsr1l, fsr1h, status,2, status,0
 Tracked objects:
		On entry : 
		On exit  : 
		Unchanged: 
 Data sizes:     COMMON   BANK0   BANK1   BANK2   BANK3   BANK4   BANK5   BANK6   BANK7   BANK8   BANK9  BANK10  BANK11  BANK12  BANK13  BANK14  BANK15  BANK16  BANK17  BANK18  BANK19  BANK20  BANK21  BANK22  BANK23  BANK24  BANK25
      Params:         0       0       0       0       0       0       0       0       0       0       0       0       0       0       0       0       0       0       0       0       0       0       0       0       0       0       0
      Locals:         0       0       0       0       0       0       0       0       0       0       0       0       0       0       0       0       0       0       0       0       0       0       0       0       0       0       0
      Temps:          1       0       0       0       0       0       0       0       0       0       0       0       0       0       0       0       0       0       0       0       0       0       0       0       0       0       0
      Totals:         1       0       0       0       0       0       0       0       0       0       0       0       0       0       0       0       0       0       0       0       0       0       0       0       0       0       0
Total ram usage:        1 bytes
 Hardware stack levels used:    1
 This function calls:
		Nothing
 This function is called by:
		_INTERRUPT_InterruptManager
 This function uses a non-reentrant model


 *************** function _EUSART_Receive_ISR *****************
 Defined at:
		line 180 in file "mcc_generated_files/eusart.c"
 Parameters:    Size  Location     Type
		None
 Auto vars:     Size  Location     Type
		None
 Return value:  Size  Location     Type
                  1    wreg      void 
 Registers used:
		wreg, fsr1l, fsr1h, status,2, status,0
 Tracked objects:
		On entry : 
		On exit  : 
		Unchanged: 
 Data sizes:     COMMON   BANK0   BANK1   BANK2   BANK3   BANK4   BANK5   BANK6   BANK7   BANK8   BANK9  BANK10  BANK11  BANK12  BANK13  BANK14  BANK15  BANK16  BANK17  BANK18  BANK19  BANK20  BANK21  BANK22  BANK23  BANK24  BANK25
      Params:         0       0       0       0       0       0       0       0       0       0       0       0       0       0       0       0       0       0       0       0       0       0       0       0       0       0       0
      Locals:         0       0       0       0       0       0       0       0       0       0       0       0       0       0       0       0       0       0       0       0       0       0       0       0       0       0       0
      Temps:          1       0       0       0       0       0       0       0       0       0       0       0       0       0       0       0       0       0       0       0       0       0       0       0       0       0       0
      Totals:         1       0       0       0       0       0       0       0       0       0       0       0       0       0       0       0       0       0       0       0       0       0       0       0       0       0       0
Total ram usage:        1 bytes
 Hardware stack levels used:    1
 This function calls:
		Nothing
 This function is called by:
		_INTERRUPT_InterruptManager
 This function uses a non-reentrant model



MODULE INFORMATION

Module		Function		Class		Link	Load	Size
drv2665.c
		_drv_reset     		CODE           	23CA	0000	11
		_fifo_check    		CODE           	2473	0000	18
		_drv_write     		CODE           	2744	0000	37
		_drv_write_DC  		CODE           	1C94	0000	81
		_drv_read      		CODE           	1AD0	0000	72
		_drv_init      		CODE           	1F9D	0000	100

drv2665.c estimated size: 319

LEDcomm.c
		_send_last_2bytes_IK		CODE           	1DDB	0000	89
		_LED_setBrightnessRange		CODE           	0BF6	0000	223
		_LED_test_openshort		CODE           	14E0	0000	106
		_send_2bytes_latchless_IK		CODE           	1891	0000	49
		_LEDsPwr       		CODE           	1417	0000	101
		_LED_testComm  		CODE           	0838	0000	122
		_LEDsOn        		CODE           	2696	0000	34
		_send_2length_2bytes_IK		CODE           	24FF	0000	25
		_LED_getData   		CODE           	1E8C	0000	92
		_LED_readConfig		CODE           	2768	0000	37

LEDcomm.c estimated size: 878

C:\Program Files (x86)\Microchip\xc8\v1.45\sources\common\float.c
		___ftpack      		CODE           	147B	0000	102

C:\Program Files (x86)\Microchip\xc8\v1.45\sources\common\float.c estimated size: 102

C:\Program Files (x86)\Microchip\xc8\v1.45\sources\common\doprnt.c
		_printf        		CODE           	06A1	0000	307

C:\Program Files (x86)\Microchip\xc8\v1.45\sources\common\doprnt.c estimated size: 307

C:\Program Files (x86)\Microchip\xc8\v1.45\sources\common\strspn.c
		_strspn        		CODE           	18F1	0000	49

C:\Program Files (x86)\Microchip\xc8\v1.45\sources\common\strspn.c estimated size: 49

mcc_generated_files/tmr2.c
		_TMR2_ISR      		CODE           	2447	0000	14
		_TMR2_LoadPeriodRegister		CODE           	22EF	0000	6
		_TMR2_Initialize		CODE           	2484	0000	19
		_TMR2_SetInterruptHandler		CODE           	2388	0000	10
		_TMR2_StopTimer		CODE           	226C	0000	4
		_TMR2_DefaultInterruptHandler		CODE           	2376	0000	10
		_TMR2_WriteTimer		CODE           	22DB	0000	6
		_TMR2_StartTimer		CODE           	228A	0000	4

mcc_generated_files/tmr2.c estimated size: 73

mcc_generated_files/interrupt_manager.c
		_INTERRUPT_InterruptManager		CODE           	0004	0000	77

mcc_generated_files/interrupt_manager.c estimated size: 77

C:\Program Files (x86)\Microchip\xc8\v1.45\sources\common\Umul16.c
		___wmul        		CODE           	2582	0000	29

C:\Program Files (x86)\Microchip\xc8\v1.45\sources\common\Umul16.c estimated size: 29

mcc_generated_files/tmr0.c
		_TMR0_Load8bitPeriod		CODE           	22EA	0000	6
		_TMR0_SetInterruptHandler		CODE           	237F	0000	10
		_TMR0_StopTimer		CODE           	2269	0000	4
		_TMR0_Write8bitTimer		CODE           	22D6	0000	6
		_TMR0_DefaultInterruptHandler		CODE           	0801	0000	56
		_TMR0_StartTimer		CODE           	2287	0000	4
		_TMR0_ISR      		CODE           	243A	0000	14
		_TMR0_Initialize		CODE           	24A9	0000	21

mcc_generated_files/tmr0.c estimated size: 121

C:\Program Files (x86)\Microchip\xc8\v1.45\sources\common\strcspn.c
		_strcspn       		CODE           	18C1	0000	49

C:\Program Files (x86)\Microchip\xc8\v1.45\sources\common\strcspn.c estimated size: 49

mcc_generated_files/pin_manager.c
		_PIN_MANAGER_Initialize		CODE           	1921	0000	52

mcc_generated_files/pin_manager.c estimated size: 52

C:\Program Files (x86)\Microchip\xc8\v1.45\sources\common\isdigit.c
		_isdigit       		CODE           	2454	0000	16

C:\Program Files (x86)\Microchip\xc8\v1.45\sources\common\isdigit.c estimated size: 16

C:\Program Files (x86)\Microchip\xc8\v1.45\sources\common\ftmul.c
		___ftmul       		CODE           	0CD4	0000	226

C:\Program Files (x86)\Microchip\xc8\v1.45\sources\common\ftmul.c estimated size: 226

C:\Program Files (x86)\Microchip\xc8\v1.45\sources\common\llmod.c
		___llmod       		CODE           	1A06	0000	68

C:\Program Files (x86)\Microchip\xc8\v1.45\sources\common\llmod.c estimated size: 68

C:\Program Files (x86)\Microchip\xc8\v1.45\sources\common\atoi.c
		_atoi          		CODE           	15B8	0000	114

C:\Program Files (x86)\Microchip\xc8\v1.45\sources\common\atoi.c estimated size: 114

C:\Program Files (x86)\Microchip\xc8\v1.45\sources\common\strtok.c
		_strtok        		CODE           	13CC	0000	76

C:\Program Files (x86)\Microchip\xc8\v1.45\sources\common\strtok.c estimated size: 76

C:\Program Files (x86)\Microchip\xc8\v1.45\sources\common\stricmp.c
		_stricmp       		CODE           	1954	0000	53

C:\Program Files (x86)\Microchip\xc8\v1.45\sources\common\stricmp.c estimated size: 53

shared
		i1_returnReset 		CODE           	0002	0000	3
		i1_do_I2C_SEND_ADR_READ		CODE           	2326	0000	9
		i1_do_I2C_DO_NACK_STOP		CODE           	22BE	0000	5
		i1_mssp1_clearIRQ		CODE           	2284	0000	4
		i1_do_I2C_SEND_RESTART		CODE           	22B2	0000	5
		drv2665@drv_fifo_sine		STRCODE        	10F4	0000	245
		i1_do_I2C_TX_EMPTY		CODE           	1838	0000	43
		_dpowers       		STRCODE        	2800	0000	41
		i1_do_I2C_DO_NACK_RESTART		CODE           	22C2	0000	5
		i1_send_2bytes_latchless_IK		CODE           	27D7	0000	42
		i1_do_I2C_SEND_RESTART_READ		CODE           	22AA	0000	5
		i1_do_I2C_DO_ADDRESS_NACK		CODE           	26FC	0000	37
		i1_do_I2C_RX   		CODE           	1988	0000	64
		i1_do_I2C_TX   		CODE           	1C46	0000	79
		_drv_sine      		STRCODE        	0000	0000	0
		_LEDpower      		STRCODE        	2A6F	0000	3
		i1_i2c_ISR     		CODE           	2615	0000	33
		i1_i2c1_driver_sendNACK		CODE           	22A6	0000	5
		i1_do_I2C_IDLE 		CODE           	22E5	0000	6
		i1_do_I2C_RCEN 		CODE           	22F4	0000	7
		i1_i2c1_driver_isNACK		CODE           	240A	0000	13
		__initialization		CODE           	0052	0000	107
		i1_LEDsOn      		CODE           	2675	0000	34
		i1_mssp1_setIRQ		CODE           	2281	0000	4
		i1_i2c1_driver_restart		CODE           	2275	0000	4
		i1_i2c1_driver_stop		CODE           	2278	0000	4
		_TMR0_RANGE    		STRCODE        	2A66	0000	4
		i1_do_I2C_RESET		CODE           	2318	0000	8
		i1_i2c1_driver_startRX		CODE           	227B	0000	4
		i1_i2c1_driver_resetBus		CODE           	182A	0000	2
		i1_i2c1_driver_sendACK		CODE           	22A2	0000	5
		_TMR2_RANGE    		STRCODE        	2A63	0000	4
		i1_do_I2C_SEND_RESTART_WRITE		CODE           	22AE	0000	5
		_drv_address   		STRCODE        	2A77	0000	2
		drv2665@drv_sine		STRCODE        	11E8	0000	243
		i1_do_I2C_DO_ACK		CODE           	22BA	0000	5
		i1_do_I2C_SEND_ADR_WRITE		CODE           	231F	0000	8
		i1_i2c1_driver_getRXData		CODE           	227E	0000	4
		_drv_fifo_sine 		STRCODE        	0000	0000	0
		i1_send_2length_2bytes_IK		CODE           	24E7	0000	25
		i1_do_I2C_SEND_STOP		CODE           	22B6	0000	5
		i1_i2c1_driver_TXData		CODE           	22E0	0000	6
		sin@coeff_a    		STRCODE        	0000	0000	0
		sin@coeff_b    		STRCODE        	0000	0000	0
		i1_returnStop  		CODE           	2267	0000	3
		i1_send_last_2bytes_IK		CODE           	1B17	0000	74

shared estimated size: 1214

mcc_generated_files/mcc.c
		_WDT_Initialize		CODE           	22C6	0000	5
		_PMD_Initialize		CODE           	232E	0000	9
		_OSCILLATOR_Initialize		CODE           	23AC	0000	11
		_SYSTEM_Initialize		CODE           	24BD	0000	22

mcc_generated_files/mcc.c estimated size: 47

C:\Program Files (x86)\Microchip\xc8\v1.45\sources\common\fttol.c
		___fttol       		CODE           	08B1	0000	136

C:\Program Files (x86)\Microchip\xc8\v1.45\sources\common\fttol.c estimated size: 136

C:\Program Files (x86)\Microchip\xc8\v1.45\sources\common\awtoft.c
		___awtoft      		CODE           	26B7	0000	35

C:\Program Files (x86)\Microchip\xc8\v1.45\sources\common\awtoft.c estimated size: 35

mcc_generated_files/drivers/i2c_master.c
		_returnStop    		CODE           	22FA	0000	7
		_i2c_setBuffer 		CODE           	24D2	0000	22
		_i2c_busCollisionISR		CODE           	2272	0000	4
		_i2c_ISR       		CODE           	27B1	0000	39
		_i2c_setAddress		CODE           	236E	0000	9
		_i2c_masterOperation		CODE           	2720	0000	37
		_do_I2C_TX_EMPTY		CODE           	1862	0000	48
		_returnReset   		CODE           	2300	0000	7
		_do_I2C_SEND_RESTART_WRITE		CODE           	233E	0000	9
		_i2c_poller    		CODE           	23FF	0000	12
		_do_I2C_DO_NACK_RESTART		CODE           	2366	0000	9
		_do_I2C_SEND_RESTART_READ		CODE           	2336	0000	9
		_do_I2C_SEND_ADR_WRITE		CODE           	23E9	0000	12
		_do_I2C_SEND_STOP		CODE           	234E	0000	9
		_i2c_open      		CODE           	1B60	0000	77
		_do_I2C_SEND_ADR_READ		CODE           	2416	0000	13
		_do_I2C_DO_NACK_STOP		CODE           	235E	0000	9
		_do_I2C_SEND_RESTART		CODE           	2346	0000	9
		_do_I2C_RX     		CODE           	1A8C	0000	69
		_do_I2C_TX     		CODE           	1E33	0000	90
		_do_I2C_IDLE   		CODE           	2391	0000	10
		_do_I2C_RCEN   		CODE           	23B6	0000	11
		_do_I2C_DO_ADDRESS_NACK		CODE           	07D3	0000	44
		_do_I2C_RESET  		CODE           	23DE	0000	12
		_do_I2C_DO_ACK 		CODE           	2356	0000	9

mcc_generated_files/drivers/i2c_master.c estimated size: 586

C:\Program Files (x86)\Microchip\xc8\v1.45\sources\common\awdiv.c
		___awdiv       		CODE           	1CE4	0000	83

C:\Program Files (x86)\Microchip\xc8\v1.45\sources\common\awdiv.c estimated size: 83

C:\Program Files (x86)\Microchip\xc8\v1.45\sources\common\ftadd.c
		___ftadd       		CODE           	0DB5	0000	283

C:\Program Files (x86)\Microchip\xc8\v1.45\sources\common\ftadd.c estimated size: 283

mcc_generated_files/i2c1_driver.c
		_mssp1_waitForEvent		CODE           	23F4	0000	12
		_i2c1_driver_open		CODE           	23D4	0000	11
		_i2c1_driver_isNACK		CODE           	182B	0000	14
		_i2c1_driver_stop		CODE           	2293	0000	4
		_i2c1_driver_getRXData		CODE           	2299	0000	4
		_i2c1_driver_TXData		CODE           	2306	0000	7
		_i2c1_driver_setBusCollisionISR		CODE           	239A	0000	10
		_i2c1_driver_start		CODE           	228D	0000	4
		_i2c1_driver_sendACK		CODE           	22CA	0000	5
		_mssp1_setIRQ  		CODE           	229C	0000	4
		_i2c1_driver_sendNACK		CODE           	22CE	0000	5
		_i2c1_driver_restart		CODE           	2290	0000	4
		_i2c1_driver_resetBus		CODE           	0800	0000	2
		_i2c1_driver_clearBusCollision		CODE           	226F	0000	4
		_mssp1_clearIRQ		CODE           	229F	0000	4
		_i2c1_driver_startRX		CODE           	2296	0000	4
		_i2c1_driver_setI2cISR		CODE           	23A3	0000	10
		_mssp1_IRQisEnabled		CODE           	23C0	0000	11

mcc_generated_files/i2c1_driver.c estimated size: 119

C:\Program Files (x86)\Microchip\xc8\v1.45\sources\common\toupper.c
		_toupper       		CODE           	2463	0000	17

C:\Program Files (x86)\Microchip\xc8\v1.45\sources\common\toupper.c estimated size: 17

C:\Program Files (x86)\Microchip\xc8\v1.45\sources\common\lldiv.c
		___lldiv       		CODE           	1D88	0000	84

C:\Program Files (x86)\Microchip\xc8\v1.45\sources\common\lldiv.c estimated size: 84

mcc_generated_files/eusart.c
		_putch         		CODE           	230C	0000	7
		_EUSART_Read   		CODE           	2635	0000	33
		_EUSART_Write  		CODE           	278C	0000	38
		_EUSART_Transmit_ISR		CODE           	25BB	0000	31
		_EUSART_Initialize		CODE           	2517	0000	27
		_EUSART_Receive_ISR		CODE           	2566	0000	29

mcc_generated_files/eusart.c estimated size: 165

main.c
		_main_initialize		CODE           	0B1B	0000	220
		_getActive     		CODE           	1BAC	0000	78
		_zeroPosition  		CODE           	169C	0000	118
		_getPosition   		CODE           	19C7	0000	64
		_getMoveMask   		CODE           	1BF9	0000	78
		_doRelMove     		CODE           	0ECF	0000	306
		_setActive     		CODE           	1711	0000	119
		_setMoveMask   		CODE           	1629	0000	116
		_main          		CODE           	1549	0000	112
		_setHeaterPreTime		CODE           	1F42	0000	92
		_setLEDPwr     		CODE           	25F7	0000	31
		_commCheck     		CODE           	0A54	0000	200
		_setDrvGain    		CODE           	1A49	0000	68
		_doAbsMove     		CODE           	00C0	0000	689
		_setHeaterPostTime		CODE           	1D36	0000	83
		_doMove        		CODE           	0938	0000	138
		_startRelMove  		CODE           	254B	0000	28
		_calcHeaterPins		CODE           	1787	0000	122
		_setDrvPeak    		CODE           	2496	0000	20
		_startAbsMove  		CODE           	259E	0000	30
		_setDrvPiezoOnTime		CODE           	1EE7	0000	92
		_setHeaterToggle		CODE           	09C1	0000	148
		_getMotionStatus		CODE           	26D9	0000	36
		_setLEDBrightnessRange		CODE           	25D9	0000	31

main.c estimated size: 3019

cmd_parser.c
		_execCmd       		CODE           	0370	0000	415
		_parseCmd      		CODE           	050E	0000	404

cmd_parser.c estimated size: 819

C:\Program Files (x86)\Microchip\xc8\v1.45\sources\common\strchr.c
		_strchr        		CODE           	2531	0000	27

C:\Program Files (x86)\Microchip\xc8\v1.45\sources\common\strchr.c estimated size: 27

