Microchip MPLAB XC8 Compiler V1.45 ()

Linker command line:

-W-3 --edf=C:\Program Files (x86)\Microchip\xc8\v1.45\dat\en_msgs.txt -cs \
  -h+dist/default/production\udrive_code.production.sym \
  --cmf=dist/default/production\udrive_code.production.cmf -z -Q16F18346 \
  -oC:\Users\kolbi\AppData\Local\Temp\sc6g.2 \
  -Mdist/default/production/udrive_code.production.map -E1 -ver=XC8 \
  -ASTACK=021D4h-0278fh -pstack=STACK -ACODE=00h-07FFhx8 \
  -ASTRCODE=00h-03FFFh -ASTRING=00h-0FFhx64 -ACONST=00h-0FFhx64 \
  -AENTRY=00h-0FFhx64 -ACOMMON=070h-07Fh -ABANK0=020h-06Fh \
  -ABANK1=0A0h-0EFh -ABANK2=0120h-016Fh -ABANK3=01A0h-01EFh \
  -ABANK4=0220h-026Fh -ABANK5=02A0h-02EFh -ABANK6=0320h-036Fh \
  -ABANK7=03A0h-03EFh -ABANK8=0420h-046Fh -ABANK9=04A0h-04EFh \
  -ABANK10=0520h-056Fh -ABANK11=05A0h-05EFh -ABANK12=0620h-066Fh \
  -ABANK13=06A0h-06EFh -ABANK14=0720h-076Fh -ABANK15=07A0h-07EFh \
  -ABANK16=0820h-086Fh -ABANK17=08A0h-08EFh -ABANK18=0920h-096Fh \
  -ABANK19=09A0h-09EFh -ABANK20=0A20h-0A6Fh -ABANK21=0AA0h-0AEFh \
  -ABANK22=0B20h-0B6Fh -ABANK23=0BA0h-0BEFh -ABANK24=0C20h-0C6Fh \
  -ABANK25=0CA0h-0CBFh -ABIGRAM=02000h-027EFh \
  -ARAM=020h-06Fh,0A0h-0EFh,0120h-016Fh,01A0h-01EFh,0220h-026Fh,02A0h-02EFh,0320h-036Fh,03A0h-03EFh,0420h-046Fh,04A0h-04EFh,0520h-056Fh,05A0h-05EFh,0620h-066Fh,06A0h-06EFh,0720h-076Fh,07A0h-07EFh,0820h-086Fh,08A0h-08EFh,0920h-096Fh,09A0h-09EFh,0A20h-0A6Fh,0AA0h-0AEFh,0B20h-0B6Fh,0BA0h-0BEFh,0C20h-0C6Fh,0CA0h-0CBFh \
  -AABS1=020h-07Fh,0A0h-0EFh,0120h-016Fh,01A0h-01EFh,0220h-026Fh,02A0h-02EFh,0320h-036Fh,03A0h-03EFh,0420h-046Fh,04A0h-04EFh,0520h-056Fh,05A0h-05EFh,0620h-066Fh,06A0h-06EFh,0720h-076Fh,07A0h-07EFh,0820h-086Fh,08A0h-08EFh,0920h-096Fh,09A0h-09EFh,0A20h-0A6Fh,0AA0h-0AEFh,0B20h-0B6Fh,0BA0h-0BEFh,0C20h-0C6Fh,0CA0h-0CBFh \
  -ASFR0=00h-01Fh -ASFR1=080h-09Fh -ASFR2=0100h-011Fh -ASFR3=0180h-019Fh \
  -ASFR4=0200h-021Fh -ASFR5=0280h-029Fh -ASFR6=0300h-031Fh \
  -ASFR7=0380h-039Fh -ASFR8=0400h-041Fh -ASFR9=0480h-049Fh \
  -ASFR10=0500h-051Fh -ASFR11=0580h-059Fh -ASFR12=0600h-061Fh \
  -ASFR13=0680h-069Fh -ASFR14=0700h-071Fh -ASFR15=0780h-079Fh \
  -ASFR16=0800h-081Fh -ASFR17=0880h-089Fh -ASFR18=0900h-091Fh \
  -ASFR19=0980h-099Fh -ASFR20=0A00h-0A1Fh -ASFR21=0A80h-0A9Fh \
  -ASFR22=0B00h-0B1Fh -ASFR23=0B80h-0B9Fh -ASFR24=0C00h-0C1Fh \
  -ASFR25=0C80h-0C9Fh -ASFR26=0D00h-0D6Fh -ASFR27=0D80h-0DEFh \
  -ASFR28=0E00h-0E6Fh -ASFR29=0E80h-0EEFh -ASFR30=0F00h-0F6Fh \
  -ASFR31=0F80h-0FEFh -preset_vec=00h,intentry=04h,init,end_init \
  -ppowerup=CODE -pcinit=CODE -pfunctab=ENTRY -ACONFIG=08007h-0800Ah \
  -pconfig=CONFIG -DCONFIG=2 -AIDLOC=08000h-08003h -pidloc=IDLOC -DIDLOC=2 \
  -AEEDATA=00h-0FFh/0F000h -peeprom_data=EEDATA -DEEDATA=2 -DCODE=2 \
  -DSTRCODE=2 -DSTRING=2 -DCONST=2 -DENTRY=2 -k \
  C:\Users\kolbi\AppData\Local\Temp\sc6g.obj \
  dist/default/production\udrive_code.production.obj 

Object code version is 3.11

Machine type is 16F18346



                Name                               Link     Load   Length Selector   Space Scale
C:\Users\kolbi\AppData\Local\Temp\sc6g.obj
                end_init                             5A       5A        2        8       0
                reset_vec                             0        0        2        0       0
                config                             8007     8007        4    1000E       0
dist/default/production\udrive_code.production.obj
                cinit                                5C       5C       92        8       0
                intentry                              4        4       56        8       0
                text182                            22AB     22AB       1C     4556       0
                text181                            2300     2300       1E     4600       0
                text180                            2F22     2F22        3     5E44       0
                text179                            2F99     2F99        5     5F32       0
                text178                            253E     253E       29     4A7C       0
                text177                            1A5B     1A5B       49     34B6       0
                text176                            21FB     21FB       18     43F6       0
                text175                            23D9     23D9       21     47B2       0
                text174                            2716     2716       37     4E2C       0
                text173                            214A     214A        D     4294       0
                text172                            2F25     2F25        3     5E4A       0
                text171                            2F9E     2F9E        5     5F3C       0
                text170                            206A     206A        9     40D4       0
                text169                            2157     2157        D     42AE       0
                text168                            2F28     2F28        3     5E50       0
                text167                            2FA3     2FA3        5     5F46       0
                text166                            20B2     20B2        A     4164       0
                text165                            2164     2164        D     42C8       0
                text164                            2F2B     2F2B        3     5E56       0
                text163                            2F2E     2F2E        3     5E5C       0
                text162                            2F61     2F61        4     5EC2       0
                text161                            2F31     2F31        3     5E62       0
                text160                            2F34     2F34        3     5E68       0
                text159                            2F20     2F20        2     5E40       0
                text158                            11E4     11E4        2     23C8       0
                text157                            2F37     2F37        3     5E6E       0
                text156                            2F1E     2F1E        1     5E3C       0
                text155                            2F65     2F65        4     5ECA       0
                text154                            2F3A     2F3A        3     5E74       0
                text153                            2FA8     2FA8        5     5F50       0
                text152                            211A     211A        C     4234       0
                text151                            2F3D     2F3D        3     5E7A       0
                text150                            2590     2590       2A     4B20       0
                text149                            2FDA     2FDA        7     5FB4       0
                text148                            2FAD     2FAD        5     5F5A       0
                text147                            2F69     2F69        4     5ED2       0
                text146                            2F6D     2F6D        4     5EDA       0
                text145                            2F71     2F71        4     5EE2       0
                text144                            2F75     2F75        4     5EEA       0
                text143                            2FE8     2FE8        8     5FD0       0
                text142                            2FE1     2FE1        7     5FC2       0
                text141                            2FBC     2FBC        6     5F78       0
                text140                            2F79     2F79        4     5EF2       0
                text139                            2F7D     2F7D        4     5EFA       0
                text138                            2F81     2F81        4     5F02       0
                text137                            2460     2460       24     48C0       0
                text136                            1BD5     1BD5       4E     37AA       0
                text135                            1906     1906       40     320C       0
                text134                            2F40     2F40        3     5E80       0
                text133                            2379     2379       20     46F2       0
                text131                            2399     2399       20     4732       0
                text130                            225C     225C       1A     44B8       0
                text129                            20BC     20BC        A     4178       0
                text128                            2679     2679       33     4CF2       0
                text127                            2FF0     2FF0        8     5FE0       0
                text126                            2073     2073        9     40E6       0
                text125                            21D2     21D2       14     43A4       0
                text124                            207C     207C        9     40F8       0
                text123                            18F4     18F4       12     31E8       0
                text122                            2085     2085        9     410A       0
                text121                            21AC     21AC       13     4358       0
                text120                            2F85     2F85        4     5F0A       0
                text119                            2213     2213       18     4426       0
                text118                            25E9     25E9       30     4BD2       0
                text117                            1DB6     1DB6       58     3B6C       0
                text116                            222B     222B       18     4456       0
                text115                            23FA     23FA       21     47F4       0
                text114                            2F43     2F43        3     5E86       0
                text113                            2F46     2F46        3     5E8C       0
                text112                            2F49     2F49        3     5E92       0
                text111                            148B     148B       79     2916       0
                text110                            1CBF     1CBF       52     397E       0
                text109                            2F4C     2F4C        3     5E98       0
                text108                            2F89     2F89        4     5F12       0
                text107                            2F4F     2F4F        3     5E9E       0
                text106                            2F52     2F52        3     5EA4       0
                text105                            2FC2     2FC2        6     5F84       0
                text104                            2FC8     2FC8        6     5F90       0
                text103                            2F55     2F55        3     5EAA       0
                text102                            2F1F     2F1F        1     5E3E       0
                text101                            2F8D     2F8D        4     5F1A       0
                text100                            2F58     2F58        3     5EB0       0
                text99                             2FCE     2FCE        6     5F9C       0
                text98                             2171     2171        D     42E2       0
                text97                             2F5B     2F5B        3     5EB6       0
                text96                             25BA     25BA       2F     4B74       0
                text95                             20EE     20EE        B     41DC       0
                text94                             208E     208E        9     411C       0
                text93                             2FF8     2FF8        8     5FF0       0
                text92                             2032     2032        8     4064       0
                text91                             203A     203A        8     4074       0
                text90                             2042     2042        8     4084       0
                text89                             2126     2126        C     424C       0
                text88                             20F9     20F9        B     41F2       0
                text87                             20C6     20C6        A     418C       0
                text86                             204A     204A        8     4094       0
                text85                             2052     2052        8     40A4       0
                text84                             205A     205A        8     40B4       0
                text83                              800      800       2B     1000       0
                text82                             1E0E     1E0E       59     3C1C       0
                text81                             1A13     1A13       48     3426       0
                text80                             2F5E     2F5E        3     5EBC       0
                text79                             24F1     24F1       26     49E2       0
                text78                             2104     2104        B     4208       0
                text77                             210F     210F        B     421E       0
                text76                             20D0     20D0        A     41A0       0
                text75                             2484     2484       24     4908       0
                text74                             21E6     21E6       15     43CC       0
                text73                             1D63     1D63       53     3AC6       0
                text72                             1946     1946       43     328C       0
                text71                             24CC     24CC       25     4998       0
                text70                             2FD4     2FD4        6     5FA8       0
                text69                              ECE      ECE      132     1D9C       0
                text68                             24A8     24A8       24     4950       0
                text67                             274D     274D       37     4E9A       0
                text66                             2243     2243       19     4486       0
                text65                              761      761       99        8       0
                text64                               EE       EE      2B0        8       0
                text63                              DAC      DAC      122     1B58       0
                text62                             16F2     16F2       87     2DE4       0
                text61                             2567     2567       29     4ACE       0
                text60                              82B      82B       98     1056       0
                text59                             1414     1414       77     2828       0
                text58                             15F9     15F9       7C     2BF2       0
                text57                             19CC     19CC       47     3398       0
                text56                              A24      A24       C7     1448       0
                text55                             1B3B     1B3B       4D     3676       0
                text54                             243D     243D       23     487A       0
                text53                             1B88     1B88       4D     3710       0
                text52                             27C1     27C1       3F     4F82       0
                text51                             139E     139E       76     273C       0
                text50                             1989     1989       43     3312       0
                text49                             1F2A     1F2A       65     3E54       0
                text48                             241B     241B       22     4836       0
                text47                             22C7     22C7       1C     458E       0
                text46                              CA8      CA8      104     1950       0
                text45                             2097     2097        9     412E       0
                text44                             2784     2784       3D     4F08       0
                text43                             1779     1779       87     2EF2       0
                text42                             26E0     26E0       36     4DC0       0
                text41                             1D11     1D11       52     3A22       0
                text40                             11E6     11E6       5B     23CC       0
                text39                              8C3      8C3       AC     1186       0
                text38                             157E     157E       7B     2AFC       0
                text37                             235A     235A       1F     46B4       0
                text36                             2FB2     2FB2        5     5F64       0
                text35                              BBF      BBF       E9     177E       0
                text34                             1E67     1E67       5F     3CCE       0
                text33                             2FB7     2FB7        5     5F6E       0
                text32                             1C23     1C23       4E     3846       0
                text31                             1C71     1C71       4E     38E2       0
                text30                             21BF     21BF       13     437E       0
                text29                             217E     217E        F     42FC       0
                text28                             1675     1675       7D     2CEA       0
                text27                             231E     231E       1E     463C       0
                text26                             1EC6     1EC6       64     3D8C       0
                text25                             233C     233C       1E     4678       0
                text24                             1241     1241       73     2482       0
                text23                             22E3     22E3       1D     45C6       0
                text22                             2290     2290       1B     4520       0
                text21                             2517     2517       27     4A2E       0
                text20                              96F      96F       B5     12DE       0
                text19                             12B4     12B4       75     2568       0
                swtext1                            2000     2000       32     4000       0
                text18                              39E      39E      1F2        8       0
                text17                             20DA     20DA        A     41B4       0
                text16                             20E4     20E4        A     41C8       0
                text15                             20A0     20A0        9     4140       0
                text14                             20A9     20A9        9     4152       0
                text13                             1AEF     1AEF       4C     35DE       0
                text12                             2062     2062        8     40C4       0
                text11                             1329     1329       75     2652       0
                text10                              AEB      AEB       D4     15D6       0
                text9                              218D     218D        F     431A       0
                text8                              1F8F     1F8F       71     3F1E       0
                text7                              219C     219C       10     4338       0
                text6                              26AC     26AC       34     4D58       0
                text5                              2276     2276       1A     44EC       0
                text4                              2619     2619       30     4C32       0
                text3                              2649     2649       30     4C92       0
                text2                              1AA4     1AA4       4B     3548       0
                text1                               590      590      1D1        8       0
                maintext                           1504     1504       7A     2A08       0
                cstackBANK0                          20       20       2E       20       1
                cstackCOMMON                         70       70        D       70       1
                cstackBANK1                          A0       A0       38       A0       1
                cstackBANK2                         16E      16E        1      120       1
                cstackBANK3                         1D9      1D9        9      1A0       1
                cstackBANK5                         2C8      2C8       1C      2A0       1
                clrtext                            2132     2132        C     4264       0
                inittext                           213E     213E        C     427C       0
                bssBANK5                            2A0      2A0       28      2A0       1
                dataBANK4                           248      248       20      220       1
                bssBANK4                            220      220       28      220       1
                dataBANK3                           1E8      1E8        4      1A0       1
                bssBANK3                            1A0      1A0       39      1A0       1
                dataBANK2                           16C      16C        2      120       1
                bssBANK2                            120      120       4C      120       1
                dataBANK1                            EA       EA        6       A0       1
                bssBANK1                             D8       D8       12       A0       1
                dataBANK0                            5A       5A        4       20       1
                bssBANK0                             4E       4E        C       20       1
                bssCOMMON                            7D       7D        1       70       1
                stringtext60                       3054     3054        2     6000       0
                stringtext59                       304F     304F        3     6000       0
                stringtext58                       304C     304C        3     6000       0
                stringtext57                       3049     3049        3     6000       0
                stringtext56                       3046     3046        3     6000       0
                stringtext55                       303C     303C        4     6000       0
                stringtext54                       3038     3038        4     6000       0
                stringtext53                       3034     3034        4     6000       0
                stringtext52                       3030     3030        4     6000       0
                stringtext51                       302C     302C        4     6000       0
                stringtext50                       3027     3027        5     6000       0
                stringtext49                       3022     3022        5     6000       0
                stringtext48                       301D     301D        5     6000       0
                stringtext47                       3018     3018        5     6000       0
                stringtext46                       3013     3013        5     6000       0
                stringtext45                       300E     300E        5     6000       0
                stringtext44                       3007     3007        7     6000       0
                stringtext43                       3000     3000        7     6000       0
                stringtext42                       29FE     29FE        8     5000       0
                stringtext41                       29F6     29F6        8     5000       0
                stringtext40                       29EE     29EE        8     5000       0
                stringtext39                       29E6     29E6        8     5000       0
                stringtext38                       29DE     29DE        8     5000       0
                stringtext37                       29D6     29D6        8     5000       0
                stringtext36                       29CE     29CE        8     5000       0
                stringtext35                       29C6     29C6        8     5000       0
                stringtext34                       29BD     29BD        9     5000       0
                stringtext33                       29B4     29B4        9     5000       0
                stringtext32                       29AA     29AA        A     5000       0
                stringtext31                       29A0     29A0        A     5000       0
                stringtext30                       2995     2995        B     5000       0
                stringtext29                       298A     298A        B     5000       0
                stringtext28                       297F     297F        B     5000       0
                stringtext27                       2973     2973        C     5000       0
                stringtext26                       295A     295A        D     5000       0
                stringtext25                       294C     294C        E     5000       0
                stringtext24                       293D     293D        F     5000       0
                stringtext23                       292E     292E        F     5000       0
                stringtext22                       290F     290F       10     5000       0
                stringtext21                       28FF     28FF       10     5000       0
                stringtext20                       28EE     28EE       11     5000       0
                stringtext19                       28DD     28DD       11     5000       0
                stringtext18                       28CB     28CB       12     5000       0
                stringtext17                       28B4     28B4       17     5000       0
                stringtext16                       289B     289B       19     5000       0
                stringtext15                       2881     2881       1A     5000       0
                stringtext14                       2865     2865       1C     5000       0
                stringtext13                       2847     2847       1E     5000       0
                stringtext12                       2828     2828       1F     5000       0
                nvBANK3                             1E2      1E2        6      1A0       1
                nvBANK0                              5E       5E        1       20       1
                stringtext11                       2967     2967        C     5000       0
                stringtext10                       291F     291F        F     5000       0
                stringtext9                        3056     3056        1     6000       0
                stringtext8                        3052     3052        2     6000       0
                stringtext7                        3043     3043        3     6000       0
                stringtext6                        3040     3040        3     6000       0
                stringtext5                        2800     2800       28     5000       0
                stringtext4                        187A     187A       7A     3000       0
                stringtext3                        1800     1800       7A     3000       0
                stringtext2                        10F2     10F2       F2     2000       0
                stringtext1                        1000     1000       F2     2000       0
                idataBANK4                         23B9     23B9       20     4772       0
                idataBANK3                         2F91     2F91        4     5F22       0
                idataBANK2                            2        2        2        0       0
                idataBANK1                          7FA      7FA        6        8       0
                idataBANK0                         2F95     2F95        4     5F2A       0

TOTAL           Name                               Link     Load   Length     Space
        CLASS   STACK          

        CLASS   CODE           
                end_init                             5A       5A        2         0
                cinit                                5C       5C       92         0
                intentry                              4        4       56         0
                reset_vec                             0        0        2         0
                text182                            22AB     22AB       1C         0
                text181                            2300     2300       1E         0
                text180                            2F22     2F22        3         0
                text179                            2F99     2F99        5         0
                text178                            253E     253E       29         0
                text177                            1A5B     1A5B       49         0
                text176                            21FB     21FB       18         0
                text175                            23D9     23D9       21         0
                text174                            2716     2716       37         0
                text173                            214A     214A        D         0
                text172                            2F25     2F25        3         0
                text171                            2F9E     2F9E        5         0
                text170                            206A     206A        9         0
                text169                            2157     2157        D         0
                text168                            2F28     2F28        3         0
                text167                            2FA3     2FA3        5         0
                text166                            20B2     20B2        A         0
                text165                            2164     2164        D         0
                text164                            2F2B     2F2B        3         0
                text163                            2F2E     2F2E        3         0
                text162                            2F61     2F61        4         0
                text161                            2F31     2F31        3         0
                text160                            2F34     2F34        3         0
                text159                            2F20     2F20        2         0
                text158                            11E4     11E4        2         0
                text157                            2F37     2F37        3         0
                text156                            2F1E     2F1E        1         0
                text155                            2F65     2F65        4         0
                text154                            2F3A     2F3A        3         0
                text153                            2FA8     2FA8        5         0
                text152                            211A     211A        C         0
                text151                            2F3D     2F3D        3         0
                text150                            2590     2590       2A         0
                text149                            2FDA     2FDA        7         0
                text148                            2FAD     2FAD        5         0
                text147                            2F69     2F69        4         0
                text146                            2F6D     2F6D        4         0
                text145                            2F71     2F71        4         0
                text144                            2F75     2F75        4         0
                text143                            2FE8     2FE8        8         0
                text142                            2FE1     2FE1        7         0
                text141                            2FBC     2FBC        6         0
                text140                            2F79     2F79        4         0
                text139                            2F7D     2F7D        4         0
                text138                            2F81     2F81        4         0
                text137                            2460     2460       24         0
                text136                            1BD5     1BD5       4E         0
                text135                            1906     1906       40         0
                text134                            2F40     2F40        3         0
                text133                            2379     2379       20         0
                text131                            2399     2399       20         0
                text130                            225C     225C       1A         0
                text129                            20BC     20BC        A         0
                text128                            2679     2679       33         0
                text127                            2FF0     2FF0        8         0
                text126                            2073     2073        9         0
                text125                            21D2     21D2       14         0
                text124                            207C     207C        9         0
                text123                            18F4     18F4       12         0
                text122                            2085     2085        9         0
                text121                            21AC     21AC       13         0
                text120                            2F85     2F85        4         0
                text119                            2213     2213       18         0
                text118                            25E9     25E9       30         0
                text117                            1DB6     1DB6       58         0
                text116                            222B     222B       18         0
                text115                            23FA     23FA       21         0
                text114                            2F43     2F43        3         0
                text113                            2F46     2F46        3         0
                text112                            2F49     2F49        3         0
                text111                            148B     148B       79         0
                text110                            1CBF     1CBF       52         0
                text109                            2F4C     2F4C        3         0
                text108                            2F89     2F89        4         0
                text107                            2F4F     2F4F        3         0
                text106                            2F52     2F52        3         0
                text105                            2FC2     2FC2        6         0
                text104                            2FC8     2FC8        6         0
                text103                            2F55     2F55        3         0
                text102                            2F1F     2F1F        1         0
                text101                            2F8D     2F8D        4         0
                text100                            2F58     2F58        3         0
                text99                             2FCE     2FCE        6         0
                text98                             2171     2171        D         0
                text97                             2F5B     2F5B        3         0
                text96                             25BA     25BA       2F         0
                text95                             20EE     20EE        B         0
                text94                             208E     208E        9         0
                text93                             2FF8     2FF8        8         0
                text92                             2032     2032        8         0
                text91                             203A     203A        8         0
                text90                             2042     2042        8         0
                text89                             2126     2126        C         0
                text88                             20F9     20F9        B         0
                text87                             20C6     20C6        A         0
                text86                             204A     204A        8         0
                text85                             2052     2052        8         0
                text84                             205A     205A        8         0
                text83                              800      800       2B         0
                text82                             1E0E     1E0E       59         0
                text81                             1A13     1A13       48         0
                text80                             2F5E     2F5E        3         0
                text79                             24F1     24F1       26         0
                text78                             2104     2104        B         0
                text77                             210F     210F        B         0
                text76                             20D0     20D0        A         0
                text75                             2484     2484       24         0
                text74                             21E6     21E6       15         0
                text73                             1D63     1D63       53         0
                text72                             1946     1946       43         0
                text71                             24CC     24CC       25         0
                text70                             2FD4     2FD4        6         0
                text69                              ECE      ECE      132         0
                text68                             24A8     24A8       24         0
                text67                             274D     274D       37         0
                text66                             2243     2243       19         0
                text65                              761      761       99         0
                text64                               EE       EE      2B0         0
                text63                              DAC      DAC      122         0
                text62                             16F2     16F2       87         0
                text61                             2567     2567       29         0
                text60                              82B      82B       98         0
                text59                             1414     1414       77         0
                text58                             15F9     15F9       7C         0
                text57                             19CC     19CC       47         0
                text56                              A24      A24       C7         0
                text55                             1B3B     1B3B       4D         0
                text54                             243D     243D       23         0
                text53                             1B88     1B88       4D         0
                text52                             27C1     27C1       3F         0
                text51                             139E     139E       76         0
                text50                             1989     1989       43         0
                text49                             1F2A     1F2A       65         0
                text48                             241B     241B       22         0
                text47                             22C7     22C7       1C         0
                text46                              CA8      CA8      104         0
                text45                             2097     2097        9         0
                text44                             2784     2784       3D         0
                text43                             1779     1779       87         0
                text42                             26E0     26E0       36         0
                text41                             1D11     1D11       52         0
                text40                             11E6     11E6       5B         0
                text39                              8C3      8C3       AC         0
                text38                             157E     157E       7B         0
                text37                             235A     235A       1F         0
                text36                             2FB2     2FB2        5         0
                text35                              BBF      BBF       E9         0
                text34                             1E67     1E67       5F         0
                text33                             2FB7     2FB7        5         0
                text32                             1C23     1C23       4E         0
                text31                             1C71     1C71       4E         0
                text30                             21BF     21BF       13         0
                text29                             217E     217E        F         0
                text28                             1675     1675       7D         0
                text27                             231E     231E       1E         0
                text26                             1EC6     1EC6       64         0
                text25                             233C     233C       1E         0
                text24                             1241     1241       73         0
                text23                             22E3     22E3       1D         0
                text22                             2290     2290       1B         0
                text21                             2517     2517       27         0
                text20                              96F      96F       B5         0
                text19                             12B4     12B4       75         0
                text18                              39E      39E      1F2         0
                text17                             20DA     20DA        A         0
                text16                             20E4     20E4        A         0
                text15                             20A0     20A0        9         0
                text14                             20A9     20A9        9         0
                text13                             1AEF     1AEF       4C         0
                text12                             2062     2062        8         0
                text11                             1329     1329       75         0
                text10                              AEB      AEB       D4         0
                text9                              218D     218D        F         0
                text8                              1F8F     1F8F       71         0
                text7                              219C     219C       10         0
                text6                              26AC     26AC       34         0
                text5                              2276     2276       1A         0
                text4                              2619     2619       30         0
                text3                              2649     2649       30         0
                text2                              1AA4     1AA4       4B         0
                text1                               590      590      1D1         0
                maintext                           1504     1504       7A         0
                clrtext                            2132     2132        C         0
                inittext                           213E     213E        C         0
                idataBANK4                         23B9     23B9       20         0
                idataBANK3                         2F91     2F91        4         0
                idataBANK2                            2        2        2         0
                idataBANK1                          7FA      7FA        6         0
                idataBANK0                         2F95     2F95        4         0

        CLASS   STRCODE        
                stringtext60                       3054     3054        2         0
                stringtext59                       304F     304F        3         0
                stringtext58                       304C     304C        3         0
                stringtext57                       3049     3049        3         0
                stringtext56                       3046     3046        3         0
                stringtext55                       303C     303C        4         0
                stringtext54                       3038     3038        4         0
                stringtext53                       3034     3034        4         0
                stringtext52                       3030     3030        4         0
                stringtext51                       302C     302C        4         0
                stringtext50                       3027     3027        5         0
                stringtext49                       3022     3022        5         0
                stringtext48                       301D     301D        5         0
                stringtext47                       3018     3018        5         0
                stringtext46                       3013     3013        5         0
                stringtext45                       300E     300E        5         0
                stringtext44                       3007     3007        7         0
                stringtext43                       3000     3000        7         0
                stringtext42                       29FE     29FE        8         0
                stringtext41                       29F6     29F6        8         0
                stringtext40                       29EE     29EE        8         0
                stringtext39                       29E6     29E6        8         0
                stringtext38                       29DE     29DE        8         0
                stringtext37                       29D6     29D6        8         0
                stringtext36                       29CE     29CE        8         0
                stringtext35                       29C6     29C6        8         0
                stringtext34                       29BD     29BD        9         0
                stringtext33                       29B4     29B4        9         0
                stringtext32                       29AA     29AA        A         0
                stringtext31                       29A0     29A0        A         0
                stringtext30                       2995     2995        B         0
                stringtext29                       298A     298A        B         0
                stringtext28                       297F     297F        B         0
                stringtext27                       2973     2973        C         0
                stringtext26                       295A     295A        D         0
                stringtext25                       294C     294C        E         0
                stringtext24                       293D     293D        F         0
                stringtext23                       292E     292E        F         0
                stringtext22                       290F     290F       10         0
                stringtext21                       28FF     28FF       10         0
                stringtext20                       28EE     28EE       11         0
                stringtext19                       28DD     28DD       11         0
                stringtext18                       28CB     28CB       12         0
                stringtext17                       28B4     28B4       17         0
                stringtext16                       289B     289B       19         0
                stringtext15                       2881     2881       1A         0
                stringtext14                       2865     2865       1C         0
                stringtext13                       2847     2847       1E         0
                stringtext12                       2828     2828       1F         0
                stringtext11                       2967     2967        C         0
                stringtext10                       291F     291F        F         0
                stringtext9                        3056     3056        1         0
                stringtext8                        3052     3052        2         0
                stringtext7                        3043     3043        3         0
                stringtext6                        3040     3040        3         0
                stringtext5                        2800     2800       28         0
                stringtext4                        187A     187A       7A         0
                stringtext3                        1800     1800       7A         0
                stringtext2                        10F2     10F2       F2         0
                stringtext1                        1000     1000       F2         0

        CLASS   STRING         

        CLASS   CONST          
                swtext1                            2000     2000       32         0

        CLASS   ENTRY          

        CLASS   COMMON         
                cstackCOMMON                         70       70        D         1
                bssCOMMON                            7D       7D        1         1

        CLASS   BANK0          
                cstackBANK0                          20       20       2E         1
                dataBANK0                            5A       5A        4         1
                bssBANK0                             4E       4E        C         1
                nvBANK0                              5E       5E        1         1

        CLASS   BANK1          
                cstackBANK1                          A0       A0       38         1
                dataBANK1                            EA       EA        6         1
                bssBANK1                             D8       D8       12         1

        CLASS   BANK2          
                cstackBANK2                         16E      16E        1         1
                dataBANK2                           16C      16C        2         1
                bssBANK2                            120      120       4C         1

        CLASS   BANK3          
                cstackBANK3                         1D9      1D9        9         1
                dataBANK3                           1E8      1E8        4         1
                bssBANK3                            1A0      1A0       39         1
                nvBANK3                             1E2      1E2        6         1

        CLASS   BANK4          
                dataBANK4                           248      248       20         1
                bssBANK4                            220      220       28         1

        CLASS   BANK5          
                cstackBANK5                         2C8      2C8       1C         1
                bssBANK5                            2A0      2A0       28         1

        CLASS   BANK6          

        CLASS   BANK7          

        CLASS   BANK8          

        CLASS   BANK9          

        CLASS   BANK10         

        CLASS   BANK11         

        CLASS   BANK12         

        CLASS   BANK13         

        CLASS   BANK14         

        CLASS   BANK15         

        CLASS   BANK16         

        CLASS   BANK17         

        CLASS   BANK18         

        CLASS   BANK19         

        CLASS   BANK20         

        CLASS   BANK21         

        CLASS   BANK22         

        CLASS   BANK23         

        CLASS   BANK24         

        CLASS   BANK25         

        CLASS   BIGRAM         

        CLASS   RAM            

        CLASS   ABS1           
                abs_s1                               7E       7E        2         1
                abs_s1                              C30      C30       40         1
                abs_s1                              CA0      CA0       20         1
                abs_s1                             2790     2790        0         1

        CLASS   SFR0           

        CLASS   SFR1           

        CLASS   SFR2           

        CLASS   SFR3           

        CLASS   SFR4           

        CLASS   SFR5           

        CLASS   SFR6           

        CLASS   SFR7           

        CLASS   SFR8           

        CLASS   SFR9           

        CLASS   SFR10          

        CLASS   SFR11          

        CLASS   SFR12          

        CLASS   SFR13          

        CLASS   SFR14          

        CLASS   SFR15          

        CLASS   SFR16          

        CLASS   SFR17          

        CLASS   SFR18          

        CLASS   SFR19          

        CLASS   SFR20          

        CLASS   SFR21          

        CLASS   SFR22          

        CLASS   SFR23          

        CLASS   SFR24          

        CLASS   SFR25          

        CLASS   SFR26          

        CLASS   SFR27          

        CLASS   SFR28          

        CLASS   SFR29          

        CLASS   SFR30          

        CLASS   SFR31          

        CLASS   CONFIG         
                config                             8007     8007        4         0

        CLASS   IDLOC          

        CLASS   EEDATA         

        CLASS   BANK31         

        CLASS   BANK30         

        CLASS   BANK29         

        CLASS   BANK28         

        CLASS   BANK27         

        CLASS   BANK26         



SEGMENTS        Name                           Load    Length   Top    Selector   Space  Class     Delta

                reset_vec                      000000  000004  000004         0       0  CODE        2
                intentry                       000004  0007FC  000800         8       0  CODE        2
                cstackBANK0                    000020  00003F  00005F        20       1  BANK0       1
                cstackCOMMON                   000070  00000E  00007E        70       1  COMMON      1
                cstackBANK1                    0000A0  000050  0000F0        A0       1  BANK1       1
                bssBANK2                       000120  00004F  00016F       120       1  BANK2       1
                bssBANK3                       0001A0  00004C  0001EC       1A0       1  BANK3       1
                bssBANK4                       000220  000048  000268       220       1  BANK4       1
                bssBANK5                       0002A0  000044  0002E4       2A0       1  BANK5       1
                text83                         000800  00002B  00082B      1000       0  CODE        2
                text60                         00082B  000098  0008C3      1056       0  CODE        2
                text39                         0008C3  0000AC  00096F      1186       0  CODE        2
                text20                         00096F  0000B5  000A24      12DE       0  CODE        2
                text56                         000A24  0000C7  000AEB      1448       0  CODE        2
                text10                         000AEB  0000D4  000BBF      15D6       0  CODE        2
                text35                         000BBF  0000E9  000CA8      177E       0  CODE        2
                text46                         000CA8  000104  000DAC      1950       0  CODE        2
                text63                         000DAC  000122  000ECE      1B58       0  CODE        2
                text69                         000ECE  000132  001000      1D9C       0  CODE        2
                stringtext1                    001000  0001E4  0011E4      2000       0  STRCODE     2
                text158                        0011E4  000002  0011E6      23C8       0  CODE        2
                text40                         0011E6  00005B  001241      23CC       0  CODE        2
                text24                         001241  000073  0012B4      2482       0  CODE        2
                text19                         0012B4  000075  001329      2568       0  CODE        2
                text11                         001329  000075  00139E      2652       0  CODE        2
                text51                         00139E  000076  001414      273C       0  CODE        2
                text59                         001414  000077  00148B      2828       0  CODE        2
                text111                        00148B  000079  001504      2916       0  CODE        2
                maintext                       001504  00007A  00157E      2A08       0  CODE        2
                text38                         00157E  00007B  0015F9      2AFC       0  CODE        2
                text58                         0015F9  00007C  001675      2BF2       0  CODE        2
                text28                         001675  00007D  0016F2      2CEA       0  CODE        2
                text62                         0016F2  000087  001779      2DE4       0  CODE        2
                text43                         001779  000087  001800      2EF2       0  CODE        2
                stringtext3                    001800  0000F4  0018F4      3000       0  STRCODE     2
                text123                        0018F4  000012  001906      31E8       0  CODE        2
                text135                        001906  000040  001946      320C       0  CODE        2
                text72                         001946  000043  001989      328C       0  CODE        2
                text50                         001989  000043  0019CC      3312       0  CODE        2
                text57                         0019CC  000047  001A13      3398       0  CODE        2
                text81                         001A13  000048  001A5B      3426       0  CODE        2
                text177                        001A5B  000049  001AA4      34B6       0  CODE        2
                text2                          001AA4  00004B  001AEF      3548       0  CODE        2
                text13                         001AEF  00004C  001B3B      35DE       0  CODE        2
                text55                         001B3B  00004D  001B88      3676       0  CODE        2
                text53                         001B88  00004D  001BD5      3710       0  CODE        2
                text136                        001BD5  00004E  001C23      37AA       0  CODE        2
                text32                         001C23  00004E  001C71      3846       0  CODE        2
                text31                         001C71  00004E  001CBF      38E2       0  CODE        2
                text110                        001CBF  000052  001D11      397E       0  CODE        2
                text41                         001D11  000052  001D63      3A22       0  CODE        2
                text73                         001D63  000053  001DB6      3AC6       0  CODE        2
                text117                        001DB6  000058  001E0E      3B6C       0  CODE        2
                text82                         001E0E  000059  001E67      3C1C       0  CODE        2
                text34                         001E67  00005F  001EC6      3CCE       0  CODE        2
                text26                         001EC6  000064  001F2A      3D8C       0  CODE        2
                text49                         001F2A  000065  001F8F      3E54       0  CODE        2
                text8                          001F8F  000071  002000      3F1E       0  CODE        2
                swtext1                        002000  000032  002032      4000       0  CONST       2
                text92                         002032  000008  00203A      4064       0  CODE        2
                text91                         00203A  000008  002042      4074       0  CODE        2
                text90                         002042  000008  00204A      4084       0  CODE        2
                text86                         00204A  000008  002052      4094       0  CODE        2
                text85                         002052  000008  00205A      40A4       0  CODE        2
                text84                         00205A  000008  002062      40B4       0  CODE        2
                text12                         002062  000008  00206A      40C4       0  CODE        2
                text170                        00206A  000009  002073      40D4       0  CODE        2
                text126                        002073  000009  00207C      40E6       0  CODE        2
                text124                        00207C  000009  002085      40F8       0  CODE        2
                text122                        002085  000009  00208E      410A       0  CODE        2
                text94                         00208E  000009  002097      411C       0  CODE        2
                text45                         002097  000009  0020A0      412E       0  CODE        2
                text15                         0020A0  000009  0020A9      4140       0  CODE        2
                text14                         0020A9  000009  0020B2      4152       0  CODE        2
                text166                        0020B2  00000A  0020BC      4164       0  CODE        2
                text129                        0020BC  00000A  0020C6      4178       0  CODE        2
                text87                         0020C6  00000A  0020D0      418C       0  CODE        2
                text76                         0020D0  00000A  0020DA      41A0       0  CODE        2
                text17                         0020DA  00000A  0020E4      41B4       0  CODE        2
                text16                         0020E4  00000A  0020EE      41C8       0  CODE        2
                text95                         0020EE  00000B  0020F9      41DC       0  CODE        2
                text88                         0020F9  00000B  002104      41F2       0  CODE        2
                text78                         002104  00000B  00210F      4208       0  CODE        2
                text77                         00210F  00000B  00211A      421E       0  CODE        2
                text152                        00211A  00000C  002126      4234       0  CODE        2
                text89                         002126  00000C  002132      424C       0  CODE        2
                clrtext                        002132  00000C  00213E      4264       0  CODE        2
                inittext                       00213E  00000C  00214A      427C       0  CODE        2
                text173                        00214A  00000D  002157      4294       0  CODE        2
                text169                        002157  00000D  002164      42AE       0  CODE        2
                text165                        002164  00000D  002171      42C8       0  CODE        2
                text98                         002171  00000D  00217E      42E2       0  CODE        2
                text29                         00217E  00000F  00218D      42FC       0  CODE        2
                text9                          00218D  00000F  00219C      431A       0  CODE        2
                text7                          00219C  000010  0021AC      4338       0  CODE        2
                text121                        0021AC  000013  0021BF      4358       0  CODE        2
                text30                         0021BF  000013  0021D2      437E       0  CODE        2
                text125                        0021D2  000014  0021E6      43A4       0  CODE        2
                text74                         0021E6  000015  0021FB      43CC       0  CODE        2
                text176                        0021FB  000018  002213      43F6       0  CODE        2
                text119                        002213  000018  00222B      4426       0  CODE        2
                text116                        00222B  000018  002243      4456       0  CODE        2
                text66                         002243  000019  00225C      4486       0  CODE        2
                text130                        00225C  00001A  002276      44B8       0  CODE        2
                text5                          002276  00001A  002290      44EC       0  CODE        2
                text22                         002290  00001B  0022AB      4520       0  CODE        2
                text182                        0022AB  00001C  0022C7      4556       0  CODE        2
                text47                         0022C7  00001C  0022E3      458E       0  CODE        2
                text23                         0022E3  00001D  002300      45C6       0  CODE        2
                text181                        002300  00001E  00231E      4600       0  CODE        2
                text27                         00231E  00001E  00233C      463C       0  CODE        2
                text25                         00233C  00001E  00235A      4678       0  CODE        2
                text37                         00235A  00001F  002379      46B4       0  CODE        2
                text133                        002379  000020  002399      46F2       0  CODE        2
                text131                        002399  000020  0023B9      4732       0  CODE        2
                idataBANK4                     0023B9  000020  0023D9      4772       0  CODE        2
                text175                        0023D9  000021  0023FA      47B2       0  CODE        2
                text115                        0023FA  000021  00241B      47F4       0  CODE        2
                text48                         00241B  000022  00243D      4836       0  CODE        2
                text54                         00243D  000023  002460      487A       0  CODE        2
                text137                        002460  000024  002484      48C0       0  CODE        2
                text75                         002484  000024  0024A8      4908       0  CODE        2
                text68                         0024A8  000024  0024CC      4950       0  CODE        2
                text71                         0024CC  000025  0024F1      4998       0  CODE        2
                text79                         0024F1  000026  002517      49E2       0  CODE        2
                text21                         002517  000027  00253E      4A2E       0  CODE        2
                text178                        00253E  000029  002567      4A7C       0  CODE        2
                text61                         002567  000029  002590      4ACE       0  CODE        2
                text150                        002590  00002A  0025BA      4B20       0  CODE        2
                text96                         0025BA  00002F  0025E9      4B74       0  CODE        2
                text118                        0025E9  000030  002619      4BD2       0  CODE        2
                text4                          002619  000030  002649      4C32       0  CODE        2
                text3                          002649  000030  002679      4C92       0  CODE        2
                text128                        002679  000033  0026AC      4CF2       0  CODE        2
                text6                          0026AC  000034  0026E0      4D58       0  CODE        2
                text42                         0026E0  000036  002716      4DC0       0  CODE        2
                text174                        002716  000037  00274D      4E2C       0  CODE        2
                text67                         00274D  000037  002784      4E9A       0  CODE        2
                text44                         002784  00003D  0027C1      4F08       0  CODE        2
                text52                         0027C1  00003F  002800      4F82       0  CODE        2
                stringtext5                    002800  000206  002A06      5000       0  STRCODE     2
                text156                        002F1E  000001  002F1F      5E3C       0  CODE        2
                text102                        002F1F  000001  002F20      5E3E       0  CODE        2
                text159                        002F20  000002  002F22      5E40       0  CODE        2
                text180                        002F22  000003  002F25      5E44       0  CODE        2
                text172                        002F25  000003  002F28      5E4A       0  CODE        2
                text168                        002F28  000003  002F2B      5E50       0  CODE        2
                text164                        002F2B  000003  002F2E      5E56       0  CODE        2
                text163                        002F2E  000003  002F31      5E5C       0  CODE        2
                text161                        002F31  000003  002F34      5E62       0  CODE        2
                text160                        002F34  000003  002F37      5E68       0  CODE        2
                text157                        002F37  000003  002F3A      5E6E       0  CODE        2
                text154                        002F3A  000003  002F3D      5E74       0  CODE        2
                text151                        002F3D  000003  002F40      5E7A       0  CODE        2
                text134                        002F40  000003  002F43      5E80       0  CODE        2
                text114                        002F43  000003  002F46      5E86       0  CODE        2
                text113                        002F46  000003  002F49      5E8C       0  CODE        2
                text112                        002F49  000003  002F4C      5E92       0  CODE        2
                text109                        002F4C  000003  002F4F      5E98       0  CODE        2
                text107                        002F4F  000003  002F52      5E9E       0  CODE        2
                text106                        002F52  000003  002F55      5EA4       0  CODE        2
                text103                        002F55  000003  002F58      5EAA       0  CODE        2
                text100                        002F58  000003  002F5B      5EB0       0  CODE        2
                text97                         002F5B  000003  002F5E      5EB6       0  CODE        2
                text80                         002F5E  000003  002F61      5EBC       0  CODE        2
                text162                        002F61  000004  002F65      5EC2       0  CODE        2
                text155                        002F65  000004  002F69      5ECA       0  CODE        2
                text147                        002F69  000004  002F6D      5ED2       0  CODE        2
                text146                        002F6D  000004  002F71      5EDA       0  CODE        2
                text145                        002F71  000004  002F75      5EE2       0  CODE        2
                text144                        002F75  000004  002F79      5EEA       0  CODE        2
                text140                        002F79  000004  002F7D      5EF2       0  CODE        2
                text139                        002F7D  000004  002F81      5EFA       0  CODE        2
                text138                        002F81  000004  002F85      5F02       0  CODE        2
                text120                        002F85  000004  002F89      5F0A       0  CODE        2
                text108                        002F89  000004  002F8D      5F12       0  CODE        2
                text101                        002F8D  000004  002F91      5F1A       0  CODE        2
                idataBANK3                     002F91  000004  002F95      5F22       0  CODE        2
                idataBANK0                     002F95  000004  002F99      5F2A       0  CODE        2
                text179                        002F99  000005  002F9E      5F32       0  CODE        2
                text171                        002F9E  000005  002FA3      5F3C       0  CODE        2
                text167                        002FA3  000005  002FA8      5F46       0  CODE        2
                text153                        002FA8  000005  002FAD      5F50       0  CODE        2
                text148                        002FAD  000005  002FB2      5F5A       0  CODE        2
                text36                         002FB2  000005  002FB7      5F64       0  CODE        2
                text33                         002FB7  000005  002FBC      5F6E       0  CODE        2
                text141                        002FBC  000006  002FC2      5F78       0  CODE        2
                text105                        002FC2  000006  002FC8      5F84       0  CODE        2
                text104                        002FC8  000006  002FCE      5F90       0  CODE        2
                text99                         002FCE  000006  002FD4      5F9C       0  CODE        2
                text70                         002FD4  000006  002FDA      5FA8       0  CODE        2
                text149                        002FDA  000007  002FE1      5FB4       0  CODE        2
                text142                        002FE1  000007  002FE8      5FC2       0  CODE        2
                text143                        002FE8  000008  002FF0      5FD0       0  CODE        2
                text127                        002FF0  000008  002FF8      5FE0       0  CODE        2
                text93                         002FF8  000008  003000      5FF0       0  CODE        2
                stringtext43                   003000  000057  003057      6000       0  STRCODE     2
                config                         008007  000004  00800B     1000E       0  CONFIG      2


UNUSED ADDRESS RANGES

        Name                Unused          Largest block    Delta
        BANK0            0005F-0006F              11           1
        BANK10           00520-0056F              50           1
        BANK11           005A0-005EF              50           1
        BANK12           00620-0066F              50           1
        BANK13           006A0-006EF              50           1
        BANK14           00720-0076F              50           1
        BANK15           007A0-007EF              50           1
        BANK16           00820-0086F              50           1
        BANK17           008A0-008EF              50           1
        BANK18           00920-0096F              50           1
        BANK19           009A0-009EF              50           1
        BANK2            0016F-0016F               1           1
        BANK20           00A20-00A6F              50           1
        BANK21           00AA0-00AEF              50           1
        BANK22           00B20-00B6F              50           1
        BANK23           00BA0-00BEF              50           1
        BANK24           00C20-00C2F              10           1
        BANK3            001EC-001EF               4           1
        BANK4            00268-0026F               8           1
        BANK5            002E4-002EF               C           1
        BANK6            00320-0036F              50           1
        BANK7            003A0-003EF              50           1
        BANK8            00420-0046F              50           1
        BANK9            004A0-004EF              50           1
        BIGRAM           02000-027EF             7F0           1
        CODE             02A06-02F1D             518           2
                         03057-03FFF             7A9
        CONST            02A06-02F1D             100           2
                         03057-03FFF             100
        EEDATA           0F000-0F0FF             100           2
        ENTRY            02A06-02F1D             100           2
                         03057-03FFF             100
        IDLOC            08000-08003               4           2
        RAM              0005F-0006F              11           1
                         0016F-0016F               1
                         001EC-001EF               4
                         00268-0026F               8
                         002E4-002EF               C
                         00320-0036F              50
                         003A0-003EF              50
                         00420-0046F              50
                         004A0-004EF              50
                         00520-0056F              50
                         005A0-005EF              50
                         00620-0066F              50
                         006A0-006EF              50
                         00720-0076F              50
                         007A0-007EF              50
                         00820-0086F              50
                         008A0-008EF              50
                         00920-0096F              50
                         009A0-009EF              50
                         00A20-00A6F              50
                         00AA0-00AEF              50
                         00B20-00B6F              50
                         00BA0-00BEF              50
                         00C20-00C2F              10
        SFR0             00000-0001F              20           1
        SFR1             00080-0009F              20           1
        SFR10            00500-0051F              20           1
        SFR11            00580-0059F              20           1
        SFR12            00600-0061F              20           1
        SFR13            00680-0069F              20           1
        SFR14            00700-0071F              20           1
        SFR15            00780-0079F              20           1
        SFR16            00800-0081F              20           1
        SFR17            00880-0089F              20           1
        SFR18            00900-0091F              20           1
[...]
		None
 Return value:  Size  Location     Type
                  1    wreg      void 
 Registers used:
		None
 Tracked objects:
		On entry : 
		On exit  : 
		Unchanged: 
 Data sizes:     COMMON   BANK0   BANK1   BANK2   BANK3   BANK4   BANK5   BANK6   BANK7   BANK8   BANK9  BANK10  BANK11  BANK12  BANK13  BANK14  BANK15  BANK16  BANK17  BANK18  BANK19  BANK20  BANK21  BANK22  BANK23  BANK24  BANK25
      Params:         0       0       0       0       0       0       0       0       0       0       0       0       0       0       0       0       0       0       0       0       0       0       0       0       0       0       0
      Locals:         0       0       0       0       0       0       0       0       0       0       0       0       0       0       0       0       0       0       0       0       0       0       0       0       0       0       0
      Temps:          0       0       0       0       0       0       0       0       0       0       0       0       0       0       0       0       0       0       0       0       0       0       0       0       0       0       0
      Totals:         0       0       0       0       0       0       0       0       0       0       0       0       0       0       0       0       0       0       0       0       0       0       0       0       0       0       0
Total ram usage:        0 bytes
 Hardware stack levels used:    1
 This function calls:
		Nothing
 This function is called by:
		_TMR0_DefaultInterruptHandler
 This function uses a non-reentrant model


 *************** function _EUSART_Transmit_ISR *****************
 Defined at:
		line 161 in file "mcc_generated_files/eusart.c"
 Parameters:    Size  Location     Type
		None
 Auto vars:     Size  Location     Type
		None
 Return value:  Size  Location     Type
                  1    wreg      void 
 Registers used:
		wreg, fsr1l, fsr1h, status,2, status,0
 Tracked objects:
		On entry : 
		On exit  : 
		Unchanged: 
 Data sizes:     COMMON   BANK0   BANK1   BANK2   BANK3   BANK4   BANK5   BANK6   BANK7   BANK8   BANK9  BANK10  BANK11  BANK12  BANK13  BANK14  BANK15  BANK16  BANK17  BANK18  BANK19  BANK20  BANK21  BANK22  BANK23  BANK24  BANK25
      Params:         0       0       0       0       0       0       0       0       0       0       0       0       0       0       0       0       0       0       0       0       0       0       0       0       0       0       0
      Locals:         0       0       0       0       0       0       0       0       0       0       0       0       0       0       0       0       0       0       0       0       0       0       0       0       0       0       0
      Temps:          1       0       0       0       0       0       0       0       0       0       0       0       0       0       0       0       0       0       0       0       0       0       0       0       0       0       0
      Totals:         1       0       0       0       0       0       0       0       0       0       0       0       0       0       0       0       0       0       0       0       0       0       0       0       0       0       0
Total ram usage:        1 bytes
 Hardware stack levels used:    1
 This function calls:
		Nothing
 This function is called by:
		_INTERRUPT_InterruptManager
 This function uses a non-reentrant model


 *************** function _EUSART_Receive_ISR *****************
 Defined at:
		line 180 in file "mcc_generated_files/eusart.c"
 Parameters:    Size  Location     Type
		None
 Auto vars:     Size  Location     Type
		None
 Return value:  Size  Location     Type
                  1    wreg      void 
 Registers used:
		wreg, fsr1l, fsr1h, status,2, status,0
 Tracked objects:
		On entry : 
		On exit  : 
		Unchanged: 
 Data sizes:     COMMON   BANK0   BANK1   BANK2   BANK3   BANK4   BANK5   BANK6   BANK7   BANK8   BANK9  BANK10  BANK11  BANK12  BANK13  BANK14  BANK15  BANK16  BANK17  BANK18  BANK19  BANK20  BANK21  BANK22  BANK23  BANK24  BANK25
      Params:         0       0       0       0       0       0       0       0       0       0       0       0       0       0       0       0       0       0       0       0       0       0       0       0       0       0       0
      Locals:         0       0       0       0       0       0       0       0       0       0       0       0       0       0       0       0       0       0       0       0       0       0       0       0       0       0       0
      Temps:          1       0       0       0       0       0       0       0       0       0       0       0       0       0       0       0       0       0       0       0       0       0       0       0       0       0       0
      Totals:         1       0       0       0       0       0       0       0       0       0       0       0       0       0       0       0       0       0       0       0       0       0       0       0       0       0       0
Total ram usage:        1 bytes
 Hardware stack levels used:    1
 This function calls:
		Nothing
 This function is called by:
		_INTERRUPT_InterruptManager
 This function uses a non-reentrant model



MODULE INFORMATION

Module		Function		Class		Link	Load	Size
drv2665.c
		_drv_reset     		CODE           	20DA	0000	11
		_drv_write_wvfrm		CODE           	2243	0000	26
		_calcDownstroke		CODE           	08C3	0000	173
		_calcUpstroke  		CODE           	157E	0000	124
		_drv_write     		CODE           	24A8	0000	37
		_drv_write_DC  		CODE           	274D	0000	56
		_drv_read      		CODE           	19CC	0000	72
		_drv_init      		CODE           	1329	0000	118

drv2665.c estimated size: 617

C:\Program Files (x86)\Microchip\xc8\v1.45\sources\common\ftneg.c
		___ftneg       		CODE           	2097	0000	10

C:\Program Files (x86)\Microchip\xc8\v1.45\sources\common\ftneg.c estimated size: 10

LEDcomm.c
		_send_last_2bytes_IK		CODE           	1DB6	0000	89
		_LED_setBrightnessRange		CODE           	082B	0000	153
		_LED_test_openshort		CODE           	15F9	0000	125
		_send_2bytes_latchless_IK		CODE           	25E9	0000	49
		_LEDsPwr       		CODE           	1EC6	0000	101
		_LED_testComm  		CODE           	1414	0000	120
		_LEDsOn        		CODE           	23FA	0000	34
		_send_2length_2bytes_IK		CODE           	222B	0000	25
		_LED_getData   		CODE           	16F2	0000	136
		_LED_readConfig		CODE           	2567	0000	42

LEDcomm.c estimated size: 874

C:\Program Files (x86)\Microchip\xc8\v1.45\sources\common\float.c
		___ftpack      		CODE           	1F2A	0000	102

C:\Program Files (x86)\Microchip\xc8\v1.45\sources\common\float.c estimated size: 102

C:\Program Files (x86)\Microchip\xc8\v1.45\sources\common\doprnt.c
		_printf        		CODE           	0ECE	0000	307

C:\Program Files (x86)\Microchip\xc8\v1.45\sources\common\doprnt.c estimated size: 307

mcc_generated_files/tmr4.c
		_TMR4_ISR      		CODE           	2164	0000	14
		_TMR4_Initialize		CODE           	21AC	0000	20
		_TMR4_SetInterruptHandler		CODE           	2085	0000	10
		_TMR4_StopTimer		CODE           	2F28	0000	4
		_TMR4_DefaultInterruptHandler		CODE           	20B2	0000	11
		_TMR4_WriteTimer		CODE           	2FA3	0000	6
		_TMR4_StartTimer		CODE           	2F49	0000	4

mcc_generated_files/tmr4.c estimated size: 69

C:\Program Files (x86)\Microchip\xc8\v1.45\sources\common\round.c
		_round         		CODE           	11E6	0000	92

C:\Program Files (x86)\Microchip\xc8\v1.45\sources\common\round.c estimated size: 92

C:\Program Files (x86)\Microchip\xc8\v1.45\sources\common\strspn.c
		_strspn        		CODE           	2649	0000	49

C:\Program Files (x86)\Microchip\xc8\v1.45\sources\common\strspn.c estimated size: 49

mcc_generated_files/tmr2.c
		_TMR2_ISR      		CODE           	2157	0000	14
		_TMR2_LoadPeriodRegister		CODE           	2FB7	0000	6
		_TMR2_Initialize		CODE           	18F4	0000	19
		_TMR2_SetInterruptHandler		CODE           	207C	0000	10
		_TMR2_StopTimer		CODE           	2F25	0000	4
		_TMR2_DefaultInterruptHandler		CODE           	206A	0000	10
		_TMR2_WriteTimer		CODE           	2F9E	0000	6
		_TMR2_StartTimer		CODE           	2F46	0000	4

mcc_generated_files/tmr2.c estimated size: 73

mcc_generated_files/interrupt_manager.c
		_INTERRUPT_InterruptManager		CODE           	0004	0000	87

mcc_generated_files/interrupt_manager.c estimated size: 87

C:\Program Files (x86)\Microchip\xc8\v1.45\sources\common\Umul16.c
		___wmul        		CODE           	22C7	0000	29

C:\Program Files (x86)\Microchip\xc8\v1.45\sources\common\Umul16.c estimated size: 29

mcc_generated_files/tmr0.c
		_TMR0_Load8bitPeriod		CODE           	2FB2	0000	6
		_TMR0_SetInterruptHandler		CODE           	2073	0000	10
		_TMR0_StopTimer		CODE           	2F22	0000	4
		_TMR0_Write8bitTimer		CODE           	2F99	0000	6
		_TMR0_DefaultInterruptHandler		CODE           	2716	0000	56
		_TMR0_StartTimer		CODE           	2F43	0000	4
		_TMR0_ISR      		CODE           	214A	0000	14
		_TMR0_Initialize		CODE           	21D2	0000	21

mcc_generated_files/tmr0.c estimated size: 121

C:\Program Files (x86)\Microchip\xc8\v1.45\sources\common\strcspn.c
		_strcspn       		CODE           	2619	0000	49

C:\Program Files (x86)\Microchip\xc8\v1.45\sources\common\strcspn.c estimated size: 49

C:\Program Files (x86)\Microchip\xc8\v1.45\sources\common\frexp.c
		_frexp         		CODE           	26E0	0000	55

C:\Program Files (x86)\Microchip\xc8\v1.45\sources\common\frexp.c estimated size: 55

mcc_generated_files/pin_manager.c
		_PIN_MANAGER_Initialize		CODE           	2679	0000	52

mcc_generated_files/pin_manager.c estimated size: 52

C:\Program Files (x86)\Microchip\xc8\v1.45\sources\common\isdigit.c
		_isdigit       		CODE           	218D	0000	16

C:\Program Files (x86)\Microchip\xc8\v1.45\sources\common\isdigit.c estimated size: 16

C:\Program Files (x86)\Microchip\xc8\v1.45\sources\common\ftmul.c
		___ftmul       		CODE           	0BBF	0000	234

C:\Program Files (x86)\Microchip\xc8\v1.45\sources\common\ftmul.c estimated size: 234

C:\Program Files (x86)\Microchip\xc8\v1.45\sources\common\llmod.c
		___llmod       		CODE           	1946	0000	68

C:\Program Files (x86)\Microchip\xc8\v1.45\sources\common\llmod.c estimated size: 68

C:\Program Files (x86)\Microchip\xc8\v1.45\sources\common\atoi.c
		_atoi          		CODE           	1F8F	0000	114

C:\Program Files (x86)\Microchip\xc8\v1.45\sources\common\atoi.c estimated size: 114

C:\Program Files (x86)\Microchip\xc8\v1.45\sources\common\strtok.c
		_strtok        		CODE           	1AA4	0000	76

C:\Program Files (x86)\Microchip\xc8\v1.45\sources\common\strtok.c estimated size: 76

C:\Program Files (x86)\Microchip\xc8\v1.45\sources\common\stricmp.c
		_stricmp       		CODE           	26AC	0000	53

C:\Program Files (x86)\Microchip\xc8\v1.45\sources\common\stricmp.c estimated size: 53

shared
		i1_returnReset 		CODE           	11E4	0000	3
		i1_do_I2C_SEND_ADR_READ		CODE           	2FE8	0000	9
		i1_do_I2C_DO_NACK_STOP		CODE           	2F7D	0000	5
		i1_mssp1_clearIRQ		CODE           	2F40	0000	4
		i1_do_I2C_SEND_RESTART		CODE           	2F71	0000	5
		drv2665@drv_fifo_sine		STRCODE        	0000	0000	0
		i1_do_I2C_TX_EMPTY		CODE           	2590	0000	43
		_dpowers       		STRCODE        	2800	0000	41
		i1_do_I2C_DO_NACK_RESTART		CODE           	2F81	0000	5
		i1_send_2bytes_latchless_IK		CODE           	253E	0000	42
		i1_do_I2C_SEND_RESTART_READ		CODE           	2F69	0000	5
		i1_do_I2C_DO_ADDRESS_NACK		CODE           	2460	0000	37
		i1_do_I2C_RX   		CODE           	1906	0000	65
		i1_do_I2C_TX   		CODE           	1BD5	0000	79
		_drv_sine      		STRCODE        	0000	0000	0
		_LEDpower      		STRCODE        	3052	0000	3
		i1_i2c_ISR     		CODE           	2379	0000	33
		i1_i2c1_driver_sendNACK		CODE           	2F65	0000	5
		i1_do_I2C_IDLE 		CODE           	2FAD	0000	6
		i1_do_I2C_RCEN 		CODE           	2FBC	0000	7
		i1_i2c1_driver_isNACK		CODE           	211A	0000	13
		__initialization		CODE           	005C	0000	143
		i1_LEDsOn      		CODE           	23D9	0000	34
		i1_mssp1_setIRQ		CODE           	2F3D	0000	4
		i1_i2c1_driver_restart		CODE           	2F31	0000	4
		i1_i2c1_driver_stop		CODE           	2F34	0000	4
		_TMR0_RANGE    		STRCODE        	3043	0000	4
		i1_do_I2C_RESET		CODE           	2FDA	0000	8
		i1_i2c1_driver_startRX		CODE           	2F37	0000	4
		i1_i2c1_driver_resetBus		CODE           	2F1E	0000	2
		i1_i2c1_driver_sendACK		CODE           	2F61	0000	5
		_TMR2_RANGE    		STRCODE        	3040	0000	4
		i1_do_I2C_SEND_RESTART_WRITE		CODE           	2F6D	0000	5
		_drv_address   		STRCODE        	3056	0000	2
		drv2665@drv_sine		STRCODE        	1000	0000	243
		i1_do_I2C_DO_ACK		CODE           	2F79	0000	5
		i1_do_I2C_SEND_ADR_WRITE		CODE           	2FE1	0000	8
		i1_i2c1_driver_getRXData		CODE           	2F3A	0000	4
		_drv_fifo_sine 		STRCODE        	0000	0000	0
		i1_send_2length_2bytes_IK		CODE           	21FB	0000	25
		i1_do_I2C_SEND_STOP		CODE           	2F75	0000	5
		i1_i2c1_driver_TXData		CODE           	2FA8	0000	6
		sin@coeff_a    		STRCODE        	0000	0000	0
		sin@coeff_b    		STRCODE        	0000	0000	0
		i1_returnStop  		CODE           	2F20	0000	3
		i1_send_last_2bytes_IK		CODE           	1A5B	0000	74

shared estimated size: 1006

mcc_generated_files/mcc.c
		_WDT_Initialize		CODE           	2F85	0000	5
		_PMD_Initialize		CODE           	2FF0	0000	9
		_OSCILLATOR_Initialize		CODE           	20BC	0000	11
		_SYSTEM_Initialize		CODE           	2213	0000	25

mcc_generated_files/mcc.c estimated size: 50

C:\Program Files (x86)\Microchip\xc8\v1.45\sources\common\fttol.c
		___fttol       		CODE           	1779	0000	136

C:\Program Files (x86)\Microchip\xc8\v1.45\sources\common\fttol.c estimated size: 136

C:\Program Files (x86)\Microchip\xc8\v1.45\sources\common\awtoft.c
		___awtoft      		CODE           	241B	0000	35

C:\Program Files (x86)\Microchip\xc8\v1.45\sources\common\awtoft.c estimated size: 35

mcc_generated_files/drivers/i2c_master.c
		_returnStop    		CODE           	2FC2	0000	7
		_i2c_setBuffer 		CODE           	21E6	0000	22
		_i2c_busCollisionISR		CODE           	2F2E	0000	4
		_i2c_ISR       		CODE           	24F1	0000	39
		_i2c_setAddress		CODE           	2062	0000	9
		_i2c_masterOperation		CODE           	2484	0000	37
		_do_I2C_TX_EMPTY		CODE           	25BA	0000	48
		_returnReset   		CODE           	2FC8	0000	7
		_do_I2C_SEND_RESTART_WRITE		CODE           	2032	0000	9
		_i2c_poller    		CODE           	210F	0000	12
		_do_I2C_DO_NACK_RESTART		CODE           	205A	0000	9
		_do_I2C_SEND_RESTART_READ		CODE           	2FF8	0000	9
		_do_I2C_SEND_ADR_WRITE		CODE           	20F9	0000	12
		_do_I2C_SEND_STOP		CODE           	2042	0000	9
		_i2c_open      		CODE           	1AEF	0000	77
		_do_I2C_SEND_ADR_READ		CODE           	2126	0000	13
		_do_I2C_DO_NACK_STOP		CODE           	2052	0000	9
		_do_I2C_SEND_RESTART		CODE           	203A	0000	9
		_do_I2C_RX     		CODE           	1A13	0000	73
		_do_I2C_TX     		CODE           	1E0E	0000	90
		_do_I2C_IDLE   		CODE           	208E	0000	10
		_do_I2C_RCEN   		CODE           	20C6	0000	11
		_do_I2C_DO_ADDRESS_NACK		CODE           	0800	0000	44
		_do_I2C_RESET  		CODE           	20EE	0000	12
		_do_I2C_DO_ACK 		CODE           	204A	0000	9

mcc_generated_files/drivers/i2c_master.c estimated size: 590

C:\Program Files (x86)\Microchip\xc8\v1.45\sources\common\awdiv.c
		___awdiv       		CODE           	1CBF	0000	83

C:\Program Files (x86)\Microchip\xc8\v1.45\sources\common\awdiv.c estimated size: 83

C:\Program Files (x86)\Microchip\xc8\v1.45\sources\common\ftadd.c
		___ftadd       		CODE           	0CA8	0000	261

C:\Program Files (x86)\Microchip\xc8\v1.45\sources\common\ftadd.c estimated size: 261

mcc_generated_files/i2c1_driver.c
		_mssp1_waitForEvent		CODE           	2104	0000	12
		_i2c1_driver_open		CODE           	20E4	0000	11
		_i2c1_driver_isNACK		CODE           	2171	0000	14
		_i2c1_driver_stop		CODE           	2F52	0000	4
		_i2c1_driver_getRXData		CODE           	2F58	0000	4
		_i2c1_driver_TXData		CODE           	2FCE	0000	7
		_i2c1_driver_setBusCollisionISR		CODE           	20A0	0000	10
		_i2c1_driver_start		CODE           	2F4C	0000	4
		_i2c1_driver_sendACK		CODE           	2F89	0000	5
		_mssp1_setIRQ  		CODE           	2F5B	0000	4
		_i2c1_driver_sendNACK		CODE           	2F8D	0000	5
		_i2c1_driver_restart		CODE           	2F4F	0000	4
		_i2c1_driver_resetBus		CODE           	2F1F	0000	2
		_i2c1_driver_clearBusCollision		CODE           	2F2B	0000	4
		_mssp1_clearIRQ		CODE           	2F5E	0000	4
		_i2c1_driver_startRX		CODE           	2F55	0000	4
		_i2c1_driver_setI2cISR		CODE           	20A9	0000	10
		_mssp1_IRQisEnabled		CODE           	20D0	0000	11

mcc_generated_files/i2c1_driver.c estimated size: 119

C:\Program Files (x86)\Microchip\xc8\v1.45\sources\common\toupper.c
		_toupper       		CODE           	219C	0000	17

C:\Program Files (x86)\Microchip\xc8\v1.45\sources\common\toupper.c estimated size: 17

C:\Program Files (x86)\Microchip\xc8\v1.45\sources\common\lldiv.c
		___lldiv       		CODE           	1D63	0000	84

C:\Program Files (x86)\Microchip\xc8\v1.45\sources\common\lldiv.c estimated size: 84

C:\Program Files (x86)\Microchip\xc8\v1.45\sources\common\trunc.c
		_trunc         		CODE           	1D11	0000	83

C:\Program Files (x86)\Microchip\xc8\v1.45\sources\common\trunc.c estimated size: 83

mcc_generated_files/eusart.c
		_putch         		CODE           	2FD4	0000	7
		_EUSART_Read   		CODE           	2399	0000	33
		_EUSART_Write  		CODE           	24CC	0000	38
		_EUSART_Transmit_ISR		CODE           	2300	0000	31
		_EUSART_Initialize		CODE           	225C	0000	27
		_EUSART_Receive_ISR		CODE           	22AB	0000	29

mcc_generated_files/eusart.c estimated size: 165

main.c
		_main_initialize		CODE           	0AEB	0000	213
		_getActive     		CODE           	1B3B	0000	78
		_zeroPosition  		CODE           	12B4	0000	118
		_getPosition   		CODE           	27C1	0000	64
		_setH2OnTime   		CODE           	1C71	0000	79
		_getMoveMask   		CODE           	1B88	0000	78
		_doRelMove     		CODE           	0DAC	0000	291
		_stop          		CODE           	2517	0000	40
		_setActive     		CODE           	139E	0000	119
		_setMoveMask   		CODE           	1241	0000	116
		_main          		CODE           	1504	0000	123
		_setHeaterPreTime		CODE           	217E	0000	16
		_setLEDPwr     		CODE           	233C	0000	31
		_commCheck     		CODE           	0A24	0000	200
		_setDrvGain    		CODE           	1989	0000	68
		_doAbsMove     		CODE           	00EE	0000	689
		_setHeaterPostTime		CODE           	21BF	0000	20
		_doMove        		CODE           	0761	0000	154
		_startRelMove  		CODE           	2290	0000	28
		_setH1OffTime  		CODE           	1C23	0000	79
		_calcHeaterPins		CODE           	148B	0000	122
		_setDrvPeak    		CODE           	235A	0000	32
		_startAbsMove  		CODE           	22E3	0000	30
		_setDrvPiezoOnTime		CODE           	1E67	0000	96
		_setHeaterToggle		CODE           	1675	0000	126
		_timedActiveHeatOn		CODE           	096F	0000	182
		_getMotionStatus		CODE           	243D	0000	36
		_setLEDBrightnessRange		CODE           	231E	0000	31

main.c estimated size: 3259

cmd_parser.c
		_execCmd       		CODE           	039E	0000	499
		_parseCmd      		CODE           	0590	0000	466

cmd_parser.c estimated size: 965

C:\Program Files (x86)\Microchip\xc8\v1.45\sources\common\strchr.c
		_strchr        		CODE           	2276	0000	27

C:\Program Files (x86)\Microchip\xc8\v1.45\sources\common\strchr.c estimated size: 27

C:\Program Files (x86)\Microchip\xc8\v1.45\sources\common\altoft.c
		___altoft      		CODE           	2784	0000	62

C:\Program Files (x86)\Microchip\xc8\v1.45\sources\common\altoft.c estimated size: 62

