Microchip MPLAB XC8 Compiler V1.45 ()

Linker command line:

-W-3 --edf=C:\Program Files (x86)\Microchip\xc8\v1.45\dat\en_msgs.txt -cs \
  -h+dist/default/production\udrive_code.production.sym \
  --cmf=dist/default/production\udrive_code.production.cmf -z -Q16F18346 \
  -oC:\Users\kolbi\AppData\Local\Temp\s8dc.2 \
  -Mdist/default/production/udrive_code.production.map -E1 -ver=XC8 \
  -ASTACK=021D4h-0278fh -pstack=STACK -ACODE=00h-07FFhx8 \
  -ASTRCODE=00h-03FFFh -ASTRING=00h-0FFhx64 -ACONST=00h-0FFhx64 \
  -AENTRY=00h-0FFhx64 -ACOMMON=070h-07Fh -ABANK0=020h-06Fh \
  -ABANK1=0A0h-0EFh -ABANK2=0120h-016Fh -ABANK3=01A0h-01EFh \
  -ABANK4=0220h-026Fh -ABANK5=02A0h-02EFh -ABANK6=0320h-036Fh \
  -ABANK7=03A0h-03EFh -ABANK8=0420h-046Fh -ABANK9=04A0h-04EFh \
  -ABANK10=0520h-056Fh -ABANK11=05A0h-05EFh -ABANK12=0620h-066Fh \
  -ABANK13=06A0h-06EFh -ABANK14=0720h-076Fh -ABANK15=07A0h-07EFh \
  -ABANK16=0820h-086Fh -ABANK17=08A0h-08EFh -ABANK18=0920h-096Fh \
  -ABANK19=09A0h-09EFh -ABANK20=0A20h-0A6Fh -ABANK21=0AA0h-0AEFh \
  -ABANK22=0B20h-0B6Fh -ABANK23=0BA0h-0BEFh -ABANK24=0C20h-0C6Fh \
  -ABANK25=0CA0h-0CBFh -ABIGRAM=02000h-027EFh \
  -ARAM=020h-06Fh,0A0h-0EFh,0120h-016Fh,01A0h-01EFh,0220h-026Fh,02A0h-02EFh,0320h-036Fh,03A0h-03EFh,0420h-046Fh,04A0h-04EFh,0520h-056Fh,05A0h-05EFh,0620h-066Fh,06A0h-06EFh,0720h-076Fh,07A0h-07EFh,0820h-086Fh,08A0h-08EFh,0920h-096Fh,09A0h-09EFh,0A20h-0A6Fh,0AA0h-0AEFh,0B20h-0B6Fh,0BA0h-0BEFh,0C20h-0C6Fh,0CA0h-0CBFh \
  -AABS1=020h-07Fh,0A0h-0EFh,0120h-016Fh,01A0h-01EFh,0220h-026Fh,02A0h-02EFh,0320h-036Fh,03A0h-03EFh,0420h-046Fh,04A0h-04EFh,0520h-056Fh,05A0h-05EFh,0620h-066Fh,06A0h-06EFh,0720h-076Fh,07A0h-07EFh,0820h-086Fh,08A0h-08EFh,0920h-096Fh,09A0h-09EFh,0A20h-0A6Fh,0AA0h-0AEFh,0B20h-0B6Fh,0BA0h-0BEFh,0C20h-0C6Fh,0CA0h-0CBFh \
  -ASFR0=00h-01Fh -ASFR1=080h-09Fh -ASFR2=0100h-011Fh -ASFR3=0180h-019Fh \
  -ASFR4=0200h-021Fh -ASFR5=0280h-029Fh -ASFR6=0300h-031Fh \
  -ASFR7=0380h-039Fh -ASFR8=0400h-041Fh -ASFR9=0480h-049Fh \
  -ASFR10=0500h-051Fh -ASFR11=0580h-059Fh -ASFR12=0600h-061Fh \
  -ASFR13=0680h-069Fh -ASFR14=0700h-071Fh -ASFR15=0780h-079Fh \
  -ASFR16=0800h-081Fh -ASFR17=0880h-089Fh -ASFR18=0900h-091Fh \
  -ASFR19=0980h-099Fh -ASFR20=0A00h-0A1Fh -ASFR21=0A80h-0A9Fh \
  -ASFR22=0B00h-0B1Fh -ASFR23=0B80h-0B9Fh -ASFR24=0C00h-0C1Fh \
  -ASFR25=0C80h-0C9Fh -ASFR26=0D00h-0D6Fh -ASFR27=0D80h-0DEFh \
  -ASFR28=0E00h-0E6Fh -ASFR29=0E80h-0EEFh -ASFR30=0F00h-0F6Fh \
  -ASFR31=0F80h-0FEFh -preset_vec=00h,intentry=04h,init,end_init \
  -ppowerup=CODE -pcinit=CODE -pfunctab=ENTRY -ACONFIG=08007h-0800Ah \
  -pconfig=CONFIG -DCONFIG=2 -AIDLOC=08000h-08003h -pidloc=IDLOC -DIDLOC=2 \
  -AEEDATA=00h-0FFh/0F000h -peeprom_data=EEDATA -DEEDATA=2 -DCODE=2 \
  -DSTRCODE=2 -DSTRING=2 -DCONST=2 -DENTRY=2 -k \
  C:\Users\kolbi\AppData\Local\Temp\s8dc.obj \
  dist/default/production\udrive_code.production.obj 

Object code version is 3.11

Machine type is 16F18346



                Name                               Link     Load   Length Selector   Space Scale
C:\Users\kolbi\AppData\Local\Temp\s8dc.obj
                end_init                             50       50        2        8       0
                reset_vec                             0        0        2        0       0
                config                             8007     8007        4    1000E       0
dist/default/production\udrive_code.production.obj
                cinit                                52       52       89        8       0
                intentry                              4        4       4C        8       0
                text175                            2294     2294       1C     4528       0
                text174                            22E9     22E9       1E     45D2       0
                text173                            2F3D     2F3D        3     5E7A       0
                text172                            2FAA     2FAA        5     5F54       0
                text171                            2504     2504       29     4A08       0
                text170                            1A03     1A03       49     3406       0
                text169                            21FC     21FC       18     43F8       0
                text168                            23C2     23C2       21     4784       0
                text167                            2707     2707       37     4E0E       0
                text166                            2144     2144        D     4288       0
                text165                            2F40     2F40        3     5E80       0
                text164                            2FAF     2FAF        5     5F5E       0
                text163                            2083     2083        9     4106       0
                text162                            2151     2151        D     42A2       0
                text161                            2F43     2F43        3     5E86       0
                text160                            2F46     2F46        3     5E8C       0
                text159                            2F76     2F76        4     5EEC       0
                text158                            2F49     2F49        3     5E92       0
                text157                            2F4C     2F4C        3     5E98       0
                text156                            11E4     11E4        2     23C8       0
                text155                               2        2        2        0       0
                text154                            2F4F     2F4F        3     5E9E       0
                text153                            2F3C     2F3C        1     5E78       0
                text152                            2F7A     2F7A        4     5EF4       0
                text151                            2F52     2F52        3     5EA4       0
                text150                            2FB4     2FB4        5     5F68       0
                text149                            2120     2120        C     4240       0
                text148                            2F55     2F55        3     5EAA       0
                text147                            2556     2556       2A     4AAC       0
                text146                            2FF2     2FF2        7     5FE4       0
                text145                            2FB9     2FB9        5     5F72       0
                text144                            2F7E     2F7E        4     5EFC       0
                text143                            2F82     2F82        4     5F04       0
                text142                            2F86     2F86        4     5F0C       0
                text141                            2F8A     2F8A        4     5F14       0
                text140                            2033     2033        8     4066       0
                text139                            2FF9     2FF9        7     5FF2       0
                text138                            2FC8     2FC8        6     5F90       0
                text137                            2F8E     2F8E        4     5F1C       0
                text136                            2F92     2F92        4     5F24       0
                text135                            2F96     2F96        4     5F2C       0
                text134                            2449     2449       24     4892       0
                text133                            1B7D     1B7D       4E     36FA       0
                text132                            277D     277D       40     4EFA       0
                text131                            2F58     2F58        3     5EB0       0
                text130                            2362     2362       20     46C4       0
                text128                            2382     2382       20     4704       0
                text127                            2245     2245       1A     448A       0
                text126                            20C2     20C2        A     4184       0
                text125                            266A     266A       33     4CD4       0
                text124                            203B     203B        8     4076       0
                text123                            208C     208C        9     4118       0
                text122                            21BE     21BE       14     437C       0
                text121                            2095     2095        9     412A       0
                text120                            2199     2199       12     4332       0
                text119                            2F9A     2F9A        4     5F34       0
                text118                            21D2     21D2       15     43A4       0
                text117                            25DA     25DA       30     4BB4       0
                text116                            1D5E     1D5E       58     3ABC       0
                text115                            2214     2214       18     4428       0
                text114                            23E3     23E3       21     47C6       0
                text113                            2F5B     2F5B        3     5EB6       0
                text112                            2F5E     2F5E        3     5EBC       0
                text111                            13EB     13EB       76     27D6       0
                text110                            1C67     1C67       52     38CE       0
                text109                            2F61     2F61        3     5EC2       0
                text108                            2F9E     2F9E        4     5F3C       0
                text107                            2F64     2F64        3     5EC8       0
                text106                            2F67     2F67        3     5ECE       0
                text105                            2FCE     2FCE        6     5F9C       0
                text104                            2FD4     2FD4        6     5FA8       0
                text103                            2F6A     2F6A        3     5ED4       0
                text102                            2032     2032        1     4064       0
                text101                            2FA2     2FA2        4     5F44       0
                text100                            2F6D     2F6D        3     5EDA       0
                text99                             2FDA     2FDA        6     5FB4       0
                text98                             215E     215E        D     42BC       0
                text97                             2F70     2F70        3     5EE0       0
                text96                             25AB     25AB       2F     4B56       0
                text95                             20F4     20F4        B     41E8       0
                text94                             209E     209E        9     413C       0
                text93                             2043     2043        8     4086       0
                text92                             204B     204B        8     4096       0
                text91                             2053     2053        8     40A6       0
                text90                             205B     205B        8     40B6       0
                text89                             212C     212C        C     4258       0
                text88                             20FF     20FF        B     41FE       0
                text87                             20CC     20CC        A     4198       0
                text86                             2063     2063        8     40C6       0
                text85                             206B     206B        8     40D6       0
                text84                             2073     2073        8     40E6       0
                text83                             2580     2580       2B     4B00       0
                text82                             1DB6     1DB6       59     3B6C       0
                text81                             19BB     19BB       48     3376       0
                text80                             2F73     2F73        3     5EE6       0
                text79                             24B6     24B6       26     496C       0
                text78                             210A     210A        B     4214       0
                text77                             2115     2115        B     422A       0
                text76                             20D6     20D6        A     41AC       0
                text75                             246D     246D       24     48DA       0
                text74                             21E7     21E7       15     43CE       0
                text73                             1D0B     1D0B       53     3A16       0
                text72                             27BD     27BD       43     4F7A       0
                text71                             2491     2491       25     4922       0
                text70                             2FE0     2FE0        6     5FC0       0
                text69                              ECE      ECE      132     1D9C       0
                text68                              800      800       24     1000       0
                text67                             11E6     11E6       37     23CC       0
                text66                             222C     222C       19     4458       0
                text65                              960      960       BB     12C0       0
                text64                               DB       DB      2B3        8       0
                text63                              DA3      DA3      12B     1B46       0
                text62                             16C6     16C6       87     2D8C       0
                text61                             252D     252D       29     4A5A       0
                text60                              75C      75C       98        8       0
                text59                             14D7     14D7       77     29AE       0
                text58                             154E     154E       7C     2A9C       0
                text57                             1974     1974       47     32E8       0
                text56                              A1B      A1B       C7     1436       0
                text55                             1AE3     1AE3       4D     35C6       0
                text54                             2426     2426       23     484C       0
                text53                             1B30     1B30       4D     3660       0
                text52                             273E     273E       3F     4E7C       0
                text51                             1461     1461       76     28C2       0
                text50                             1931     1931       43     3262       0
                text49                             1F2D     1F2D       65     3E5A       0
                text48                             2404     2404       22     4808       0
                text47                             22B0     22B0       1C     4560       0
                text46                              C9F      C9F      104     193E       0
                text45                             20A7     20A7        9     414E       0
                text44                             18F4     18F4       3D     31E8       0
                text43                              824      824       87     1048       0
                text42                             26D1     26D1       36     4DA2       0
                text41                             1CB9     1CB9       52     3972       0
                text40                             1E0F     1E0F       5B     3C1E       0
                text39                             174D     174D       B3     2E9A       0
                text38                             1647     1647       7F     2C8E       0
                text37                             2343     2343       1F     4686       0
                text36                             2FBE     2FBE        5     5F7C       0
                text35                              BB6      BB6       E9     176C       0
                text34                             1E6A     1E6A       5F     3CD4       0
                text33                             2FC3     2FC3        5     5F86       0
                text32                             1BCB     1BCB       4E     3796       0
                text31                             1C19     1C19       4E     3832       0
                text30                             21AB     21AB       13     4356       0
                text29                             216B     216B        F     42D6       0
                text28                             15CA     15CA       7D     2B94       0
                text27                             2307     2307       1E     460E       0
                text26                             1EC9     1EC9       64     3D92       0
                text25                             2325     2325       1E     464A       0
                text24                             128E     128E       73     251C       0
                text23                             22CC     22CC       1D     4598       0
                text22                             2279     2279       1B     44F2       0
                text21                             24DC     24DC       28     49B8       0
                text20                              8AB      8AB       B5     1156       0
                text19                             1301     1301       75     2602       0
                swtext1                            2000     2000       32     4000       0
                text18                              38E      38E      1FD        8       0
                text17                             20E0     20E0        A     41C0       0
                text16                             20EA     20EA        A     41D4       0
                text15                             20B0     20B0        9     4160       0
                text14                             20B9     20B9        9     4172       0
                text13                             1A97     1A97       4C     352E       0
                text12                             207B     207B        8     40F6       0
                text11                             1376     1376       75     26EC       0
                text10                              AE2      AE2       D4     15C4       0
                text9                              217A     217A        F     42F4       0
                text8                              121D     121D       71     243A       0
                text7                              2189     2189       10     4312       0
                text6                              269D     269D       34     4D3A       0
                text5                              225F     225F       1A     44BE       0
                text4                              260A     260A       30     4C14       0
                text3                              263A     263A       30     4C74       0
                text2                              1A4C     1A4C       4B     3498       0
                text1                               58B      58B      1D1        8       0
                maintext                           1F92     1F92       6E     3F24       0
                cstackBANK0                          20       20       2E       20       1
                cstackCOMMON                         70       70        D       70       1
                cstackBANK1                          A0       A0       3E       A0       1
                cstackBANK2                         16E      16E        2      120       1
                cstackBANK3                         1E5      1E5        4      1A0       1
                cstackBANK5                         2C8      2C8       1C      2A0       1
                clrtext                            2138     2138        C     4270       0
                inittext                            7F4      7F4        C        8       0
                bssBANK5                            2A0      2A0       28      2A0       1
                dataBANK4                           248      248       20      220       1
                bssBANK4                            220      220       28      220       1
                bssBANK3                            1A0      1A0       41      1A0       1
                dataBANK2                           168      168        6      120       1
                bssBANK2                            120      120       48      120       1
                dataBANK1                            EA       EA        6       A0       1
                bssBANK1                             DE       DE        C       A0       1
                dataBANK0                            5A       5A        4       20       1
                bssBANK0                             4E       4E        C       20       1
                bssCOMMON                            7D       7D        1       70       1
                stringtext60                       304A     304A        2     6000       0
                stringtext59                       3045     3045        3     6000       0
                stringtext58                       3042     3042        3     6000       0
                stringtext57                       303F     303F        3     6000       0
                stringtext56                       303C     303C        3     6000       0
                stringtext55                       3032     3032        4     6000       0
                stringtext54                       302E     302E        4     6000       0
                stringtext53                       302A     302A        4     6000       0
                stringtext52                       3026     3026        4     6000       0
                stringtext51                       3022     3022        4     6000       0
                stringtext50                       301E     301E        4     6000       0
                stringtext49                       3019     3019        5     6000       0
                stringtext48                       3014     3014        5     6000       0
                stringtext47                       300F     300F        5     6000       0
                stringtext46                       300A     300A        5     6000       0
                stringtext45                       3005     3005        5     6000       0
                stringtext44                       3000     3000        5     6000       0
                stringtext43                       2A05     2A05        7     5000       0
                stringtext42                       29FE     29FE        7     5000       0
                stringtext41                       29F6     29F6        8     5000       0
                stringtext40                       29EE     29EE        8     5000       0
                stringtext39                       29E6     29E6        8     5000       0
                stringtext38                       29DE     29DE        8     5000       0
                stringtext37                       29D6     29D6        8     5000       0
                stringtext36                       29CE     29CE        8     5000       0
                stringtext35                       29C6     29C6        8     5000       0
                stringtext34                       29BD     29BD        9     5000       0
                stringtext33                       29B4     29B4        9     5000       0
                stringtext32                       29AA     29AA        A     5000       0
                stringtext31                       29A0     29A0        A     5000       0
                stringtext30                       2995     2995        B     5000       0
                stringtext29                       298A     298A        B     5000       0
                stringtext28                       297F     297F        B     5000       0
                stringtext27                       2973     2973        C     5000       0
                stringtext26                       295A     295A        D     5000       0
                stringtext25                       294C     294C        E     5000       0
                stringtext24                       293D     293D        F     5000       0
                stringtext23                       292E     292E        F     5000       0
                stringtext22                       290F     290F       10     5000       0
                stringtext21                       28FF     28FF       10     5000       0
                stringtext20                       28EE     28EE       11     5000       0
                stringtext19                       28DD     28DD       11     5000       0
                stringtext18                       28CB     28CB       12     5000       0
                stringtext17                       28B4     28B4       17     5000       0
                stringtext16                       289B     289B       19     5000       0
                stringtext15                       2881     2881       1A     5000       0
                stringtext14                       2865     2865       1C     5000       0
                stringtext13                       2847     2847       1E     5000       0
                stringtext12                       2828     2828       1F     5000       0
                nvBANK3                             1E1      1E1        4      1A0       1
                nvBANK0                              5E       5E        1       20       1
                stringtext11                       2967     2967        C     5000       0
                stringtext10                       291F     291F        F     5000       0
                stringtext9                        304C     304C        1     6000       0
                stringtext8                        3048     3048        2     6000       0
                stringtext7                        3039     3039        3     6000       0
                stringtext6                        3036     3036        3     6000       0
                stringtext5                        2800     2800       28     5000       0
                stringtext4                        187A     187A       7A     3000       0
                stringtext3                        1800     1800       7A     3000       0
                stringtext2                        10F2     10F2       F2     2000       0
                stringtext1                        1000     1000       F2     2000       0
                idataBANK4                         23A2     23A2       20     4744       0
                idataBANK2                         2FE6     2FE6        6     5FCC       0
                idataBANK1                         2FEC     2FEC        6     5FD8       0
                idataBANK0                         2FA6     2FA6        4     5F4C       0

TOTAL           Name                               Link     Load   Length     Space
        CLASS   STACK          

        CLASS   CODE           
                end_init                             50       50        2         0
                cinit                                52       52       89         0
                intentry                              4        4       4C         0
                reset_vec                             0        0        2         0
                text175                            2294     2294       1C         0
                text174                            22E9     22E9       1E         0
                text173                            2F3D     2F3D        3         0
                text172                            2FAA     2FAA        5         0
                text171                            2504     2504       29         0
                text170                            1A03     1A03       49         0
                text169                            21FC     21FC       18         0
                text168                            23C2     23C2       21         0
                text167                            2707     2707       37         0
                text166                            2144     2144        D         0
                text165                            2F40     2F40        3         0
                text164                            2FAF     2FAF        5         0
                text163                            2083     2083        9         0
                text162                            2151     2151        D         0
                text161                            2F43     2F43        3         0
                text160                            2F46     2F46        3         0
                text159                            2F76     2F76        4         0
                text158                            2F49     2F49        3         0
                text157                            2F4C     2F4C        3         0
                text156                            11E4     11E4        2         0
                text155                               2        2        2         0
                text154                            2F4F     2F4F        3         0
                text153                            2F3C     2F3C        1         0
                text152                            2F7A     2F7A        4         0
                text151                            2F52     2F52        3         0
                text150                            2FB4     2FB4        5         0
                text149                            2120     2120        C         0
                text148                            2F55     2F55        3         0
                text147                            2556     2556       2A         0
                text146                            2FF2     2FF2        7         0
                text145                            2FB9     2FB9        5         0
                text144                            2F7E     2F7E        4         0
                text143                            2F82     2F82        4         0
                text142                            2F86     2F86        4         0
                text141                            2F8A     2F8A        4         0
                text140                            2033     2033        8         0
                text139                            2FF9     2FF9        7         0
                text138                            2FC8     2FC8        6         0
                text137                            2F8E     2F8E        4         0
                text136                            2F92     2F92        4         0
                text135                            2F96     2F96        4         0
                text134                            2449     2449       24         0
                text133                            1B7D     1B7D       4E         0
                text132                            277D     277D       40         0
                text131                            2F58     2F58        3         0
                text130                            2362     2362       20         0
                text128                            2382     2382       20         0
                text127                            2245     2245       1A         0
                text126                            20C2     20C2        A         0
                text125                            266A     266A       33         0
                text124                            203B     203B        8         0
                text123                            208C     208C        9         0
                text122                            21BE     21BE       14         0
                text121                            2095     2095        9         0
                text120                            2199     2199       12         0
                text119                            2F9A     2F9A        4         0
                text118                            21D2     21D2       15         0
                text117                            25DA     25DA       30         0
                text116                            1D5E     1D5E       58         0
                text115                            2214     2214       18         0
                text114                            23E3     23E3       21         0
                text113                            2F5B     2F5B        3         0
                text112                            2F5E     2F5E        3         0
                text111                            13EB     13EB       76         0
                text110                            1C67     1C67       52         0
                text109                            2F61     2F61        3         0
                text108                            2F9E     2F9E        4         0
                text107                            2F64     2F64        3         0
                text106                            2F67     2F67        3         0
                text105                            2FCE     2FCE        6         0
                text104                            2FD4     2FD4        6         0
                text103                            2F6A     2F6A        3         0
                text102                            2032     2032        1         0
                text101                            2FA2     2FA2        4         0
                text100                            2F6D     2F6D        3         0
                text99                             2FDA     2FDA        6         0
                text98                             215E     215E        D         0
                text97                             2F70     2F70        3         0
                text96                             25AB     25AB       2F         0
                text95                             20F4     20F4        B         0
                text94                             209E     209E        9         0
                text93                             2043     2043        8         0
                text92                             204B     204B        8         0
                text91                             2053     2053        8         0
                text90                             205B     205B        8         0
                text89                             212C     212C        C         0
                text88                             20FF     20FF        B         0
                text87                             20CC     20CC        A         0
                text86                             2063     2063        8         0
                text85                             206B     206B        8         0
                text84                             2073     2073        8         0
                text83                             2580     2580       2B         0
                text82                             1DB6     1DB6       59         0
                text81                             19BB     19BB       48         0
                text80                             2F73     2F73        3         0
                text79                             24B6     24B6       26         0
                text78                             210A     210A        B         0
                text77                             2115     2115        B         0
                text76                             20D6     20D6        A         0
                text75                             246D     246D       24         0
                text74                             21E7     21E7       15         0
                text73                             1D0B     1D0B       53         0
                text72                             27BD     27BD       43         0
                text71                             2491     2491       25         0
                text70                             2FE0     2FE0        6         0
                text69                              ECE      ECE      132         0
                text68                              800      800       24         0
                text67                             11E6     11E6       37         0
                text66                             222C     222C       19         0
                text65                              960      960       BB         0
                text64                               DB       DB      2B3         0
                text63                              DA3      DA3      12B         0
                text62                             16C6     16C6       87         0
                text61                             252D     252D       29         0
                text60                              75C      75C       98         0
                text59                             14D7     14D7       77         0
                text58                             154E     154E       7C         0
                text57                             1974     1974       47         0
                text56                              A1B      A1B       C7         0
                text55                             1AE3     1AE3       4D         0
                text54                             2426     2426       23         0
                text53                             1B30     1B30       4D         0
                text52                             273E     273E       3F         0
                text51                             1461     1461       76         0
                text50                             1931     1931       43         0
                text49                             1F2D     1F2D       65         0
                text48                             2404     2404       22         0
                text47                             22B0     22B0       1C         0
                text46                              C9F      C9F      104         0
                text45                             20A7     20A7        9         0
                text44                             18F4     18F4       3D         0
                text43                              824      824       87         0
                text42                             26D1     26D1       36         0
                text41                             1CB9     1CB9       52         0
                text40                             1E0F     1E0F       5B         0
                text39                             174D     174D       B3         0
                text38                             1647     1647       7F         0
                text37                             2343     2343       1F         0
                text36                             2FBE     2FBE        5         0
                text35                              BB6      BB6       E9         0
                text34                             1E6A     1E6A       5F         0
                text33                             2FC3     2FC3        5         0
                text32                             1BCB     1BCB       4E         0
                text31                             1C19     1C19       4E         0
                text30                             21AB     21AB       13         0
                text29                             216B     216B        F         0
                text28                             15CA     15CA       7D         0
                text27                             2307     2307       1E         0
                text26                             1EC9     1EC9       64         0
                text25                             2325     2325       1E         0
                text24                             128E     128E       73         0
                text23                             22CC     22CC       1D         0
                text22                             2279     2279       1B         0
                text21                             24DC     24DC       28         0
                text20                              8AB      8AB       B5         0
                text19                             1301     1301       75         0
                text18                              38E      38E      1FD         0
                text17                             20E0     20E0        A         0
                text16                             20EA     20EA        A         0
                text15                             20B0     20B0        9         0
                text14                             20B9     20B9        9         0
                text13                             1A97     1A97       4C         0
                text12                             207B     207B        8         0
                text11                             1376     1376       75         0
                text10                              AE2      AE2       D4         0
                text9                              217A     217A        F         0
                text8                              121D     121D       71         0
                text7                              2189     2189       10         0
                text6                              269D     269D       34         0
                text5                              225F     225F       1A         0
                text4                              260A     260A       30         0
                text3                              263A     263A       30         0
                text2                              1A4C     1A4C       4B         0
                text1                               58B      58B      1D1         0
                maintext                           1F92     1F92       6E         0
                clrtext                            2138     2138        C         0
                inittext                            7F4      7F4        C         0
                idataBANK4                         23A2     23A2       20         0
                idataBANK2                         2FE6     2FE6        6         0
                idataBANK1                         2FEC     2FEC        6         0
                idataBANK0                         2FA6     2FA6        4         0

        CLASS   STRCODE        
                stringtext60                       304A     304A        2         0
                stringtext59                       3045     3045        3         0
                stringtext58                       3042     3042        3         0
                stringtext57                       303F     303F        3         0
                stringtext56                       303C     303C        3         0
                stringtext55                       3032     3032        4         0
                stringtext54                       302E     302E        4         0
                stringtext53                       302A     302A        4         0
                stringtext52                       3026     3026        4         0
                stringtext51                       3022     3022        4         0
                stringtext50                       301E     301E        4         0
                stringtext49                       3019     3019        5         0
                stringtext48                       3014     3014        5         0
                stringtext47                       300F     300F        5         0
                stringtext46                       300A     300A        5         0
                stringtext45                       3005     3005        5         0
                stringtext44                       3000     3000        5         0
                stringtext43                       2A05     2A05        7         0
                stringtext42                       29FE     29FE        7         0
                stringtext41                       29F6     29F6        8         0
                stringtext40                       29EE     29EE        8         0
                stringtext39                       29E6     29E6        8         0
                stringtext38                       29DE     29DE        8         0
                stringtext37                       29D6     29D6        8         0
                stringtext36                       29CE     29CE        8         0
                stringtext35                       29C6     29C6        8         0
                stringtext34                       29BD     29BD        9         0
                stringtext33                       29B4     29B4        9         0
                stringtext32                       29AA     29AA        A         0
                stringtext31                       29A0     29A0        A         0
                stringtext30                       2995     2995        B         0
                stringtext29                       298A     298A        B         0
                stringtext28                       297F     297F        B         0
                stringtext27                       2973     2973        C         0
                stringtext26                       295A     295A        D         0
                stringtext25                       294C     294C        E         0
                stringtext24                       293D     293D        F         0
                stringtext23                       292E     292E        F         0
                stringtext22                       290F     290F       10         0
                stringtext21                       28FF     28FF       10         0
                stringtext20                       28EE     28EE       11         0
                stringtext19                       28DD     28DD       11         0
                stringtext18                       28CB     28CB       12         0
                stringtext17                       28B4     28B4       17         0
                stringtext16                       289B     289B       19         0
                stringtext15                       2881     2881       1A         0
                stringtext14                       2865     2865       1C         0
                stringtext13                       2847     2847       1E         0
                stringtext12                       2828     2828       1F         0
                stringtext11                       2967     2967        C         0
                stringtext10                       291F     291F        F         0
                stringtext9                        304C     304C        1         0
                stringtext8                        3048     3048        2         0
                stringtext7                        3039     3039        3         0
                stringtext6                        3036     3036        3         0
                stringtext5                        2800     2800       28         0
                stringtext4                        187A     187A       7A         0
                stringtext3                        1800     1800       7A         0
                stringtext2                        10F2     10F2       F2         0
                stringtext1                        1000     1000       F2         0

        CLASS   STRING         

        CLASS   CONST          
                swtext1                            2000     2000       32         0

        CLASS   ENTRY          

        CLASS   COMMON         
                cstackCOMMON                         70       70        D         1
                bssCOMMON                            7D       7D        1         1

        CLASS   BANK0          
                cstackBANK0                          20       20       2E         1
                dataBANK0                            5A       5A        4         1
                bssBANK0                             4E       4E        C         1
                nvBANK0                              5E       5E        1         1

        CLASS   BANK1          
                cstackBANK1                          A0       A0       3E         1
                dataBANK1                            EA       EA        6         1
                bssBANK1                             DE       DE        C         1

        CLASS   BANK2          
                cstackBANK2                         16E      16E        2         1
                dataBANK2                           168      168        6         1
                bssBANK2                            120      120       48         1

        CLASS   BANK3          
                cstackBANK3                         1E5      1E5        4         1
                bssBANK3                            1A0      1A0       41         1
                nvBANK3                             1E1      1E1        4         1

        CLASS   BANK4          
                dataBANK4                           248      248       20         1
                bssBANK4                            220      220       28         1

        CLASS   BANK5          
                cstackBANK5                         2C8      2C8       1C         1
                bssBANK5                            2A0      2A0       28         1

        CLASS   BANK6          

        CLASS   BANK7          

        CLASS   BANK8          

        CLASS   BANK9          

        CLASS   BANK10         

        CLASS   BANK11         

        CLASS   BANK12         

        CLASS   BANK13         

        CLASS   BANK14         

        CLASS   BANK15         

        CLASS   BANK16         

        CLASS   BANK17         

        CLASS   BANK18         

        CLASS   BANK19         

        CLASS   BANK20         

        CLASS   BANK21         

        CLASS   BANK22         

        CLASS   BANK23         

        CLASS   BANK24         

        CLASS   BANK25         

        CLASS   BIGRAM         

        CLASS   RAM            

        CLASS   ABS1           
                abs_s1                               7E       7E        2         1
                abs_s1                              C30      C30       40         1
                abs_s1                              CA0      CA0       20         1
                abs_s1                             2790     2790        0         1

        CLASS   SFR0           

        CLASS   SFR1           

        CLASS   SFR2           

        CLASS   SFR3           

        CLASS   SFR4           

        CLASS   SFR5           

        CLASS   SFR6           

        CLASS   SFR7           

        CLASS   SFR8           

        CLASS   SFR9           

        CLASS   SFR10          

        CLASS   SFR11          

        CLASS   SFR12          

        CLASS   SFR13          

        CLASS   SFR14          

        CLASS   SFR15          

        CLASS   SFR16          

        CLASS   SFR17          

        CLASS   SFR18          

        CLASS   SFR19          

        CLASS   SFR20          

        CLASS   SFR21          

        CLASS   SFR22          

        CLASS   SFR23          

        CLASS   SFR24          

        CLASS   SFR25          

        CLASS   SFR26          

        CLASS   SFR27          

        CLASS   SFR28          

        CLASS   SFR29          

        CLASS   SFR30          

        CLASS   SFR31          

        CLASS   CONFIG         
                config                             8007     8007        4         0

        CLASS   IDLOC          

        CLASS   EEDATA         

        CLASS   BANK31         

        CLASS   BANK30         

        CLASS   BANK29         

        CLASS   BANK28         

        CLASS   BANK27         

        CLASS   BANK26         



SEGMENTS        Name                           Load    Length   Top    Selector   Space  Class     Delta

                reset_vec                      000000  000004  000004         0       0  CODE        2
                intentry                       000004  0007FC  000800         8       0  CODE        2
                cstackBANK0                    000020  00003F  00005F        20       1  BANK0       1
                cstackCOMMON                   000070  00000E  00007E        70       1  COMMON      1
                cstackBANK1                    0000A0  000050  0000F0        A0       1  BANK1       1
                bssBANK2                       000120  000050  000170       120       1  BANK2       1
                bssBANK3                       0001A0  000049  0001E9       1A0       1  BANK3       1
                bssBANK4                       000220  000048  000268       220       1  BANK4       1
                bssBANK5                       0002A0  000044  0002E4       2A0       1  BANK5       1
                text68                         000800  000024  000824      1000       0  CODE        2
                text43                         000824  000087  0008AB      1048       0  CODE        2
                text20                         0008AB  0000B5  000960      1156       0  CODE        2
                text65                         000960  0000BB  000A1B      12C0       0  CODE        2
                text56                         000A1B  0000C7  000AE2      1436       0  CODE        2
                text10                         000AE2  0000D4  000BB6      15C4       0  CODE        2
                text35                         000BB6  0000E9  000C9F      176C       0  CODE        2
                text46                         000C9F  000104  000DA3      193E       0  CODE        2
                text63                         000DA3  00012B  000ECE      1B46       0  CODE        2
                text69                         000ECE  000132  001000      1D9C       0  CODE        2
                stringtext1                    001000  0001E4  0011E4      2000       0  STRCODE     2
                text156                        0011E4  000002  0011E6      23C8       0  CODE        2
                text67                         0011E6  000037  00121D      23CC       0  CODE        2
                text8                          00121D  000071  00128E      243A       0  CODE        2
                text24                         00128E  000073  001301      251C       0  CODE        2
                text19                         001301  000075  001376      2602       0  CODE        2
                text11                         001376  000075  0013EB      26EC       0  CODE        2
                text111                        0013EB  000076  001461      27D6       0  CODE        2
                text51                         001461  000076  0014D7      28C2       0  CODE        2
                text59                         0014D7  000077  00154E      29AE       0  CODE        2
                text58                         00154E  00007C  0015CA      2A9C       0  CODE        2
                text28                         0015CA  00007D  001647      2B94       0  CODE        2
                text38                         001647  00007F  0016C6      2C8E       0  CODE        2
                text62                         0016C6  000087  00174D      2D8C       0  CODE        2
                text39                         00174D  0000B3  001800      2E9A       0  CODE        2
                stringtext3                    001800  0000F4  0018F4      3000       0  STRCODE     2
                text44                         0018F4  00003D  001931      31E8       0  CODE        2
                text50                         001931  000043  001974      3262       0  CODE        2
                text57                         001974  000047  0019BB      32E8       0  CODE        2
                text81                         0019BB  000048  001A03      3376       0  CODE        2
                text170                        001A03  000049  001A4C      3406       0  CODE        2
                text2                          001A4C  00004B  001A97      3498       0  CODE        2
                text13                         001A97  00004C  001AE3      352E       0  CODE        2
                text55                         001AE3  00004D  001B30      35C6       0  CODE        2
                text53                         001B30  00004D  001B7D      3660       0  CODE        2
                text133                        001B7D  00004E  001BCB      36FA       0  CODE        2
                text32                         001BCB  00004E  001C19      3796       0  CODE        2
                text31                         001C19  00004E  001C67      3832       0  CODE        2
                text110                        001C67  000052  001CB9      38CE       0  CODE        2
                text41                         001CB9  000052  001D0B      3972       0  CODE        2
                text73                         001D0B  000053  001D5E      3A16       0  CODE        2
                text116                        001D5E  000058  001DB6      3ABC       0  CODE        2
                text82                         001DB6  000059  001E0F      3B6C       0  CODE        2
                text40                         001E0F  00005B  001E6A      3C1E       0  CODE        2
                text34                         001E6A  00005F  001EC9      3CD4       0  CODE        2
                text26                         001EC9  000064  001F2D      3D92       0  CODE        2
                text49                         001F2D  000065  001F92      3E5A       0  CODE        2
                maintext                       001F92  00006E  002000      3F24       0  CODE        2
                swtext1                        002000  000032  002032      4000       0  CONST       2
                text102                        002032  000001  002033      4064       0  CODE        2
                text140                        002033  000008  00203B      4066       0  CODE        2
                text124                        00203B  000008  002043      4076       0  CODE        2
                text93                         002043  000008  00204B      4086       0  CODE        2
                text92                         00204B  000008  002053      4096       0  CODE        2
                text91                         002053  000008  00205B      40A6       0  CODE        2
                text90                         00205B  000008  002063      40B6       0  CODE        2
                text86                         002063  000008  00206B      40C6       0  CODE        2
                text85                         00206B  000008  002073      40D6       0  CODE        2
                text84                         002073  000008  00207B      40E6       0  CODE        2
                text12                         00207B  000008  002083      40F6       0  CODE        2
                text163                        002083  000009  00208C      4106       0  CODE        2
                text123                        00208C  000009  002095      4118       0  CODE        2
                text121                        002095  000009  00209E      412A       0  CODE        2
                text94                         00209E  000009  0020A7      413C       0  CODE        2
                text45                         0020A7  000009  0020B0      414E       0  CODE        2
                text15                         0020B0  000009  0020B9      4160       0  CODE        2
                text14                         0020B9  000009  0020C2      4172       0  CODE        2
                text126                        0020C2  00000A  0020CC      4184       0  CODE        2
                text87                         0020CC  00000A  0020D6      4198       0  CODE        2
                text76                         0020D6  00000A  0020E0      41AC       0  CODE        2
                text17                         0020E0  00000A  0020EA      41C0       0  CODE        2
                text16                         0020EA  00000A  0020F4      41D4       0  CODE        2
                text95                         0020F4  00000B  0020FF      41E8       0  CODE        2
                text88                         0020FF  00000B  00210A      41FE       0  CODE        2
                text78                         00210A  00000B  002115      4214       0  CODE        2
                text77                         002115  00000B  002120      422A       0  CODE        2
                text149                        002120  00000C  00212C      4240       0  CODE        2
                text89                         00212C  00000C  002138      4258       0  CODE        2
                clrtext                        002138  00000C  002144      4270       0  CODE        2
                text166                        002144  00000D  002151      4288       0  CODE        2
                text162                        002151  00000D  00215E      42A2       0  CODE        2
                text98                         00215E  00000D  00216B      42BC       0  CODE        2
                text29                         00216B  00000F  00217A      42D6       0  CODE        2
                text9                          00217A  00000F  002189      42F4       0  CODE        2
                text7                          002189  000010  002199      4312       0  CODE        2
                text120                        002199  000012  0021AB      4332       0  CODE        2
                text30                         0021AB  000013  0021BE      4356       0  CODE        2
                text122                        0021BE  000014  0021D2      437C       0  CODE        2
                text118                        0021D2  000015  0021E7      43A4       0  CODE        2
                text74                         0021E7  000015  0021FC      43CE       0  CODE        2
                text169                        0021FC  000018  002214      43F8       0  CODE        2
                text115                        002214  000018  00222C      4428       0  CODE        2
                text66                         00222C  000019  002245      4458       0  CODE        2
                text127                        002245  00001A  00225F      448A       0  CODE        2
                text5                          00225F  00001A  002279      44BE       0  CODE        2
                text22                         002279  00001B  002294      44F2       0  CODE        2
                text175                        002294  00001C  0022B0      4528       0  CODE        2
                text47                         0022B0  00001C  0022CC      4560       0  CODE        2
                text23                         0022CC  00001D  0022E9      4598       0  CODE        2
                text174                        0022E9  00001E  002307      45D2       0  CODE        2
                text27                         002307  00001E  002325      460E       0  CODE        2
                text25                         002325  00001E  002343      464A       0  CODE        2
                text37                         002343  00001F  002362      4686       0  CODE        2
                text130                        002362  000020  002382      46C4       0  CODE        2
                text128                        002382  000020  0023A2      4704       0  CODE        2
                idataBANK4                     0023A2  000020  0023C2      4744       0  CODE        2
                text168                        0023C2  000021  0023E3      4784       0  CODE        2
                text114                        0023E3  000021  002404      47C6       0  CODE        2
                text48                         002404  000022  002426      4808       0  CODE        2
                text54                         002426  000023  002449      484C       0  CODE        2
                text134                        002449  000024  00246D      4892       0  CODE        2
                text75                         00246D  000024  002491      48DA       0  CODE        2
                text71                         002491  000025  0024B6      4922       0  CODE        2
                text79                         0024B6  000026  0024DC      496C       0  CODE        2
                text21                         0024DC  000028  002504      49B8       0  CODE        2
                text171                        002504  000029  00252D      4A08       0  CODE        2
                text61                         00252D  000029  002556      4A5A       0  CODE        2
                text147                        002556  00002A  002580      4AAC       0  CODE        2
                text83                         002580  00002B  0025AB      4B00       0  CODE        2
                text96                         0025AB  00002F  0025DA      4B56       0  CODE        2
                text117                        0025DA  000030  00260A      4BB4       0  CODE        2
                text4                          00260A  000030  00263A      4C14       0  CODE        2
                text3                          00263A  000030  00266A      4C74       0  CODE        2
                text125                        00266A  000033  00269D      4CD4       0  CODE        2
                text6                          00269D  000034  0026D1      4D3A       0  CODE        2
                text42                         0026D1  000036  002707      4DA2       0  CODE        2
                text167                        002707  000037  00273E      4E0E       0  CODE        2
                text52                         00273E  00003F  00277D      4E7C       0  CODE        2
                text132                        00277D  000040  0027BD      4EFA       0  CODE        2
                text72                         0027BD  000043  002800      4F7A       0  CODE        2
                stringtext5                    002800  00020C  002A0C      5000       0  STRCODE     2
                text153                        002F3C  000001  002F3D      5E78       0  CODE        2
                text173                        002F3D  000003  002F40      5E7A       0  CODE        2
                text165                        002F40  000003  002F43      5E80       0  CODE        2
                text161                        002F43  000003  002F46      5E86       0  CODE        2
                text160                        002F46  000003  002F49      5E8C       0  CODE        2
                text158                        002F49  000003  002F4C      5E92       0  CODE        2
                text157                        002F4C  000003  002F4F      5E98       0  CODE        2
                text154                        002F4F  000003  002F52      5E9E       0  CODE        2
                text151                        002F52  000003  002F55      5EA4       0  CODE        2
                text148                        002F55  000003  002F58      5EAA       0  CODE        2
                text131                        002F58  000003  002F5B      5EB0       0  CODE        2
                text113                        002F5B  000003  002F5E      5EB6       0  CODE        2
                text112                        002F5E  000003  002F61      5EBC       0  CODE        2
                text109                        002F61  000003  002F64      5EC2       0  CODE        2
                text107                        002F64  000003  002F67      5EC8       0  CODE        2
                text106                        002F67  000003  002F6A      5ECE       0  CODE        2
                text103                        002F6A  000003  002F6D      5ED4       0  CODE        2
                text100                        002F6D  000003  002F70      5EDA       0  CODE        2
                text97                         002F70  000003  002F73      5EE0       0  CODE        2
                text80                         002F73  000003  002F76      5EE6       0  CODE        2
                text159                        002F76  000004  002F7A      5EEC       0  CODE        2
                text152                        002F7A  000004  002F7E      5EF4       0  CODE        2
                text144                        002F7E  000004  002F82      5EFC       0  CODE        2
                text143                        002F82  000004  002F86      5F04       0  CODE        2
                text142                        002F86  000004  002F8A      5F0C       0  CODE        2
                text141                        002F8A  000004  002F8E      5F14       0  CODE        2
                text137                        002F8E  000004  002F92      5F1C       0  CODE        2
                text136                        002F92  000004  002F96      5F24       0  CODE        2
                text135                        002F96  000004  002F9A      5F2C       0  CODE        2
                text119                        002F9A  000004  002F9E      5F34       0  CODE        2
                text108                        002F9E  000004  002FA2      5F3C       0  CODE        2
                text101                        002FA2  000004  002FA6      5F44       0  CODE        2
                idataBANK0                     002FA6  000004  002FAA      5F4C       0  CODE        2
                text172                        002FAA  000005  002FAF      5F54       0  CODE        2
                text164                        002FAF  000005  002FB4      5F5E       0  CODE        2
                text150                        002FB4  000005  002FB9      5F68       0  CODE        2
                text145                        002FB9  000005  002FBE      5F72       0  CODE        2
                text36                         002FBE  000005  002FC3      5F7C       0  CODE        2
                text33                         002FC3  000005  002FC8      5F86       0  CODE        2
                text138                        002FC8  000006  002FCE      5F90       0  CODE        2
                text105                        002FCE  000006  002FD4      5F9C       0  CODE        2
                text104                        002FD4  000006  002FDA      5FA8       0  CODE        2
                text99                         002FDA  000006  002FE0      5FB4       0  CODE        2
                text70                         002FE0  000006  002FE6      5FC0       0  CODE        2
                idataBANK2                     002FE6  000006  002FEC      5FCC       0  CODE        2
                idataBANK1                     002FEC  000006  002FF2      5FD8       0  CODE        2
                text146                        002FF2  000007  002FF9      5FE4       0  CODE        2
                text139                        002FF9  000007  003000      5FF2       0  CODE        2
                stringtext44                   003000  00004D  00304D      6000       0  STRCODE     2
                config                         008007  000004  00800B     1000E       0  CONFIG      2


UNUSED ADDRESS RANGES

        Name                Unused          Largest block    Delta
        BANK0            0005F-0006F              11           1
        BANK10           00520-0056F              50           1
        BANK11           005A0-005EF              50           1
        BANK12           00620-0066F              50           1
        BANK13           006A0-006EF              50           1
        BANK14           00720-0076F              50           1
        BANK15           007A0-007EF              50           1
        BANK16           00820-0086F              50           1
        BANK17           008A0-008EF              50           1
        BANK18           00920-0096F              50           1
        BANK19           009A0-009EF              50           1
        BANK20           00A20-00A6F              50           1
        BANK21           00AA0-00AEF              50           1
        BANK22           00B20-00B6F              50           1
        BANK23           00BA0-00BEF              50           1
        BANK24           00C20-00C2F              10           1
        BANK3            001E9-001EF               7           1
        BANK4            00268-0026F               8           1
        BANK5            002E4-002EF               C           1
        BANK6            00320-0036F              50           1
        BANK7            003A0-003EF              50           1
        BANK8            00420-0046F              50           1
        BANK9            004A0-004EF              50           1
        BIGRAM           02000-027EF             7F0           1
        CODE             02A0C-02F3B             530           2
                         0304D-03FFF             7B3
        CONST            02A0C-02F3B             100           2
                         0304D-03FFF             100
        EEDATA           0F000-0F0FF             100           2
        ENTRY            02A0C-02F3B             100           2
                         0304D-03FFF             100
        IDLOC            08000-08003               4           2
        RAM              0005F-0006F              11           1
                         001E9-001EF               7
                         00268-0026F               8
                         002E4-002EF               C
                         00320-0036F              50
                         003A0-003EF              50
                         00420-0046F              50
                         004A0-004EF              50
                         00520-0056F              50
                         005A0-005EF              50
                         00620-0066F              50
                         006A0-006EF              50
                         00720-0076F              50
                         007A0-007EF              50
                         00820-0086F              50
                         008A0-008EF              50
                         00920-0096F              50
                         009A0-009EF              50
                         00A20-00A6F              50
                         00AA0-00AEF              50
                         00B20-00B6F              50
                         00BA0-00BEF              50
                         00C20-00C2F              10
        SFR0             00000-0001F              20           1
        SFR1             00080-0009F              20           1
        SFR10            00500-0051F              20           1
        SFR11            00580-0059F              20           1
        SFR12            00600-0061F              20           1
        SFR13            00680-0069F              20           1
        SFR14            00700-0071F              20           1
        SFR15            00780-0079F              20           1
        SFR16            00800-0081F              20           1
        SFR17            00880-0089F              20           1
        SFR18            00900-0091F              20           1
        SFR19            00980-0099F              20           1
        SFR2             00100-0011F              20           1
        SFR20            00A00-00A1F              20           1
        SFR21            00A80-00A9F              20           1
        SFR22            00B00-00B1F              20           1
        SFR23            00B80-00B9F              20           1
        SFR24            00C00-00C1F              20           1
        SFR25            00C80-00C9F              20           1
        SFR26            00D00-00D6F              70           1
        SFR27            00D80-00DEF              70           1
        SFR28            00E00-00E6F              70           1
        SFR29            00E80-00EEF              70           1
        SFR3             00180-0019F              20           1
        SFR30            00F00-00F6F              70           1
        SFR31            00F80-00FEF              70           1
        SFR4             00200-0021F              20           1
        SFR5             00280-0029F              20           1
        SFR6             00300-0031F              20           1
        SFR7             00380-0039F              20           1
        SFR8             00400-0041F              20           1
        SFR9             00480-0049F              20           1
        STACK            021D4-0278F             5BC           1
        STRCODE          02A0C-02F3B             530           2
                         0304D-03FFF             FB3
        STRING           02A0C-02F3B             100           2
                         0304D-03FFF             100

                                  Symbol Table

?_LED_getData                             cstackBANK1  000B5
?_LED_readConfig                          cstackBANK1  000C6
?_LED_testComm                            cstackBANK1  000CA
?___altoft                                cstackBANK0  00039
?___awdiv                                 cstackBANK0  00037
?___awtoft                                cstackBANK0  00040
?___ftadd                                 cstackBANK1  000AA
?___ftmul                                 cstackBANK0  00046
?___ftneg                                 cstackBANK0  00041
?___ftpack                                cstackBANK0  00031
?___fttol                                 cstackBANK1  000B7
?___lldiv                                 cstackBANK0  00031
?___llmod                                 cstackBANK0  0003F
[...]
Total ram usage:        1 bytes
 Hardware stack levels used:    1
 This function calls:
		Nothing
 This function is called by:
		_TMR0_DefaultInterruptHandler
 This function uses a non-reentrant model


 *************** function _TMR0_StopTimer *****************
 Defined at:
		line 91 in file "mcc_generated_files/tmr0.c"
 Parameters:    Size  Location     Type
		None
 Auto vars:     Size  Location     Type
		None
 Return value:  Size  Location     Type
                  1    wreg      void 
 Registers used:
		None
 Tracked objects:
		On entry : 
		On exit  : 
		Unchanged: 
 Data sizes:     COMMON   BANK0   BANK1   BANK2   BANK3   BANK4   BANK5   BANK6   BANK7   BANK8   BANK9  BANK10  BANK11  BANK12  BANK13  BANK14  BANK15  BANK16  BANK17  BANK18  BANK19  BANK20  BANK21  BANK22  BANK23  BANK24  BANK25
      Params:         0       0       0       0       0       0       0       0       0       0       0       0       0       0       0       0       0       0       0       0       0       0       0       0       0       0       0
      Locals:         0       0       0       0       0       0       0       0       0       0       0       0       0       0       0       0       0       0       0       0       0       0       0       0       0       0       0
      Temps:          0       0       0       0       0       0       0       0       0       0       0       0       0       0       0       0       0       0       0       0       0       0       0       0       0       0       0
      Totals:         0       0       0       0       0       0       0       0       0       0       0       0       0       0       0       0       0       0       0       0       0       0       0       0       0       0       0
Total ram usage:        0 bytes
 Hardware stack levels used:    1
 This function calls:
		Nothing
 This function is called by:
		_TMR0_DefaultInterruptHandler
 This function uses a non-reentrant model


 *************** function _EUSART_Transmit_ISR *****************
 Defined at:
		line 161 in file "mcc_generated_files/eusart.c"
 Parameters:    Size  Location     Type
		None
 Auto vars:     Size  Location     Type
		None
 Return value:  Size  Location     Type
                  1    wreg      void 
 Registers used:
		wreg, fsr1l, fsr1h, status,2, status,0
 Tracked objects:
		On entry : 
		On exit  : 
		Unchanged: 
 Data sizes:     COMMON   BANK0   BANK1   BANK2   BANK3   BANK4   BANK5   BANK6   BANK7   BANK8   BANK9  BANK10  BANK11  BANK12  BANK13  BANK14  BANK15  BANK16  BANK17  BANK18  BANK19  BANK20  BANK21  BANK22  BANK23  BANK24  BANK25
      Params:         0       0       0       0       0       0       0       0       0       0       0       0       0       0       0       0       0       0       0       0       0       0       0       0       0       0       0
      Locals:         0       0       0       0       0       0       0       0       0       0       0       0       0       0       0       0       0       0       0       0       0       0       0       0       0       0       0
      Temps:          1       0       0       0       0       0       0       0       0       0       0       0       0       0       0       0       0       0       0       0       0       0       0       0       0       0       0
      Totals:         1       0       0       0       0       0       0       0       0       0       0       0       0       0       0       0       0       0       0       0       0       0       0       0       0       0       0
Total ram usage:        1 bytes
 Hardware stack levels used:    1
 This function calls:
		Nothing
 This function is called by:
		_INTERRUPT_InterruptManager
 This function uses a non-reentrant model


 *************** function _EUSART_Receive_ISR *****************
 Defined at:
		line 180 in file "mcc_generated_files/eusart.c"
 Parameters:    Size  Location     Type
		None
 Auto vars:     Size  Location     Type
		None
 Return value:  Size  Location     Type
                  1    wreg      void 
 Registers used:
		wreg, fsr1l, fsr1h, status,2, status,0
 Tracked objects:
		On entry : 
		On exit  : 
		Unchanged: 
 Data sizes:     COMMON   BANK0   BANK1   BANK2   BANK3   BANK4   BANK5   BANK6   BANK7   BANK8   BANK9  BANK10  BANK11  BANK12  BANK13  BANK14  BANK15  BANK16  BANK17  BANK18  BANK19  BANK20  BANK21  BANK22  BANK23  BANK24  BANK25
      Params:         0       0       0       0       0       0       0       0       0       0       0       0       0       0       0       0       0       0       0       0       0       0       0       0       0       0       0
      Locals:         0       0       0       0       0       0       0       0       0       0       0       0       0       0       0       0       0       0       0       0       0       0       0       0       0       0       0
      Temps:          1       0       0       0       0       0       0       0       0       0       0       0       0       0       0       0       0       0       0       0       0       0       0       0       0       0       0
      Totals:         1       0       0       0       0       0       0       0       0       0       0       0       0       0       0       0       0       0       0       0       0       0       0       0       0       0       0
Total ram usage:        1 bytes
 Hardware stack levels used:    1
 This function calls:
		Nothing
 This function is called by:
		_INTERRUPT_InterruptManager
 This function uses a non-reentrant model



MODULE INFORMATION

Module		Function		Class		Link	Load	Size
drv2665.c
		_drv_reset     		CODE           	20E0	0000	11
		_drv_write_wvfrm		CODE           	222C	0000	26
		_calcDownstroke		CODE           	174D	0000	180
		_calcUpstroke  		CODE           	1647	0000	128
		_drv_write     		CODE           	0800	0000	37
		_drv_write_DC  		CODE           	11E6	0000	56
		_drv_read      		CODE           	1974	0000	72
		_drv_init      		CODE           	1376	0000	118

drv2665.c estimated size: 628

C:\Program Files (x86)\Microchip\xc8\v1.45\sources\common\ftneg.c
		___ftneg       		CODE           	20A7	0000	10

C:\Program Files (x86)\Microchip\xc8\v1.45\sources\common\ftneg.c estimated size: 10

LEDcomm.c
		_send_last_2bytes_IK		CODE           	1D5E	0000	89
		_LED_setBrightnessRange		CODE           	075C	0000	153
		_LED_test_openshort		CODE           	154E	0000	125
		_send_2bytes_latchless_IK		CODE           	25DA	0000	49
		_LEDsPwr       		CODE           	1EC9	0000	101
		_LED_testComm  		CODE           	14D7	0000	120
		_LEDsOn        		CODE           	23E3	0000	34
		_send_2length_2bytes_IK		CODE           	2214	0000	25
		_LED_getData   		CODE           	16C6	0000	136
		_LED_readConfig		CODE           	252D	0000	42

LEDcomm.c estimated size: 874

C:\Program Files (x86)\Microchip\xc8\v1.45\sources\common\float.c
		___ftpack      		CODE           	1F2D	0000	102

C:\Program Files (x86)\Microchip\xc8\v1.45\sources\common\float.c estimated size: 102

C:\Program Files (x86)\Microchip\xc8\v1.45\sources\common\doprnt.c
		_printf        		CODE           	0ECE	0000	307

C:\Program Files (x86)\Microchip\xc8\v1.45\sources\common\doprnt.c estimated size: 307

C:\Program Files (x86)\Microchip\xc8\v1.45\sources\common\round.c
		_round         		CODE           	1E0F	0000	92

C:\Program Files (x86)\Microchip\xc8\v1.45\sources\common\round.c estimated size: 92

C:\Program Files (x86)\Microchip\xc8\v1.45\sources\common\strspn.c
		_strspn        		CODE           	263A	0000	49

C:\Program Files (x86)\Microchip\xc8\v1.45\sources\common\strspn.c estimated size: 49

mcc_generated_files/tmr2.c
		_TMR2_ISR      		CODE           	2151	0000	14
		_TMR2_LoadPeriodRegister		CODE           	2FC3	0000	6
		_TMR2_Initialize		CODE           	2199	0000	19
		_TMR2_SetInterruptHandler		CODE           	2095	0000	10
		_TMR2_StopTimer		CODE           	2F40	0000	4
		_TMR2_DefaultInterruptHandler		CODE           	2083	0000	10
		_TMR2_WriteTimer		CODE           	2FAF	0000	6
		_TMR2_StartTimer		CODE           	2F5E	0000	4

mcc_generated_files/tmr2.c estimated size: 73

mcc_generated_files/interrupt_manager.c
		_INTERRUPT_InterruptManager		CODE           	0004	0000	77

mcc_generated_files/interrupt_manager.c estimated size: 77

C:\Program Files (x86)\Microchip\xc8\v1.45\sources\common\Umul16.c
		___wmul        		CODE           	22B0	0000	29

C:\Program Files (x86)\Microchip\xc8\v1.45\sources\common\Umul16.c estimated size: 29

mcc_generated_files/tmr0.c
		_TMR0_Load8bitPeriod		CODE           	2FBE	0000	6
		_TMR0_SetInterruptHandler		CODE           	208C	0000	10
		_TMR0_StopTimer		CODE           	2F3D	0000	4
		_TMR0_Write8bitTimer		CODE           	2FAA	0000	6
		_TMR0_DefaultInterruptHandler		CODE           	2707	0000	56
		_TMR0_StartTimer		CODE           	2F5B	0000	4
		_TMR0_ISR      		CODE           	2144	0000	14
		_TMR0_Initialize		CODE           	21BE	0000	21

mcc_generated_files/tmr0.c estimated size: 121

C:\Program Files (x86)\Microchip\xc8\v1.45\sources\common\strcspn.c
		_strcspn       		CODE           	260A	0000	49

C:\Program Files (x86)\Microchip\xc8\v1.45\sources\common\strcspn.c estimated size: 49

C:\Program Files (x86)\Microchip\xc8\v1.45\sources\common\frexp.c
		_frexp         		CODE           	26D1	0000	55

C:\Program Files (x86)\Microchip\xc8\v1.45\sources\common\frexp.c estimated size: 55

mcc_generated_files/pin_manager.c
		_PIN_MANAGER_Initialize		CODE           	266A	0000	52

mcc_generated_files/pin_manager.c estimated size: 52

C:\Program Files (x86)\Microchip\xc8\v1.45\sources\common\isdigit.c
		_isdigit       		CODE           	217A	0000	16

C:\Program Files (x86)\Microchip\xc8\v1.45\sources\common\isdigit.c estimated size: 16

C:\Program Files (x86)\Microchip\xc8\v1.45\sources\common\ftmul.c
		___ftmul       		CODE           	0BB6	0000	234

C:\Program Files (x86)\Microchip\xc8\v1.45\sources\common\ftmul.c estimated size: 234

C:\Program Files (x86)\Microchip\xc8\v1.45\sources\common\llmod.c
		___llmod       		CODE           	27BD	0000	68

C:\Program Files (x86)\Microchip\xc8\v1.45\sources\common\llmod.c estimated size: 68

C:\Program Files (x86)\Microchip\xc8\v1.45\sources\common\atoi.c
		_atoi          		CODE           	121D	0000	114

C:\Program Files (x86)\Microchip\xc8\v1.45\sources\common\atoi.c estimated size: 114

C:\Program Files (x86)\Microchip\xc8\v1.45\sources\common\strtok.c
		_strtok        		CODE           	1A4C	0000	76

C:\Program Files (x86)\Microchip\xc8\v1.45\sources\common\strtok.c estimated size: 76

C:\Program Files (x86)\Microchip\xc8\v1.45\sources\common\stricmp.c
		_stricmp       		CODE           	269D	0000	53

C:\Program Files (x86)\Microchip\xc8\v1.45\sources\common\stricmp.c estimated size: 53

shared
		i1_returnReset 		CODE           	0002	0000	3
		i1_do_I2C_SEND_ADR_READ		CODE           	2033	0000	9
		i1_do_I2C_DO_NACK_STOP		CODE           	2F92	0000	5
		i1_mssp1_clearIRQ		CODE           	2F58	0000	4
		i1_do_I2C_SEND_RESTART		CODE           	2F86	0000	5
		drv2665@drv_fifo_sine		STRCODE        	0000	0000	0
		i1_do_I2C_TX_EMPTY		CODE           	2556	0000	43
		_dpowers       		STRCODE        	2800	0000	41
		i1_do_I2C_DO_NACK_RESTART		CODE           	2F96	0000	5
		i1_send_2bytes_latchless_IK		CODE           	2504	0000	42
		i1_do_I2C_SEND_RESTART_READ		CODE           	2F7E	0000	5
		i1_do_I2C_DO_ADDRESS_NACK		CODE           	2449	0000	37
		i1_do_I2C_RX   		CODE           	277D	0000	65
		i1_do_I2C_TX   		CODE           	1B7D	0000	79
		_drv_sine      		STRCODE        	0000	0000	0
		_LEDpower      		STRCODE        	3048	0000	3
		i1_i2c_ISR     		CODE           	2362	0000	33
		i1_i2c1_driver_sendNACK		CODE           	2F7A	0000	5
		i1_do_I2C_IDLE 		CODE           	2FB9	0000	6
		i1_do_I2C_RCEN 		CODE           	2FC8	0000	7
		i1_i2c1_driver_isNACK		CODE           	2120	0000	13
		__initialization		CODE           	0052	0000	134
		i1_LEDsOn      		CODE           	23C2	0000	34
		i1_mssp1_setIRQ		CODE           	2F55	0000	4
		i1_i2c1_driver_restart		CODE           	2F49	0000	4
		i1_i2c1_driver_stop		CODE           	2F4C	0000	4
		_TMR0_RANGE    		STRCODE        	3039	0000	4
		i1_do_I2C_RESET		CODE           	2FF2	0000	8
		i1_i2c1_driver_startRX		CODE           	2F4F	0000	4
		i1_i2c1_driver_resetBus		CODE           	2F3C	0000	2
		i1_i2c1_driver_sendACK		CODE           	2F76	0000	5
		_TMR2_RANGE    		STRCODE        	3036	0000	4
		i1_do_I2C_SEND_RESTART_WRITE		CODE           	2F82	0000	5
		_drv_address   		STRCODE        	304C	0000	2
		drv2665@drv_sine		STRCODE        	1000	0000	243
		i1_do_I2C_DO_ACK		CODE           	2F8E	0000	5
		i1_do_I2C_SEND_ADR_WRITE		CODE           	2FF9	0000	8
		i1_i2c1_driver_getRXData		CODE           	2F52	0000	4
		_drv_fifo_sine 		STRCODE        	0000	0000	0
		i1_send_2length_2bytes_IK		CODE           	21FC	0000	25
		i1_do_I2C_SEND_STOP		CODE           	2F8A	0000	5
		i1_i2c1_driver_TXData		CODE           	2FB4	0000	6
		sin@coeff_a    		STRCODE        	0000	0000	0
		sin@coeff_b    		STRCODE        	0000	0000	0
		i1_returnStop  		CODE           	11E4	0000	3
		i1_send_last_2bytes_IK		CODE           	1A03	0000	74

shared estimated size: 997

mcc_generated_files/mcc.c
		_WDT_Initialize		CODE           	2F9A	0000	5
		_PMD_Initialize		CODE           	203B	0000	9
		_OSCILLATOR_Initialize		CODE           	20C2	0000	11
		_SYSTEM_Initialize		CODE           	21D2	0000	22

mcc_generated_files/mcc.c estimated size: 47

C:\Program Files (x86)\Microchip\xc8\v1.45\sources\common\fttol.c
		___fttol       		CODE           	0824	0000	136

C:\Program Files (x86)\Microchip\xc8\v1.45\sources\common\fttol.c estimated size: 136

C:\Program Files (x86)\Microchip\xc8\v1.45\sources\common\awtoft.c
		___awtoft      		CODE           	2404	0000	35

C:\Program Files (x86)\Microchip\xc8\v1.45\sources\common\awtoft.c estimated size: 35

mcc_generated_files/drivers/i2c_master.c
		_returnStop    		CODE           	2FCE	0000	7
		_i2c_setBuffer 		CODE           	21E7	0000	22
		_i2c_busCollisionISR		CODE           	2F46	0000	4
		_i2c_ISR       		CODE           	24B6	0000	39
		_i2c_setAddress		CODE           	207B	0000	9
		_i2c_masterOperation		CODE           	246D	0000	37
		_do_I2C_TX_EMPTY		CODE           	25AB	0000	48
		_returnReset   		CODE           	2FD4	0000	7
		_do_I2C_SEND_RESTART_WRITE		CODE           	204B	0000	9
		_i2c_poller    		CODE           	2115	0000	12
		_do_I2C_DO_NACK_RESTART		CODE           	2073	0000	9
		_do_I2C_SEND_RESTART_READ		CODE           	2043	0000	9
		_do_I2C_SEND_ADR_WRITE		CODE           	20FF	0000	12
		_do_I2C_SEND_STOP		CODE           	205B	0000	9
		_i2c_open      		CODE           	1A97	0000	77
		_do_I2C_SEND_ADR_READ		CODE           	212C	0000	13
		_do_I2C_DO_NACK_STOP		CODE           	206B	0000	9
		_do_I2C_SEND_RESTART		CODE           	2053	0000	9
		_do_I2C_RX     		CODE           	19BB	0000	73
		_do_I2C_TX     		CODE           	1DB6	0000	90
		_do_I2C_IDLE   		CODE           	209E	0000	10
		_do_I2C_RCEN   		CODE           	20CC	0000	11
		_do_I2C_DO_ADDRESS_NACK		CODE           	2580	0000	44
		_do_I2C_RESET  		CODE           	20F4	0000	12
		_do_I2C_DO_ACK 		CODE           	2063	0000	9

mcc_generated_files/drivers/i2c_master.c estimated size: 590

C:\Program Files (x86)\Microchip\xc8\v1.45\sources\common\awdiv.c
		___awdiv       		CODE           	1C67	0000	83

C:\Program Files (x86)\Microchip\xc8\v1.45\sources\common\awdiv.c estimated size: 83

C:\Program Files (x86)\Microchip\xc8\v1.45\sources\common\ftadd.c
		___ftadd       		CODE           	0C9F	0000	261

C:\Program Files (x86)\Microchip\xc8\v1.45\sources\common\ftadd.c estimated size: 261

mcc_generated_files/i2c1_driver.c
		_mssp1_waitForEvent		CODE           	210A	0000	12
		_i2c1_driver_open		CODE           	20EA	0000	11
		_i2c1_driver_isNACK		CODE           	215E	0000	14
		_i2c1_driver_stop		CODE           	2F67	0000	4
		_i2c1_driver_getRXData		CODE           	2F6D	0000	4
		_i2c1_driver_TXData		CODE           	2FDA	0000	7
		_i2c1_driver_setBusCollisionISR		CODE           	20B0	0000	10
		_i2c1_driver_start		CODE           	2F61	0000	4
		_i2c1_driver_sendACK		CODE           	2F9E	0000	5
		_mssp1_setIRQ  		CODE           	2F70	0000	4
		_i2c1_driver_sendNACK		CODE           	2FA2	0000	5
		_i2c1_driver_restart		CODE           	2F64	0000	4
		_i2c1_driver_resetBus		CODE           	2032	0000	2
		_i2c1_driver_clearBusCollision		CODE           	2F43	0000	4
		_mssp1_clearIRQ		CODE           	2F73	0000	4
		_i2c1_driver_startRX		CODE           	2F6A	0000	4
		_i2c1_driver_setI2cISR		CODE           	20B9	0000	10
		_mssp1_IRQisEnabled		CODE           	20D6	0000	11

mcc_generated_files/i2c1_driver.c estimated size: 119

C:\Program Files (x86)\Microchip\xc8\v1.45\sources\common\toupper.c
		_toupper       		CODE           	2189	0000	17

C:\Program Files (x86)\Microchip\xc8\v1.45\sources\common\toupper.c estimated size: 17

C:\Program Files (x86)\Microchip\xc8\v1.45\sources\common\lldiv.c
		___lldiv       		CODE           	1D0B	0000	84

C:\Program Files (x86)\Microchip\xc8\v1.45\sources\common\lldiv.c estimated size: 84

C:\Program Files (x86)\Microchip\xc8\v1.45\sources\common\trunc.c
		_trunc         		CODE           	1CB9	0000	83

C:\Program Files (x86)\Microchip\xc8\v1.45\sources\common\trunc.c estimated size: 83

mcc_generated_files/eusart.c
		_putch         		CODE           	2FE0	0000	7
		_EUSART_Read   		CODE           	2382	0000	33
		_EUSART_Write  		CODE           	2491	0000	38
		_EUSART_Transmit_ISR		CODE           	22E9	0000	31
		_EUSART_Initialize		CODE           	2245	0000	27
		_EUSART_Receive_ISR		CODE           	2294	0000	29

mcc_generated_files/eusart.c estimated size: 165

main.c
		_main_initialize		CODE           	0AE2	0000	213
		_getActive     		CODE           	1AE3	0000	78
		_zeroPosition  		CODE           	1301	0000	118
		_getPosition   		CODE           	273E	0000	64
		_setH2OnTime   		CODE           	1C19	0000	79
		_getMoveMask   		CODE           	1B30	0000	78
		_doRelMove     		CODE           	0DA3	0000	300
		_stop          		CODE           	24DC	0000	41
		_setActive     		CODE           	1461	0000	119
		_setMoveMask   		CODE           	128E	0000	116
		_main          		CODE           	1F92	0000	111
		_setHeaterPreTime		CODE           	216B	0000	16
		_setLEDPwr     		CODE           	2325	0000	31
		_commCheck     		CODE           	0A1B	0000	200
		_setDrvGain    		CODE           	1931	0000	68
		_doAbsMove     		CODE           	00DB	0000	692
		_setHeaterPostTime		CODE           	21AB	0000	20
		_doMove        		CODE           	0960	0000	188
		_startRelMove  		CODE           	2279	0000	28
		_setH1OffTime  		CODE           	1BCB	0000	79
		_calcHeaterPins		CODE           	13EB	0000	119
		_setDrvPeak    		CODE           	2343	0000	32
		_startAbsMove  		CODE           	22CC	0000	30
		_setDrvPiezoOnTime		CODE           	1E6A	0000	96
		_setHeaterToggle		CODE           	15CA	0000	126
		_timedActiveHeatOn		CODE           	08AB	0000	182
		_getMotionStatus		CODE           	2426	0000	36
		_setLEDBrightnessRange		CODE           	2307	0000	31

main.c estimated size: 3291

cmd_parser.c
		_execCmd       		CODE           	038E	0000	510
		_parseCmd      		CODE           	058B	0000	466

cmd_parser.c estimated size: 976

C:\Program Files (x86)\Microchip\xc8\v1.45\sources\common\strchr.c
		_strchr        		CODE           	225F	0000	27

C:\Program Files (x86)\Microchip\xc8\v1.45\sources\common\strchr.c estimated size: 27

C:\Program Files (x86)\Microchip\xc8\v1.45\sources\common\altoft.c
		___altoft      		CODE           	18F4	0000	62

C:\Program Files (x86)\Microchip\xc8\v1.45\sources\common\altoft.c estimated size: 62

