Microchip MPLAB XC8 Compiler V1.45 ()

Linker command line:

-W-3 --edf=C:\Program Files (x86)\Microchip\xc8\v1.45\dat\en_msgs.txt -cs \
  -h+dist/default/production\udrive_code.production.sym \
  --cmf=dist/default/production\udrive_code.production.cmf -z -Q16F18346 \
  -oC:\Users\kolbi\AppData\Local\Temp\s5t0.2 \
  -Mdist/default/production/udrive_code.production.map -E1 -ver=XC8 \
  -ASTACK=0217Ch-0278fh -pstack=STACK -ACODE=00h-07FFhx8 \
  -ASTRCODE=00h-03FFFh -ASTRING=00h-0FFhx64 -ACONST=00h-0FFhx64 \
  -AENTRY=00h-0FFhx64 -ACOMMON=070h-07Fh -ABANK0=020h-06Fh \
  -ABANK1=0A0h-0EFh -ABANK2=0120h-016Fh -ABANK3=01A0h-01EFh \
  -ABANK4=0220h-026Fh -ABANK5=02A0h-02EFh -ABANK6=0320h-036Fh \
  -ABANK7=03A0h-03EFh -ABANK8=0420h-046Fh -ABANK9=04A0h-04EFh \
  -ABANK10=0520h-056Fh -ABANK11=05A0h-05EFh -ABANK12=0620h-066Fh \
  -ABANK13=06A0h-06EFh -ABANK14=0720h-076Fh -ABANK15=07A0h-07EFh \
  -ABANK16=0820h-086Fh -ABANK17=08A0h-08EFh -ABANK18=0920h-096Fh \
  -ABANK19=09A0h-09EFh -ABANK20=0A20h-0A6Fh -ABANK21=0AA0h-0AEFh \
  -ABANK22=0B20h-0B6Fh -ABANK23=0BA0h-0BEFh -ABANK24=0C20h-0C6Fh \
  -ABANK25=0CA0h-0CBFh -ABIGRAM=02000h-027EFh \
  -ARAM=020h-06Fh,0A0h-0EFh,0120h-016Fh,01A0h-01EFh,0220h-026Fh,02A0h-02EFh,0320h-036Fh,03A0h-03EFh,0420h-046Fh,04A0h-04EFh,0520h-056Fh,05A0h-05EFh,0620h-066Fh,06A0h-06EFh,0720h-076Fh,07A0h-07EFh,0820h-086Fh,08A0h-08EFh,0920h-096Fh,09A0h-09EFh,0A20h-0A6Fh,0AA0h-0AEFh,0B20h-0B6Fh,0BA0h-0BEFh,0C20h-0C6Fh,0CA0h-0CBFh \
  -AABS1=020h-07Fh,0A0h-0EFh,0120h-016Fh,01A0h-01EFh,0220h-026Fh,02A0h-02EFh,0320h-036Fh,03A0h-03EFh,0420h-046Fh,04A0h-04EFh,0520h-056Fh,05A0h-05EFh,0620h-066Fh,06A0h-06EFh,0720h-076Fh,07A0h-07EFh,0820h-086Fh,08A0h-08EFh,0920h-096Fh,09A0h-09EFh,0A20h-0A6Fh,0AA0h-0AEFh,0B20h-0B6Fh,0BA0h-0BEFh,0C20h-0C6Fh,0CA0h-0CBFh \
  -ASFR0=00h-01Fh -ASFR1=080h-09Fh -ASFR2=0100h-011Fh -ASFR3=0180h-019Fh \
  -ASFR4=0200h-021Fh -ASFR5=0280h-029Fh -ASFR6=0300h-031Fh \
  -ASFR7=0380h-039Fh -ASFR8=0400h-041Fh -ASFR9=0480h-049Fh \
  -ASFR10=0500h-051Fh -ASFR11=0580h-059Fh -ASFR12=0600h-061Fh \
  -ASFR13=0680h-069Fh -ASFR14=0700h-071Fh -ASFR15=0780h-079Fh \
  -ASFR16=0800h-081Fh -ASFR17=0880h-089Fh -ASFR18=0900h-091Fh \
  -ASFR19=0980h-099Fh -ASFR20=0A00h-0A1Fh -ASFR21=0A80h-0A9Fh \
  -ASFR22=0B00h-0B1Fh -ASFR23=0B80h-0B9Fh -ASFR24=0C00h-0C1Fh \
  -ASFR25=0C80h-0C9Fh -ASFR26=0D00h-0D6Fh -ASFR27=0D80h-0DEFh \
  -ASFR28=0E00h-0E6Fh -ASFR29=0E80h-0EEFh -ASFR30=0F00h-0F6Fh \
  -ASFR31=0F80h-0FEFh -preset_vec=00h,intentry=04h,init,end_init \
  -ppowerup=CODE -pcinit=CODE -pfunctab=ENTRY -ACONFIG=08007h-0800Ah \
  -pconfig=CONFIG -DCONFIG=2 -AIDLOC=08000h-08003h -pidloc=IDLOC -DIDLOC=2 \
  -AEEDATA=00h-0FFh/0F000h -peeprom_data=EEDATA -DEEDATA=2 -DCODE=2 \
  -DSTRCODE=2 -DSTRING=2 -DCONST=2 -DENTRY=2 -k \
  C:\Users\kolbi\AppData\Local\Temp\s5t0.obj \
  dist/default/production\udrive_code.production.obj 

Object code version is 3.11

Machine type is 16F18346



                Name                               Link     Load   Length Selector   Space Scale
C:\Users\kolbi\AppData\Local\Temp\s5t0.obj
                end_init                             50       50        2        8       0
                reset_vec                             0        0        2        0       0
                config                             8007     8007        4    1000E       0
dist/default/production\udrive_code.production.obj
                cinit                                52       52       73        8       0
                intentry                              4        4       4C        8       0
                text166                            2427     2427       1C     484E       0
                text165                            247C     247C       1E     48F8       0
                text164                            2139     2139        3     4272       0
                text163                            219E     219E        5     433C       0
                text162                            269A     269A       29     4D34       0
                text161                            1A47     1A47       49     348E       0
                text160                            23C2     23C2       18     4784       0
                text159                            2536     2536       21     4A6C       0
                text158                            1881     1881       37     3102       0
                text157                            2308     2308        D     4610       0
                text156                            213C     213C        3     4278       0
                text155                            21A3     21A3        5     4346       0
                text154                            2244     2244        9     4488       0
                text153                            2315     2315        D     462A       0
                text152                            213F     213F        3     427E       0
                text151                            2142     2142        3     4284       0
                text150                            2172     2172        4     42E4       0
                text149                            2145     2145        3     428A       0
                text148                            2148     2148        3     4290       0
                text147                               2        2        2        0       0
                text146                             7FE      7FE        2        8       0
                text145                            214B     214B        3     4296       0
                text144                            2137     2137        1     426E       0
                text143                            2176     2176        4     42EC       0
                text142                            214E     214E        3     429C       0
                text141                            21A8     21A8        5     4350       0
                text140                            22D8     22D8        C     45B0       0
                text139                            2151     2151        3     42A2       0
                text138                            26EC     26EC       2A     4DD8       0
                text137                            21E6     21E6        7     43CC       0
                text136                            21AD     21AD        5     435A       0
                text135                            217A     217A        4     42F4       0
                text134                            217E     217E        4     42FC       0
                text133                            2182     2182        4     4304       0
                text132                            2186     2186        4     430C       0
                text131                            21F4     21F4        8     43E8       0
                text130                            21ED     21ED        7     43DA       0
                text129                            21BC     21BC        6     4378       0
                text128                            218A     218A        4     4314       0
                text127                            218E     218E        4     431C       0
                text126                            2192     2192        4     4324       0
                text125                            25BD     25BD       24     4B7A       0
                text124                            1BC1     1BC1       4E     3782       0
                text123                            18B8     18B8       3F     3170       0
                text122                            2154     2154        3     42A8       0
                text121                            24D6     24D6       20     49AC       0
                text119                            24F6     24F6       20     49EC       0
                text118                            23F2     23F2       1A     47E4       0
                text117                            227A     227A        A     44F4       0
                text116                            181A     181A       33     3034       0
                text115                            21FC     21FC        8     43F8       0
                text114                            224D     224D        9     449A       0
                text113                            2384     2384       14     4708       0
                text112                            2256     2256        9     44AC       0
                text111                            235F     235F       12     46BE       0
                text110                            2196     2196        4     432C       0
                text109                            2398     2398       15     4730       0
                text108                            2770     2770       30     4EE0       0
                text107                            1D56     1D56       58     3AAC       0
                text106                            23DA     23DA       18     47B4       0
                text105                            2557     2557       21     4AAE       0
                text104                            2157     2157        3     42AE       0
                text103                            215A     215A        3     42B4       0
                text102                            14A7     14A7       75     294E       0
                text101                            1C5F     1C5F       52     38BE       0
                text100                            215D     215D        3     42BA       0
                text99                             219A     219A        4     4334       0
                text98                             2160     2160        3     42C0       0
                text97                             2163     2163        3     42C6       0
                text96                             21C2     21C2        6     4384       0
                text95                             21C8     21C8        6     4390       0
                text94                             2166     2166        3     42CC       0
                text93                             2138     2138        1     4270       0
                text92                             13CC     13CC        4     2798       0
                text91                             2169     2169        3     42D2       0
                text90                             21CE     21CE        6     439C       0
                text89                             2322     2322        D     4644       0
                text88                             216C     216C        3     42D8       0
                text87                             2741     2741       2F     4E82       0
                text86                             22AC     22AC        B     4558       0
                text85                             225F     225F        9     44BE       0
                text84                             2204     2204        8     4408       0
                text83                             220C     220C        8     4418       0
                text82                             2214     2214        8     4428       0
                text81                             221C     221C        8     4438       0
                text80                             22E4     22E4        C     45C8       0
                text79                             22B7     22B7        B     456E       0
                text78                             2284     2284        A     4508       0
                text77                             2224     2224        8     4448       0
                text76                             222C     222C        8     4458       0
                text75                             2234     2234        8     4468       0
                text74                             2716     2716       2B     4E2C       0
                text73                             1DAE     1DAE       59     3B5C       0
                text72                             19BC     19BC       44     3378       0
                text71                             216F     216F        3     42DE       0
                text70                             264E     264E       26     4C9C       0
                text69                             22C2     22C2        B     4584       0
                text68                             22CD     22CD        B     459A       0
                text67                             228E     228E        A     451C       0
                text66                             25E1     25E1       24     4BC2       0
                text65                             23AD     23AD       15     475A       0
                text64                             1D03     1D03       53     3A06       0
                text63                             1936     1936       43     326C       0
                text62                             2629     2629       25     4C52       0
                text61                             21D4     21D4        6     43A8       0
                text60                              ECE      ECE      132     1D9C       0
                text59                             2605     2605       24     4C0A       0
                text58                             1A00     1A00       47     3400       0
                text57                             234E     234E       11     469C       0
                text56                             1C0F     1C0F       50     381E       0
                text55                              988      988       B2     1310       0
                text54                               C5       C5      2B3        8       0
                text53                              D9D      D9D      131     1B3A       0
                text52                             1779     1779       87     2EF2       0
                text51                             26C3     26C3       29     4D86       0
                text50                              BDE      BDE       DE     17BC       0
                text49                             1607     1607       79     2C0E       0
                text48                             1680     1680       7C     2D00       0
                text47                              A3A      A3A       C7     1474       0
                text46                             1B27     1B27       4D     364E       0
                text45                             259A     259A       23     4B34       0
                text44                             1B74     1B74       4D     36E8       0
                text43                             18F7     18F7       3F     31EE       0
                text42                             1591     1591       76     2B22       0
                text41                             1979     1979       43     32F2       0
                text40                             2371     2371       13     46E2       0
                text39                             21B2     21B2        5     4364       0
                text38                              804      804       65     1008       0
                text37                             2578     2578       22     4AF0       0
                text36                              6E4      6E4      11A        8       0
                text35                              CBC      CBC       E1     1978       0
                text34                              869      869       87     10D2       0
                text33                             1E07     1E07       5B     3C0E       0
                text32                             21B7     21B7        5     436E       0
                text31                             1CB1     1CB1       52     3962       0
                text30                             1E62     1E62       5B     3CC4       0
                text29                             16FC     16FC       7D     2DF8       0
                text28                             249A     249A       1E     4934       0
                text27                             13D0     13D0       64     27A0       0
                text26                             24B8     24B8       1E     4970       0
                text25                             1434     1434       73     2868       0
                text24                             245F     245F       1D     48BE       0
                text23                             240C     240C       1B     4818       0
                text22                             2674     2674       26     4CE8       0
                text21                              8F0      8F0       98     11E0       0
                text20                             151C     151C       75     2A38       0
                swtext1                            2000     2000       2E     4000       0
                text19                              378      378      1CA        8       0
                text18                             2298     2298        A     4530       0
                text17                             22A2     22A2        A     4544       0
                text16                             2268     2268        9     44D0       0
                text15                             2271     2271        9     44E2       0
                text14                             1ADB     1ADB       4C     35B6       0
                text13                             223C     223C        8     4478       0
                text12                             1EBD     1EBD       63     3D7A       0
                text11                              B01      B01       DD     1602       0
                text10                             2443     2443       1C     4886       0
                text9                              232F     232F        F     465E       0
                text8                              1F8F     1F8F       71     3F1E       0
                text7                              233E     233E       10     467C       0
                text6                              184D     184D       34     309A       0
                text5                              1800     1800       1A     2EF2       0
                text4                              27A0     27A0       30     4F40       0
                text3                              27D0     27D0       30     4FA0       0
                text2                              1A90     1A90       4B     3520       0
                text1                               542      542      1A2        8       0
                maintext                           1F20     1F20       6F     3E40       0
                cstackBANK0                          20       20       2E       20       1
                cstackCOMMON                         70       70        D       70       1
                cstackBANK1                          A0       A0       3F       A0       1
                cstackBANK4                         240      240       1C      220       1
                clrtext                            22F0     22F0        C     45E0       0
                inittext                           22FC     22FC        C     45F8       0
                dataBANK4                           220      220       20      220       1
                bssBANK3                            1A0      1A0       41      1A0       1
                dataBANK2                           16A      16A        6      120       1
                bssBANK2                            120      120       4A      120       1
                dataBANK1                            E9       E9        6       A0       1
                bssBANK1                             DF       DF        A       A0       1
                dataBANK0                            5A       5A        4       20       1
                bssBANK0                             4E       4E        C       20       1
                bssCOMMON                            7D       7D        1       70       1
                stringtext57                       2A42     2A42        2     5000       0
                stringtext56                       2A40     2A40        2     5000       0
                stringtext55                       2A3E     2A3E        2     5000       0
                stringtext54                       2A39     2A39        3     5000       0
                stringtext53                       2A36     2A36        3     5000       0
                stringtext52                       2A2C     2A2C        4     5000       0
                stringtext51                       2A28     2A28        4     5000       0
                stringtext50                       2A24     2A24        4     5000       0
                stringtext49                       2A20     2A20        4     5000       0
                stringtext48                       2A1C     2A1C        4     5000       0
                stringtext47                       2A17     2A17        5     5000       0
                stringtext46                       2A12     2A12        5     5000       0
                stringtext45                       2A0D     2A0D        5     5000       0
                stringtext44                       2A08     2A08        5     5000       0
                stringtext43                       2A03     2A03        5     5000       0
                stringtext42                       29FE     29FE        5     5000       0
                stringtext41                       29F7     29F7        7     5000       0
                stringtext40                       29F0     29F0        7     5000       0
                stringtext39                       29E8     29E8        8     5000       0
                stringtext38                       29E0     29E0        8     5000       0
                stringtext37                       29D8     29D8        8     5000       0
                stringtext36                       29D0     29D0        8     5000       0
                stringtext35                       29C8     29C8        8     5000       0
                stringtext34                       29C0     29C0        8     5000       0
                stringtext33                       29B8     29B8        8     5000       0
                stringtext32                       29AF     29AF        9     5000       0
                stringtext31                       29A6     29A6        9     5000       0
                stringtext30                       299B     299B        B     5000       0
                stringtext29                       2990     2990        B     5000       0
                stringtext28                       2984     2984        C     5000       0
                stringtext27                       296B     296B        D     5000       0
                stringtext26                       295D     295D        E     5000       0
                stringtext25                       294E     294E        F     5000       0
                stringtext24                       293F     293F        F     5000       0
                stringtext23                       2920     2920       10     5000       0
                stringtext22                       2910     2910       10     5000       0
                stringtext21                       28FF     28FF       11     5000       0
                stringtext20                       28EE     28EE       11     5000       0
                stringtext19                       28DD     28DD       11     5000       0
                stringtext18                       28CB     28CB       12     5000       0
                stringtext17                       28B4     28B4       17     5000       0
                stringtext16                       289B     289B       19     5000       0
                stringtext15                       2881     2881       1A     5000       0
                stringtext14                       2865     2865       1C     5000       0
                stringtext13                       2847     2847       1E     5000       0
                stringtext12                       2828     2828       1F     5000       0
                nvBANK3                             1E1      1E1        4      1A0       1
                nvBANK0                              5E       5E        1       20       1
                stringtext11                       2978     2978        C     5000       0
                stringtext10                       2930     2930        F     5000       0
                stringtext9                        10F4     10F4       F4     2000       0
                stringtext8                        2A44     2A44        1     5000       0
                stringtext7                        2A3C     2A3C        2     5000       0
                stringtext6                        2A33     2A33        3     5000       0
                stringtext5                        2A30     2A30        3     5000       0
                stringtext4                        2800     2800       28     5000       0
                stringtext3                        12DA     12DA       F2     2000       0
                stringtext2                        11E8     11E8       F2     2000       0
                stringtext1                        1000     1000       F4     2000       0
                idataBANK4                         2516     2516       20     4A2C       0
                idataBANK2                         21DA     21DA        6     43B4       0
                idataBANK1                         21E0     21E0        6     43C0       0
                idataBANK0                          800      800        4     1000       0

TOTAL           Name                               Link     Load   Length     Space
        CLASS   STACK          

        CLASS   CODE           
                end_init                             50       50        2         0
                cinit                                52       52       73         0
                intentry                              4        4       4C         0
                reset_vec                             0        0        2         0
                text166                            2427     2427       1C         0
                text165                            247C     247C       1E         0
                text164                            2139     2139        3         0
                text163                            219E     219E        5         0
                text162                            269A     269A       29         0
                text161                            1A47     1A47       49         0
                text160                            23C2     23C2       18         0
                text159                            2536     2536       21         0
                text158                            1881     1881       37         0
                text157                            2308     2308        D         0
                text156                            213C     213C        3         0
                text155                            21A3     21A3        5         0
                text154                            2244     2244        9         0
                text153                            2315     2315        D         0
                text152                            213F     213F        3         0
                text151                            2142     2142        3         0
                text150                            2172     2172        4         0
                text149                            2145     2145        3         0
                text148                            2148     2148        3         0
                text147                               2        2        2         0
                text146                             7FE      7FE        2         0
                text145                            214B     214B        3         0
                text144                            2137     2137        1         0
                text143                            2176     2176        4         0
                text142                            214E     214E        3         0
                text141                            21A8     21A8        5         0
                text140                            22D8     22D8        C         0
                text139                            2151     2151        3         0
                text138                            26EC     26EC       2A         0
                text137                            21E6     21E6        7         0
                text136                            21AD     21AD        5         0
                text135                            217A     217A        4         0
                text134                            217E     217E        4         0
                text133                            2182     2182        4         0
                text132                            2186     2186        4         0
                text131                            21F4     21F4        8         0
                text130                            21ED     21ED        7         0
                text129                            21BC     21BC        6         0
                text128                            218A     218A        4         0
                text127                            218E     218E        4         0
                text126                            2192     2192        4         0
                text125                            25BD     25BD       24         0
                text124                            1BC1     1BC1       4E         0
                text123                            18B8     18B8       3F         0
                text122                            2154     2154        3         0
                text121                            24D6     24D6       20         0
                text119                            24F6     24F6       20         0
                text118                            23F2     23F2       1A         0
                text117                            227A     227A        A         0
                text116                            181A     181A       33         0
                text115                            21FC     21FC        8         0
                text114                            224D     224D        9         0
                text113                            2384     2384       14         0
                text112                            2256     2256        9         0
                text111                            235F     235F       12         0
                text110                            2196     2196        4         0
                text109                            2398     2398       15         0
                text108                            2770     2770       30         0
                text107                            1D56     1D56       58         0
                text106                            23DA     23DA       18         0
                text105                            2557     2557       21         0
                text104                            2157     2157        3         0
                text103                            215A     215A        3         0
                text102                            14A7     14A7       75         0
                text101                            1C5F     1C5F       52         0
                text100                            215D     215D        3         0
                text99                             219A     219A        4         0
                text98                             2160     2160        3         0
                text97                             2163     2163        3         0
                text96                             21C2     21C2        6         0
                text95                             21C8     21C8        6         0
                text94                             2166     2166        3         0
                text93                             2138     2138        1         0
                text92                             13CC     13CC        4         0
                text91                             2169     2169        3         0
                text90                             21CE     21CE        6         0
                text89                             2322     2322        D         0
                text88                             216C     216C        3         0
                text87                             2741     2741       2F         0
                text86                             22AC     22AC        B         0
                text85                             225F     225F        9         0
                text84                             2204     2204        8         0
                text83                             220C     220C        8         0
                text82                             2214     2214        8         0
                text81                             221C     221C        8         0
                text80                             22E4     22E4        C         0
                text79                             22B7     22B7        B         0
                text78                             2284     2284        A         0
                text77                             2224     2224        8         0
                text76                             222C     222C        8         0
                text75                             2234     2234        8         0
                text74                             2716     2716       2B         0
                text73                             1DAE     1DAE       59         0
                text72                             19BC     19BC       44         0
                text71                             216F     216F        3         0
                text70                             264E     264E       26         0
                text69                             22C2     22C2        B         0
                text68                             22CD     22CD        B         0
                text67                             228E     228E        A         0
                text66                             25E1     25E1       24         0
                text65                             23AD     23AD       15         0
                text64                             1D03     1D03       53         0
                text63                             1936     1936       43         0
                text62                             2629     2629       25         0
                text61                             21D4     21D4        6         0
                text60                              ECE      ECE      132         0
                text59                             2605     2605       24         0
                text58                             1A00     1A00       47         0
                text57                             234E     234E       11         0
                text56                             1C0F     1C0F       50         0
                text55                              988      988       B2         0
                text54                               C5       C5      2B3         0
                text53                              D9D      D9D      131         0
                text52                             1779     1779       87         0
                text51                             26C3     26C3       29         0
                text50                              BDE      BDE       DE         0
                text49                             1607     1607       79         0
                text48                             1680     1680       7C         0
                text47                              A3A      A3A       C7         0
                text46                             1B27     1B27       4D         0
                text45                             259A     259A       23         0
                text44                             1B74     1B74       4D         0
                text43                             18F7     18F7       3F         0
                text42                             1591     1591       76         0
                text41                             1979     1979       43         0
                text40                             2371     2371       13         0
                text39                             21B2     21B2        5         0
                text38                              804      804       65         0
                text37                             2578     2578       22         0
                text36                              6E4      6E4      11A         0
                text35                              CBC      CBC       E1         0
                text34                              869      869       87         0
                text33                             1E07     1E07       5B         0
                text32                             21B7     21B7        5         0
                text31                             1CB1     1CB1       52         0
                text30                             1E62     1E62       5B         0
                text29                             16FC     16FC       7D         0
                text28                             249A     249A       1E         0
                text27                             13D0     13D0       64         0
                text26                             24B8     24B8       1E         0
                text25                             1434     1434       73         0
                text24                             245F     245F       1D         0
                text23                             240C     240C       1B         0
                text22                             2674     2674       26         0
                text21                              8F0      8F0       98         0
                text20                             151C     151C       75         0
                text19                              378      378      1CA         0
                text18                             2298     2298        A         0
                text17                             22A2     22A2        A         0
                text16                             2268     2268        9         0
                text15                             2271     2271        9         0
                text14                             1ADB     1ADB       4C         0
                text13                             223C     223C        8         0
                text12                             1EBD     1EBD       63         0
                text11                              B01      B01       DD         0
                text10                             2443     2443       1C         0
                text9                              232F     232F        F         0
                text8                              1F8F     1F8F       71         0
                text7                              233E     233E       10         0
                text6                              184D     184D       34         0
                text5                              1800     1800       1A         0
                text4                              27A0     27A0       30         0
                text3                              27D0     27D0       30         0
                text2                              1A90     1A90       4B         0
                text1                               542      542      1A2         0
                maintext                           1F20     1F20       6F         0
                clrtext                            22F0     22F0        C         0
                inittext                           22FC     22FC        C         0
                idataBANK4                         2516     2516       20         0
                idataBANK2                         21DA     21DA        6         0
                idataBANK1                         21E0     21E0        6         0
                idataBANK0                          800      800        4         0

        CLASS   STRCODE        
                stringtext57                       2A42     2A42        2         0
                stringtext56                       2A40     2A40        2         0
                stringtext55                       2A3E     2A3E        2         0
                stringtext54                       2A39     2A39        3         0
                stringtext53                       2A36     2A36        3         0
                stringtext52                       2A2C     2A2C        4         0
                stringtext51                       2A28     2A28        4         0
                stringtext50                       2A24     2A24        4         0
                stringtext49                       2A20     2A20        4         0
                stringtext48                       2A1C     2A1C        4         0
                stringtext47                       2A17     2A17        5         0
                stringtext46                       2A12     2A12        5         0
                stringtext45                       2A0D     2A0D        5         0
                stringtext44                       2A08     2A08        5         0
                stringtext43                       2A03     2A03        5         0
                stringtext42                       29FE     29FE        5         0
                stringtext41                       29F7     29F7        7         0
                stringtext40                       29F0     29F0        7         0
                stringtext39                       29E8     29E8        8         0
                stringtext38                       29E0     29E0        8         0
                stringtext37                       29D8     29D8        8         0
                stringtext36                       29D0     29D0        8         0
                stringtext35                       29C8     29C8        8         0
                stringtext34                       29C0     29C0        8         0
                stringtext33                       29B8     29B8        8         0
                stringtext32                       29AF     29AF        9         0
                stringtext31                       29A6     29A6        9         0
                stringtext30                       299B     299B        B         0
                stringtext29                       2990     2990        B         0
                stringtext28                       2984     2984        C         0
                stringtext27                       296B     296B        D         0
                stringtext26                       295D     295D        E         0
                stringtext25                       294E     294E        F         0
                stringtext24                       293F     293F        F         0
                stringtext23                       2920     2920       10         0
                stringtext22                       2910     2910       10         0
                stringtext21                       28FF     28FF       11         0
                stringtext20                       28EE     28EE       11         0
                stringtext19                       28DD     28DD       11         0
                stringtext18                       28CB     28CB       12         0
                stringtext17                       28B4     28B4       17         0
                stringtext16                       289B     289B       19         0
                stringtext15                       2881     2881       1A         0
                stringtext14                       2865     2865       1C         0
                stringtext13                       2847     2847       1E         0
                stringtext12                       2828     2828       1F         0
                stringtext11                       2978     2978        C         0
                stringtext10                       2930     2930        F         0
                stringtext9                        10F4     10F4       F4         0
                stringtext8                        2A44     2A44        1         0
                stringtext7                        2A3C     2A3C        2         0
                stringtext6                        2A33     2A33        3         0
                stringtext5                        2A30     2A30        3         0
                stringtext4                        2800     2800       28         0
                stringtext3                        12DA     12DA       F2         0
                stringtext2                        11E8     11E8       F2         0
                stringtext1                        1000     1000       F4         0

        CLASS   STRING         

        CLASS   CONST          
                swtext1                            2000     2000       2E         0

        CLASS   ENTRY          

        CLASS   COMMON         
                cstackCOMMON                         70       70        D         1
                bssCOMMON                            7D       7D        1         1

        CLASS   BANK0          
                cstackBANK0                          20       20       2E         1
                dataBANK0                            5A       5A        4         1
                bssBANK0                             4E       4E        C         1
                nvBANK0                              5E       5E        1         1

        CLASS   BANK1          
                cstackBANK1                          A0       A0       3F         1
                dataBANK1                            E9       E9        6         1
                bssBANK1                             DF       DF        A         1

        CLASS   BANK2          
                dataBANK2                           16A      16A        6         1
                bssBANK2                            120      120       4A         1

        CLASS   BANK3          
                bssBANK3                            1A0      1A0       41         1
                nvBANK3                             1E1      1E1        4         1

        CLASS   BANK4          
                cstackBANK4                         240      240       1C         1
                dataBANK4                           220      220       20         1

        CLASS   BANK5          

        CLASS   BANK6          

        CLASS   BANK7          

        CLASS   BANK8          

        CLASS   BANK9          

        CLASS   BANK10         

        CLASS   BANK11         

        CLASS   BANK12         

        CLASS   BANK13         

        CLASS   BANK14         

        CLASS   BANK15         

        CLASS   BANK16         

        CLASS   BANK17         

        CLASS   BANK18         

        CLASS   BANK19         

        CLASS   BANK20         

        CLASS   BANK21         

        CLASS   BANK22         

        CLASS   BANK23         

        CLASS   BANK24         

        CLASS   BANK25         

        CLASS   BIGRAM         

        CLASS   RAM            

        CLASS   ABS1           
                abs_s1                               7E       7E        2         1
                abs_s1                              C30      C30       40         1
                abs_s1                              CA0      CA0       20         1
                abs_s1                             2790     2790        0         1

        CLASS   SFR0           

        CLASS   SFR1           

        CLASS   SFR2           

        CLASS   SFR3           

        CLASS   SFR4           

        CLASS   SFR5           

        CLASS   SFR6           

        CLASS   SFR7           

        CLASS   SFR8           

        CLASS   SFR9           

        CLASS   SFR10          

        CLASS   SFR11          

        CLASS   SFR12          

        CLASS   SFR13          

        CLASS   SFR14          

        CLASS   SFR15          

        CLASS   SFR16          

        CLASS   SFR17          

        CLASS   SFR18          

        CLASS   SFR19          

        CLASS   SFR20          

        CLASS   SFR21          

        CLASS   SFR22          

        CLASS   SFR23          

        CLASS   SFR24          

        CLASS   SFR25          

        CLASS   SFR26          

        CLASS   SFR27          

        CLASS   SFR28          

        CLASS   SFR29          

        CLASS   SFR30          

        CLASS   SFR31          

        CLASS   CONFIG         
                config                             8007     8007        4         0

        CLASS   IDLOC          

        CLASS   EEDATA         

        CLASS   BANK31         

        CLASS   BANK30         

        CLASS   BANK29         

        CLASS   BANK28         

        CLASS   BANK27         

        CLASS   BANK26         



SEGMENTS        Name                           Load    Length   Top    Selector   Space  Class     Delta

                reset_vec                      000000  000004  000004         0       0  CODE        2
                intentry                       000004  0007FC  000800         8       0  CODE        2
                cstackBANK0                    000020  00003F  00005F        20       1  BANK0       1
                cstackCOMMON                   000070  00000E  00007E        70       1  COMMON      1
                cstackBANK1                    0000A0  00004F  0000EF        A0       1  BANK1       1
                bssBANK2                       000120  000050  000170       120       1  BANK2       1
                bssBANK3                       0001A0  000045  0001E5       1A0       1  BANK3       1
                dataBANK4                      000220  00003C  00025C       220       1  BANK4       1
                idataBANK0                     000800  000004  000804      1000       0  CODE        2
                text38                         000804  000065  000869      1008       0  CODE        2
                text34                         000869  000087  0008F0      10D2       0  CODE        2
                text21                         0008F0  000098  000988      11E0       0  CODE        2
                text55                         000988  0000B2  000A3A      1310       0  CODE        2
                text47                         000A3A  0000C7  000B01      1474       0  CODE        2
                text11                         000B01  0000DD  000BDE      1602       0  CODE        2
                text50                         000BDE  0000DE  000CBC      17BC       0  CODE        2
                text35                         000CBC  0000E1  000D9D      1978       0  CODE        2
                text53                         000D9D  000131  000ECE      1B3A       0  CODE        2
                text60                         000ECE  000132  001000      1D9C       0  CODE        2
                stringtext1                    001000  0003CC  0013CC      2000       0  STRCODE     2
                text92                         0013CC  000004  0013D0      2798       0  CODE        2
                text27                         0013D0  000064  001434      27A0       0  CODE        2
                text25                         001434  000073  0014A7      2868       0  CODE        2
                text102                        0014A7  000075  00151C      294E       0  CODE        2
                text20                         00151C  000075  001591      2A38       0  CODE        2
                text42                         001591  000076  001607      2B22       0  CODE        2
                text49                         001607  000079  001680      2C0E       0  CODE        2
                text48                         001680  00007C  0016FC      2D00       0  CODE        2
                text29                         0016FC  00007D  001779      2DF8       0  CODE        2
                text52                         001779  0000A1  00181A      2EF2       0  CODE        2
                text116                        00181A  000033  00184D      3034       0  CODE        2
                text6                          00184D  000034  001881      309A       0  CODE        2
                text158                        001881  000037  0018B8      3102       0  CODE        2
                text123                        0018B8  00003F  0018F7      3170       0  CODE        2
                text43                         0018F7  00003F  001936      31EE       0  CODE        2
                text63                         001936  000043  001979      326C       0  CODE        2
                text41                         001979  000043  0019BC      32F2       0  CODE        2
                text72                         0019BC  000044  001A00      3378       0  CODE        2
                text58                         001A00  000047  001A47      3400       0  CODE        2
                text161                        001A47  000049  001A90      348E       0  CODE        2
                text2                          001A90  00004B  001ADB      3520       0  CODE        2
                text14                         001ADB  00004C  001B27      35B6       0  CODE        2
                text46                         001B27  00004D  001B74      364E       0  CODE        2
                text44                         001B74  00004D  001BC1      36E8       0  CODE        2
                text124                        001BC1  00004E  001C0F      3782       0  CODE        2
                text56                         001C0F  000050  001C5F      381E       0  CODE        2
                text101                        001C5F  000052  001CB1      38BE       0  CODE        2
                text31                         001CB1  000052  001D03      3962       0  CODE        2
                text64                         001D03  000053  001D56      3A06       0  CODE        2
                text107                        001D56  000058  001DAE      3AAC       0  CODE        2
                text73                         001DAE  000059  001E07      3B5C       0  CODE        2
                text33                         001E07  00005B  001E62      3C0E       0  CODE        2
                text30                         001E62  00005B  001EBD      3CC4       0  CODE        2
                text12                         001EBD  000063  001F20      3D7A       0  CODE        2
                maintext                       001F20  00006F  001F8F      3E40       0  CODE        2
                text8                          001F8F  000071  002000      3F1E       0  CODE        2
                swtext1                        002000  00002E  00202E      4000       0  CONST       2
                text144                        002137  000001  002138      426E       0  CODE        2
                text93                         002138  000001  002139      4270       0  CODE        2
                text164                        002139  000003  00213C      4272       0  CODE        2
                text156                        00213C  000003  00213F      4278       0  CODE        2
                text152                        00213F  000003  002142      427E       0  CODE        2
                text151                        002142  000003  002145      4284       0  CODE        2
                text149                        002145  000003  002148      428A       0  CODE        2
                text148                        002148  000003  00214B      4290       0  CODE        2
                text145                        00214B  000003  00214E      4296       0  CODE        2
                text142                        00214E  000003  002151      429C       0  CODE        2
                text139                        002151  000003  002154      42A2       0  CODE        2
                text122                        002154  000003  002157      42A8       0  CODE        2
                text104                        002157  000003  00215A      42AE       0  CODE        2
                text103                        00215A  000003  00215D      42B4       0  CODE        2
                text100                        00215D  000003  002160      42BA       0  CODE        2
                text98                         002160  000003  002163      42C0       0  CODE        2
                text97                         002163  000003  002166      42C6       0  CODE        2
                text94                         002166  000003  002169      42CC       0  CODE        2
                text91                         002169  000003  00216C      42D2       0  CODE        2
                text88                         00216C  000003  00216F      42D8       0  CODE        2
                text71                         00216F  000003  002172      42DE       0  CODE        2
                text150                        002172  000004  002176      42E4       0  CODE        2
                text143                        002176  000004  00217A      42EC       0  CODE        2
                text135                        00217A  000004  00217E      42F4       0  CODE        2
                text134                        00217E  000004  002182      42FC       0  CODE        2
                text133                        002182  000004  002186      4304       0  CODE        2
                text132                        002186  000004  00218A      430C       0  CODE        2
                text128                        00218A  000004  00218E      4314       0  CODE        2
                text127                        00218E  000004  002192      431C       0  CODE        2
                text126                        002192  000004  002196      4324       0  CODE        2
                text110                        002196  000004  00219A      432C       0  CODE        2
                text99                         00219A  000004  00219E      4334       0  CODE        2
                text163                        00219E  000005  0021A3      433C       0  CODE        2
                text155                        0021A3  000005  0021A8      4346       0  CODE        2
                text141                        0021A8  000005  0021AD      4350       0  CODE        2
                text136                        0021AD  000005  0021B2      435A       0  CODE        2
                text39                         0021B2  000005  0021B7      4364       0  CODE        2
                text32                         0021B7  000005  0021BC      436E       0  CODE        2
                text129                        0021BC  000006  0021C2      4378       0  CODE        2
                text96                         0021C2  000006  0021C8      4384       0  CODE        2
                text95                         0021C8  000006  0021CE      4390       0  CODE        2
                text90                         0021CE  000006  0021D4      439C       0  CODE        2
                text61                         0021D4  000006  0021DA      43A8       0  CODE        2
                idataBANK2                     0021DA  000006  0021E0      43B4       0  CODE        2
                idataBANK1                     0021E0  000006  0021E6      43C0       0  CODE        2
                text137                        0021E6  000007  0021ED      43CC       0  CODE        2
                text130                        0021ED  000007  0021F4      43DA       0  CODE        2
                text131                        0021F4  000008  0021FC      43E8       0  CODE        2
                text115                        0021FC  000008  002204      43F8       0  CODE        2
                text84                         002204  000008  00220C      4408       0  CODE        2
                text83                         00220C  000008  002214      4418       0  CODE        2
                text82                         002214  000008  00221C      4428       0  CODE        2
                text81                         00221C  000008  002224      4438       0  CODE        2
                text77                         002224  000008  00222C      4448       0  CODE        2
                text76                         00222C  000008  002234      4458       0  CODE        2
                text75                         002234  000008  00223C      4468       0  CODE        2
                text13                         00223C  000008  002244      4478       0  CODE        2
                text154                        002244  000009  00224D      4488       0  CODE        2
                text114                        00224D  000009  002256      449A       0  CODE        2
                text112                        002256  000009  00225F      44AC       0  CODE        2
                text85                         00225F  000009  002268      44BE       0  CODE        2
                text16                         002268  000009  002271      44D0       0  CODE        2
                text15                         002271  000009  00227A      44E2       0  CODE        2
                text117                        00227A  00000A  002284      44F4       0  CODE        2
                text78                         002284  00000A  00228E      4508       0  CODE        2
                text67                         00228E  00000A  002298      451C       0  CODE        2
                text18                         002298  00000A  0022A2      4530       0  CODE        2
                text17                         0022A2  00000A  0022AC      4544       0  CODE        2
                text86                         0022AC  00000B  0022B7      4558       0  CODE        2
                text79                         0022B7  00000B  0022C2      456E       0  CODE        2
                text69                         0022C2  00000B  0022CD      4584       0  CODE        2
                text68                         0022CD  00000B  0022D8      459A       0  CODE        2
                text140                        0022D8  00000C  0022E4      45B0       0  CODE        2
                text80                         0022E4  00000C  0022F0      45C8       0  CODE        2
                clrtext                        0022F0  00000C  0022FC      45E0       0  CODE        2
                inittext                       0022FC  00000C  002308      45F8       0  CODE        2
                text157                        002308  00000D  002315      4610       0  CODE        2
                text153                        002315  00000D  002322      462A       0  CODE        2
                text89                         002322  00000D  00232F      4644       0  CODE        2
                text9                          00232F  00000F  00233E      465E       0  CODE        2
                text7                          00233E  000010  00234E      467C       0  CODE        2
                text57                         00234E  000011  00235F      469C       0  CODE        2
                text111                        00235F  000012  002371      46BE       0  CODE        2
                text40                         002371  000013  002384      46E2       0  CODE        2
                text113                        002384  000014  002398      4708       0  CODE        2
                text109                        002398  000015  0023AD      4730       0  CODE        2
                text65                         0023AD  000015  0023C2      475A       0  CODE        2
                text160                        0023C2  000018  0023DA      4784       0  CODE        2
                text106                        0023DA  000018  0023F2      47B4       0  CODE        2
                text118                        0023F2  00001A  00240C      47E4       0  CODE        2
                text23                         00240C  00001B  002427      4818       0  CODE        2
                text166                        002427  00001C  002443      484E       0  CODE        2
                text10                         002443  00001C  00245F      4886       0  CODE        2
                text24                         00245F  00001D  00247C      48BE       0  CODE        2
                text165                        00247C  00001E  00249A      48F8       0  CODE        2
                text28                         00249A  00001E  0024B8      4934       0  CODE        2
                text26                         0024B8  00001E  0024D6      4970       0  CODE        2
                text121                        0024D6  000020  0024F6      49AC       0  CODE        2
                text119                        0024F6  000020  002516      49EC       0  CODE        2
                idataBANK4                     002516  000020  002536      4A2C       0  CODE        2
                text159                        002536  000021  002557      4A6C       0  CODE        2
                text105                        002557  000021  002578      4AAE       0  CODE        2
                text37                         002578  000022  00259A      4AF0       0  CODE        2
                text45                         00259A  000023  0025BD      4B34       0  CODE        2
                text125                        0025BD  000024  0025E1      4B7A       0  CODE        2
                text66                         0025E1  000024  002605      4BC2       0  CODE        2
                text59                         002605  000024  002629      4C0A       0  CODE        2
                text62                         002629  000025  00264E      4C52       0  CODE        2
                text70                         00264E  000026  002674      4C9C       0  CODE        2
                text22                         002674  000026  00269A      4CE8       0  CODE        2
                text162                        00269A  000029  0026C3      4D34       0  CODE        2
                text51                         0026C3  000029  0026EC      4D86       0  CODE        2
                text138                        0026EC  00002A  002716      4DD8       0  CODE        2
                text74                         002716  00002B  002741      4E2C       0  CODE        2
                text87                         002741  00002F  002770      4E82       0  CODE        2
                text108                        002770  000030  0027A0      4EE0       0  CODE        2
                text4                          0027A0  000030  0027D0      4F40       0  CODE        2
                text3                          0027D0  000030  002800      4FA0       0  CODE        2
                stringtext4                    002800  000245  002A45      5000       0  STRCODE     2
                config                         008007  000004  00800B     1000E       0  CONFIG      2


UNUSED ADDRESS RANGES

        Name                Unused          Largest block    Delta
        BANK0            0005F-0006F              11           1
        BANK1            000EF-000EF               1           1
        BANK10           00520-0056F              50           1
        BANK11           005A0-005EF              50           1
        BANK12           00620-0066F              50           1
        BANK13           006A0-006EF              50           1
        BANK14           00720-0076F              50           1
        BANK15           007A0-007EF              50           1
        BANK16           00820-0086F              50           1
        BANK17           008A0-008EF              50           1
        BANK18           00920-0096F              50           1
        BANK19           009A0-009EF              50           1
        BANK20           00A20-00A6F              50           1
        BANK21           00AA0-00AEF              50           1
        BANK22           00B20-00B6F              50           1
        BANK23           00BA0-00BEF              50           1
        BANK24           00C20-00C2F              10           1
        BANK3            001E5-001EF               B           1
        BANK4            0025C-0026F              14           1
        BANK5            002A0-002EF              50           1
        BANK6            00320-0036F              50           1
        BANK7            003A0-003EF              50           1
        BANK8            00420-0046F              50           1
        BANK9            004A0-004EF              50           1
        BIGRAM           02000-027EF             7F0           1
        CODE             0202E-02136             109           2
                         02A45-03FFF             800
        CONST            0202E-02136              D2           2
                         02A45-03FFF             100
        EEDATA           0F000-0F0FF             100           2
        ENTRY            0202E-02136              D2           2
                         02A45-03FFF             100
        IDLOC            08000-08003               4           2
        RAM              0005F-0006F              11           1
                         000EF-000EF               1
                         001E5-001EF               B
                         0025C-0026F              14
                         002A0-002EF              50
                         00320-0036F              50
                         003A0-003EF              50
                         00420-0046F              50
                         004A0-004EF              50
                         00520-0056F              50
                         005A0-005EF              50
                         00620-0066F              50
                         006A0-006EF              50
                         00720-0076F              50
                         007A0-007EF              50
                         00820-0086F              50
                         008A0-008EF              50
                         00920-0096F              50
                         009A0-009EF              50
                         00A20-00A6F              50
                         00AA0-00AEF              50
                         00B20-00B6F              50
                         00BA0-00BEF              50
                         00C20-00C2F              10
        SFR0             00000-0001F              20           1
        SFR1             00080-0009F              20           1
        SFR10            00500-0051F              20           1
        SFR11            00580-0059F              20           1
        SFR12            00600-0061F              20           1
        SFR13            00680-0069F              20           1
        SFR14            00700-0071F              20           1
        SFR15            00780-0079F              20           1
        SFR16            00800-0081F              20           1
        SFR17            00880-0089F              20           1
        SFR18            00900-0091F              20           1
        SFR19            00980-0099F              20           1
        SFR2             00100-0011F              20           1
        SFR20            00A00-00A1F              20           1
        SFR21            00A80-00A9F              20           1
        SFR22            00B00-00B1F              20           1
        SFR23            00B80-00B9F              20           1
        SFR24            00C00-00C1F              20           1
        SFR25            00C80-00C9F              20           1
        SFR26            00D00-00D6F              70           1
        SFR27            00D80-00DEF              70           1
        SFR28            00E00-00E6F              70           1
        SFR29            00E80-00EEF              70           1
        SFR3             00180-0019F              20           1
        SFR30            00F00-00F6F              70           1
        SFR31            00F80-00FEF              70           1
        SFR4             00200-0021F              20           1
        SFR5             00280-0029F              20           1
        SFR6             00300-0031F              20           1
        SFR7             00380-0039F              20           1
        SFR8             00400-0041F              20           1
        SFR9             00480-0049F              20           1
        STACK            0217C-0278F             614           1
        STRCODE          0202E-02136             109           2
                         02A45-03FFF            15BB
        STRING           0202E-02136              D2           2
                         02A45-03FFF             100

                                  Symbol Table

?_LED_getData                             cstackBANK1  000B5
?_LED_readConfig                          cstackBANK1  000C6
?_LED_testComm                            cstackBANK1  000CA
?___awdiv                                 cstackBANK0  00031
?___awtoft                                cstackBANK0  00039
?___ftadd                                 cstackBANK1  000A6
?___ftmul                                 cstackBANK0  0003F
?___ftpack                                cstackBANK0  00031
?___fttol                                 cstackBANK1  000AF
?___lldiv                                 cstackBANK0  00031
?___llmod                                 cstackBANK0  0003F
?___wmul                                  cstackBANK0  00031
?_atoi                                    cstackBANK0  00037
?_doMove                                  cstackBANK1  000BF
?_drv_read                                cstackBANK1  000B5
?_getActive                               cstackBANK1  000B5
?_getMoveMask                             cstackBANK1  000B5
?_getPosition                             cstackBANK1  000B5
?_printf                                  cstackBANK1  000A0
?_setActive                               cstackBANK1  000B5
?_setDrvGain                              cstackBANK1  000B5
?_setDrvPeak                              cstackBANK1  000B5
?_setDrvPiezoOnTime                       cstackBANK1  000BD
?_setHeaterPostTime                       cstackBANK1  000BD
?_setHeaterPreTime                        cstackBANK1  000BD
?_setHeaterToggle                         cstackBANK1  000B5
?_setLEDBrightnessRange                   cstackBANK1  000B5
?_setLEDPwr                               cstackBANK1  000B5
?_setMoveMask                             cstackBANK1  000B5
?_startAbsMove                            cstackBANK1  000B5
?_startRelMove                            cstackBANK1  000B5
?_stop                                    cstackBANK1  000B5
?_strchr                                  cstackBANK0  00031
?_strcspn                                 cstackBANK0  00038
?_stricmp                                 cstackBANK0  00033
?_strspn                                  cstackBANK0  00038
?_timedActiveHeatOn                       cstackBANK1  000B5
?_zeroPosition                            cstackBANK1  000B5
EUSART_Read@readValue                     cstackBANK0  00032
EUSART_Write@txData                       cstackBANK0  00032
LED_getData@j                             cstackBANK1  000C4
LED_getData@readData                      cstackBANK1  000C0
LED_getData@topOrBottom                   cstackBANK1  000B5
LED_readConfig@topOrBottom                cstackBANK1  000C6
LED_setBrightnessRange@LED_configReg      cstackBANK0  00048
LED_setBrightnessRange@range              cstackBANK0  00044
LED_setBrightnessRange@topOrBottom        cstackBANK0  00046
LED_testComm@oldConfigReg                 cstackBANK1  000CE
LED_testComm@readResult                   cstackBANK1  000CC
LED_testComm@topOrBottom                  cstackBANK1  000CA
LED_test_openshort@j                      cstackBANK1  000BA
LED_test_openshort@topOrBottom            cstackBANK1  000B7
LED_test_openshort@type                   cstackBANK1  000B5
LEDsOn@LEDpins                            cstackBANK0  00044
LEDsOn@topOrBottom                        cstackBANK0  00048
LEDsPwr@pwr                               cstackBANK0  00044
LEDsPwr@pwrAll                            cstackBANK1  000A0
LEDsPwr@topOrBottom                       cstackBANK0  00046
TMR0_Load8bitPeriod@periodVal             cstackBANK0  00031
TMR0_SetInterruptHandler@InterruptHandler cstackBANK0  00031
TMR0_Write8bitTimer@timerVal              cstackCOMMON 00070
TMR2_LoadPeriodRegister@periodVal         cstackBANK0  00031
TMR2_SetInterruptHandler@InterruptHandler cstackBANK0  00031
TMR2_WriteTimer@timerVal                  cstackCOMMON 00070
_ANSELA                                   (abs)        0018C
_ANSELB                                   (abs)        0018D
_ANSELC                                   (abs)        0018E
_BAUD1CON                                 (abs)        0019F
_EUSART_Initialize                        text118      023F2
_EUSART_Read                              text119      024F6
_EUSART_Receive_ISR                       text166      02427
_EUSART_Transmit_ISR                      text165      0247C
_EUSART_Write                             text62       02629
_INTCONbits                               (abs)        0000B
_INTERRUPT_InterruptManager               intentry     00004
_LATA                                     (abs)        0010C
_LATAbits                                 (abs)        0010C
_LATB                                     (abs)        0010D
_LATBbits                                 (abs)        0010D
[...]
 Registers used:
		wreg
 Tracked objects:
		On entry : 
		On exit  : 
		Unchanged: 
 Data sizes:     COMMON   BANK0   BANK1   BANK2   BANK3   BANK4   BANK5   BANK6   BANK7   BANK8   BANK9  BANK10  BANK11  BANK12  BANK13  BANK14  BANK15  BANK16  BANK17  BANK18  BANK19  BANK20  BANK21  BANK22  BANK23  BANK24  BANK25
      Params:         0       0       0       0       0       0       0       0       0       0       0       0       0       0       0       0       0       0       0       0       0       0       0       0       0       0       0
      Locals:         1       0       0       0       0       0       0       0       0       0       0       0       0       0       0       0       0       0       0       0       0       0       0       0       0       0       0
      Temps:          0       0       0       0       0       0       0       0       0       0       0       0       0       0       0       0       0       0       0       0       0       0       0       0       0       0       0
      Totals:         1       0       0       0       0       0       0       0       0       0       0       0       0       0       0       0       0       0       0       0       0       0       0       0       0       0       0
Total ram usage:        1 bytes
 Hardware stack levels used:    1
 This function calls:
		Nothing
 This function is called by:
		_TMR0_DefaultInterruptHandler
 This function uses a non-reentrant model


 *************** function _TMR0_StopTimer *****************
 Defined at:
		line 91 in file "mcc_generated_files/tmr0.c"
 Parameters:    Size  Location     Type
		None
 Auto vars:     Size  Location     Type
		None
 Return value:  Size  Location     Type
                  1    wreg      void 
 Registers used:
		None
 Tracked objects:
		On entry : 
		On exit  : 
		Unchanged: 
 Data sizes:     COMMON   BANK0   BANK1   BANK2   BANK3   BANK4   BANK5   BANK6   BANK7   BANK8   BANK9  BANK10  BANK11  BANK12  BANK13  BANK14  BANK15  BANK16  BANK17  BANK18  BANK19  BANK20  BANK21  BANK22  BANK23  BANK24  BANK25
      Params:         0       0       0       0       0       0       0       0       0       0       0       0       0       0       0       0       0       0       0       0       0       0       0       0       0       0       0
      Locals:         0       0       0       0       0       0       0       0       0       0       0       0       0       0       0       0       0       0       0       0       0       0       0       0       0       0       0
      Temps:          0       0       0       0       0       0       0       0       0       0       0       0       0       0       0       0       0       0       0       0       0       0       0       0       0       0       0
      Totals:         0       0       0       0       0       0       0       0       0       0       0       0       0       0       0       0       0       0       0       0       0       0       0       0       0       0       0
Total ram usage:        0 bytes
 Hardware stack levels used:    1
 This function calls:
		Nothing
 This function is called by:
		_TMR0_DefaultInterruptHandler
 This function uses a non-reentrant model


 *************** function _EUSART_Transmit_ISR *****************
 Defined at:
		line 161 in file "mcc_generated_files/eusart.c"
 Parameters:    Size  Location     Type
		None
 Auto vars:     Size  Location     Type
		None
 Return value:  Size  Location     Type
                  1    wreg      void 
 Registers used:
		wreg, fsr1l, fsr1h, status,2, status,0
 Tracked objects:
		On entry : 
		On exit  : 
		Unchanged: 
 Data sizes:     COMMON   BANK0   BANK1   BANK2   BANK3   BANK4   BANK5   BANK6   BANK7   BANK8   BANK9  BANK10  BANK11  BANK12  BANK13  BANK14  BANK15  BANK16  BANK17  BANK18  BANK19  BANK20  BANK21  BANK22  BANK23  BANK24  BANK25
      Params:         0       0       0       0       0       0       0       0       0       0       0       0       0       0       0       0       0       0       0       0       0       0       0       0       0       0       0
      Locals:         0       0       0       0       0       0       0       0       0       0       0       0       0       0       0       0       0       0       0       0       0       0       0       0       0       0       0
      Temps:          1       0       0       0       0       0       0       0       0       0       0       0       0       0       0       0       0       0       0       0       0       0       0       0       0       0       0
      Totals:         1       0       0       0       0       0       0       0       0       0       0       0       0       0       0       0       0       0       0       0       0       0       0       0       0       0       0
Total ram usage:        1 bytes
 Hardware stack levels used:    1
 This function calls:
		Nothing
 This function is called by:
		_INTERRUPT_InterruptManager
 This function uses a non-reentrant model


 *************** function _EUSART_Receive_ISR *****************
 Defined at:
		line 180 in file "mcc_generated_files/eusart.c"
 Parameters:    Size  Location     Type
		None
 Auto vars:     Size  Location     Type
		None
 Return value:  Size  Location     Type
                  1    wreg      void 
 Registers used:
		wreg, fsr1l, fsr1h, status,2, status,0
 Tracked objects:
		On entry : 
		On exit  : 
		Unchanged: 
 Data sizes:     COMMON   BANK0   BANK1   BANK2   BANK3   BANK4   BANK5   BANK6   BANK7   BANK8   BANK9  BANK10  BANK11  BANK12  BANK13  BANK14  BANK15  BANK16  BANK17  BANK18  BANK19  BANK20  BANK21  BANK22  BANK23  BANK24  BANK25
      Params:         0       0       0       0       0       0       0       0       0       0       0       0       0       0       0       0       0       0       0       0       0       0       0       0       0       0       0
      Locals:         0       0       0       0       0       0       0       0       0       0       0       0       0       0       0       0       0       0       0       0       0       0       0       0       0       0       0
      Temps:          1       0       0       0       0       0       0       0       0       0       0       0       0       0       0       0       0       0       0       0       0       0       0       0       0       0       0
      Totals:         1       0       0       0       0       0       0       0       0       0       0       0       0       0       0       0       0       0       0       0       0       0       0       0       0       0       0
Total ram usage:        1 bytes
 Hardware stack levels used:    1
 This function calls:
		Nothing
 This function is called by:
		_INTERRUPT_InterruptManager
 This function uses a non-reentrant model



MODULE INFORMATION

Module		Function		Class		Link	Load	Size
drv2665.c
		_drv_reset     		CODE           	2298	0000	11
		_fifo_check    		CODE           	234E	0000	18
		_drv_write     		CODE           	2605	0000	37
		_drv_write_DC  		CODE           	1C0F	0000	81
		_drv_read      		CODE           	1A00	0000	72
		_drv_init      		CODE           	1EBD	0000	100

drv2665.c estimated size: 319

LEDcomm.c
		_send_last_2bytes_IK		CODE           	1D56	0000	89
		_LED_setBrightnessRange		CODE           	0BDE	0000	223
		_LED_test_openshort		CODE           	1680	0000	125
		_send_2bytes_latchless_IK		CODE           	2770	0000	49
		_LEDsPwr       		CODE           	13D0	0000	101
		_LED_testComm  		CODE           	1607	0000	122
		_LEDsOn        		CODE           	2557	0000	34
		_send_2length_2bytes_IK		CODE           	23DA	0000	25
		_LED_getData   		CODE           	1779	0000	136
		_LED_readConfig		CODE           	26C3	0000	42

LEDcomm.c estimated size: 946

C:\Program Files (x86)\Microchip\xc8\v1.45\sources\common\float.c
		___ftpack      		CODE           	0804	0000	102

C:\Program Files (x86)\Microchip\xc8\v1.45\sources\common\float.c estimated size: 102

C:\Program Files (x86)\Microchip\xc8\v1.45\sources\common\doprnt.c
		_printf        		CODE           	0ECE	0000	307

C:\Program Files (x86)\Microchip\xc8\v1.45\sources\common\doprnt.c estimated size: 307

C:\Program Files (x86)\Microchip\xc8\v1.45\sources\common\strspn.c
		_strspn        		CODE           	27D0	0000	49

C:\Program Files (x86)\Microchip\xc8\v1.45\sources\common\strspn.c estimated size: 49

mcc_generated_files/tmr2.c
		_TMR2_ISR      		CODE           	2315	0000	14
		_TMR2_LoadPeriodRegister		CODE           	21B7	0000	6
		_TMR2_Initialize		CODE           	235F	0000	19
		_TMR2_SetInterruptHandler		CODE           	2256	0000	10
		_TMR2_StopTimer		CODE           	213C	0000	4
		_TMR2_DefaultInterruptHandler		CODE           	2244	0000	10
		_TMR2_WriteTimer		CODE           	21A3	0000	6
		_TMR2_StartTimer		CODE           	215A	0000	4

mcc_generated_files/tmr2.c estimated size: 73

mcc_generated_files/interrupt_manager.c
		_INTERRUPT_InterruptManager		CODE           	0004	0000	77

mcc_generated_files/interrupt_manager.c estimated size: 77

C:\Program Files (x86)\Microchip\xc8\v1.45\sources\common\Umul16.c
		___wmul        		CODE           	2443	0000	29

C:\Program Files (x86)\Microchip\xc8\v1.45\sources\common\Umul16.c estimated size: 29

mcc_generated_files/tmr0.c
		_TMR0_Load8bitPeriod		CODE           	21B2	0000	6
		_TMR0_SetInterruptHandler		CODE           	224D	0000	10
		_TMR0_StopTimer		CODE           	2139	0000	4
		_TMR0_Write8bitTimer		CODE           	219E	0000	6
		_TMR0_DefaultInterruptHandler		CODE           	1881	0000	56
		_TMR0_StartTimer		CODE           	2157	0000	4
		_TMR0_ISR      		CODE           	2308	0000	14
		_TMR0_Initialize		CODE           	2384	0000	21

mcc_generated_files/tmr0.c estimated size: 121

C:\Program Files (x86)\Microchip\xc8\v1.45\sources\common\strcspn.c
		_strcspn       		CODE           	27A0	0000	49

C:\Program Files (x86)\Microchip\xc8\v1.45\sources\common\strcspn.c estimated size: 49

mcc_generated_files/pin_manager.c
		_PIN_MANAGER_Initialize		CODE           	181A	0000	52

mcc_generated_files/pin_manager.c estimated size: 52

C:\Program Files (x86)\Microchip\xc8\v1.45\sources\common\isdigit.c
		_isdigit       		CODE           	232F	0000	16

C:\Program Files (x86)\Microchip\xc8\v1.45\sources\common\isdigit.c estimated size: 16

C:\Program Files (x86)\Microchip\xc8\v1.45\sources\common\ftmul.c
		___ftmul       		CODE           	0CBC	0000	226

C:\Program Files (x86)\Microchip\xc8\v1.45\sources\common\ftmul.c estimated size: 226

C:\Program Files (x86)\Microchip\xc8\v1.45\sources\common\llmod.c
		___llmod       		CODE           	1936	0000	68

C:\Program Files (x86)\Microchip\xc8\v1.45\sources\common\llmod.c estimated size: 68

C:\Program Files (x86)\Microchip\xc8\v1.45\sources\common\atoi.c
		_atoi          		CODE           	1F8F	0000	114

C:\Program Files (x86)\Microchip\xc8\v1.45\sources\common\atoi.c estimated size: 114

C:\Program Files (x86)\Microchip\xc8\v1.45\sources\common\strtok.c
		_strtok        		CODE           	1A90	0000	76

C:\Program Files (x86)\Microchip\xc8\v1.45\sources\common\strtok.c estimated size: 76

C:\Program Files (x86)\Microchip\xc8\v1.45\sources\common\stricmp.c
		_stricmp       		CODE           	184D	0000	53

C:\Program Files (x86)\Microchip\xc8\v1.45\sources\common\stricmp.c estimated size: 53

shared
		i1_returnReset 		CODE           	07FE	0000	3
		i1_do_I2C_SEND_ADR_READ		CODE           	21F4	0000	9
		i1_do_I2C_DO_NACK_STOP		CODE           	218E	0000	5
		i1_mssp1_clearIRQ		CODE           	2154	0000	4
		i1_do_I2C_SEND_RESTART		CODE           	2182	0000	5
		drv2665@drv_fifo_sine		STRCODE        	10F4	0000	245
		i1_do_I2C_TX_EMPTY		CODE           	26EC	0000	43
		_dpowers       		STRCODE        	2800	0000	41
		i1_do_I2C_DO_NACK_RESTART		CODE           	2192	0000	5
		i1_send_2bytes_latchless_IK		CODE           	269A	0000	42
		i1_do_I2C_SEND_RESTART_READ		CODE           	217A	0000	5
		i1_do_I2C_DO_ADDRESS_NACK		CODE           	25BD	0000	37
		i1_do_I2C_RX   		CODE           	18B8	0000	64
		i1_do_I2C_TX   		CODE           	1BC1	0000	79
		_drv_sine      		STRCODE        	0000	0000	0
		_LEDpower      		STRCODE        	2A3C	0000	3
		i1_i2c_ISR     		CODE           	24D6	0000	33
		i1_i2c1_driver_sendNACK		CODE           	2176	0000	5
		i1_do_I2C_IDLE 		CODE           	21AD	0000	6
		i1_do_I2C_RCEN 		CODE           	21BC	0000	7
		i1_i2c1_driver_isNACK		CODE           	22D8	0000	13
		__initialization		CODE           	0052	0000	112
		i1_LEDsOn      		CODE           	2536	0000	34
		i1_mssp1_setIRQ		CODE           	2151	0000	4
		i1_i2c1_driver_restart		CODE           	2145	0000	4
		i1_i2c1_driver_stop		CODE           	2148	0000	4
		_TMR0_RANGE    		STRCODE        	2A33	0000	4
		i1_do_I2C_RESET		CODE           	21E6	0000	8
		i1_i2c1_driver_startRX		CODE           	214B	0000	4
		i1_i2c1_driver_resetBus		CODE           	2137	0000	2
		i1_i2c1_driver_sendACK		CODE           	2172	0000	5
		_TMR2_RANGE    		STRCODE        	2A30	0000	4
		i1_do_I2C_SEND_RESTART_WRITE		CODE           	217E	0000	5
		_drv_address   		STRCODE        	2A44	0000	2
		drv2665@drv_sine		STRCODE        	11E8	0000	243
		i1_do_I2C_DO_ACK		CODE           	218A	0000	5
		i1_do_I2C_SEND_ADR_WRITE		CODE           	21ED	0000	8
		i1_i2c1_driver_getRXData		CODE           	214E	0000	4
		_drv_fifo_sine 		STRCODE        	0000	0000	0
		i1_send_2length_2bytes_IK		CODE           	23C2	0000	25
		i1_do_I2C_SEND_STOP		CODE           	2186	0000	5
		i1_i2c1_driver_TXData		CODE           	21A8	0000	6
		sin@coeff_a    		STRCODE        	0000	0000	0
		sin@coeff_b    		STRCODE        	0000	0000	0
		i1_returnStop  		CODE           	0002	0000	3
		i1_send_last_2bytes_IK		CODE           	1A47	0000	74

shared estimated size: 1219

mcc_generated_files/mcc.c
		_WDT_Initialize		CODE           	2196	0000	5
		_PMD_Initialize		CODE           	21FC	0000	9
		_OSCILLATOR_Initialize		CODE           	227A	0000	11
		_SYSTEM_Initialize		CODE           	2398	0000	22

mcc_generated_files/mcc.c estimated size: 47

C:\Program Files (x86)\Microchip\xc8\v1.45\sources\common\fttol.c
		___fttol       		CODE           	0869	0000	136

C:\Program Files (x86)\Microchip\xc8\v1.45\sources\common\fttol.c estimated size: 136

C:\Program Files (x86)\Microchip\xc8\v1.45\sources\common\awtoft.c
		___awtoft      		CODE           	2578	0000	35

C:\Program Files (x86)\Microchip\xc8\v1.45\sources\common\awtoft.c estimated size: 35

mcc_generated_files/drivers/i2c_master.c
		_returnStop    		CODE           	21C2	0000	7
		_i2c_setBuffer 		CODE           	23AD	0000	22
		_i2c_busCollisionISR		CODE           	2142	0000	4
		_i2c_ISR       		CODE           	264E	0000	39
		_i2c_setAddress		CODE           	223C	0000	9
		_i2c_masterOperation		CODE           	25E1	0000	37
		_do_I2C_TX_EMPTY		CODE           	2741	0000	48
		_returnReset   		CODE           	21C8	0000	7
		_do_I2C_SEND_RESTART_WRITE		CODE           	220C	0000	9
		_i2c_poller    		CODE           	22CD	0000	12
		_do_I2C_DO_NACK_RESTART		CODE           	2234	0000	9
		_do_I2C_SEND_RESTART_READ		CODE           	2204	0000	9
		_do_I2C_SEND_ADR_WRITE		CODE           	22B7	0000	12
		_do_I2C_SEND_STOP		CODE           	221C	0000	9
		_i2c_open      		CODE           	1ADB	0000	77
		_do_I2C_SEND_ADR_READ		CODE           	22E4	0000	13
		_do_I2C_DO_NACK_STOP		CODE           	222C	0000	9
		_do_I2C_SEND_RESTART		CODE           	2214	0000	9
		_do_I2C_RX     		CODE           	19BC	0000	69
		_do_I2C_TX     		CODE           	1DAE	0000	90
		_do_I2C_IDLE   		CODE           	225F	0000	10
		_do_I2C_RCEN   		CODE           	2284	0000	11
		_do_I2C_DO_ADDRESS_NACK		CODE           	2716	0000	44
		_do_I2C_RESET  		CODE           	22AC	0000	12
		_do_I2C_DO_ACK 		CODE           	2224	0000	9

mcc_generated_files/drivers/i2c_master.c estimated size: 586

C:\Program Files (x86)\Microchip\xc8\v1.45\sources\common\awdiv.c
		___awdiv       		CODE           	1C5F	0000	83

C:\Program Files (x86)\Microchip\xc8\v1.45\sources\common\awdiv.c estimated size: 83

C:\Program Files (x86)\Microchip\xc8\v1.45\sources\common\ftadd.c
		___ftadd       		CODE           	06E4	0000	283

C:\Program Files (x86)\Microchip\xc8\v1.45\sources\common\ftadd.c estimated size: 283

mcc_generated_files/i2c1_driver.c
		_mssp1_waitForEvent		CODE           	22C2	0000	12
		_i2c1_driver_open		CODE           	22A2	0000	11
		_i2c1_driver_isNACK		CODE           	2322	0000	14
		_i2c1_driver_stop		CODE           	2163	0000	4
		_i2c1_driver_getRXData		CODE           	2169	0000	4
		_i2c1_driver_TXData		CODE           	21CE	0000	7
		_i2c1_driver_setBusCollisionISR		CODE           	2268	0000	10
		_i2c1_driver_start		CODE           	215D	0000	4
		_i2c1_driver_sendACK		CODE           	219A	0000	5
		_mssp1_setIRQ  		CODE           	216C	0000	4
		_i2c1_driver_sendNACK		CODE           	13CC	0000	5
		_i2c1_driver_restart		CODE           	2160	0000	4
		_i2c1_driver_resetBus		CODE           	2138	0000	2
		_i2c1_driver_clearBusCollision		CODE           	213F	0000	4
		_mssp1_clearIRQ		CODE           	216F	0000	4
		_i2c1_driver_startRX		CODE           	2166	0000	4
		_i2c1_driver_setI2cISR		CODE           	2271	0000	10
		_mssp1_IRQisEnabled		CODE           	228E	0000	11

mcc_generated_files/i2c1_driver.c estimated size: 119

C:\Program Files (x86)\Microchip\xc8\v1.45\sources\common\toupper.c
		_toupper       		CODE           	233E	0000	17

C:\Program Files (x86)\Microchip\xc8\v1.45\sources\common\toupper.c estimated size: 17

C:\Program Files (x86)\Microchip\xc8\v1.45\sources\common\lldiv.c
		___lldiv       		CODE           	1D03	0000	84

C:\Program Files (x86)\Microchip\xc8\v1.45\sources\common\lldiv.c estimated size: 84

mcc_generated_files/eusart.c
		_putch         		CODE           	21D4	0000	7
		_EUSART_Read   		CODE           	24F6	0000	33
		_EUSART_Write  		CODE           	2629	0000	38
		_EUSART_Transmit_ISR		CODE           	247C	0000	31
		_EUSART_Initialize		CODE           	23F2	0000	27
		_EUSART_Receive_ISR		CODE           	2427	0000	29

mcc_generated_files/eusart.c estimated size: 165

main.c
		_main_initialize		CODE           	0B01	0000	222
		_getActive     		CODE           	1B27	0000	78
		_zeroPosition  		CODE           	151C	0000	118
		_getPosition   		CODE           	18F7	0000	64
		_getMoveMask   		CODE           	1B74	0000	78
		_doRelMove     		CODE           	0D9D	0000	306
		_stop          		CODE           	2674	0000	39
		_setActive     		CODE           	1591	0000	119
		_setMoveMask   		CODE           	1434	0000	116
		_main          		CODE           	1F20	0000	112
		_setHeaterPreTime		CODE           	1E62	0000	92
		_setLEDPwr     		CODE           	24B8	0000	31
		_commCheck     		CODE           	0A3A	0000	200
		_setDrvGain    		CODE           	1979	0000	68
		_doAbsMove     		CODE           	00C5	0000	692
		_setHeaterPostTime		CODE           	1CB1	0000	83
		_doMove        		CODE           	0988	0000	179
		_startRelMove  		CODE           	240C	0000	28
		_calcHeaterPins		CODE           	14A7	0000	118
		_setDrvPeak    		CODE           	2371	0000	20
		_startAbsMove  		CODE           	245F	0000	30
		_setDrvPiezoOnTime		CODE           	1E07	0000	92
		_setHeaterToggle		CODE           	16FC	0000	126
		_timedActiveHeatOn		CODE           	08F0	0000	153
		_getMotionStatus		CODE           	259A	0000	36
		_setLEDBrightnessRange		CODE           	249A	0000	31

main.c estimated size: 3231

cmd_parser.c
		_execCmd       		CODE           	0378	0000	459
		_parseCmd      		CODE           	0542	0000	419

cmd_parser.c estimated size: 878

C:\Program Files (x86)\Microchip\xc8\v1.45\sources\common\strchr.c
		_strchr        		CODE           	1800	0000	27

C:\Program Files (x86)\Microchip\xc8\v1.45\sources\common\strchr.c estimated size: 27

