Microchip MPLAB XC8 Compiler V1.45 ()

Linker command line:

-W-3 --edf=C:\Program Files (x86)\Microchip\xc8\v1.45\dat\en_msgs.txt -cs \
  -h+dist/default/production\udrive_code.production.sym \
  --cmf=dist/default/production\udrive_code.production.cmf -z -Q16F18346 \
  -oC:\Users\kolbi\AppData\Local\Temp\sdtg.2 \
  -Mdist/default/production/udrive_code.production.map -E1 -ver=XC8 \
  -ASTACK=0217Ch-0278fh -pstack=STACK -ACODE=00h-07FFhx8 \
  -ASTRCODE=00h-03FFFh -ASTRING=00h-0FFhx64 -ACONST=00h-0FFhx64 \
  -AENTRY=00h-0FFhx64 -ACOMMON=070h-07Fh -ABANK0=020h-06Fh \
  -ABANK1=0A0h-0EFh -ABANK2=0120h-016Fh -ABANK3=01A0h-01EFh \
  -ABANK4=0220h-026Fh -ABANK5=02A0h-02EFh -ABANK6=0320h-036Fh \
  -ABANK7=03A0h-03EFh -ABANK8=0420h-046Fh -ABANK9=04A0h-04EFh \
  -ABANK10=0520h-056Fh -ABANK11=05A0h-05EFh -ABANK12=0620h-066Fh \
  -ABANK13=06A0h-06EFh -ABANK14=0720h-076Fh -ABANK15=07A0h-07EFh \
  -ABANK16=0820h-086Fh -ABANK17=08A0h-08EFh -ABANK18=0920h-096Fh \
  -ABANK19=09A0h-09EFh -ABANK20=0A20h-0A6Fh -ABANK21=0AA0h-0AEFh \
  -ABANK22=0B20h-0B6Fh -ABANK23=0BA0h-0BEFh -ABANK24=0C20h-0C6Fh \
  -ABANK25=0CA0h-0CBFh -ABIGRAM=02000h-027EFh \
  -ARAM=020h-06Fh,0A0h-0EFh,0120h-016Fh,01A0h-01EFh,0220h-026Fh,02A0h-02EFh,0320h-036Fh,03A0h-03EFh,0420h-046Fh,04A0h-04EFh,0520h-056Fh,05A0h-05EFh,0620h-066Fh,06A0h-06EFh,0720h-076Fh,07A0h-07EFh,0820h-086Fh,08A0h-08EFh,0920h-096Fh,09A0h-09EFh,0A20h-0A6Fh,0AA0h-0AEFh,0B20h-0B6Fh,0BA0h-0BEFh,0C20h-0C6Fh,0CA0h-0CBFh \
  -AABS1=020h-07Fh,0A0h-0EFh,0120h-016Fh,01A0h-01EFh,0220h-026Fh,02A0h-02EFh,0320h-036Fh,03A0h-03EFh,0420h-046Fh,04A0h-04EFh,0520h-056Fh,05A0h-05EFh,0620h-066Fh,06A0h-06EFh,0720h-076Fh,07A0h-07EFh,0820h-086Fh,08A0h-08EFh,0920h-096Fh,09A0h-09EFh,0A20h-0A6Fh,0AA0h-0AEFh,0B20h-0B6Fh,0BA0h-0BEFh,0C20h-0C6Fh,0CA0h-0CBFh \
  -ASFR0=00h-01Fh -ASFR1=080h-09Fh -ASFR2=0100h-011Fh -ASFR3=0180h-019Fh \
  -ASFR4=0200h-021Fh -ASFR5=0280h-029Fh -ASFR6=0300h-031Fh \
  -ASFR7=0380h-039Fh -ASFR8=0400h-041Fh -ASFR9=0480h-049Fh \
  -ASFR10=0500h-051Fh -ASFR11=0580h-059Fh -ASFR12=0600h-061Fh \
  -ASFR13=0680h-069Fh -ASFR14=0700h-071Fh -ASFR15=0780h-079Fh \
  -ASFR16=0800h-081Fh -ASFR17=0880h-089Fh -ASFR18=0900h-091Fh \
  -ASFR19=0980h-099Fh -ASFR20=0A00h-0A1Fh -ASFR21=0A80h-0A9Fh \
  -ASFR22=0B00h-0B1Fh -ASFR23=0B80h-0B9Fh -ASFR24=0C00h-0C1Fh \
  -ASFR25=0C80h-0C9Fh -ASFR26=0D00h-0D6Fh -ASFR27=0D80h-0DEFh \
  -ASFR28=0E00h-0E6Fh -ASFR29=0E80h-0EEFh -ASFR30=0F00h-0F6Fh \
  -ASFR31=0F80h-0FEFh -preset_vec=00h,intentry=04h,init,end_init \
  -ppowerup=CODE -pcinit=CODE -pfunctab=ENTRY -ACONFIG=08007h-0800Ah \
  -pconfig=CONFIG -DCONFIG=2 -AIDLOC=08000h-08003h -pidloc=IDLOC -DIDLOC=2 \
  -AEEDATA=00h-0FFh/0F000h -peeprom_data=EEDATA -DEEDATA=2 -DCODE=2 \
  -DSTRCODE=2 -DSTRING=2 -DCONST=2 -DENTRY=2 -k \
  C:\Users\kolbi\AppData\Local\Temp\sdtg.obj \
  dist/default/production\udrive_code.production.obj 

Object code version is 3.11

Machine type is 16F18346



                Name                               Link     Load   Length Selector   Space Scale
C:\Users\kolbi\AppData\Local\Temp\sdtg.obj
                end_init                             50       50        2        8       0
                reset_vec                             0        0        2        0       0
                config                             8007     8007        4    1000E       0
dist/default/production\udrive_code.production.obj
                cinit                                52       52       6E        8       0
                intentry                              4        4       4C        8       0
                text165                            247D     247D       1C     48FA       0
                text164                            24D2     24D2       1E     49A4       0
                text163                            219E     219E        3     433C       0
                text162                            220B     220B        5     4416       0
                text161                            26CA     26CA       29     4D94       0
                text160                            1A5E     1A5E       49     34BC       0
                text159                            23FE     23FE       18     47FC       0
                text158                            258C     258C       21     4B18       0
                text157                            1898     1898       37     3130       0
                text156                            2359     2359        D     46B2       0
                text155                            21A1     21A1        3     4342       0
                text154                            2210     2210        5     4420       0
                text153                            22AB     22AB        9     4556       0
                text152                            2366     2366        D     46CC       0
                text151                            21A4     21A4        3     4348       0
                text150                            21A7     21A7        3     434E       0
                text149                            21D7     21D7        4     43AE       0
                text148                            21AA     21AA        3     4354       0
                text147                            21AD     21AD        3     435A       0
                text146                            219A     219A        2     4334       0
                text145                            219C     219C        2     4338       0
                text144                            21B0     21B0        3     4360       0
                text143                            2199     2199        1     4332       0
                text142                            21DB     21DB        4     43B6       0
                text141                            21B3     21B3        3     4366       0
                text140                            2215     2215        5     442A       0
                text139                            2329     2329        C     4652       0
                text138                            21B6     21B6        3     436C       0
                text137                            271C     271C       2A     4E38       0
                text136                            224D     224D        7     449A       0
                text135                            221A     221A        5     4434       0
                text134                            21DF     21DF        4     43BE       0
                text133                            21E3     21E3        4     43C6       0
                text132                            21E7     21E7        4     43CE       0
                text131                            21EB     21EB        4     43D6       0
                text130                            225B     225B        8     44B6       0
                text129                            2254     2254        7     44A8       0
                text128                            2229     2229        6     4452       0
                text127                            21EF     21EF        4     43DE       0
                text126                            21F3     21F3        4     43E6       0
                text125                            21F7     21F7        4     43EE       0
                text124                            2613     2613       24     4C26       0
                text123                            1BD8     1BD8       4E     37B0       0
                text122                            18CF     18CF       3F     319E       0
                text121                            21B9     21B9        3     4372       0
                text120                            252C     252C       20     4A58       0
                text118                            254C     254C       20     4A98       0
                text117                            242E     242E       1A     485C       0
                text116                            22E1     22E1        A     45C2       0
                text115                            1831     1831       33     3062       0
                text114                            2263     2263        8     44C6       0
                text113                            22B4     22B4        9     4568       0
                text112                            23D5     23D5       14     47AA       0
                text111                            22BD     22BD        9     457A       0
                text110                            23B0     23B0       12     4760       0
                text109                            21FB     21FB        4     43F6       0
                text108                            23E9     23E9       15     47D2       0
                text107                            27A0     27A0       30     4F40       0
                text106                            1D6D     1D6D       58     3ADA       0
                text105                            2416     2416       18     482C       0
                text104                            25AD     25AD       21     4B5A       0
                text103                            21BC     21BC        3     4378       0
                text102                            21BF     21BF        3     437E       0
                text101                            1615     1615       79     2C2A       0
                text100                            1C76     1C76       52     38EC       0
                text99                             21C2     21C2        3     4384       0
                text98                             21FF     21FF        4     43FE       0
                text97                             21C5     21C5        3     438A       0
                text96                             21C8     21C8        3     4390       0
                text95                             222F     222F        6     445E       0
                text94                             2235     2235        6     446A       0
                text93                             21CB     21CB        3     4396       0
                text92                             1800     1800        1     2F06       0
                text91                             2203     2203        4     4406       0
                text90                             21CE     21CE        3     439C       0
                text89                             223B     223B        6     4476       0
                text88                             2373     2373        D     46E6       0
                text87                             21D1     21D1        3     43A2       0
                text86                             2771     2771       2F     4EE2       0
                text85                             2313     2313        B     4626       0
                text84                             22C6     22C6        9     458C       0
                text83                             226B     226B        8     44D6       0
                text82                             2273     2273        8     44E6       0
                text81                             227B     227B        8     44F6       0
                text80                             2283     2283        8     4506       0
                text79                             2335     2335        C     466A       0
                text78                             231E     231E        B     463C       0
                text77                             22EB     22EB        A     45D6       0
                text76                             228B     228B        8     4516       0
                text75                             2293     2293        8     4526       0
                text74                             229B     229B        8     4536       0
                text73                             2746     2746       2B     4E8C       0
                text72                             1DC5     1DC5       59     3B8A       0
                text71                             19D3     19D3       44     33A6       0
                text70                             21D4     21D4        3     43A8       0
                text69                             26A4     26A4       26     4D48       0
                text68                             13CC     13CC        B     2798       0
                text67                              800      800        B        8       0
                text66                             22F5     22F5        A     45EA       0
                text65                             2637     2637       24     4C6E       0
                text64                              7EB      7EB       15        8       0
                text63                             1D1A     1D1A       53     3A34       0
                text62                             194D     194D       43     329A       0
                text61                             267F     267F       25     4CFE       0
                text60                             2241     2241        6     4482       0
                text59                              ECE      ECE      132     1D9C       0
                text58                             265B     265B       24     4CB6       0
                text57                             1A17     1A17       47     342E       0
                text56                             239F     239F       11     473E       0
                text55                             1C26     1C26       50     384C       0
                text54                              919      919       89     1232       0
                text53                               C0       C0      2B0        8       0
                text52                              D9D      D9D      131     1B3A       0
                text51                              80B      80B       87     1016       0
                text50                             26F3     26F3       29     4DE6       0
                text49                              BDE      BDE       DE     17BC       0
                text48                             168E     168E       79     2D1C       0
                text47                             1707     1707       7C     2E0E       0
                text46                              A3A      A3A       C7     1474       0
                text45                             1B3E     1B3E       4D     367C       0
                text44                             25F0     25F0       23     4BE0       0
                text43                             1B8B     1B8B       4D     3716       0
                text42                             190E     190E       3F     321C       0
                text41                             159F     159F       76     2B3E       0
                text40                             1990     1990       43     3320       0
                text39                             23C2     23C2       13     4784       0
                text38                             221F     221F        5     443E       0
                text37                             1F9B     1F9B       65     3F36       0
                text36                             25CE     25CE       22     4B9C       0
                text35                              6D1      6D1      11A        8       0
                text34                              CBC      CBC       E1     1978       0
                text33                              892      892       87     1124       0
                text32                             1E1E     1E1E       5B     3C3C       0
                text31                             2224     2224        5     4448       0
                text30                             1CC8     1CC8       52     3990       0
                text29                             1E79     1E79       5B     3CF2       0
                text28                             1783     1783       7D     2F06       0
                text27                             24F0     24F0       1E     49E0       0
                text26                             1F37     1F37       64     3E6E       0
                text25                             250E     250E       1E     4A1C       0
                text24                             14B7     14B7       73     296E       0
                text23                             24B5     24B5       1D     496A       0
                text22                             2462     2462       1B     48C4       0
                text21                              9A2      9A2       98     1344       0
                text20                             152A     152A       75     2A54       0
                swtext1                            2000     2000       2C     4000       0
                text19                              370      370      1BF        8       0
                text18                             22FF     22FF        A     45FE       0
                text17                             2309     2309        A     4612       0
                text16                             22CF     22CF        9     459E       0
                text15                             22D8     22D8        9     45B0       0
                text14                             1AF2     1AF2       4C     35E4       0
                text13                             22A3     22A3        8     4546       0
                text12                             1ED4     1ED4       63     3DA8       0
                text11                              B01      B01       DD     1602       0
                text10                             2499     2499       1C     4932       0
                text9                              2380     2380        F     4700       0
                text8                              1446     1446       71     288C       0
                text7                              238F     238F       10     471E       0
                text6                              1864     1864       34     30C8       0
                text5                              2448     2448       1A     4890       0
                text4                              27D0     27D0       30     4FA0       0
                text3                              1801     1801       30     3002       0
                text2                              1AA7     1AA7       4B     354E       0
                text1                               52F      52F      1A2        8       0
                maintext                           13D7     13D7       6F     27AE       0
                cstackBANK0                          20       20       2E       20       1
                cstackCOMMON                         70       70        D       70       1
                cstackBANK1                          A0       A0       39       A0       1
                cstackBANK4                         240      240       1C      220       1
                clrtext                            2341     2341        C     4682       0
                inittext                           234D     234D        C     469A       0
                dataBANK4                           220      220       20      220       1
                bssBANK3                            1A0      1A0       39      1A0       1
                dataBANK2                           16E      16E        2      120       1
                bssBANK2                            120      120       4C      120       1
                dataBANK1                            E9       E9        6       A0       1
                bssBANK1                             D9       D9       10       A0       1
                dataBANK0                            5A       5A        4       20       1
                bssBANK0                             4E       4E        C       20       1
                bssCOMMON                            7D       7D        1       70       1
                stringtext60                       2A65     2A65        2     5000       0
                stringtext59                       2A63     2A63        2     5000       0
                stringtext58                       2A61     2A61        2     5000       0
                stringtext57                       2A5C     2A5C        3     5000       0
                stringtext56                       2A59     2A59        3     5000       0
                stringtext55                       2A4F     2A4F        4     5000       0
                stringtext54                       2A4B     2A4B        4     5000       0
                stringtext53                       2A47     2A47        4     5000       0
                stringtext52                       2A43     2A43        4     5000       0
                stringtext51                       2A3F     2A3F        4     5000       0
                stringtext50                       2A3A     2A3A        5     5000       0
                stringtext49                       2A35     2A35        5     5000       0
                stringtext48                       2A30     2A30        5     5000       0
                stringtext47                       2A2B     2A2B        5     5000       0
                stringtext46                       2A26     2A26        5     5000       0
                stringtext45                       2A21     2A21        5     5000       0
                stringtext44                       2A1A     2A1A        7     5000       0
                stringtext43                       2A13     2A13        7     5000       0
                stringtext42                       2A0B     2A0B        8     5000       0
                stringtext41                       2A03     2A03        8     5000       0
                stringtext40                       29FB     29FB        8     5000       0
                stringtext39                       29F3     29F3        8     5000       0
                stringtext38                       29EB     29EB        8     5000       0
                stringtext37                       29E3     29E3        8     5000       0
                stringtext36                       29DB     29DB        8     5000       0
                stringtext35                       29D3     29D3        8     5000       0
                stringtext34                       29CA     29CA        9     5000       0
                stringtext33                       29C1     29C1        9     5000       0
                stringtext32                       29B6     29B6        B     5000       0
                stringtext31                       29AB     29AB        B     5000       0
                stringtext30                       29A0     29A0        B     5000       0
                stringtext29                       2994     2994        C     5000       0
                stringtext28                       297B     297B        D     5000       0
                stringtext27                       296D     296D        E     5000       0
                stringtext26                       295E     295E        F     5000       0
                stringtext25                       294F     294F        F     5000       0
                stringtext24                       2930     2930       10     5000       0
                stringtext23                       2920     2920       10     5000       0
                stringtext22                       2910     2910       10     5000       0
                stringtext21                       28FF     28FF       11     5000       0
                stringtext20                       28EE     28EE       11     5000       0
                stringtext19                       28DD     28DD       11     5000       0
                stringtext18                       28CB     28CB       12     5000       0
                stringtext17                       28B4     28B4       17     5000       0
                stringtext16                       289B     289B       19     5000       0
                stringtext15                       2881     2881       1A     5000       0
                stringtext14                       2865     2865       1C     5000       0
                stringtext13                       2847     2847       1E     5000       0
                stringtext12                       2828     2828       1F     5000       0
                nvBANK3                             1D9      1D9        2      1A0       1
                nvBANK2                             16C      16C        2      120       1
                nvBANK0                              5E       5E        1       20       1
                stringtext11                       2988     2988        C     5000       0
                stringtext10                       2940     2940        F     5000       0
                stringtext9                        10F4     10F4       F4     2000       0
                stringtext8                        2A67     2A67        1     5000       0
                stringtext7                        2A5F     2A5F        2     5000       0
                stringtext6                        2A56     2A56        3     5000       0
                stringtext5                        2A53     2A53        3     5000       0
                stringtext4                        2800     2800       28     5000       0
                stringtext3                        12DA     12DA       F2     2000       0
                stringtext2                        11E8     11E8       F2     2000       0
                stringtext1                        1000     1000       F4     2000       0
                idataBANK4                         256C     256C       20     4AD8       0
                idataBANK2                            2        2        2        0       0
                idataBANK1                         2247     2247        6     448E       0
                idataBANK0                         2207     2207        4     440E       0

TOTAL           Name                               Link     Load   Length     Space
        CLASS   STACK          

        CLASS   CODE           
                end_init                             50       50        2         0
                cinit                                52       52       6E         0
                intentry                              4        4       4C         0
                reset_vec                             0        0        2         0
                text165                            247D     247D       1C         0
                text164                            24D2     24D2       1E         0
                text163                            219E     219E        3         0
                text162                            220B     220B        5         0
                text161                            26CA     26CA       29         0
                text160                            1A5E     1A5E       49         0
                text159                            23FE     23FE       18         0
                text158                            258C     258C       21         0
                text157                            1898     1898       37         0
                text156                            2359     2359        D         0
                text155                            21A1     21A1        3         0
                text154                            2210     2210        5         0
                text153                            22AB     22AB        9         0
                text152                            2366     2366        D         0
                text151                            21A4     21A4        3         0
                text150                            21A7     21A7        3         0
                text149                            21D7     21D7        4         0
                text148                            21AA     21AA        3         0
                text147                            21AD     21AD        3         0
                text146                            219A     219A        2         0
                text145                            219C     219C        2         0
                text144                            21B0     21B0        3         0
                text143                            2199     2199        1         0
                text142                            21DB     21DB        4         0
                text141                            21B3     21B3        3         0
                text140                            2215     2215        5         0
                text139                            2329     2329        C         0
                text138                            21B6     21B6        3         0
                text137                            271C     271C       2A         0
                text136                            224D     224D        7         0
                text135                            221A     221A        5         0
                text134                            21DF     21DF        4         0
                text133                            21E3     21E3        4         0
                text132                            21E7     21E7        4         0
                text131                            21EB     21EB        4         0
                text130                            225B     225B        8         0
                text129                            2254     2254        7         0
                text128                            2229     2229        6         0
                text127                            21EF     21EF        4         0
                text126                            21F3     21F3        4         0
                text125                            21F7     21F7        4         0
                text124                            2613     2613       24         0
                text123                            1BD8     1BD8       4E         0
                text122                            18CF     18CF       3F         0
                text121                            21B9     21B9        3         0
                text120                            252C     252C       20         0
                text118                            254C     254C       20         0
                text117                            242E     242E       1A         0
                text116                            22E1     22E1        A         0
                text115                            1831     1831       33         0
                text114                            2263     2263        8         0
                text113                            22B4     22B4        9         0
                text112                            23D5     23D5       14         0
                text111                            22BD     22BD        9         0
                text110                            23B0     23B0       12         0
                text109                            21FB     21FB        4         0
                text108                            23E9     23E9       15         0
                text107                            27A0     27A0       30         0
                text106                            1D6D     1D6D       58         0
                text105                            2416     2416       18         0
                text104                            25AD     25AD       21         0
                text103                            21BC     21BC        3         0
                text102                            21BF     21BF        3         0
                text101                            1615     1615       79         0
                text100                            1C76     1C76       52         0
                text99                             21C2     21C2        3         0
                text98                             21FF     21FF        4         0
                text97                             21C5     21C5        3         0
                text96                             21C8     21C8        3         0
                text95                             222F     222F        6         0
                text94                             2235     2235        6         0
                text93                             21CB     21CB        3         0
                text92                             1800     1800        1         0
                text91                             2203     2203        4         0
                text90                             21CE     21CE        3         0
                text89                             223B     223B        6         0
                text88                             2373     2373        D         0
                text87                             21D1     21D1        3         0
                text86                             2771     2771       2F         0
                text85                             2313     2313        B         0
                text84                             22C6     22C6        9         0
                text83                             226B     226B        8         0
                text82                             2273     2273        8         0
                text81                             227B     227B        8         0
                text80                             2283     2283        8         0
                text79                             2335     2335        C         0
                text78                             231E     231E        B         0
                text77                             22EB     22EB        A         0
                text76                             228B     228B        8         0
                text75                             2293     2293        8         0
                text74                             229B     229B        8         0
                text73                             2746     2746       2B         0
                text72                             1DC5     1DC5       59         0
                text71                             19D3     19D3       44         0
                text70                             21D4     21D4        3         0
                text69                             26A4     26A4       26         0
                text68                             13CC     13CC        B         0
                text67                              800      800        B         0
                text66                             22F5     22F5        A         0
                text65                             2637     2637       24         0
                text64                              7EB      7EB       15         0
                text63                             1D1A     1D1A       53         0
                text62                             194D     194D       43         0
                text61                             267F     267F       25         0
                text60                             2241     2241        6         0
                text59                              ECE      ECE      132         0
                text58                             265B     265B       24         0
                text57                             1A17     1A17       47         0
                text56                             239F     239F       11         0
                text55                             1C26     1C26       50         0
                text54                              919      919       89         0
                text53                               C0       C0      2B0         0
                text52                              D9D      D9D      131         0
                text51                              80B      80B       87         0
                text50                             26F3     26F3       29         0
                text49                              BDE      BDE       DE         0
                text48                             168E     168E       79         0
                text47                             1707     1707       7C         0
                text46                              A3A      A3A       C7         0
                text45                             1B3E     1B3E       4D         0
                text44                             25F0     25F0       23         0
                text43                             1B8B     1B8B       4D         0
                text42                             190E     190E       3F         0
                text41                             159F     159F       76         0
                text40                             1990     1990       43         0
                text39                             23C2     23C2       13         0
                text38                             221F     221F        5         0
                text37                             1F9B     1F9B       65         0
                text36                             25CE     25CE       22         0
                text35                              6D1      6D1      11A         0
                text34                              CBC      CBC       E1         0
                text33                              892      892       87         0
                text32                             1E1E     1E1E       5B         0
                text31                             2224     2224        5         0
                text30                             1CC8     1CC8       52         0
                text29                             1E79     1E79       5B         0
                text28                             1783     1783       7D         0
                text27                             24F0     24F0       1E         0
                text26                             1F37     1F37       64         0
                text25                             250E     250E       1E         0
                text24                             14B7     14B7       73         0
                text23                             24B5     24B5       1D         0
                text22                             2462     2462       1B         0
                text21                              9A2      9A2       98         0
                text20                             152A     152A       75         0
                text19                              370      370      1BF         0
                text18                             22FF     22FF        A         0
                text17                             2309     2309        A         0
                text16                             22CF     22CF        9         0
                text15                             22D8     22D8        9         0
                text14                             1AF2     1AF2       4C         0
                text13                             22A3     22A3        8         0
                text12                             1ED4     1ED4       63         0
                text11                              B01      B01       DD         0
                text10                             2499     2499       1C         0
                text9                              2380     2380        F         0
                text8                              1446     1446       71         0
                text7                              238F     238F       10         0
                text6                              1864     1864       34         0
                text5                              2448     2448       1A         0
                text4                              27D0     27D0       30         0
                text3                              1801     1801       30         0
                text2                              1AA7     1AA7       4B         0
                text1                               52F      52F      1A2         0
                maintext                           13D7     13D7       6F         0
                clrtext                            2341     2341        C         0
                inittext                           234D     234D        C         0
                idataBANK4                         256C     256C       20         0
                idataBANK2                            2        2        2         0
                idataBANK1                         2247     2247        6         0
                idataBANK0                         2207     2207        4         0

        CLASS   STRCODE        
                stringtext60                       2A65     2A65        2         0
                stringtext59                       2A63     2A63        2         0
                stringtext58                       2A61     2A61        2         0
                stringtext57                       2A5C     2A5C        3         0
                stringtext56                       2A59     2A59        3         0
                stringtext55                       2A4F     2A4F        4         0
                stringtext54                       2A4B     2A4B        4         0
                stringtext53                       2A47     2A47        4         0
                stringtext52                       2A43     2A43        4         0
                stringtext51                       2A3F     2A3F        4         0
                stringtext50                       2A3A     2A3A        5         0
                stringtext49                       2A35     2A35        5         0
                stringtext48                       2A30     2A30        5         0
                stringtext47                       2A2B     2A2B        5         0
                stringtext46                       2A26     2A26        5         0
                stringtext45                       2A21     2A21        5         0
                stringtext44                       2A1A     2A1A        7         0
                stringtext43                       2A13     2A13        7         0
                stringtext42                       2A0B     2A0B        8         0
                stringtext41                       2A03     2A03        8         0
                stringtext40                       29FB     29FB        8         0
                stringtext39                       29F3     29F3        8         0
                stringtext38                       29EB     29EB        8         0
                stringtext37                       29E3     29E3        8         0
                stringtext36                       29DB     29DB        8         0
                stringtext35                       29D3     29D3        8         0
                stringtext34                       29CA     29CA        9         0
                stringtext33                       29C1     29C1        9         0
                stringtext32                       29B6     29B6        B         0
                stringtext31                       29AB     29AB        B         0
                stringtext30                       29A0     29A0        B         0
                stringtext29                       2994     2994        C         0
                stringtext28                       297B     297B        D         0
                stringtext27                       296D     296D        E         0
                stringtext26                       295E     295E        F         0
                stringtext25                       294F     294F        F         0
                stringtext24                       2930     2930       10         0
                stringtext23                       2920     2920       10         0
                stringtext22                       2910     2910       10         0
                stringtext21                       28FF     28FF       11         0
                stringtext20                       28EE     28EE       11         0
                stringtext19                       28DD     28DD       11         0
                stringtext18                       28CB     28CB       12         0
                stringtext17                       28B4     28B4       17         0
                stringtext16                       289B     289B       19         0
                stringtext15                       2881     2881       1A         0
                stringtext14                       2865     2865       1C         0
                stringtext13                       2847     2847       1E         0
                stringtext12                       2828     2828       1F         0
                stringtext11                       2988     2988        C         0
                stringtext10                       2940     2940        F         0
                stringtext9                        10F4     10F4       F4         0
                stringtext8                        2A67     2A67        1         0
                stringtext7                        2A5F     2A5F        2         0
                stringtext6                        2A56     2A56        3         0
                stringtext5                        2A53     2A53        3         0
                stringtext4                        2800     2800       28         0
                stringtext3                        12DA     12DA       F2         0
                stringtext2                        11E8     11E8       F2         0
                stringtext1                        1000     1000       F4         0

        CLASS   STRING         

        CLASS   CONST          
                swtext1                            2000     2000       2C         0

        CLASS   ENTRY          

        CLASS   COMMON         
                cstackCOMMON                         70       70        D         1
                bssCOMMON                            7D       7D        1         1

        CLASS   BANK0          
                cstackBANK0                          20       20       2E         1
                dataBANK0                            5A       5A        4         1
                bssBANK0                             4E       4E        C         1
                nvBANK0                              5E       5E        1         1

        CLASS   BANK1          
                cstackBANK1                          A0       A0       39         1
                dataBANK1                            E9       E9        6         1
                bssBANK1                             D9       D9       10         1

        CLASS   BANK2          
                dataBANK2                           16E      16E        2         1
                bssBANK2                            120      120       4C         1
                nvBANK2                             16C      16C        2         1

        CLASS   BANK3          
                bssBANK3                            1A0      1A0       39         1
                nvBANK3                             1D9      1D9        2         1

        CLASS   BANK4          
                cstackBANK4                         240      240       1C         1
                dataBANK4                           220      220       20         1

        CLASS   BANK5          

        CLASS   BANK6          

        CLASS   BANK7          

        CLASS   BANK8          

        CLASS   BANK9          

        CLASS   BANK10         

        CLASS   BANK11         

        CLASS   BANK12         

        CLASS   BANK13         

        CLASS   BANK14         

        CLASS   BANK15         

        CLASS   BANK16         

        CLASS   BANK17         

        CLASS   BANK18         

        CLASS   BANK19         

        CLASS   BANK20         

        CLASS   BANK21         

        CLASS   BANK22         

        CLASS   BANK23         

        CLASS   BANK24         

        CLASS   BANK25         

        CLASS   BIGRAM         

        CLASS   RAM            

        CLASS   ABS1           
                abs_s1                               7E       7E        2         1
                abs_s1                              C30      C30       40         1
                abs_s1                              CA0      CA0       20         1
                abs_s1                             2790     2790        0         1

        CLASS   SFR0           

        CLASS   SFR1           

        CLASS   SFR2           

        CLASS   SFR3           

        CLASS   SFR4           

        CLASS   SFR5           

        CLASS   SFR6           

        CLASS   SFR7           

        CLASS   SFR8           

        CLASS   SFR9           

        CLASS   SFR10          

        CLASS   SFR11          

        CLASS   SFR12          

        CLASS   SFR13          

        CLASS   SFR14          

        CLASS   SFR15          

        CLASS   SFR16          

        CLASS   SFR17          

        CLASS   SFR18          

        CLASS   SFR19          

        CLASS   SFR20          

        CLASS   SFR21          

        CLASS   SFR22          

        CLASS   SFR23          

        CLASS   SFR24          

        CLASS   SFR25          

        CLASS   SFR26          

        CLASS   SFR27          

        CLASS   SFR28          

        CLASS   SFR29          

        CLASS   SFR30          

        CLASS   SFR31          

        CLASS   CONFIG         
                config                             8007     8007        4         0

        CLASS   IDLOC          

        CLASS   EEDATA         

        CLASS   BANK31         

        CLASS   BANK30         

        CLASS   BANK29         

        CLASS   BANK28         

        CLASS   BANK27         

        CLASS   BANK26         



SEGMENTS        Name                           Load    Length   Top    Selector   Space  Class     Delta

                reset_vec                      000000  000004  000004         0       0  CODE        2
                intentry                       000004  000807  00080B         8       0  CODE        2
                cstackBANK0                    000020  00003F  00005F        20       1  BANK0       1
                cstackCOMMON                   000070  00000E  00007E        70       1  COMMON      1
                cstackBANK1                    0000A0  00004F  0000EF        A0       1  BANK1       1
                bssBANK2                       000120  000050  000170       120       1  BANK2       1
                bssBANK3                       0001A0  00003B  0001DB       1A0       1  BANK3       1
                dataBANK4                      000220  00003C  00025C       220       1  BANK4       1
                text51                         00080B  000087  000892      1016       0  CODE        2
                text33                         000892  000087  000919      1124       0  CODE        2
                text54                         000919  000089  0009A2      1232       0  CODE        2
                text21                         0009A2  000098  000A3A      1344       0  CODE        2
                text46                         000A3A  0000C7  000B01      1474       0  CODE        2
                text11                         000B01  0000DD  000BDE      1602       0  CODE        2
                text49                         000BDE  0000DE  000CBC      17BC       0  CODE        2
                text34                         000CBC  0000E1  000D9D      1978       0  CODE        2
                text52                         000D9D  000131  000ECE      1B3A       0  CODE        2
                text59                         000ECE  000132  001000      1D9C       0  CODE        2
                stringtext1                    001000  0003CC  0013CC      2000       0  STRCODE     2
                text68                         0013CC  00000B  0013D7      2798       0  CODE        2
                maintext                       0013D7  00006F  001446      27AE       0  CODE        2
                text8                          001446  000071  0014B7      288C       0  CODE        2
                text24                         0014B7  000073  00152A      296E       0  CODE        2
                text20                         00152A  000075  00159F      2A54       0  CODE        2
                text41                         00159F  000076  001615      2B3E       0  CODE        2
                text101                        001615  000079  00168E      2C2A       0  CODE        2
                text48                         00168E  000079  001707      2D1C       0  CODE        2
                text47                         001707  00007C  001783      2E0E       0  CODE        2
                text28                         001783  00007E  001801      2F06       0  CODE        2
                text3                          001801  000030  001831      3002       0  CODE        2
                text115                        001831  000033  001864      3062       0  CODE        2
                text6                          001864  000034  001898      30C8       0  CODE        2
                text157                        001898  000037  0018CF      3130       0  CODE        2
                text122                        0018CF  00003F  00190E      319E       0  CODE        2
                text42                         00190E  00003F  00194D      321C       0  CODE        2
                text62                         00194D  000043  001990      329A       0  CODE        2
                text40                         001990  000043  0019D3      3320       0  CODE        2
                text71                         0019D3  000044  001A17      33A6       0  CODE        2
                text57                         001A17  000047  001A5E      342E       0  CODE        2
                text160                        001A5E  000049  001AA7      34BC       0  CODE        2
                text2                          001AA7  00004B  001AF2      354E       0  CODE        2
                text14                         001AF2  00004C  001B3E      35E4       0  CODE        2
                text45                         001B3E  00004D  001B8B      367C       0  CODE        2
                text43                         001B8B  00004D  001BD8      3716       0  CODE        2
                text123                        001BD8  00004E  001C26      37B0       0  CODE        2
                text55                         001C26  000050  001C76      384C       0  CODE        2
                text100                        001C76  000052  001CC8      38EC       0  CODE        2
                text30                         001CC8  000052  001D1A      3990       0  CODE        2
                text63                         001D1A  000053  001D6D      3A34       0  CODE        2
                text106                        001D6D  000058  001DC5      3ADA       0  CODE        2
                text72                         001DC5  000059  001E1E      3B8A       0  CODE        2
                text32                         001E1E  00005B  001E79      3C3C       0  CODE        2
                text29                         001E79  00005B  001ED4      3CF2       0  CODE        2
                text12                         001ED4  000063  001F37      3DA8       0  CODE        2
                text26                         001F37  000064  001F9B      3E6E       0  CODE        2
                text37                         001F9B  000065  002000      3F36       0  CODE        2
                swtext1                        002000  00002C  00202C      4000       0  CONST       2
                text143                        002199  000001  00219A      4332       0  CODE        2
                text146                        00219A  000002  00219C      4334       0  CODE        2
                text145                        00219C  000002  00219E      4338       0  CODE        2
                text163                        00219E  000003  0021A1      433C       0  CODE        2
                text155                        0021A1  000003  0021A4      4342       0  CODE        2
                text151                        0021A4  000003  0021A7      4348       0  CODE        2
                text150                        0021A7  000003  0021AA      434E       0  CODE        2
                text148                        0021AA  000003  0021AD      4354       0  CODE        2
                text147                        0021AD  000003  0021B0      435A       0  CODE        2
                text144                        0021B0  000003  0021B3      4360       0  CODE        2
                text141                        0021B3  000003  0021B6      4366       0  CODE        2
                text138                        0021B6  000003  0021B9      436C       0  CODE        2
                text121                        0021B9  000003  0021BC      4372       0  CODE        2
                text103                        0021BC  000003  0021BF      4378       0  CODE        2
                text102                        0021BF  000003  0021C2      437E       0  CODE        2
                text99                         0021C2  000003  0021C5      4384       0  CODE        2
                text97                         0021C5  000003  0021C8      438A       0  CODE        2
                text96                         0021C8  000003  0021CB      4390       0  CODE        2
                text93                         0021CB  000003  0021CE      4396       0  CODE        2
                text90                         0021CE  000003  0021D1      439C       0  CODE        2
                text87                         0021D1  000003  0021D4      43A2       0  CODE        2
                text70                         0021D4  000003  0021D7      43A8       0  CODE        2
                text149                        0021D7  000004  0021DB      43AE       0  CODE        2
                text142                        0021DB  000004  0021DF      43B6       0  CODE        2
                text134                        0021DF  000004  0021E3      43BE       0  CODE        2
                text133                        0021E3  000004  0021E7      43C6       0  CODE        2
                text132                        0021E7  000004  0021EB      43CE       0  CODE        2
                text131                        0021EB  000004  0021EF      43D6       0  CODE        2
                text127                        0021EF  000004  0021F3      43DE       0  CODE        2
                text126                        0021F3  000004  0021F7      43E6       0  CODE        2
                text125                        0021F7  000004  0021FB      43EE       0  CODE        2
                text109                        0021FB  000004  0021FF      43F6       0  CODE        2
                text98                         0021FF  000004  002203      43FE       0  CODE        2
                text91                         002203  000004  002207      4406       0  CODE        2
                idataBANK0                     002207  000004  00220B      440E       0  CODE        2
                text162                        00220B  000005  002210      4416       0  CODE        2
                text154                        002210  000005  002215      4420       0  CODE        2
                text140                        002215  000005  00221A      442A       0  CODE        2
                text135                        00221A  000005  00221F      4434       0  CODE        2
                text38                         00221F  000005  002224      443E       0  CODE        2
                text31                         002224  000005  002229      4448       0  CODE        2
                text128                        002229  000006  00222F      4452       0  CODE        2
                text95                         00222F  000006  002235      445E       0  CODE        2
                text94                         002235  000006  00223B      446A       0  CODE        2
                text89                         00223B  000006  002241      4476       0  CODE        2
                text60                         002241  000006  002247      4482       0  CODE        2
                idataBANK1                     002247  000006  00224D      448E       0  CODE        2
                text136                        00224D  000007  002254      449A       0  CODE        2
                text129                        002254  000007  00225B      44A8       0  CODE        2
                text130                        00225B  000008  002263      44B6       0  CODE        2
                text114                        002263  000008  00226B      44C6       0  CODE        2
                text83                         00226B  000008  002273      44D6       0  CODE        2
                text82                         002273  000008  00227B      44E6       0  CODE        2
                text81                         00227B  000008  002283      44F6       0  CODE        2
                text80                         002283  000008  00228B      4506       0  CODE        2
                text76                         00228B  000008  002293      4516       0  CODE        2
                text75                         002293  000008  00229B      4526       0  CODE        2
                text74                         00229B  000008  0022A3      4536       0  CODE        2
                text13                         0022A3  000008  0022AB      4546       0  CODE        2
                text153                        0022AB  000009  0022B4      4556       0  CODE        2
                text113                        0022B4  000009  0022BD      4568       0  CODE        2
                text111                        0022BD  000009  0022C6      457A       0  CODE        2
                text84                         0022C6  000009  0022CF      458C       0  CODE        2
                text16                         0022CF  000009  0022D8      459E       0  CODE        2
                text15                         0022D8  000009  0022E1      45B0       0  CODE        2
                text116                        0022E1  00000A  0022EB      45C2       0  CODE        2
                text77                         0022EB  00000A  0022F5      45D6       0  CODE        2
                text66                         0022F5  00000A  0022FF      45EA       0  CODE        2
                text18                         0022FF  00000A  002309      45FE       0  CODE        2
                text17                         002309  00000A  002313      4612       0  CODE        2
                text85                         002313  00000B  00231E      4626       0  CODE        2
                text78                         00231E  00000B  002329      463C       0  CODE        2
                text139                        002329  00000C  002335      4652       0  CODE        2
                text79                         002335  00000C  002341      466A       0  CODE        2
                clrtext                        002341  00000C  00234D      4682       0  CODE        2
                inittext                       00234D  00000C  002359      469A       0  CODE        2
                text156                        002359  00000D  002366      46B2       0  CODE        2
                text152                        002366  00000D  002373      46CC       0  CODE        2
                text88                         002373  00000D  002380      46E6       0  CODE        2
                text9                          002380  00000F  00238F      4700       0  CODE        2
                text7                          00238F  000010  00239F      471E       0  CODE        2
                text56                         00239F  000011  0023B0      473E       0  CODE        2
                text110                        0023B0  000012  0023C2      4760       0  CODE        2
                text39                         0023C2  000013  0023D5      4784       0  CODE        2
                text112                        0023D5  000014  0023E9      47AA       0  CODE        2
                text108                        0023E9  000015  0023FE      47D2       0  CODE        2
                text159                        0023FE  000018  002416      47FC       0  CODE        2
                text105                        002416  000018  00242E      482C       0  CODE        2
                text117                        00242E  00001A  002448      485C       0  CODE        2
                text5                          002448  00001A  002462      4890       0  CODE        2
                text22                         002462  00001B  00247D      48C4       0  CODE        2
                text165                        00247D  00001C  002499      48FA       0  CODE        2
                text10                         002499  00001C  0024B5      4932       0  CODE        2
                text23                         0024B5  00001D  0024D2      496A       0  CODE        2
                text164                        0024D2  00001E  0024F0      49A4       0  CODE        2
                text27                         0024F0  00001E  00250E      49E0       0  CODE        2
                text25                         00250E  00001E  00252C      4A1C       0  CODE        2
                text120                        00252C  000020  00254C      4A58       0  CODE        2
                text118                        00254C  000020  00256C      4A98       0  CODE        2
                idataBANK4                     00256C  000020  00258C      4AD8       0  CODE        2
                text158                        00258C  000021  0025AD      4B18       0  CODE        2
                text104                        0025AD  000021  0025CE      4B5A       0  CODE        2
                text36                         0025CE  000022  0025F0      4B9C       0  CODE        2
                text44                         0025F0  000023  002613      4BE0       0  CODE        2
                text124                        002613  000024  002637      4C26       0  CODE        2
                text65                         002637  000024  00265B      4C6E       0  CODE        2
                text58                         00265B  000024  00267F      4CB6       0  CODE        2
                text61                         00267F  000025  0026A4      4CFE       0  CODE        2
                text69                         0026A4  000026  0026CA      4D48       0  CODE        2
                text161                        0026CA  000029  0026F3      4D94       0  CODE        2
                text50                         0026F3  000029  00271C      4DE6       0  CODE        2
                text137                        00271C  00002A  002746      4E38       0  CODE        2
                text73                         002746  00002B  002771      4E8C       0  CODE        2
                text86                         002771  00002F  0027A0      4EE2       0  CODE        2
                text107                        0027A0  000030  0027D0      4F40       0  CODE        2
                text4                          0027D0  000030  002800      4FA0       0  CODE        2
                stringtext4                    002800  000268  002A68      5000       0  STRCODE     2
                config                         008007  000004  00800B     1000E       0  CONFIG      2


UNUSED ADDRESS RANGES

        Name                Unused          Largest block    Delta
        BANK0            0005F-0006F              11           1
        BANK1            000EF-000EF               1           1
        BANK10           00520-0056F              50           1
        BANK11           005A0-005EF              50           1
        BANK12           00620-0066F              50           1
        BANK13           006A0-006EF              50           1
        BANK14           00720-0076F              50           1
        BANK15           007A0-007EF              50           1
        BANK16           00820-0086F              50           1
        BANK17           008A0-008EF              50           1
        BANK18           00920-0096F              50           1
        BANK19           009A0-009EF              50           1
        BANK20           00A20-00A6F              50           1
        BANK21           00AA0-00AEF              50           1
        BANK22           00B20-00B6F              50           1
        BANK23           00BA0-00BEF              50           1
        BANK24           00C20-00C2F              10           1
        BANK3            001DB-001EF              15           1
        BANK4            0025C-0026F              14           1
        BANK5            002A0-002EF              50           1
        BANK6            00320-0036F              50           1
        BANK7            003A0-003EF              50           1
        BANK8            00420-0046F              50           1
        BANK9            004A0-004EF              50           1
        BIGRAM           02000-027EF             7F0           1
        CODE             0202C-02198             16D           2
                         02A68-03FFF             800
        CONST            0202C-02198              D4           2
                         02A68-03FFF             100
        EEDATA           0F000-0F0FF             100           2
        ENTRY            0202C-02198              D4           2
                         02A68-03FFF             100
        IDLOC            08000-08003               4           2
        RAM              0005F-0006F              11           1
                         000EF-000EF               1
                         001DB-001EF              15
                         0025C-0026F              14
                         002A0-002EF              50
                         00320-0036F              50
                         003A0-003EF              50
                         00420-0046F              50
                         004A0-004EF              50
                         00520-0056F              50
                         005A0-005EF              50
                         00620-0066F              50
                         006A0-006EF              50
                         00720-0076F              50
                         007A0-007EF              50
                         00820-0086F              50
                         008A0-008EF              50
                         00920-0096F              50
                         009A0-009EF              50
                         00A20-00A6F              50
                         00AA0-00AEF              50
                         00B20-00B6F              50
                         00BA0-00BEF              50
                         00C20-00C2F              10
        SFR0             00000-0001F              20           1
        SFR1             00080-0009F              20           1
        SFR10            00500-0051F              20           1
        SFR11            00580-0059F              20           1
        SFR12            00600-0061F              20           1
        SFR13            00680-0069F              20           1
        SFR14            00700-0071F              20           1
        SFR15            00780-0079F              20           1
        SFR16            00800-0081F              20           1
        SFR17            00880-0089F              20           1
        SFR18            00900-0091F              20           1
        SFR19            00980-0099F              20           1
        SFR2             00100-0011F              20           1
        SFR20            00A00-00A1F              20           1
        SFR21            00A80-00A9F              20           1
        SFR22            00B00-00B1F              20           1
        SFR23            00B80-00B9F              20           1
        SFR24            00C00-00C1F              20           1
        SFR25            00C80-00C9F              20           1
        SFR26            00D00-00D6F              70           1
        SFR27            00D80-00DEF              70           1
        SFR28            00E00-00E6F              70           1
        SFR29            00E80-00EEF              70           1
        SFR3             00180-0019F              20           1
        SFR30            00F00-00F6F              70           1
        SFR31            00F80-00FEF              70           1
        SFR4             00200-0021F              20           1
        SFR5             00280-0029F              20           1
        SFR6             00300-0031F              20           1
        SFR7             00380-0039F              20           1
        SFR8             00400-0041F              20           1
        SFR9             00480-0049F              20           1
        STACK            0217C-0278F             614           1
        STRCODE          0202C-02198             16D           2
                         02A68-03FFF            1598
        STRING           0202C-02198              D4           2
                         02A68-03FFF             100

                                  Symbol Table

?_LED_getData                             cstackBANK1  000B5
?_LED_readConfig                          cstackBANK1  000C6
?_LED_testComm                            cstackBANK1  000CA
?___awdiv                                 cstackBANK0  00031
?___awtoft                                cstackBANK0  00039
?___ftadd                                 cstackBANK1  000A6
?___ftmul                                 cstackBANK0  0003F
?___ftpack                                cstackBANK0  00031
?___fttol                                 cstackBANK1  000AF
?___lldiv                                 cstackBANK0  00031
?___llmod                                 cstackBANK0  0003F
?___wmul                                  cstackBANK0  00031
?_atoi                                    cstackBANK0  00037
?_doMove                                  cstackBANK1  000BF
?_drv_read                                cstackBANK1  000B5
?_getActive                               cstackBANK1  000B5
?_getMoveMask                             cstackBANK1  000B5
?_getPosition                             cstackBANK1  000B5
?_printf                                  cstackBANK1  000A0
?_setActive                               cstackBANK1  000B5
?_setDrvGain                              cstackBANK1  000B5
?_setDrvPeak                              cstackBANK1  000B5
?_setDrvPiezoOnTime                       cstackBANK1  000BD
?_setHeaterPostTime                       cstackBANK1  000BD
?_setHeaterPreTime                        cstackBANK1  000BD
?_setHeaterToggle                         cstackBANK1  000B5
?_setLEDBrightnessRange                   cstackBANK1  000B5
?_setLEDPwr                               cstackBANK1  000B5
?_setMoveMask                             cstackBANK1  000B5
?_startAbsMove                            cstackBANK1  000B5
?_startRelMove                            cstackBANK1  000B5
?_strchr                                  cstackBANK0  00031
?_strcspn                                 cstackBANK0  00038
?_stricmp                                 cstackBANK0  00033
?_strspn                                  cstackBANK0  00038
?_timedActiveHeatOn                       cstackBANK1  000B5
?_zeroPosition                            cstackBANK1  000B5
EUSART_Read@readValue                     cstackBANK0  00032
EUSART_Write@txData                       cstackBANK0  00032
LED_getData@j                             cstackBANK1  000C4
LED_getData@readData                      cstackBANK1  000C0
LED_getData@topOrBottom                   cstackBANK1  000B5
LED_readConfig@topOrBottom                cstackBANK1  000C6
LED_setBrightnessRange@LED_configReg      cstackBANK0  00048
LED_setBrightnessRange@range              cstackBANK0  00044
LED_setBrightnessRange@topOrBottom        cstackBANK0  00046
LED_testComm@oldConfigReg                 cstackBANK1  000CE
LED_testComm@readResult                   cstackBANK1  000CC
LED_testComm@topOrBottom                  cstackBANK1  000CA
LED_test_openshort@j                      cstackBANK1  000BA
LED_test_openshort@topOrBottom            cstackBANK1  000B7
LED_test_openshort@type                   cstackBANK1  000B5
LEDsOn@LEDpins                            cstackBANK0  00044
LEDsOn@topOrBottom                        cstackBANK0  00048
LEDsPwr@pwr                               cstackBANK0  00044
LEDsPwr@pwrAll                            cstackBANK1  000A0
LEDsPwr@topOrBottom                       cstackBANK0  00046
TMR0_Load8bitPeriod@periodVal             cstackBANK0  00031
TMR0_SetInterruptHandler@InterruptHandler cstackBANK0  00031
TMR0_Write8bitTimer@timerVal              cstackCOMMON 00070
TMR2_LoadPeriodRegister@periodVal         cstackBANK0  00031
TMR2_SetInterruptHandler@InterruptHandler cstackBANK0  00031
TMR2_WriteTimer@timerVal                  cstackCOMMON 00070
_ANSELA                                   (abs)        0018C
_ANSELB                                   (abs)        0018D
_ANSELC                                   (abs)        0018E
_BAUD1CON                                 (abs)        0019F
_EUSART_Initialize                        text117      0242E
_EUSART_Read                              text118      0254C
_EUSART_Receive_ISR                       text165      0247D
_EUSART_Transmit_ISR                      text164      024D2
_EUSART_Write                             text61       0267F
_INTCONbits                               (abs)        0000B
_INTERRUPT_InterruptManager               intentry     00004
[...]
                  1    wreg      void 
 Registers used:
		wreg
 Tracked objects:
		On entry : 
		On exit  : 
		Unchanged: 
 Data sizes:     COMMON   BANK0   BANK1   BANK2   BANK3   BANK4   BANK5   BANK6   BANK7   BANK8   BANK9  BANK10  BANK11  BANK12  BANK13  BANK14  BANK15  BANK16  BANK17  BANK18  BANK19  BANK20  BANK21  BANK22  BANK23  BANK24  BANK25
      Params:         0       0       0       0       0       0       0       0       0       0       0       0       0       0       0       0       0       0       0       0       0       0       0       0       0       0       0
      Locals:         1       0       0       0       0       0       0       0       0       0       0       0       0       0       0       0       0       0       0       0       0       0       0       0       0       0       0
      Temps:          0       0       0       0       0       0       0       0       0       0       0       0       0       0       0       0       0       0       0       0       0       0       0       0       0       0       0
      Totals:         1       0       0       0       0       0       0       0       0       0       0       0       0       0       0       0       0       0       0       0       0       0       0       0       0       0       0
Total ram usage:        1 bytes
 Hardware stack levels used:    1
 This function calls:
		Nothing
 This function is called by:
		_TMR0_DefaultInterruptHandler
 This function uses a non-reentrant model


 *************** function _TMR0_StopTimer *****************
 Defined at:
		line 91 in file "mcc_generated_files/tmr0.c"
 Parameters:    Size  Location     Type
		None
 Auto vars:     Size  Location     Type
		None
 Return value:  Size  Location     Type
                  1    wreg      void 
 Registers used:
		None
 Tracked objects:
		On entry : 
		On exit  : 
		Unchanged: 
 Data sizes:     COMMON   BANK0   BANK1   BANK2   BANK3   BANK4   BANK5   BANK6   BANK7   BANK8   BANK9  BANK10  BANK11  BANK12  BANK13  BANK14  BANK15  BANK16  BANK17  BANK18  BANK19  BANK20  BANK21  BANK22  BANK23  BANK24  BANK25
      Params:         0       0       0       0       0       0       0       0       0       0       0       0       0       0       0       0       0       0       0       0       0       0       0       0       0       0       0
      Locals:         0       0       0       0       0       0       0       0       0       0       0       0       0       0       0       0       0       0       0       0       0       0       0       0       0       0       0
      Temps:          0       0       0       0       0       0       0       0       0       0       0       0       0       0       0       0       0       0       0       0       0       0       0       0       0       0       0
      Totals:         0       0       0       0       0       0       0       0       0       0       0       0       0       0       0       0       0       0       0       0       0       0       0       0       0       0       0
Total ram usage:        0 bytes
 Hardware stack levels used:    1
 This function calls:
		Nothing
 This function is called by:
		_TMR0_DefaultInterruptHandler
 This function uses a non-reentrant model


 *************** function _EUSART_Transmit_ISR *****************
 Defined at:
		line 161 in file "mcc_generated_files/eusart.c"
 Parameters:    Size  Location     Type
		None
 Auto vars:     Size  Location     Type
		None
 Return value:  Size  Location     Type
                  1    wreg      void 
 Registers used:
		wreg, fsr1l, fsr1h, status,2, status,0
 Tracked objects:
		On entry : 
		On exit  : 
		Unchanged: 
 Data sizes:     COMMON   BANK0   BANK1   BANK2   BANK3   BANK4   BANK5   BANK6   BANK7   BANK8   BANK9  BANK10  BANK11  BANK12  BANK13  BANK14  BANK15  BANK16  BANK17  BANK18  BANK19  BANK20  BANK21  BANK22  BANK23  BANK24  BANK25
      Params:         0       0       0       0       0       0       0       0       0       0       0       0       0       0       0       0       0       0       0       0       0       0       0       0       0       0       0
      Locals:         0       0       0       0       0       0       0       0       0       0       0       0       0       0       0       0       0       0       0       0       0       0       0       0       0       0       0
      Temps:          1       0       0       0       0       0       0       0       0       0       0       0       0       0       0       0       0       0       0       0       0       0       0       0       0       0       0
      Totals:         1       0       0       0       0       0       0       0       0       0       0       0       0       0       0       0       0       0       0       0       0       0       0       0       0       0       0
Total ram usage:        1 bytes
 Hardware stack levels used:    1
 This function calls:
		Nothing
 This function is called by:
		_INTERRUPT_InterruptManager
 This function uses a non-reentrant model


 *************** function _EUSART_Receive_ISR *****************
 Defined at:
		line 180 in file "mcc_generated_files/eusart.c"
 Parameters:    Size  Location     Type
		None
 Auto vars:     Size  Location     Type
		None
 Return value:  Size  Location     Type
                  1    wreg      void 
 Registers used:
		wreg, fsr1l, fsr1h, status,2, status,0
 Tracked objects:
		On entry : 
		On exit  : 
		Unchanged: 
 Data sizes:     COMMON   BANK0   BANK1   BANK2   BANK3   BANK4   BANK5   BANK6   BANK7   BANK8   BANK9  BANK10  BANK11  BANK12  BANK13  BANK14  BANK15  BANK16  BANK17  BANK18  BANK19  BANK20  BANK21  BANK22  BANK23  BANK24  BANK25
      Params:         0       0       0       0       0       0       0       0       0       0       0       0       0       0       0       0       0       0       0       0       0       0       0       0       0       0       0
      Locals:         0       0       0       0       0       0       0       0       0       0       0       0       0       0       0       0       0       0       0       0       0       0       0       0       0       0       0
      Temps:          1       0       0       0       0       0       0       0       0       0       0       0       0       0       0       0       0       0       0       0       0       0       0       0       0       0       0
      Totals:         1       0       0       0       0       0       0       0       0       0       0       0       0       0       0       0       0       0       0       0       0       0       0       0       0       0       0
Total ram usage:        1 bytes
 Hardware stack levels used:    1
 This function calls:
		Nothing
 This function is called by:
		_INTERRUPT_InterruptManager
 This function uses a non-reentrant model



MODULE INFORMATION

Module		Function		Class		Link	Load	Size
drv2665.c
		_drv_reset     		CODE           	22FF	0000	11
		_fifo_check    		CODE           	239F	0000	18
		_drv_write     		CODE           	265B	0000	37
		_drv_write_DC  		CODE           	1C26	0000	81
		_drv_read      		CODE           	1A17	0000	72
		_drv_init      		CODE           	1ED4	0000	100

drv2665.c estimated size: 319

LEDcomm.c
		_send_last_2bytes_IK		CODE           	1D6D	0000	89
		_LED_setBrightnessRange		CODE           	0BDE	0000	223
		_LED_test_openshort		CODE           	1707	0000	125
		_send_2bytes_latchless_IK		CODE           	27A0	0000	49
		_LEDsPwr       		CODE           	1F37	0000	101
		_LED_testComm  		CODE           	168E	0000	122
		_LEDsOn        		CODE           	25AD	0000	34
		_send_2length_2bytes_IK		CODE           	2416	0000	25
		_LED_getData   		CODE           	080B	0000	136
		_LED_readConfig		CODE           	26F3	0000	42

LEDcomm.c estimated size: 946

C:\Program Files (x86)\Microchip\xc8\v1.45\sources\common\float.c
		___ftpack      		CODE           	1F9B	0000	102

C:\Program Files (x86)\Microchip\xc8\v1.45\sources\common\float.c estimated size: 102

C:\Program Files (x86)\Microchip\xc8\v1.45\sources\common\doprnt.c
		_printf        		CODE           	0ECE	0000	307

C:\Program Files (x86)\Microchip\xc8\v1.45\sources\common\doprnt.c estimated size: 307

C:\Program Files (x86)\Microchip\xc8\v1.45\sources\common\strspn.c
		_strspn        		CODE           	1801	0000	49

C:\Program Files (x86)\Microchip\xc8\v1.45\sources\common\strspn.c estimated size: 49

mcc_generated_files/tmr2.c
		_TMR2_ISR      		CODE           	2366	0000	14
		_TMR2_LoadPeriodRegister		CODE           	2224	0000	6
		_TMR2_Initialize		CODE           	23B0	0000	19
		_TMR2_SetInterruptHandler		CODE           	22BD	0000	10
		_TMR2_StopTimer		CODE           	21A1	0000	4
		_TMR2_DefaultInterruptHandler		CODE           	22AB	0000	10
		_TMR2_WriteTimer		CODE           	2210	0000	6
		_TMR2_StartTimer		CODE           	21BF	0000	4

mcc_generated_files/tmr2.c estimated size: 73

mcc_generated_files/interrupt_manager.c
		_INTERRUPT_InterruptManager		CODE           	0004	0000	77

mcc_generated_files/interrupt_manager.c estimated size: 77

C:\Program Files (x86)\Microchip\xc8\v1.45\sources\common\Umul16.c
		___wmul        		CODE           	2499	0000	29

C:\Program Files (x86)\Microchip\xc8\v1.45\sources\common\Umul16.c estimated size: 29

mcc_generated_files/tmr0.c
		_TMR0_Load8bitPeriod		CODE           	221F	0000	6
		_TMR0_SetInterruptHandler		CODE           	22B4	0000	10
		_TMR0_StopTimer		CODE           	219E	0000	4
		_TMR0_Write8bitTimer		CODE           	220B	0000	6
		_TMR0_DefaultInterruptHandler		CODE           	1898	0000	56
		_TMR0_StartTimer		CODE           	21BC	0000	4
		_TMR0_ISR      		CODE           	2359	0000	14
		_TMR0_Initialize		CODE           	23D5	0000	21

mcc_generated_files/tmr0.c estimated size: 121

C:\Program Files (x86)\Microchip\xc8\v1.45\sources\common\strcspn.c
		_strcspn       		CODE           	27D0	0000	49

C:\Program Files (x86)\Microchip\xc8\v1.45\sources\common\strcspn.c estimated size: 49

mcc_generated_files/pin_manager.c
		_PIN_MANAGER_Initialize		CODE           	1831	0000	52

mcc_generated_files/pin_manager.c estimated size: 52

C:\Program Files (x86)\Microchip\xc8\v1.45\sources\common\isdigit.c
		_isdigit       		CODE           	2380	0000	16

C:\Program Files (x86)\Microchip\xc8\v1.45\sources\common\isdigit.c estimated size: 16

C:\Program Files (x86)\Microchip\xc8\v1.45\sources\common\ftmul.c
		___ftmul       		CODE           	0CBC	0000	226

C:\Program Files (x86)\Microchip\xc8\v1.45\sources\common\ftmul.c estimated size: 226

C:\Program Files (x86)\Microchip\xc8\v1.45\sources\common\llmod.c
		___llmod       		CODE           	194D	0000	68

C:\Program Files (x86)\Microchip\xc8\v1.45\sources\common\llmod.c estimated size: 68

C:\Program Files (x86)\Microchip\xc8\v1.45\sources\common\atoi.c
		_atoi          		CODE           	1446	0000	114

C:\Program Files (x86)\Microchip\xc8\v1.45\sources\common\atoi.c estimated size: 114

C:\Program Files (x86)\Microchip\xc8\v1.45\sources\common\strtok.c
		_strtok        		CODE           	1AA7	0000	76

C:\Program Files (x86)\Microchip\xc8\v1.45\sources\common\strtok.c estimated size: 76

C:\Program Files (x86)\Microchip\xc8\v1.45\sources\common\stricmp.c
		_stricmp       		CODE           	1864	0000	53

C:\Program Files (x86)\Microchip\xc8\v1.45\sources\common\stricmp.c estimated size: 53

shared
		i1_returnReset 		CODE           	219C	0000	3
		i1_do_I2C_SEND_ADR_READ		CODE           	225B	0000	9
		i1_do_I2C_DO_NACK_STOP		CODE           	21F3	0000	5
		i1_mssp1_clearIRQ		CODE           	21B9	0000	4
		i1_do_I2C_SEND_RESTART		CODE           	21E7	0000	5
		drv2665@drv_fifo_sine		STRCODE        	10F4	0000	245
		i1_do_I2C_TX_EMPTY		CODE           	271C	0000	43
		_dpowers       		STRCODE        	2800	0000	41
		i1_do_I2C_DO_NACK_RESTART		CODE           	21F7	0000	5
		i1_send_2bytes_latchless_IK		CODE           	26CA	0000	42
		i1_do_I2C_SEND_RESTART_READ		CODE           	21DF	0000	5
		i1_do_I2C_DO_ADDRESS_NACK		CODE           	2613	0000	37
		i1_do_I2C_RX   		CODE           	18CF	0000	64
		i1_do_I2C_TX   		CODE           	1BD8	0000	79
		_drv_sine      		STRCODE        	0000	0000	0
		_LEDpower      		STRCODE        	2A5F	0000	3
		i1_i2c_ISR     		CODE           	252C	0000	33
		i1_i2c1_driver_sendNACK		CODE           	21DB	0000	5
		i1_do_I2C_IDLE 		CODE           	221A	0000	6
		i1_do_I2C_RCEN 		CODE           	2229	0000	7
		i1_i2c1_driver_isNACK		CODE           	2329	0000	13
		__initialization		CODE           	0052	0000	107
		i1_LEDsOn      		CODE           	258C	0000	34
		i1_mssp1_setIRQ		CODE           	21B6	0000	4
		i1_i2c1_driver_restart		CODE           	21AA	0000	4
		i1_i2c1_driver_stop		CODE           	21AD	0000	4
		_TMR0_RANGE    		STRCODE        	2A56	0000	4
		i1_do_I2C_RESET		CODE           	224D	0000	8
		i1_i2c1_driver_startRX		CODE           	21B0	0000	4
		i1_i2c1_driver_resetBus		CODE           	2199	0000	2
		i1_i2c1_driver_sendACK		CODE           	21D7	0000	5
		_TMR2_RANGE    		STRCODE        	2A53	0000	4
		i1_do_I2C_SEND_RESTART_WRITE		CODE           	21E3	0000	5
		_drv_address   		STRCODE        	2A67	0000	2
		drv2665@drv_sine		STRCODE        	11E8	0000	243
		i1_do_I2C_DO_ACK		CODE           	21EF	0000	5
		i1_do_I2C_SEND_ADR_WRITE		CODE           	2254	0000	8
		i1_i2c1_driver_getRXData		CODE           	21B3	0000	4
		_drv_fifo_sine 		STRCODE        	0000	0000	0
		i1_send_2length_2bytes_IK		CODE           	23FE	0000	25
		i1_do_I2C_SEND_STOP		CODE           	21EB	0000	5
		i1_i2c1_driver_TXData		CODE           	2215	0000	6
		sin@coeff_a    		STRCODE        	0000	0000	0
		sin@coeff_b    		STRCODE        	0000	0000	0
		i1_returnStop  		CODE           	219A	0000	3
		i1_send_last_2bytes_IK		CODE           	1A5E	0000	74

shared estimated size: 1214

mcc_generated_files/mcc.c
		_WDT_Initialize		CODE           	21FB	0000	5
		_PMD_Initialize		CODE           	2263	0000	9
		_OSCILLATOR_Initialize		CODE           	22E1	0000	11
		_SYSTEM_Initialize		CODE           	23E9	0000	22

mcc_generated_files/mcc.c estimated size: 47

C:\Program Files (x86)\Microchip\xc8\v1.45\sources\common\fttol.c
		___fttol       		CODE           	0892	0000	136

C:\Program Files (x86)\Microchip\xc8\v1.45\sources\common\fttol.c estimated size: 136

C:\Program Files (x86)\Microchip\xc8\v1.45\sources\common\awtoft.c
		___awtoft      		CODE           	25CE	0000	35

C:\Program Files (x86)\Microchip\xc8\v1.45\sources\common\awtoft.c estimated size: 35

mcc_generated_files/drivers/i2c_master.c
		_returnStop    		CODE           	222F	0000	7
		_i2c_setBuffer 		CODE           	07EB	0000	22
		_i2c_busCollisionISR		CODE           	21A7	0000	4
		_i2c_ISR       		CODE           	26A4	0000	39
		_i2c_setAddress		CODE           	22A3	0000	9
		_i2c_masterOperation		CODE           	2637	0000	37
		_do_I2C_TX_EMPTY		CODE           	2771	0000	48
		_returnReset   		CODE           	2235	0000	7
		_do_I2C_SEND_RESTART_WRITE		CODE           	2273	0000	9
		_i2c_poller    		CODE           	0800	0000	12
		_do_I2C_DO_NACK_RESTART		CODE           	229B	0000	9
		_do_I2C_SEND_RESTART_READ		CODE           	226B	0000	9
		_do_I2C_SEND_ADR_WRITE		CODE           	231E	0000	12
		_do_I2C_SEND_STOP		CODE           	2283	0000	9
		_i2c_open      		CODE           	1AF2	0000	77
		_do_I2C_SEND_ADR_READ		CODE           	2335	0000	13
		_do_I2C_DO_NACK_STOP		CODE           	2293	0000	9
		_do_I2C_SEND_RESTART		CODE           	227B	0000	9
		_do_I2C_RX     		CODE           	19D3	0000	69
		_do_I2C_TX     		CODE           	1DC5	0000	90
		_do_I2C_IDLE   		CODE           	22C6	0000	10
		_do_I2C_RCEN   		CODE           	22EB	0000	11
		_do_I2C_DO_ADDRESS_NACK		CODE           	2746	0000	44
		_do_I2C_RESET  		CODE           	2313	0000	12
		_do_I2C_DO_ACK 		CODE           	228B	0000	9

mcc_generated_files/drivers/i2c_master.c estimated size: 586

C:\Program Files (x86)\Microchip\xc8\v1.45\sources\common\awdiv.c
		___awdiv       		CODE           	1C76	0000	83

C:\Program Files (x86)\Microchip\xc8\v1.45\sources\common\awdiv.c estimated size: 83

C:\Program Files (x86)\Microchip\xc8\v1.45\sources\common\ftadd.c
		___ftadd       		CODE           	06D1	0000	283

C:\Program Files (x86)\Microchip\xc8\v1.45\sources\common\ftadd.c estimated size: 283

mcc_generated_files/i2c1_driver.c
		_mssp1_waitForEvent		CODE           	13CC	0000	12
		_i2c1_driver_open		CODE           	2309	0000	11
		_i2c1_driver_isNACK		CODE           	2373	0000	14
		_i2c1_driver_stop		CODE           	21C8	0000	4
		_i2c1_driver_getRXData		CODE           	21CE	0000	4
		_i2c1_driver_TXData		CODE           	223B	0000	7
		_i2c1_driver_setBusCollisionISR		CODE           	22CF	0000	10
		_i2c1_driver_start		CODE           	21C2	0000	4
		_i2c1_driver_sendACK		CODE           	21FF	0000	5
		_mssp1_setIRQ  		CODE           	21D1	0000	4
		_i2c1_driver_sendNACK		CODE           	2203	0000	5
		_i2c1_driver_restart		CODE           	21C5	0000	4
		_i2c1_driver_resetBus		CODE           	1800	0000	2
		_i2c1_driver_clearBusCollision		CODE           	21A4	0000	4
		_mssp1_clearIRQ		CODE           	21D4	0000	4
		_i2c1_driver_startRX		CODE           	21CB	0000	4
		_i2c1_driver_setI2cISR		CODE           	22D8	0000	10
		_mssp1_IRQisEnabled		CODE           	22F5	0000	11

mcc_generated_files/i2c1_driver.c estimated size: 119

C:\Program Files (x86)\Microchip\xc8\v1.45\sources\common\toupper.c
		_toupper       		CODE           	238F	0000	17

C:\Program Files (x86)\Microchip\xc8\v1.45\sources\common\toupper.c estimated size: 17

C:\Program Files (x86)\Microchip\xc8\v1.45\sources\common\lldiv.c
		___lldiv       		CODE           	1D1A	0000	84

C:\Program Files (x86)\Microchip\xc8\v1.45\sources\common\lldiv.c estimated size: 84

mcc_generated_files/eusart.c
		_putch         		CODE           	2241	0000	7
		_EUSART_Read   		CODE           	254C	0000	33
		_EUSART_Write  		CODE           	267F	0000	38
		_EUSART_Transmit_ISR		CODE           	24D2	0000	31
		_EUSART_Initialize		CODE           	242E	0000	27
		_EUSART_Receive_ISR		CODE           	247D	0000	29

mcc_generated_files/eusart.c estimated size: 165

main.c
		_main_initialize		CODE           	0B01	0000	222
		_getActive     		CODE           	1B3E	0000	78
		_zeroPosition  		CODE           	152A	0000	118
		_getPosition   		CODE           	190E	0000	64
		_getMoveMask   		CODE           	1B8B	0000	78
		_doRelMove     		CODE           	0D9D	0000	306
		_setActive     		CODE           	159F	0000	119
		_setMoveMask   		CODE           	14B7	0000	116
		_main          		CODE           	13D7	0000	112
		_setHeaterPreTime		CODE           	1E79	0000	92
		_setLEDPwr     		CODE           	250E	0000	31
		_commCheck     		CODE           	0A3A	0000	200
		_setDrvGain    		CODE           	1990	0000	68
		_doAbsMove     		CODE           	00C0	0000	689
		_setHeaterPostTime		CODE           	1CC8	0000	83
		_doMove        		CODE           	0919	0000	138
		_startRelMove  		CODE           	2462	0000	28
		_calcHeaterPins		CODE           	1615	0000	122
		_setDrvPeak    		CODE           	23C2	0000	20
		_startAbsMove  		CODE           	24B5	0000	30
		_setDrvPiezoOnTime		CODE           	1E1E	0000	92
		_setHeaterToggle		CODE           	1783	0000	126
		_timedActiveHeatOn		CODE           	09A2	0000	153
		_getMotionStatus		CODE           	25F0	0000	36
		_setLEDBrightnessRange		CODE           	24F0	0000	31

main.c estimated size: 3152

cmd_parser.c
		_execCmd       		CODE           	0370	0000	448
		_parseCmd      		CODE           	052F	0000	419

cmd_parser.c estimated size: 867

C:\Program Files (x86)\Microchip\xc8\v1.45\sources\common\strchr.c
		_strchr        		CODE           	2448	0000	27

C:\Program Files (x86)\Microchip\xc8\v1.45\sources\common\strchr.c estimated size: 27

