Microchip MPLAB XC8 Compiler V1.45 ()

Linker command line:

-W-3 --edf=C:\Program Files (x86)\Microchip\xc8\v1.45\dat\en_msgs.txt -cs \
  -h+dist/default/production\udrive_IK.production.sym \
  --cmf=dist/default/production\udrive_IK.production.cmf -z -Q16F18346 \
  -oC:\Users\kolbi\AppData\Local\Temp\sb8s.2 \
  -Mdist/default/production/udrive_IK.production.map -E1 -ver=XC8 \
  -ASTACK=0218Dh-027efh -pstack=STACK -ACODE=00h-07FFhx8 \
  -ASTRCODE=00h-03FFFh -ASTRING=00h-0FFhx64 -ACONST=00h-0FFhx64 \
  -AENTRY=00h-0FFhx64 -ACOMMON=070h-07Fh -ABANK0=020h-06Fh \
  -ABANK1=0A0h-0EFh -ABANK2=0120h-016Fh -ABANK3=01A0h-01EFh \
  -ABANK4=0220h-026Fh -ABANK5=02A0h-02EFh -ABANK6=0320h-036Fh \
  -ABANK7=03A0h-03EFh -ABANK8=0420h-046Fh -ABANK9=04A0h-04EFh \
  -ABANK10=0520h-056Fh -ABANK11=05A0h-05EFh -ABANK12=0620h-066Fh \
  -ABANK13=06A0h-06EFh -ABANK14=0720h-076Fh -ABANK15=07A0h-07EFh \
  -ABANK16=0820h-086Fh -ABANK17=08A0h-08EFh -ABANK18=0920h-096Fh \
  -ABANK19=09A0h-09EFh -ABANK20=0A20h-0A6Fh -ABANK21=0AA0h-0AEFh \
  -ABANK22=0B20h-0B6Fh -ABANK23=0BA0h-0BEFh -ABANK24=0C20h-0C6Fh \
  -ABANK25=0CA0h-0CBFh -ABIGRAM=02000h-027EFh \
  -ARAM=020h-06Fh,0A0h-0EFh,0120h-016Fh,01A0h-01EFh,0220h-026Fh,02A0h-02EFh,0320h-036Fh,03A0h-03EFh,0420h-046Fh,04A0h-04EFh,0520h-056Fh,05A0h-05EFh,0620h-066Fh,06A0h-06EFh,0720h-076Fh,07A0h-07EFh,0820h-086Fh,08A0h-08EFh,0920h-096Fh,09A0h-09EFh,0A20h-0A6Fh,0AA0h-0AEFh,0B20h-0B6Fh,0BA0h-0BEFh,0C20h-0C6Fh,0CA0h-0CBFh \
  -AABS1=020h-07Fh,0A0h-0EFh,0120h-016Fh,01A0h-01EFh,0220h-026Fh,02A0h-02EFh,0320h-036Fh,03A0h-03EFh,0420h-046Fh,04A0h-04EFh,0520h-056Fh,05A0h-05EFh,0620h-066Fh,06A0h-06EFh,0720h-076Fh,07A0h-07EFh,0820h-086Fh,08A0h-08EFh,0920h-096Fh,09A0h-09EFh,0A20h-0A6Fh,0AA0h-0AEFh,0B20h-0B6Fh,0BA0h-0BEFh,0C20h-0C6Fh,0CA0h-0CBFh \
  -ASFR0=00h-01Fh -ASFR1=080h-09Fh -ASFR2=0100h-011Fh -ASFR3=0180h-019Fh \
  -ASFR4=0200h-021Fh -ASFR5=0280h-029Fh -ASFR6=0300h-031Fh \
  -ASFR7=0380h-039Fh -ASFR8=0400h-041Fh -ASFR9=0480h-049Fh \
  -ASFR10=0500h-051Fh -ASFR11=0580h-059Fh -ASFR12=0600h-061Fh \
  -ASFR13=0680h-069Fh -ASFR14=0700h-071Fh -ASFR15=0780h-079Fh \
  -ASFR16=0800h-081Fh -ASFR17=0880h-089Fh -ASFR18=0900h-091Fh \
  -ASFR19=0980h-099Fh -ASFR20=0A00h-0A1Fh -ASFR21=0A80h-0A9Fh \
  -ASFR22=0B00h-0B1Fh -ASFR23=0B80h-0B9Fh -ASFR24=0C00h-0C1Fh \
  -ASFR25=0C80h-0C9Fh -ASFR26=0D00h-0D6Fh -ASFR27=0D80h-0DEFh \
  -ASFR28=0E00h-0E6Fh -ASFR29=0E80h-0EEFh -ASFR30=0F00h-0F6Fh \
  -ASFR31=0F80h-0FEFh -preset_vec=00h,intentry=04h,init,end_init \
  -ppowerup=CODE -pcinit=CODE -pfunctab=ENTRY -ACONFIG=08007h-0800Ah \
  -pconfig=CONFIG -DCONFIG=2 -AIDLOC=08000h-08003h -pidloc=IDLOC -DIDLOC=2 \
  -AEEDATA=00h-0FFh/0F000h -peeprom_data=EEDATA -DEEDATA=2 -DCODE=2 \
  -DSTRCODE=2 -DSTRING=2 -DCONST=2 -DENTRY=2 -k \
  C:\Users\kolbi\AppData\Local\Temp\sb8s.obj \
  dist/default/production\udrive_IK.production.obj 

Object code version is 3.11

Machine type is 16F18346



                Name                               Link     Load   Length Selector   Space Scale
C:\Users\kolbi\AppData\Local\Temp\sb8s.obj
                end_init                             4F       4F        2        8       0
                reset_vec                             0        0        2        0       0
                config                             8007     8007        4    1000E       0
dist/default/production\udrive_IK.production.obj
                cinit                                51       51       50        8       0
                intentry                              4        4       4B        8       0
                text157                            272E     272E       1C     4E5C       0
                text156                            2766     2766       1E     4ECC       0
                text155                            246E     246E        3     48DC       0
                text154                            24D3     24D3        5     49A6       0
                text153                            19C1     19C1       29     3382       0
                text152                            1CE3     1CE3       49     39C6       0
                text151                            26CA     26CA       18     4D94       0
                text150                            185F     185F       21     30BE       0
                text149                            1B5C     1B5C       37     36B8       0
                text148                            2603     2603        D     4C06       0
                text147                            2471     2471        3     48E2       0
                text146                            24D8     24D8        5     49B0       0
                text145                            257D     257D        9     4AFA       0
                text144                            2610     2610        D     4C20       0
                text143                            2474     2474        3     48E8       0
                text142                            2477     2477        3     48EE       0
                text141                            24A7     24A7        4     494E       0
                text140                            247A     247A        3     48F4       0
                text139                            247D     247D        3     48FA       0
                text138                               2        2        2        0       0
                text137                             7FE      7FE        2        8       0
                text136                            2480     2480        3     4900       0
                text135                            1828     1828        1     3050       0
                text134                            24AB     24AB        4     4956       0
                text133                            2483     2483        3     4906       0
                text132                            24DD     24DD        5     49BA       0
                text131                            25EB     25EB        C     4BD6       0
                text130                            2486     2486        3     490C       0
                text129                            19EA     19EA       2A     33D4       0
                text128                            2527     2527        7     4A4E       0
                text127                            24E2     24E2        5     49C4       0
                text126                            24AF     24AF        4     495E       0
                text125                            24B3     24B3        4     4966       0
                text124                            24B7     24B7        4     496E       0
                text123                            24BB     24BB        4     4976       0
                text122                            2535     2535        8     4A6A       0
                text121                            252E     252E        7     4A5C       0
                text120                            24F1     24F1        6     49E2       0
                text119                            24BF     24BF        4     497E       0
                text118                            24C3     24C3        4     4986       0
                text117                            24C7     24C7        4     498E       0
                text116                            18E6     18E6       24     31CC       0
                text115                            1E0D     1E0D       4E     3C1A       0
                text114                            1B93     1B93       3F     3726       0
                text113                            2489     2489        3     4912       0
                text112                            27C0     27C0       20     4F80       0
                text110                            27E0     27E0       20     4FC0       0
                text109                            26FA     26FA       1A     4DF4       0
                text108                            25A1     25A1        A     4B42       0
                text107                            1B28     1B28       34     3650       0
                text106                            253D     253D        8     4A7A       0
                text105                            2586     2586        9     4B0C       0
                text104                            268D     268D       14     4D1A       0
                text103                            258F     258F        9     4B1E       0
                text102                            2669     2669       12     4CD2       0
                text101                            24CB     24CB        4     4996       0
                text100                            26B5     26B5       15     4D6A       0
                text99                             1A98     1A98       30     3530       0
                text98                             1F4F     1F4F       58     3E9E       0
                text97                             26E2     26E2       18     4DC4       0
                text96                             1880     1880       21     3100       0
                text95                             248C     248C        3     4918       0
                text94                             248F     248F        3     491E       0
                text93                             15E7     15E7       65     2BCE       0
                text92                             18A1     18A1       22     3142       0
                text91                              D23      D23       E1     1A46       0
                text90                              A3C      A3C       87     1478       0
                text89                              8CD      8CD       79     119A       0
                text88                             1EAB     1EAB       52     3D56       0
                text87                             2492     2492        3     4924       0
                text86                             24CF     24CF        4     499E       0
                text85                             2495     2495        3     492A       0
                text84                             2498     2498        3     4930       0
                text83                             24F7     24F7        6     49EE       0
                text82                             24FD     24FD        6     49FA       0
                text81                             249B     249B        3     4936       0
                text80                             1829     1829        1     3052       0
                text79                              800      800        4     1000       0
                text78                             249E     249E        3     493C       0
                text77                             2503     2503        6     4A06       0
                text76                             261D     261D        D     4C3A       0
                text75                             24A1     24A1        3     4942       0
                text74                             1A69     1A69       2F     34D2       0
                text73                             25BF     25BF        B     4B7E       0
                text72                             2598     2598        9     4B30       0
                text71                             2545     2545        8     4A8A       0
                text70                             254D     254D        8     4A9A       0
                text69                             2555     2555        8     4AAA       0
                text68                             255D     255D        8     4ABA       0
                text67                             25F7     25F7        C     4BEE       0
                text66                             25CA     25CA        B     4B94       0
                text65                             25AB     25AB        A     4B56       0
                text64                             2565     2565        8     4ACA       0
                text63                             256D     256D        8     4ADA       0
                text62                             2575     2575        8     4AEA       0
                text61                             1A3E     1A3E       2B     347C       0
                text60                             1FA7     1FA7       59     3F4E       0
                text59                             1C58     1C58       44     38B0       0
                text58                             24A4     24A4        3     4948       0
                text57                             199B     199B       26     3336       0
                text56                             25D5     25D5        B     4BAA       0
                text55                             25E0     25E0        B     4BC0       0
                text54                             25B5     25B5        A     4B6A       0
                text53                             190A     190A       24     3214       0
                text52                             182A     182A       15     3054       0
                text51                              804      804       53     1008       0
                text50                             1BD2     1BD2       43     37A4       0
                text49                             1976     1976       25     32EC       0
                text48                             2509     2509        6     4A12       0
                text47                              618      618      132        8       0
                text46                             192E     192E       24     325C       0
                text45                             1C9C     1C9C       47     3938       0
                text44                             2658     2658       11     4CB0       0
                text43                             1E5B     1E5B       50     3CB6       0
                text42                              74A      74A       B4        8       0
                text41                               A1       A1      249        8       0
                text40                              E04      E04       E2     1C08       0
                text39                             1400     1400       5C     2800       0
                text38                             1952     1952       24     32A4       0
                text37                              C45      C45       DE     188A       0
                text36                              946      946       79     128C       0
                text35                             164C     164C       69     2C98       0
                text34                              B7C      B7C       C9     16F8       0
                text33                             1D2C     1D2C       4B     3A58       0
                text32                             18C3     18C3       23     3186       0
                text31                             1D77     1D77       4B     3AEE       0
                text30                             1A14     1A14       2A     3428       0
                text29                              9BF      9BF       7D     137E       0
                text28                             1C15     1C15       43     382A       0
                text27                             262A     262A        F     4C54       0
                text26                             24E7     24E7        5     49CE       0
                text25                              EE6      EE6      11A     1DCC       0
                text24                             14BD     14BD       63     297A       0
                text23                             24EC     24EC        5     49D8       0
                text22                             1EFD     1EFD       52     3DFA       0
                text21                             1520     1520       63     2A40       0
                text20                              857      857       76     10AE       0
                text19                             2784     2784       1E     4F08       0
                text18                             1583     1583       64     2B06       0
                text17                             27A2     27A2       1E     4F44       0
                text16                             145C     145C       61     28B8       0
                text15                             26A1     26A1       14     4D42       0
                text14                             267B     267B       12     4CF6       0
                text13                             16B5     16B5       6B     2D6A       0
                swtext1                            1800     1800       28     3000       0
                text12                              2EA      2EA      1AA        8       0
                text11                              AC3      AC3       B9     1586       0
                text10                             274A     274A       1C     4E94       0
                text9                              2639     2639        F     4C72       0
                text8                              178F     178F       71     2F1E       0
                text7                              2648     2648       10     4C90       0
                text6                              13CC     13CC       34     2798       0
                text5                              2714     2714       1A     4E28       0
                text4                              1AC8     1AC8       30     3590       0
                text3                              1AF8     1AF8       30     35F0       0
                text2                              1DC2     1DC2       4B     3B84       0
                text1                               494      494      184        8       0
                maintext                           1720     1720       6F     2E40       0
                cstackBANK0                          20       20       2E       20       1
                cstackCOMMON                         70       70        D       70       1
                cstackBANK1                          A0       A0       34       A0       1
                cstackBANK3                         1EC      1EC        3      1A0       1
                cstackBANK4                         240      240       18      220       1
                clrtext                            250F     250F        6     4A1E       0
                inittext                           2515     2515        6     4A2A       0
                dataBANK4                           220      220       20      220       1
                bssBANK4                            258      258       15      220       1
                bssBANK3                            1A0      1A0       4C      1A0       1
                bssBANK2                            120      120       4C      120       1
                dataBANK1                            EA       EA        6       A0       1
                bssBANK1                             D4       D4       16       A0       1
                dataBANK0                            58       58        6       20       1
                bssBANK0                             4E       4E        A       20       1
                bssCOMMON                            7D       7D        1       70       1
                stringtext57                       2A31     2A31        2     5000       0
                stringtext56                       2A2F     2A2F        2     5000       0
                stringtext55                       2A2D     2A2D        2     5000       0
                stringtext54                       2A28     2A28        3     5000       0
                stringtext53                       2A25     2A25        3     5000       0
                stringtext52                       2A1B     2A1B        4     5000       0
                stringtext51                       2A17     2A17        4     5000       0
                stringtext50                       2A13     2A13        4     5000       0
                stringtext49                       2A0F     2A0F        4     5000       0
                stringtext48                       2A0A     2A0A        5     5000       0
                stringtext47                       2A05     2A05        5     5000       0
                stringtext46                       2A00     2A00        5     5000       0
                stringtext45                       29FB     29FB        5     5000       0
                stringtext44                       29F6     29F6        5     5000       0
                stringtext43                       29F1     29F1        5     5000       0
                stringtext42                       29EA     29EA        7     5000       0
                stringtext41                       29E2     29E2        8     5000       0
                stringtext40                       29DA     29DA        8     5000       0
                stringtext39                       29D2     29D2        8     5000       0
                stringtext38                       29CA     29CA        8     5000       0
                stringtext37                       29C2     29C2        8     5000       0
                stringtext36                       29BA     29BA        8     5000       0
                stringtext35                       29B2     29B2        8     5000       0
                stringtext34                       29AA     29AA        8     5000       0
                stringtext33                       29A1     29A1        9     5000       0
                stringtext32                       2998     2998        9     5000       0
                stringtext31                       298D     298D        B     5000       0
                stringtext30                       2982     2982        B     5000       0
                stringtext29                       2976     2976        C     5000       0
                stringtext28                       295D     295D        D     5000       0
                stringtext27                       2950     2950        D     5000       0
                stringtext26                       2942     2942        E     5000       0
                stringtext25                       2934     2934        E     5000       0
                stringtext24                       2925     2925        F     5000       0
                stringtext23                       2916     2916        F     5000       0
                stringtext22                       28F7     28F7       10     5000       0
                stringtext21                       28E7     28E7       10     5000       0
                stringtext20                       28D7     28D7       10     5000       0
                stringtext19                       28C6     28C6       11     5000       0
                stringtext18                       28B5     28B5       11     5000       0
                stringtext17                       28A3     28A3       12     5000       0
                stringtext16                       288C     288C       17     5000       0
                stringtext15                       2873     2873       19     5000       0
                stringtext14                       2859     2859       1A     5000       0
                stringtext13                       283D     283D       1C     5000       0
                stringtext12                       281F     281F       1E     5000       0
                stringtext11                       2800     2800       1F     5000       0
                nvBANK2                             16C      16C        4      120       1
                nvBANK0                              5E       5E        1       20       1
                stringtext10                       296A     296A        C     5000       0
                stringtext9                        2907     2907        F     5000       0
                stringtext8                        10F4     10F4       F4     2000       0
                stringtext7                        2A2B     2A2B        2     5000       0
                stringtext6                        2A22     2A22        3     5000       0
                stringtext5                        2A1F     2A1F        3     5000       0
                stringtext4                        2000     2000       28     4000       0
                stringtext3                        12DA     12DA       F2     2000       0
                stringtext2                        11E8     11E8       F2     2000       0
                stringtext1                        1000     1000       F4     2000       0
                idataBANK4                         183F     183F       20     307E       0
                idataBANK1                         251B     251B        6     4A36       0
                idataBANK0                         2521     2521        6     4A42       0

TOTAL           Name                               Link     Load   Length     Space
        CLASS   STACK          

        CLASS   CODE           
                end_init                             4F       4F        2         0
                cinit                                51       51       50         0
                intentry                              4        4       4B         0
                reset_vec                             0        0        2         0
                text157                            272E     272E       1C         0
                text156                            2766     2766       1E         0
                text155                            246E     246E        3         0
                text154                            24D3     24D3        5         0
                text153                            19C1     19C1       29         0
                text152                            1CE3     1CE3       49         0
                text151                            26CA     26CA       18         0
                text150                            185F     185F       21         0
                text149                            1B5C     1B5C       37         0
                text148                            2603     2603        D         0
                text147                            2471     2471        3         0
                text146                            24D8     24D8        5         0
                text145                            257D     257D        9         0
                text144                            2610     2610        D         0
                text143                            2474     2474        3         0
                text142                            2477     2477        3         0
                text141                            24A7     24A7        4         0
                text140                            247A     247A        3         0
                text139                            247D     247D        3         0
                text138                               2        2        2         0
                text137                             7FE      7FE        2         0
                text136                            2480     2480        3         0
                text135                            1828     1828        1         0
                text134                            24AB     24AB        4         0
                text133                            2483     2483        3         0
                text132                            24DD     24DD        5         0
                text131                            25EB     25EB        C         0
                text130                            2486     2486        3         0
                text129                            19EA     19EA       2A         0
                text128                            2527     2527        7         0
                text127                            24E2     24E2        5         0
                text126                            24AF     24AF        4         0
                text125                            24B3     24B3        4         0
                text124                            24B7     24B7        4         0
                text123                            24BB     24BB        4         0
                text122                            2535     2535        8         0
                text121                            252E     252E        7         0
                text120                            24F1     24F1        6         0
                text119                            24BF     24BF        4         0
                text118                            24C3     24C3        4         0
                text117                            24C7     24C7        4         0
                text116                            18E6     18E6       24         0
                text115                            1E0D     1E0D       4E         0
                text114                            1B93     1B93       3F         0
                text113                            2489     2489        3         0
                text112                            27C0     27C0       20         0
                text110                            27E0     27E0       20         0
                text109                            26FA     26FA       1A         0
                text108                            25A1     25A1        A         0
                text107                            1B28     1B28       34         0
                text106                            253D     253D        8         0
                text105                            2586     2586        9         0
                text104                            268D     268D       14         0
                text103                            258F     258F        9         0
                text102                            2669     2669       12         0
                text101                            24CB     24CB        4         0
                text100                            26B5     26B5       15         0
                text99                             1A98     1A98       30         0
                text98                             1F4F     1F4F       58         0
                text97                             26E2     26E2       18         0
                text96                             1880     1880       21         0
                text95                             248C     248C        3         0
                text94                             248F     248F        3         0
                text93                             15E7     15E7       65         0
                text92                             18A1     18A1       22         0
                text91                              D23      D23       E1         0
                text90                              A3C      A3C       87         0
                text89                              8CD      8CD       79         0
                text88                             1EAB     1EAB       52         0
                text87                             2492     2492        3         0
                text86                             24CF     24CF        4         0
                text85                             2495     2495        3         0
                text84                             2498     2498        3         0
                text83                             24F7     24F7        6         0
                text82                             24FD     24FD        6         0
                text81                             249B     249B        3         0
                text80                             1829     1829        1         0
                text79                              800      800        4         0
                text78                             249E     249E        3         0
                text77                             2503     2503        6         0
                text76                             261D     261D        D         0
                text75                             24A1     24A1        3         0
                text74                             1A69     1A69       2F         0
                text73                             25BF     25BF        B         0
                text72                             2598     2598        9         0
                text71                             2545     2545        8         0
                text70                             254D     254D        8         0
                text69                             2555     2555        8         0
                text68                             255D     255D        8         0
                text67                             25F7     25F7        C         0
                text66                             25CA     25CA        B         0
                text65                             25AB     25AB        A         0
                text64                             2565     2565        8         0
                text63                             256D     256D        8         0
                text62                             2575     2575        8         0
                text61                             1A3E     1A3E       2B         0
                text60                             1FA7     1FA7       59         0
                text59                             1C58     1C58       44         0
                text58                             24A4     24A4        3         0
                text57                             199B     199B       26         0
                text56                             25D5     25D5        B         0
                text55                             25E0     25E0        B         0
                text54                             25B5     25B5        A         0
                text53                             190A     190A       24         0
                text52                             182A     182A       15         0
                text51                              804      804       53         0
                text50                             1BD2     1BD2       43         0
                text49                             1976     1976       25         0
                text48                             2509     2509        6         0
                text47                              618      618      132         0
                text46                             192E     192E       24         0
                text45                             1C9C     1C9C       47         0
                text44                             2658     2658       11         0
                text43                             1E5B     1E5B       50         0
                text42                              74A      74A       B4         0
                text41                               A1       A1      249         0
                text40                              E04      E04       E2         0
                text39                             1400     1400       5C         0
                text38                             1952     1952       24         0
                text37                              C45      C45       DE         0
                text36                              946      946       79         0
                text35                             164C     164C       69         0
                text34                              B7C      B7C       C9         0
                text33                             1D2C     1D2C       4B         0
                text32                             18C3     18C3       23         0
                text31                             1D77     1D77       4B         0
                text30                             1A14     1A14       2A         0
                text29                              9BF      9BF       7D         0
                text28                             1C15     1C15       43         0
                text27                             262A     262A        F         0
                text26                             24E7     24E7        5         0
                text25                              EE6      EE6      11A         0
                text24                             14BD     14BD       63         0
                text23                             24EC     24EC        5         0
                text22                             1EFD     1EFD       52         0
                text21                             1520     1520       63         0
                text20                              857      857       76         0
                text19                             2784     2784       1E         0
                text18                             1583     1583       64         0
                text17                             27A2     27A2       1E         0
                text16                             145C     145C       61         0
                text15                             26A1     26A1       14         0
                text14                             267B     267B       12         0
                text13                             16B5     16B5       6B         0
                text12                              2EA      2EA      1AA         0
                text11                              AC3      AC3       B9         0
                text10                             274A     274A       1C         0
                text9                              2639     2639        F         0
                text8                              178F     178F       71         0
                text7                              2648     2648       10         0
                text6                              13CC     13CC       34         0
                text5                              2714     2714       1A         0
                text4                              1AC8     1AC8       30         0
                text3                              1AF8     1AF8       30         0
                text2                              1DC2     1DC2       4B         0
                text1                               494      494      184         0
                maintext                           1720     1720       6F         0
                clrtext                            250F     250F        6         0
                inittext                           2515     2515        6         0
                idataBANK4                         183F     183F       20         0
                idataBANK1                         251B     251B        6         0
                idataBANK0                         2521     2521        6         0

        CLASS   STRCODE        
                stringtext57                       2A31     2A31        2         0
                stringtext56                       2A2F     2A2F        2         0
                stringtext55                       2A2D     2A2D        2         0
                stringtext54                       2A28     2A28        3         0
                stringtext53                       2A25     2A25        3         0
                stringtext52                       2A1B     2A1B        4         0
                stringtext51                       2A17     2A17        4         0
                stringtext50                       2A13     2A13        4         0
                stringtext49                       2A0F     2A0F        4         0
                stringtext48                       2A0A     2A0A        5         0
                stringtext47                       2A05     2A05        5         0
                stringtext46                       2A00     2A00        5         0
                stringtext45                       29FB     29FB        5         0
                stringtext44                       29F6     29F6        5         0
                stringtext43                       29F1     29F1        5         0
                stringtext42                       29EA     29EA        7         0
                stringtext41                       29E2     29E2        8         0
                stringtext40                       29DA     29DA        8         0
                stringtext39                       29D2     29D2        8         0
                stringtext38                       29CA     29CA        8         0
                stringtext37                       29C2     29C2        8         0
                stringtext36                       29BA     29BA        8         0
                stringtext35                       29B2     29B2        8         0
                stringtext34                       29AA     29AA        8         0
                stringtext33                       29A1     29A1        9         0
                stringtext32                       2998     2998        9         0
                stringtext31                       298D     298D        B         0
                stringtext30                       2982     2982        B         0
                stringtext29                       2976     2976        C         0
                stringtext28                       295D     295D        D         0
                stringtext27                       2950     2950        D         0
                stringtext26                       2942     2942        E         0
                stringtext25                       2934     2934        E         0
                stringtext24                       2925     2925        F         0
                stringtext23                       2916     2916        F         0
                stringtext22                       28F7     28F7       10         0
                stringtext21                       28E7     28E7       10         0
                stringtext20                       28D7     28D7       10         0
                stringtext19                       28C6     28C6       11         0
                stringtext18                       28B5     28B5       11         0
                stringtext17                       28A3     28A3       12         0
                stringtext16                       288C     288C       17         0
                stringtext15                       2873     2873       19         0
                stringtext14                       2859     2859       1A         0
                stringtext13                       283D     283D       1C         0
                stringtext12                       281F     281F       1E         0
                stringtext11                       2800     2800       1F         0
                stringtext10                       296A     296A        C         0
                stringtext9                        2907     2907        F         0
                stringtext8                        10F4     10F4       F4         0
                stringtext7                        2A2B     2A2B        2         0
                stringtext6                        2A22     2A22        3         0
                stringtext5                        2A1F     2A1F        3         0
                stringtext4                        2000     2000       28         0
                stringtext3                        12DA     12DA       F2         0
                stringtext2                        11E8     11E8       F2         0
                stringtext1                        1000     1000       F4         0

        CLASS   STRING         

        CLASS   CONST          
                swtext1                            1800     1800       28         0

        CLASS   ENTRY          

        CLASS   COMMON         
                cstackCOMMON                         70       70        D         1
                bssCOMMON                            7D       7D        1         1

        CLASS   BANK0          
                cstackBANK0                          20       20       2E         1
                dataBANK0                            58       58        6         1
                bssBANK0                             4E       4E        A         1
                nvBANK0                              5E       5E        1         1

        CLASS   BANK1          
                cstackBANK1                          A0       A0       34         1
                dataBANK1                            EA       EA        6         1
                bssBANK1                             D4       D4       16         1

        CLASS   BANK2          
                bssBANK2                            120      120       4C         1
                nvBANK2                             16C      16C        4         1

        CLASS   BANK3          
                cstackBANK3                         1EC      1EC        3         1
                bssBANK3                            1A0      1A0       4C         1

        CLASS   BANK4          
                cstackBANK4                         240      240       18         1
                dataBANK4                           220      220       20         1
                bssBANK4                            258      258       15         1

        CLASS   BANK5          

        CLASS   BANK6          

        CLASS   BANK7          

        CLASS   BANK8          

        CLASS   BANK9          

        CLASS   BANK10         

        CLASS   BANK11         

        CLASS   BANK12         

        CLASS   BANK13         

        CLASS   BANK14         

        CLASS   BANK15         

        CLASS   BANK16         

        CLASS   BANK17         

        CLASS   BANK18         

        CLASS   BANK19         

        CLASS   BANK20         

        CLASS   BANK21         

        CLASS   BANK22         

        CLASS   BANK23         

        CLASS   BANK24         

        CLASS   BANK25         

        CLASS   BIGRAM         

        CLASS   RAM            

        CLASS   ABS1           
                abs_s1                               7E       7E        2         1

        CLASS   SFR0           

        CLASS   SFR1           

        CLASS   SFR2           

        CLASS   SFR3           

        CLASS   SFR4           

        CLASS   SFR5           

        CLASS   SFR6           

        CLASS   SFR7           

        CLASS   SFR8           

        CLASS   SFR9           

        CLASS   SFR10          

        CLASS   SFR11          

        CLASS   SFR12          

        CLASS   SFR13          

        CLASS   SFR14          

        CLASS   SFR15          

        CLASS   SFR16          

        CLASS   SFR17          

        CLASS   SFR18          

        CLASS   SFR19          

        CLASS   SFR20          

        CLASS   SFR21          

        CLASS   SFR22          

        CLASS   SFR23          

        CLASS   SFR24          

        CLASS   SFR25          

        CLASS   SFR26          

        CLASS   SFR27          

        CLASS   SFR28          

        CLASS   SFR29          

        CLASS   SFR30          

        CLASS   SFR31          

        CLASS   CONFIG         
                config                             8007     8007        4         0

        CLASS   IDLOC          

        CLASS   EEDATA         

        CLASS   BANK31         

        CLASS   BANK30         

        CLASS   BANK29         

        CLASS   BANK28         

        CLASS   BANK27         

        CLASS   BANK26         



SEGMENTS        Name                           Load    Length   Top    Selector   Space  Class     Delta

                reset_vec                      000000  000004  000004         0       0  CODE        2
                intentry                       000004  0007FC  000800         8       0  CODE        2
                cstackBANK0                    000020  00003F  00005F        20       1  BANK0       1
                cstackCOMMON                   000070  00000E  00007E        70       1  COMMON      1
                cstackBANK1                    0000A0  000050  0000F0        A0       1  BANK1       1
                bssBANK2                       000120  000050  000170       120       1  BANK2       1
                bssBANK3                       0001A0  00004F  0001EF       1A0       1  BANK3       1
                dataBANK4                      000220  00004D  00026D       220       1  BANK4       1
                text79                         000800  000004  000804      1000       0  CODE        2
                text51                         000804  000053  000857      1008       0  CODE        2
                text20                         000857  000076  0008CD      10AE       0  CODE        2
                text89                         0008CD  000079  000946      119A       0  CODE        2
                text36                         000946  000079  0009BF      128C       0  CODE        2
                text29                         0009BF  00007D  000A3C      137E       0  CODE        2
                text90                         000A3C  000087  000AC3      1478       0  CODE        2
                text11                         000AC3  0000B9  000B7C      1586       0  CODE        2
                text34                         000B7C  0000C9  000C45      16F8       0  CODE        2
                text37                         000C45  0000DE  000D23      188A       0  CODE        2
                text91                         000D23  0000E1  000E04      1A46       0  CODE        2
                text40                         000E04  0000E2  000EE6      1C08       0  CODE        2
                text25                         000EE6  00011A  001000      1DCC       0  CODE        2
                stringtext1                    001000  0003CC  0013CC      2000       0  STRCODE     2
                text6                          0013CC  000034  001400      2798       0  CODE        2
                text39                         001400  00005C  00145C      2800       0  CODE        2
                text16                         00145C  000061  0014BD      28B8       0  CODE        2
                text24                         0014BD  000063  001520      297A       0  CODE        2
                text21                         001520  000063  001583      2A40       0  CODE        2
                text18                         001583  000064  0015E7      2B06       0  CODE        2
                text93                         0015E7  000065  00164C      2BCE       0  CODE        2
                text35                         00164C  000069  0016B5      2C98       0  CODE        2
                text13                         0016B5  00006B  001720      2D6A       0  CODE        2
                maintext                       001720  00006F  00178F      2E40       0  CODE        2
                text8                          00178F  000071  001800      2F1E       0  CODE        2
                swtext1                        001800  000028  001828      3000       0  CONST       2
                text135                        001828  000001  001829      3050       0  CODE        2
                text80                         001829  000001  00182A      3052       0  CODE        2
                text52                         00182A  000015  00183F      3054       0  CODE        2
                idataBANK4                     00183F  000020  00185F      307E       0  CODE        2
                text150                        00185F  000021  001880      30BE       0  CODE        2
                text96                         001880  000021  0018A1      3100       0  CODE        2
                text92                         0018A1  000022  0018C3      3142       0  CODE        2
                text32                         0018C3  000023  0018E6      3186       0  CODE        2
                text116                        0018E6  000024  00190A      31CC       0  CODE        2
                text53                         00190A  000024  00192E      3214       0  CODE        2
                text46                         00192E  000024  001952      325C       0  CODE        2
                text38                         001952  000024  001976      32A4       0  CODE        2
                text49                         001976  000025  00199B      32EC       0  CODE        2
                text57                         00199B  000026  0019C1      3336       0  CODE        2
                text153                        0019C1  000029  0019EA      3382       0  CODE        2
                text129                        0019EA  00002A  001A14      33D4       0  CODE        2
                text30                         001A14  00002A  001A3E      3428       0  CODE        2
                text61                         001A3E  00002B  001A69      347C       0  CODE        2
                text74                         001A69  00002F  001A98      34D2       0  CODE        2
                text99                         001A98  000030  001AC8      3530       0  CODE        2
                text4                          001AC8  000030  001AF8      3590       0  CODE        2
                text3                          001AF8  000030  001B28      35F0       0  CODE        2
                text107                        001B28  000034  001B5C      3650       0  CODE        2
                text149                        001B5C  000037  001B93      36B8       0  CODE        2
                text114                        001B93  00003F  001BD2      3726       0  CODE        2
                text50                         001BD2  000043  001C15      37A4       0  CODE        2
                text28                         001C15  000043  001C58      382A       0  CODE        2
                text59                         001C58  000044  001C9C      38B0       0  CODE        2
                text45                         001C9C  000047  001CE3      3938       0  CODE        2
                text152                        001CE3  000049  001D2C      39C6       0  CODE        2
                text33                         001D2C  00004B  001D77      3A58       0  CODE        2
                text31                         001D77  00004B  001DC2      3AEE       0  CODE        2
                text2                          001DC2  00004B  001E0D      3B84       0  CODE        2
                text115                        001E0D  00004E  001E5B      3C1A       0  CODE        2
                text43                         001E5B  000050  001EAB      3CB6       0  CODE        2
                text88                         001EAB  000052  001EFD      3D56       0  CODE        2
                text22                         001EFD  000052  001F4F      3DFA       0  CODE        2
                text98                         001F4F  000058  001FA7      3E9E       0  CODE        2
                text60                         001FA7  000059  002000      3F4E       0  CODE        2
                stringtext4                    002000  000028  002028      4000       0  STRCODE     2
                text155                        00246E  000003  002471      48DC       0  CODE        2
                text147                        002471  000003  002474      48E2       0  CODE        2
                text143                        002474  000003  002477      48E8       0  CODE        2
                text142                        002477  000003  00247A      48EE       0  CODE        2
                text140                        00247A  000003  00247D      48F4       0  CODE        2
                text139                        00247D  000003  002480      48FA       0  CODE        2
                text136                        002480  000003  002483      4900       0  CODE        2
                text133                        002483  000003  002486      4906       0  CODE        2
                text130                        002486  000003  002489      490C       0  CODE        2
                text113                        002489  000003  00248C      4912       0  CODE        2
                text95                         00248C  000003  00248F      4918       0  CODE        2
                text94                         00248F  000003  002492      491E       0  CODE        2
                text87                         002492  000003  002495      4924       0  CODE        2
                text85                         002495  000003  002498      492A       0  CODE        2
                text84                         002498  000003  00249B      4930       0  CODE        2
                text81                         00249B  000003  00249E      4936       0  CODE        2
                text78                         00249E  000003  0024A1      493C       0  CODE        2
                text75                         0024A1  000003  0024A4      4942       0  CODE        2
                text58                         0024A4  000003  0024A7      4948       0  CODE        2
                text141                        0024A7  000004  0024AB      494E       0  CODE        2
                text134                        0024AB  000004  0024AF      4956       0  CODE        2
                text126                        0024AF  000004  0024B3      495E       0  CODE        2
                text125                        0024B3  000004  0024B7      4966       0  CODE        2
                text124                        0024B7  000004  0024BB      496E       0  CODE        2
                text123                        0024BB  000004  0024BF      4976       0  CODE        2
                text119                        0024BF  000004  0024C3      497E       0  CODE        2
                text118                        0024C3  000004  0024C7      4986       0  CODE        2
                text117                        0024C7  000004  0024CB      498E       0  CODE        2
                text101                        0024CB  000004  0024CF      4996       0  CODE        2
                text86                         0024CF  000004  0024D3      499E       0  CODE        2
                text154                        0024D3  000005  0024D8      49A6       0  CODE        2
                text146                        0024D8  000005  0024DD      49B0       0  CODE        2
                text132                        0024DD  000005  0024E2      49BA       0  CODE        2
                text127                        0024E2  000005  0024E7      49C4       0  CODE        2
                text26                         0024E7  000005  0024EC      49CE       0  CODE        2
                text23                         0024EC  000005  0024F1      49D8       0  CODE        2
                text120                        0024F1  000006  0024F7      49E2       0  CODE        2
                text83                         0024F7  000006  0024FD      49EE       0  CODE        2
                text82                         0024FD  000006  002503      49FA       0  CODE        2
                text77                         002503  000006  002509      4A06       0  CODE        2
                text48                         002509  000006  00250F      4A12       0  CODE        2
                clrtext                        00250F  000006  002515      4A1E       0  CODE        2
                inittext                       002515  000006  00251B      4A2A       0  CODE        2
                idataBANK1                     00251B  000006  002521      4A36       0  CODE        2
                idataBANK0                     002521  000006  002527      4A42       0  CODE        2
                text128                        002527  000007  00252E      4A4E       0  CODE        2
                text121                        00252E  000007  002535      4A5C       0  CODE        2
                text122                        002535  000008  00253D      4A6A       0  CODE        2
                text106                        00253D  000008  002545      4A7A       0  CODE        2
                text71                         002545  000008  00254D      4A8A       0  CODE        2
                text70                         00254D  000008  002555      4A9A       0  CODE        2
                text69                         002555  000008  00255D      4AAA       0  CODE        2
                text68                         00255D  000008  002565      4ABA       0  CODE        2
                text64                         002565  000008  00256D      4ACA       0  CODE        2
                text63                         00256D  000008  002575      4ADA       0  CODE        2
                text62                         002575  000008  00257D      4AEA       0  CODE        2
                text145                        00257D  000009  002586      4AFA       0  CODE        2
                text105                        002586  000009  00258F      4B0C       0  CODE        2
                text103                        00258F  000009  002598      4B1E       0  CODE        2
                text72                         002598  000009  0025A1      4B30       0  CODE        2
                text108                        0025A1  00000A  0025AB      4B42       0  CODE        2
                text65                         0025AB  00000A  0025B5      4B56       0  CODE        2
                text54                         0025B5  00000A  0025BF      4B6A       0  CODE        2
                text73                         0025BF  00000B  0025CA      4B7E       0  CODE        2
                text66                         0025CA  00000B  0025D5      4B94       0  CODE        2
                text56                         0025D5  00000B  0025E0      4BAA       0  CODE        2
                text55                         0025E0  00000B  0025EB      4BC0       0  CODE        2
                text131                        0025EB  00000C  0025F7      4BD6       0  CODE        2
                text67                         0025F7  00000C  002603      4BEE       0  CODE        2
                text148                        002603  00000D  002610      4C06       0  CODE        2
                text144                        002610  00000D  00261D      4C20       0  CODE        2
                text76                         00261D  00000D  00262A      4C3A       0  CODE        2
                text27                         00262A  00000F  002639      4C54       0  CODE        2
                text9                          002639  00000F  002648      4C72       0  CODE        2
                text7                          002648  000010  002658      4C90       0  CODE        2
                text44                         002658  000011  002669      4CB0       0  CODE        2
                text102                        002669  000012  00267B      4CD2       0  CODE        2
                text14                         00267B  000012  00268D      4CF6       0  CODE        2
                text104                        00268D  000014  0026A1      4D1A       0  CODE        2
                text15                         0026A1  000014  0026B5      4D42       0  CODE        2
                text100                        0026B5  000015  0026CA      4D6A       0  CODE        2
                text151                        0026CA  000018  0026E2      4D94       0  CODE        2
                text97                         0026E2  000018  0026FA      4DC4       0  CODE        2
                text109                        0026FA  00001A  002714      4DF4       0  CODE        2
                text5                          002714  00001A  00272E      4E28       0  CODE        2
                text157                        00272E  00001C  00274A      4E5C       0  CODE        2
                text10                         00274A  00001C  002766      4E94       0  CODE        2
                text156                        002766  00001E  002784      4ECC       0  CODE        2
                text19                         002784  00001E  0027A2      4F08       0  CODE        2
                text17                         0027A2  00001E  0027C0      4F44       0  CODE        2
                text112                        0027C0  000020  0027E0      4F80       0  CODE        2
                text110                        0027E0  000020  002800      4FC0       0  CODE        2
                stringtext11                   002800  000233  002A33      5000       0  STRCODE     2
                config                         008007  000004  00800B     1000E       0  CONFIG      2


UNUSED ADDRESS RANGES

        Name                Unused          Largest block    Delta
        BANK0            0005F-0006F              11           1
        BANK10           00520-0056F              50           1
        BANK11           005A0-005EF              50           1
        BANK12           00620-0066F              50           1
        BANK13           006A0-006EF              50           1
        BANK14           00720-0076F              50           1
        BANK15           007A0-007EF              50           1
        BANK16           00820-0086F              50           1
        BANK17           008A0-008EF              50           1
        BANK18           00920-0096F              50           1
        BANK19           009A0-009EF              50           1
        BANK20           00A20-00A6F              50           1
        BANK21           00AA0-00AEF              50           1
        BANK22           00B20-00B6F              50           1
        BANK23           00BA0-00BEF              50           1
        BANK24           00C20-00C6F              50           1
        BANK25           00CA0-00CBF              20           1
        BANK3            001EF-001EF               1           1
        BANK4            0026D-0026F               3           1
        BANK5            002A0-002EF              50           1
        BANK6            00320-0036F              50           1
        BANK7            003A0-003EF              50           1
        BANK8            00420-0046F              50           1
        BANK9            004A0-004EF              50           1
        BIGRAM           02000-027EF             7F0           1
        CODE             02028-0246D             446           2
                         02A33-03FFF             800
        CONST            02028-0246D             100           2
                         02A33-03FFF             100
        EEDATA           0F000-0F0FF             100           2
        ENTRY            02028-0246D             100           2
                         02A33-03FFF             100
        IDLOC            08000-08003               4           2
        RAM              0005F-0006F              11           1
                         001EF-001EF               1
                         0026D-0026F               3
                         002A0-002EF              50
                         00320-0036F              50
                         003A0-003EF              50
                         00420-0046F              50
                         004A0-004EF              50
                         00520-0056F              50
                         005A0-005EF              50
                         00620-0066F              50
                         006A0-006EF              50
                         00720-0076F              50
                         007A0-007EF              50
                         00820-0086F              50
                         008A0-008EF              50
                         00920-0096F              50
                         009A0-009EF              50
                         00A20-00A6F              50
                         00AA0-00AEF              50
                         00B20-00B6F              50
                         00BA0-00BEF              50
                         00C20-00C6F              50
                         00CA0-00CBF              20
        SFR0             00000-0001F              20           1
        SFR1             00080-0009F              20           1
        SFR10            00500-0051F              20           1
        SFR11            00580-0059F              20           1
        SFR12            00600-0061F              20           1
        SFR13            00680-0069F              20           1
        SFR14            00700-0071F              20           1
        SFR15            00780-0079F              20           1
        SFR16            00800-0081F              20           1
        SFR17            00880-0089F              20           1
        SFR18            00900-0091F              20           1
        SFR19            00980-0099F              20           1
        SFR2             00100-0011F              20           1
        SFR20            00A00-00A1F              20           1
        SFR21            00A80-00A9F              20           1
        SFR22            00B00-00B1F              20           1
        SFR23            00B80-00B9F              20           1
        SFR24            00C00-00C1F              20           1
        SFR25            00C80-00C9F              20           1
        SFR26            00D00-00D6F              70           1
        SFR27            00D80-00DEF              70           1
        SFR28            00E00-00E6F              70           1
        SFR29            00E80-00EEF              70           1
        SFR3             00180-0019F              20           1
        SFR30            00F00-00F6F              70           1
        SFR31            00F80-00FEF              70           1
        SFR4             00200-0021F              20           1
        SFR5             00280-0029F              20           1
        SFR6             00300-0031F              20           1
        SFR7             00380-0039F              20           1
        SFR8             00400-0041F              20           1
        SFR9             00480-0049F              20           1
        STACK            0218D-027EF             663           1
        STRCODE          02028-0246D             446           2
                         02A33-03FFF            15CD
        STRING           02028-0246D             100           2
                         02A33-03FFF             100

                                  Symbol Table

?_LED_getData                             cstackBANK1  000B5
?_LED_readConfig                          cstackBANK1  000C6
?_LED_testComm                            cstackBANK1  000CA
?___awdiv                                 cstackBANK0  00031
?___awtoft                                cstackBANK0  00039
?___ftadd                                 cstackBANK1  000A6
?___ftmul                                 cstackBANK0  0003F
?___ftpack                                cstackBANK0  00031
?___fttol                                 cstackBANK1  000AF
?___lldiv                                 cstackBANK0  00031
?___llmod                                 cstackBANK0  0003F
?___wmul                                  cstackBANK0  00031
?_atoi                                    cstackBANK0  00037
?_drv_read                                cstackBANK1  000B5
?_getActive                               cstackBANK1  000B5
?_getMoveMask                             cstackBANK1  000B5
?_getPosition                             cstackBANK1  000B5
?_printf                                  cstackBANK1  000A0
?_setActive                               cstackBANK1  000B5
?_setDrvGain                              cstackBANK1  000B5
?_setDrvPeak                              cstackBANK1  000B5
?_setDrvPiezoOnTime                       cstackBANK1  000BD
?_setHeaterPostTime                       cstackBANK1  000BD
?_setHeaterPreTime                        cstackBANK1  000BD
?_setHeaterToggle                         cstackBANK1  000B5
?_setLEDBrightnessRange                   cstackBANK1  000B5
?_setLEDPwr                               cstackBANK1  000B5
?_setMoveMask                             cstackBANK1  000B5
?_startAbsMove                            cstackBANK1  000B5
?_startRelMove                            cstackBANK1  000B5
?_strchr                                  cstackBANK0  00031
?_strcspn                                 cstackBANK0  00038
?_stricmp                                 cstackBANK0  00033
?_strspn                                  cstackBANK0  00038
?_zeroPosition                            cstackBANK1  000B5
EUSART_Read@readValue                     cstackBANK0  00032
EUSART_Write@txData                       cstackBANK0  00032
LED_getData@j                             cstackBANK1  000C4
LED_getData@readData                      cstackBANK1  000C0
LED_readConfig@topOrBottom                cstackBANK1  000C6
LED_setBrightnessRange@LED_configReg      cstackBANK0  00048
LED_setBrightnessRange@range              cstackBANK0  00044
LED_setBrightnessRange@topOrBottom        cstackBANK0  00046
LED_testComm@oldConfigReg                 cstackBANK1  000CE
LED_testComm@readResult                   cstackBANK1  000CC
LED_testComm@topOrBottom                  cstackBANK1  000CA
LED_test_openshort@j                      cstackBANK1  000BE
LED_test_openshort@readData               cstackBANK1  000BA
LED_test_openshort@topOrBottom            cstackBANK1  000B7
LED_test_openshort@type                   cstackBANK1  000B5
LEDsOn@LEDpins                            cstackBANK0  00044
LEDsOn@topOrBottom                        cstackBANK0  00048
LEDsPwr@pwr                               cstackBANK0  00044
LEDsPwr@pwrAll                            cstackBANK1  000A0
LEDsPwr@topOrBottom                       cstackBANK0  00046
TMR0_Load8bitPeriod@periodVal             cstackBANK0  00031
TMR0_SetInterruptHandler@InterruptHandler cstackBANK0  00031
TMR0_Write8bitTimer@timerVal              cstackCOMMON 00070
TMR2_LoadPeriodRegister@periodVal         cstackBANK0  00031
TMR2_SetInterruptHandler@InterruptHandler cstackBANK0  00031
TMR2_WriteTimer@timerVal                  cstackCOMMON 00070
_ANSELA                                   (abs)        0018C
_ANSELB                                   (abs)        0018D
_ANSELC                                   (abs)        0018E
_BAUD1CON                                 (abs)        0019F
_EUSART_Initialize                        text109      026FA
_EUSART_Read                              text110      027E0
_EUSART_Receive_ISR                       text157      0272E
_EUSART_Transmit_ISR                      text156      02766
_EUSART_Write                             text49       01976
_INTCONbits                               (abs)        0000B
_INTERRUPT_InterruptManager               intentry     00004
_LATA                                     (abs)        0010C
_LATAbits                                 (abs)        0010C
_LATB                                     (abs)        0010D
_LATBbits                                 (abs)        0010D
_LATC                                     (abs)        0010E
_LATCbits                                 (abs)        0010E
_LED_configReg_bot                        bssBANK2     0014E
_LED_configReg_top                        bssBANK2     00152
_LED_getData                              text39       01400
_LED_readConfig                           text38       01952
_LED_setBrightnessRange                   text37       00C45
_LED_testComm                             text36       00946
_LED_test_openshort                       text35       0164C
_LEDpower                                 stringtext7  02A2B
_LEDsOn                                   text96       01880
_LEDsPwr                                  text18       01583
_NVMADRH                                  (abs)        00892
_NVMADRL                                  (abs)        00891
_NVMCON1bits                              (abs)        00895
_NVMCON2                                  (abs)        00896
_NVMDATH                                  (abs)        00894
_NVMDATL                                  (abs)        00893
_ODCONA                                   (abs)        0028C
_ODCONB                                   (abs)        0028D
_ODCONC                                   (abs)        0028E
_OSCCON1                                  (abs)        00919
_OSCCON3                                  (abs)        0091B
_OSCEN                                    (abs)        0091D
_OSCFRQ                                   (abs)        0091F
_OSCILLATOR_Initialize                    text108      025A1
_OSCTUNE                                  (abs)        0091E
_PIE0bits                                 (abs)        00090
_PIE1bits                                 (abs)        00091
_PIN_MANAGER_Initialize                   text107      01B28
_PIR0bits                                 (abs)        00010
_PIR1bits                                 (abs)        00011
_PMD0                                     (abs)        00911
_PMD1                                     (abs)        00912
_PMD2                                     (abs)        00913
_PMD3                                     (abs)        00914
_PMD4                                     (abs)        00915
_PMD5                                     (abs)        00916
_PMD_Initialize                           text106      0253D
_PORTCbits                                (abs)        0000E
_PR2                                      (abs)        0001E
_RB5PPSbits                               (abs)        00E9D
_RB6PPSbits                               (abs)        00E9E
_RC1REG                                   (abs)        00199
_RC1STA                                   (abs)        0019D
_RC1STAbits                               (abs)        0019D
_RC7PPSbits                               (abs)        00EA7
_RXPPSbits                                (abs)        00E24
[...]
 This function calls:
		Nothing
 This function is called by:
		i1_send_2length_2bytes_IK
 This function uses a non-reentrant model


 *************** function _TMR0_Write8bitTimer *****************
 Defined at:
		line 108 in file "mcc_generated_files/tmr0.c"
 Parameters:    Size  Location     Type
  timerVal        1    wreg     unsigned char 
 Auto vars:     Size  Location     Type
  timerVal        1    0[COMMON] unsigned char 
 Return value:  Size  Location     Type
                  1    wreg      void 
 Registers used:
		wreg
 Tracked objects:
		On entry : 
		On exit  : 
		Unchanged: 
 Data sizes:     COMMON   BANK0   BANK1   BANK2   BANK3   BANK4   BANK5   BANK6   BANK7   BANK8   BANK9  BANK10  BANK11  BANK12  BANK13  BANK14  BANK15  BANK16  BANK17  BANK18  BANK19  BANK20  BANK21  BANK22  BANK23  BANK24  BANK25
      Params:         0       0       0       0       0       0       0       0       0       0       0       0       0       0       0       0       0       0       0       0       0       0       0       0       0       0       0
      Locals:         1       0       0       0       0       0       0       0       0       0       0       0       0       0       0       0       0       0       0       0       0       0       0       0       0       0       0
      Temps:          0       0       0       0       0       0       0       0       0       0       0       0       0       0       0       0       0       0       0       0       0       0       0       0       0       0       0
      Totals:         1       0       0       0       0       0       0       0       0       0       0       0       0       0       0       0       0       0       0       0       0       0       0       0       0       0       0
Total ram usage:        1 bytes
 Hardware stack levels used:    1
 This function calls:
		Nothing
 This function is called by:
		_TMR0_DefaultInterruptHandler
 This function uses a non-reentrant model


 *************** function _TMR0_StopTimer *****************
 Defined at:
		line 92 in file "mcc_generated_files/tmr0.c"
 Parameters:    Size  Location     Type
		None
 Auto vars:     Size  Location     Type
		None
 Return value:  Size  Location     Type
                  1    wreg      void 
 Registers used:
		None
 Tracked objects:
		On entry : 
		On exit  : 
		Unchanged: 
 Data sizes:     COMMON   BANK0   BANK1   BANK2   BANK3   BANK4   BANK5   BANK6   BANK7   BANK8   BANK9  BANK10  BANK11  BANK12  BANK13  BANK14  BANK15  BANK16  BANK17  BANK18  BANK19  BANK20  BANK21  BANK22  BANK23  BANK24  BANK25
      Params:         0       0       0       0       0       0       0       0       0       0       0       0       0       0       0       0       0       0       0       0       0       0       0       0       0       0       0
      Locals:         0       0       0       0       0       0       0       0       0       0       0       0       0       0       0       0       0       0       0       0       0       0       0       0       0       0       0
      Temps:          0       0       0       0       0       0       0       0       0       0       0       0       0       0       0       0       0       0       0       0       0       0       0       0       0       0       0
      Totals:         0       0       0       0       0       0       0       0       0       0       0       0       0       0       0       0       0       0       0       0       0       0       0       0       0       0       0
Total ram usage:        0 bytes
 Hardware stack levels used:    1
 This function calls:
		Nothing
 This function is called by:
		_TMR0_DefaultInterruptHandler
 This function uses a non-reentrant model


 *************** function _EUSART_Transmit_ISR *****************
 Defined at:
		line 161 in file "mcc_generated_files/eusart.c"
 Parameters:    Size  Location     Type
		None
 Auto vars:     Size  Location     Type
		None
 Return value:  Size  Location     Type
                  1    wreg      void 
 Registers used:
		wreg, fsr1l, fsr1h, status,2, status,0
 Tracked objects:
		On entry : 
		On exit  : 
		Unchanged: 
 Data sizes:     COMMON   BANK0   BANK1   BANK2   BANK3   BANK4   BANK5   BANK6   BANK7   BANK8   BANK9  BANK10  BANK11  BANK12  BANK13  BANK14  BANK15  BANK16  BANK17  BANK18  BANK19  BANK20  BANK21  BANK22  BANK23  BANK24  BANK25
      Params:         0       0       0       0       0       0       0       0       0       0       0       0       0       0       0       0       0       0       0       0       0       0       0       0       0       0       0
      Locals:         0       0       0       0       0       0       0       0       0       0       0       0       0       0       0       0       0       0       0       0       0       0       0       0       0       0       0
      Temps:          1       0       0       0       0       0       0       0       0       0       0       0       0       0       0       0       0       0       0       0       0       0       0       0       0       0       0
      Totals:         1       0       0       0       0       0       0       0       0       0       0       0       0       0       0       0       0       0       0       0       0       0       0       0       0       0       0
Total ram usage:        1 bytes
 Hardware stack levels used:    1
 This function calls:
		Nothing
 This function is called by:
		_INTERRUPT_InterruptManager
 This function uses a non-reentrant model


 *************** function _EUSART_Receive_ISR *****************
 Defined at:
		line 180 in file "mcc_generated_files/eusart.c"
 Parameters:    Size  Location     Type
		None
 Auto vars:     Size  Location     Type
		None
 Return value:  Size  Location     Type
                  1    wreg      void 
 Registers used:
		wreg, fsr1l, fsr1h, status,2, status,0
 Tracked objects:
		On entry : 
		On exit  : 
		Unchanged: 
 Data sizes:     COMMON   BANK0   BANK1   BANK2   BANK3   BANK4   BANK5   BANK6   BANK7   BANK8   BANK9  BANK10  BANK11  BANK12  BANK13  BANK14  BANK15  BANK16  BANK17  BANK18  BANK19  BANK20  BANK21  BANK22  BANK23  BANK24  BANK25
      Params:         0       0       0       0       0       0       0       0       0       0       0       0       0       0       0       0       0       0       0       0       0       0       0       0       0       0       0
      Locals:         0       0       0       0       0       0       0       0       0       0       0       0       0       0       0       0       0       0       0       0       0       0       0       0       0       0       0
      Temps:          1       0       0       0       0       0       0       0       0       0       0       0       0       0       0       0       0       0       0       0       0       0       0       0       0       0       0
      Totals:         1       0       0       0       0       0       0       0       0       0       0       0       0       0       0       0       0       0       0       0       0       0       0       0       0       0       0
Total ram usage:        1 bytes
 Hardware stack levels used:    1
 This function calls:
		Nothing
 This function is called by:
		_INTERRUPT_InterruptManager
 This function uses a non-reentrant model



MODULE INFORMATION

Module		Function		Class		Link	Load	Size
drv2665.c
		_fifo_check    		CODE           	2658	0000	18
		_drv_write     		CODE           	192E	0000	37
		_drv_write_DC  		CODE           	1E5B	0000	81
		_drv_read      		CODE           	1C9C	0000	72

drv2665.c estimated size: 208

LEDcomm.c
		_send_last_2bytes_IK		CODE           	1F4F	0000	89
		_LED_setBrightnessRange		CODE           	0C45	0000	223
		_LED_test_openshort		CODE           	164C	0000	106
		_send_2bytes_latchless_IK		CODE           	1A98	0000	49
		_LEDsPwr       		CODE           	1583	0000	101
		_LED_testComm  		CODE           	0946	0000	122
		_LEDsOn        		CODE           	1880	0000	34
		_send_2length_2bytes_IK		CODE           	26E2	0000	25
		_LED_getData   		CODE           	1400	0000	93
		_LED_readConfig		CODE           	1952	0000	37

LEDcomm.c estimated size: 879

C:\Program Files (x86)\Microchip\xc8\v1.45\sources\common\float.c
		___ftpack      		CODE           	15E7	0000	102

C:\Program Files (x86)\Microchip\xc8\v1.45\sources\common\float.c estimated size: 102

C:\Program Files (x86)\Microchip\xc8\v1.45\sources\common\doprnt.c
		_printf        		CODE           	0618	0000	307

C:\Program Files (x86)\Microchip\xc8\v1.45\sources\common\doprnt.c estimated size: 307

C:\Program Files (x86)\Microchip\xc8\v1.45\sources\common\strspn.c
		_strspn        		CODE           	1AF8	0000	49

C:\Program Files (x86)\Microchip\xc8\v1.45\sources\common\strspn.c estimated size: 49

mcc_generated_files/tmr2.c
		_TMR2_ISR      		CODE           	2610	0000	14
		_TMR2_LoadPeriodRegister		CODE           	24EC	0000	6
		_TMR2_Initialize		CODE           	2669	0000	19
		_TMR2_SetInterruptHandler		CODE           	258F	0000	10
		_TMR2_StopTimer		CODE           	2471	0000	4
		_TMR2_DefaultInterruptHandler		CODE           	257D	0000	10
		_TMR2_WriteTimer		CODE           	24D8	0000	6
		_TMR2_StartTimer		CODE           	248F	0000	4

mcc_generated_files/tmr2.c estimated size: 73

mcc_generated_files/interrupt_manager.c
		_INTERRUPT_InterruptManager		CODE           	0004	0000	76

mcc_generated_files/interrupt_manager.c estimated size: 76

C:\Program Files (x86)\Microchip\xc8\v1.45\sources\common\Umul16.c
		___wmul        		CODE           	274A	0000	29

C:\Program Files (x86)\Microchip\xc8\v1.45\sources\common\Umul16.c estimated size: 29

mcc_generated_files/tmr0.c
		_TMR0_Load8bitPeriod		CODE           	24E7	0000	6
		_TMR0_SetInterruptHandler		CODE           	2586	0000	10
		_TMR0_StopTimer		CODE           	246E	0000	4
		_TMR0_Write8bitTimer		CODE           	24D3	0000	6
		_TMR0_DefaultInterruptHandler		CODE           	1B5C	0000	56
		_TMR0_StartTimer		CODE           	248C	0000	4
		_TMR0_ISR      		CODE           	2603	0000	14
		_TMR0_Initialize		CODE           	268D	0000	21

mcc_generated_files/tmr0.c estimated size: 121

C:\Program Files (x86)\Microchip\xc8\v1.45\sources\common\strcspn.c
		_strcspn       		CODE           	1AC8	0000	49

C:\Program Files (x86)\Microchip\xc8\v1.45\sources\common\strcspn.c estimated size: 49

mcc_generated_files/pin_manager.c
		_PIN_MANAGER_Initialize		CODE           	1B28	0000	53

mcc_generated_files/pin_manager.c estimated size: 53

C:\Program Files (x86)\Microchip\xc8\v1.45\sources\common\isdigit.c
		_isdigit       		CODE           	2639	0000	16

C:\Program Files (x86)\Microchip\xc8\v1.45\sources\common\isdigit.c estimated size: 16

C:\Program Files (x86)\Microchip\xc8\v1.45\sources\common\ftmul.c
		___ftmul       		CODE           	0D23	0000	226

C:\Program Files (x86)\Microchip\xc8\v1.45\sources\common\ftmul.c estimated size: 226

C:\Program Files (x86)\Microchip\xc8\v1.45\sources\common\llmod.c
		___llmod       		CODE           	1BD2	0000	68

C:\Program Files (x86)\Microchip\xc8\v1.45\sources\common\llmod.c estimated size: 68

C:\Program Files (x86)\Microchip\xc8\v1.45\sources\common\atoi.c
		_atoi          		CODE           	178F	0000	114

C:\Program Files (x86)\Microchip\xc8\v1.45\sources\common\atoi.c estimated size: 114

C:\Program Files (x86)\Microchip\xc8\v1.45\sources\common\strtok.c
		_strtok        		CODE           	1DC2	0000	76

C:\Program Files (x86)\Microchip\xc8\v1.45\sources\common\strtok.c estimated size: 76

C:\Program Files (x86)\Microchip\xc8\v1.45\sources\common\stricmp.c
		_stricmp       		CODE           	13CC	0000	53

C:\Program Files (x86)\Microchip\xc8\v1.45\sources\common\stricmp.c estimated size: 53

shared
		i1_returnReset 		CODE           	07FE	0000	3
		i1_do_I2C_SEND_ADR_READ		CODE           	2535	0000	9
		i1_do_I2C_DO_NACK_STOP		CODE           	24C3	0000	5
		i1_mssp1_clearIRQ		CODE           	2489	0000	4
		i1_do_I2C_SEND_RESTART		CODE           	24B7	0000	5
		drv2665@drv_fifo_sine		STRCODE        	10F4	0000	245
		i1_do_I2C_TX_EMPTY		CODE           	19EA	0000	43
		_dpowers       		STRCODE        	2000	0000	41
		i1_do_I2C_DO_NACK_RESTART		CODE           	24C7	0000	5
		i1_send_2bytes_latchless_IK		CODE           	19C1	0000	42
		i1_do_I2C_SEND_RESTART_READ		CODE           	24AF	0000	5
		i1_do_I2C_DO_ADDRESS_NACK		CODE           	18E6	0000	37
		i1_do_I2C_RX   		CODE           	1B93	0000	64
		i1_do_I2C_TX   		CODE           	1E0D	0000	79
		_drv_sine      		STRCODE        	0000	0000	0
		_LEDpower      		STRCODE        	2A2B	0000	3
		i1_i2c_ISR     		CODE           	27C0	0000	33
		i1_i2c1_driver_sendNACK		CODE           	24AB	0000	5
		i1_do_I2C_IDLE 		CODE           	24E2	0000	6
		i1_do_I2C_RCEN 		CODE           	24F1	0000	7
		i1_i2c1_driver_isNACK		CODE           	25EB	0000	13
		__initialization		CODE           	0051	0000	77
		i1_LEDsOn      		CODE           	185F	0000	34
		i1_mssp1_setIRQ		CODE           	2486	0000	4
		i1_i2c1_driver_restart		CODE           	247A	0000	4
		i1_i2c1_driver_stop		CODE           	247D	0000	4
		_TMR0_RANGE    		STRCODE        	2A22	0000	4
		i1_do_I2C_RESET		CODE           	2527	0000	8
		i1_i2c1_driver_startRX		CODE           	2480	0000	4
		i1_i2c1_driver_resetBus		CODE           	1828	0000	2
		i1_i2c1_driver_sendACK		CODE           	24A7	0000	5
		_TMR2_RANGE    		STRCODE        	2A1F	0000	4
		i1_do_I2C_SEND_RESTART_WRITE		CODE           	24B3	0000	5
		drv2665@drv_sine		STRCODE        	11E8	0000	243
		i1_do_I2C_DO_ACK		CODE           	24BF	0000	5
		i1_do_I2C_SEND_ADR_WRITE		CODE           	252E	0000	8
		i1_i2c1_driver_getRXData		CODE           	2483	0000	4
		_drv_fifo_sine 		STRCODE        	0000	0000	0
		i1_send_2length_2bytes_IK		CODE           	26CA	0000	25
		i1_do_I2C_SEND_STOP		CODE           	24BB	0000	5
		i1_i2c1_driver_TXData		CODE           	24DD	0000	6
		sin@coeff_a    		STRCODE        	0000	0000	0
		sin@coeff_b    		STRCODE        	0000	0000	0
		i1_returnStop  		CODE           	0002	0000	3
		i1_send_last_2bytes_IK		CODE           	1CE3	0000	74

shared estimated size: 1182

mcc_generated_files/mcc.c
		_WDT_Initialize		CODE           	24CB	0000	5
		_PMD_Initialize		CODE           	253D	0000	9
		_OSCILLATOR_Initialize		CODE           	25A1	0000	11
		_SYSTEM_Initialize		CODE           	26B5	0000	22

mcc_generated_files/mcc.c estimated size: 47

C:\Program Files (x86)\Microchip\xc8\v1.45\sources\common\fttol.c
		___fttol       		CODE           	0A3C	0000	136

C:\Program Files (x86)\Microchip\xc8\v1.45\sources\common\fttol.c estimated size: 136

C:\Program Files (x86)\Microchip\xc8\v1.45\sources\common\awtoft.c
		___awtoft      		CODE           	18A1	0000	35

C:\Program Files (x86)\Microchip\xc8\v1.45\sources\common\awtoft.c estimated size: 35

mcc_generated_files/drivers/i2c_master.c
		_returnStop    		CODE           	24F7	0000	7
		_i2c_setBuffer 		CODE           	182A	0000	22
		_i2c_busCollisionISR		CODE           	2477	0000	4
		_i2c_ISR       		CODE           	199B	0000	39
		_i2c_masterOperation		CODE           	190A	0000	37
		_do_I2C_TX_EMPTY		CODE           	1A69	0000	48
		_returnReset   		CODE           	24FD	0000	7
		_do_I2C_SEND_RESTART_WRITE		CODE           	254D	0000	9
		_i2c_poller    		CODE           	25E0	0000	12
		_do_I2C_DO_NACK_RESTART		CODE           	2575	0000	9
		_do_I2C_SEND_RESTART_READ		CODE           	2545	0000	9
		_do_I2C_SEND_ADR_WRITE		CODE           	25CA	0000	12
		_do_I2C_SEND_STOP		CODE           	255D	0000	9
		_do_I2C_SEND_ADR_READ		CODE           	25F7	0000	13
		_do_I2C_DO_NACK_STOP		CODE           	256D	0000	9
		_do_I2C_SEND_RESTART		CODE           	2555	0000	9
		_do_I2C_RX     		CODE           	1C58	0000	69
		_do_I2C_TX     		CODE           	1FA7	0000	90
		_do_I2C_IDLE   		CODE           	2598	0000	10
		_do_I2C_RCEN   		CODE           	25AB	0000	11
		_do_I2C_DO_ADDRESS_NACK		CODE           	1A3E	0000	44
		_do_I2C_RESET  		CODE           	25BF	0000	12
		_do_I2C_DO_ACK 		CODE           	2565	0000	9

mcc_generated_files/drivers/i2c_master.c estimated size: 500

C:\Program Files (x86)\Microchip\xc8\v1.45\sources\common\awdiv.c
		___awdiv       		CODE           	1EAB	0000	83

C:\Program Files (x86)\Microchip\xc8\v1.45\sources\common\awdiv.c estimated size: 83

C:\Program Files (x86)\Microchip\xc8\v1.45\sources\common\ftadd.c
		___ftadd       		CODE           	0EE6	0000	283

C:\Program Files (x86)\Microchip\xc8\v1.45\sources\common\ftadd.c estimated size: 283

mcc_generated_files/i2c1_driver.c
		_mssp1_waitForEvent		CODE           	25D5	0000	12
		_i2c1_driver_isNACK		CODE           	261D	0000	14
		_i2c1_driver_stop		CODE           	2498	0000	4
		_i2c1_driver_getRXData		CODE           	249E	0000	4
		_i2c1_driver_TXData		CODE           	2503	0000	7
		_i2c1_driver_start		CODE           	2492	0000	4
		_i2c1_driver_sendACK		CODE           	24CF	0000	5
		_mssp1_setIRQ  		CODE           	24A1	0000	4
		_i2c1_driver_sendNACK		CODE           	0800	0000	5
		_i2c1_driver_restart		CODE           	2495	0000	4
		_i2c1_driver_resetBus		CODE           	1829	0000	2
		_i2c1_driver_clearBusCollision		CODE           	2474	0000	4
		_mssp1_clearIRQ		CODE           	24A4	0000	4
		_i2c1_driver_startRX		CODE           	249B	0000	4
		_mssp1_IRQisEnabled		CODE           	25B5	0000	11

mcc_generated_files/i2c1_driver.c estimated size: 88

C:\Program Files (x86)\Microchip\xc8\v1.45\sources\common\toupper.c
		_toupper       		CODE           	2648	0000	17

C:\Program Files (x86)\Microchip\xc8\v1.45\sources\common\toupper.c estimated size: 17

C:\Program Files (x86)\Microchip\xc8\v1.45\sources\common\lldiv.c
		___lldiv       		CODE           	0804	0000	84

C:\Program Files (x86)\Microchip\xc8\v1.45\sources\common\lldiv.c estimated size: 84

mcc_generated_files/eusart.c
		_putch         		CODE           	2509	0000	7
		_EUSART_Read   		CODE           	27E0	0000	33
		_EUSART_Write  		CODE           	1976	0000	38
		_EUSART_Transmit_ISR		CODE           	2766	0000	31
		_EUSART_Initialize		CODE           	26FA	0000	27
		_EUSART_Receive_ISR		CODE           	272E	0000	29

mcc_generated_files/eusart.c estimated size: 165

main.c
		_getActive     		CODE           	1D2C	0000	76
		_zeroPosition  		CODE           	16B5	0000	108
		_getPosition   		CODE           	1A14	0000	43
		_getMoveMask   		CODE           	1D77	0000	76
		_doRelMove     		CODE           	0E04	0000	227
		_setActive     		CODE           	09BF	0000	126
		_setMoveMask   		CODE           	145C	0000	98
		_main          		CODE           	1720	0000	112
		_setHeaterPreTime		CODE           	1520	0000	100
		_setLEDPwr     		CODE           	27A2	0000	31
		_commCheck     		CODE           	0B7C	0000	202
		_setDrvGain    		CODE           	1C15	0000	68
		_doAbsMove     		CODE           	00A1	0000	586
		_setHeaterPostTime		CODE           	1EFD	0000	83
		_doMove        		CODE           	074A	0000	181
		_startRelMove  		CODE           	267B	0000	19
		_calcHeaterPins		CODE           	08CD	0000	122
		_setDrvPeak    		CODE           	262A	0000	16
		_startAbsMove  		CODE           	26A1	0000	21
		_setDrvPiezoOnTime		CODE           	14BD	0000	100
		_setHeaterToggle		CODE           	0857	0000	119
		_initialize    		CODE           	0AC3	0000	186
		_getMotionStatus		CODE           	18C3	0000	36
		_setLEDBrightnessRange		CODE           	2784	0000	31

main.c estimated size: 2767

cmd_parser.c
		_execCmd       		CODE           	02EA	0000	427
		_parseCmd      		CODE           	0494	0000	389

cmd_parser.c estimated size: 816

C:\Program Files (x86)\Microchip\xc8\v1.45\sources\common\strchr.c
		_strchr        		CODE           	2714	0000	27

C:\Program Files (x86)\Microchip\xc8\v1.45\sources\common\strchr.c estimated size: 27

