Microchip MPLAB XC8 Compiler V1.45 ()

Linker command line:

-W-3 --edf=C:\Program Files (x86)\Microchip\xc8\v1.45\dat\en_msgs.txt -cs \
  -h+dist/default/production\udrive_code.production.sym \
  --cmf=dist/default/production\udrive_code.production.cmf -z -Q16F18346 \
  -oC:\Users\kolbi\AppData\Local\Temp\s3jk.2 \
  -Mdist/default/production/udrive_code.production.map -E1 -ver=XC8 \
  -ASTACK=021A8h-027efh -pstack=STACK -ACODE=00h-07FFhx8 \
  -ASTRCODE=00h-03FFFh -ASTRING=00h-0FFhx64 -ACONST=00h-0FFhx64 \
  -AENTRY=00h-0FFhx64 -ACOMMON=070h-07Fh -ABANK0=020h-06Fh \
  -ABANK1=0A0h-0EFh -ABANK2=0120h-016Fh -ABANK3=01A0h-01EFh \
  -ABANK4=0220h-026Fh -ABANK5=02A0h-02EFh -ABANK6=0320h-036Fh \
  -ABANK7=03A0h-03EFh -ABANK8=0420h-046Fh -ABANK9=04A0h-04EFh \
  -ABANK10=0520h-056Fh -ABANK11=05A0h-05EFh -ABANK12=0620h-066Fh \
  -ABANK13=06A0h-06EFh -ABANK14=0720h-076Fh -ABANK15=07A0h-07EFh \
  -ABANK16=0820h-086Fh -ABANK17=08A0h-08EFh -ABANK18=0920h-096Fh \
  -ABANK19=09A0h-09EFh -ABANK20=0A20h-0A6Fh -ABANK21=0AA0h-0AEFh \
  -ABANK22=0B20h-0B6Fh -ABANK23=0BA0h-0BEFh -ABANK24=0C20h-0C6Fh \
  -ABANK25=0CA0h-0CBFh -ABIGRAM=02000h-027EFh \
  -ARAM=020h-06Fh,0A0h-0EFh,0120h-016Fh,01A0h-01EFh,0220h-026Fh,02A0h-02EFh,0320h-036Fh,03A0h-03EFh,0420h-046Fh,04A0h-04EFh,0520h-056Fh,05A0h-05EFh,0620h-066Fh,06A0h-06EFh,0720h-076Fh,07A0h-07EFh,0820h-086Fh,08A0h-08EFh,0920h-096Fh,09A0h-09EFh,0A20h-0A6Fh,0AA0h-0AEFh,0B20h-0B6Fh,0BA0h-0BEFh,0C20h-0C6Fh,0CA0h-0CBFh \
  -AABS1=020h-07Fh,0A0h-0EFh,0120h-016Fh,01A0h-01EFh,0220h-026Fh,02A0h-02EFh,0320h-036Fh,03A0h-03EFh,0420h-046Fh,04A0h-04EFh,0520h-056Fh,05A0h-05EFh,0620h-066Fh,06A0h-06EFh,0720h-076Fh,07A0h-07EFh,0820h-086Fh,08A0h-08EFh,0920h-096Fh,09A0h-09EFh,0A20h-0A6Fh,0AA0h-0AEFh,0B20h-0B6Fh,0BA0h-0BEFh,0C20h-0C6Fh,0CA0h-0CBFh \
  -ASFR0=00h-01Fh -ASFR1=080h-09Fh -ASFR2=0100h-011Fh -ASFR3=0180h-019Fh \
  -ASFR4=0200h-021Fh -ASFR5=0280h-029Fh -ASFR6=0300h-031Fh \
  -ASFR7=0380h-039Fh -ASFR8=0400h-041Fh -ASFR9=0480h-049Fh \
  -ASFR10=0500h-051Fh -ASFR11=0580h-059Fh -ASFR12=0600h-061Fh \
  -ASFR13=0680h-069Fh -ASFR14=0700h-071Fh -ASFR15=0780h-079Fh \
  -ASFR16=0800h-081Fh -ASFR17=0880h-089Fh -ASFR18=0900h-091Fh \
  -ASFR19=0980h-099Fh -ASFR20=0A00h-0A1Fh -ASFR21=0A80h-0A9Fh \
  -ASFR22=0B00h-0B1Fh -ASFR23=0B80h-0B9Fh -ASFR24=0C00h-0C1Fh \
  -ASFR25=0C80h-0C9Fh -ASFR26=0D00h-0D6Fh -ASFR27=0D80h-0DEFh \
  -ASFR28=0E00h-0E6Fh -ASFR29=0E80h-0EEFh -ASFR30=0F00h-0F6Fh \
  -ASFR31=0F80h-0FEFh -preset_vec=00h,intentry=04h,init,end_init \
  -ppowerup=CODE -pcinit=CODE -pfunctab=ENTRY -ACONFIG=08007h-0800Ah \
  -pconfig=CONFIG -DCONFIG=2 -AIDLOC=08000h-08003h -pidloc=IDLOC -DIDLOC=2 \
  -AEEDATA=00h-0FFh/0F000h -peeprom_data=EEDATA -DEEDATA=2 -DCODE=2 \
  -DSTRCODE=2 -DSTRING=2 -DCONST=2 -DENTRY=2 -k \
  C:\Users\kolbi\AppData\Local\Temp\s3jk.obj \
  dist/default/production\udrive_code.production.obj 

Object code version is 3.11

Machine type is 16F18346



                Name                               Link     Load   Length Selector   Space Scale
C:\Users\kolbi\AppData\Local\Temp\s3jk.obj
                end_init                             50       50        2        8       0
                reset_vec                             0        0        2        0       0
                idloc                              8000     8000        4    10000       0
                config                             8007     8007        4    1000E       0
dist/default/production\udrive_code.production.obj
                cinit                                52       52       59        8       0
                intentry                              4        4       4C        8       0
                text164                            263C     263C       1C     4C78       0
                text163                            2674     2674       1E     4CE8       0
                text162                            2339     2339        3     4672       0
                text161                            23A6     23A6        5     474C       0
                text160                            1876     1876       29     30EC       0
                text159                            1C36     1C36       49     386C       0
                text158                            25D8     25D8       18     4BB0       0
                text157                            272E     272E       21     4E5C       0
                text156                            1A6F     1A6F       37     34DE       0
                text155                            24F5     24F5        D     49EA       0
                text154                            233C     233C        3     4678       0
                text153                            23AB     23AB        5     4756       0
                text152                            2452     2452        9     48A4       0
                text151                            2502     2502        D     4A04       0
                text150                            233F     233F        3     467E       0
                text149                            2342     2342        3     4684       0
                text148                            2372     2372        4     46E4       0
                text147                            2345     2345        3     468A       0
                text146                            2348     2348        3     4690       0
                text145                            2335     2335        2     466A       0
                text144                            2337     2337        2     466E       0
                text143                            234B     234B        3     4696       0
                text142                            182A     182A        1     3054       0
                text141                            2376     2376        4     46EC       0
                text140                            234E     234E        3     469C       0
                text139                            23B0     23B0        5     4760       0
                text138                            24DD     24DD        C     49BA       0
                text137                            2351     2351        3     46A2       0
                text136                            189F     189F       2A     313E       0
                text135                            23F4     23F4        7     47E8       0
                text134                            23B5     23B5        5     476A       0
                text133                            237A     237A        4     46F4       0
                text132                            237E     237E        4     46FC       0
                text131                            2382     2382        4     4704       0
                text130                            2386     2386        4     470C       0
                text129                            2402     2402        8     4804       0
                text128                            23FB     23FB        7     47F6       0
                text127                            23C4     23C4        6     4788       0
                text126                            238A     238A        4     4714       0
                text125                            238E     238E        4     471C       0
                text124                            2392     2392        4     4724       0
                text123                            2794     2794       24     4F28       0
                text122                            1D5F     1D5F       4E     3ABE       0
                text121                            1AA6     1AA6       3F     354C       0
                text120                            2354     2354        3     46A8       0
                text119                            26CE     26CE       20     4D9C       0
                text117                            26EE     26EE       20     4DDC       0
                text116                            2608     2608       1A     4C10       0
                text115                            247F     247F        A     48FE       0
                text114                            1A08     1A08       33     3410       0
                text113                            240A     240A        8     4814       0
                text112                            245B     245B        9     48B6       0
                text111                            2570     2570       14     4AE0       0
                text110                            2464     2464        9     48C8       0
                text109                            254B     254B       12     4A96       0
                text108                            2396     2396        4     472C       0
                text107                            2598     2598       15     4B30       0
                text106                            1978     1978       30     32F0       0
                text105                            1EF4     1EF4       58     3DE8       0
                text104                            25F0     25F0       18     4BE0       0
                text103                            13CC     13CC       21     2798       0
                text102                            2357     2357        3     46AE       0
                text101                            235A     235A        3     46B4       0
                text100                            1712     1712       77     2E24       0
                text99                             1DFD     1DFD       52     3BFA       0
                text98                             235D     235D        3     46BA       0
                text97                             239A     239A        4     4734       0
                text96                             2360     2360        3     46C0       0
                text95                             2363     2363        3     46C6       0
                text94                             23CA     23CA        6     4794       0
                text93                             23D0     23D0        6     47A0       0
                text92                             2366     2366        3     46CC       0
                text91                              800      800        1        8       0
                text90                             239E     239E        4     473C       0
                text89                             2369     2369        3     46D2       0
                text88                             23D6     23D6        6     47AC       0
                text87                             250F     250F        D     4A1E       0
                text86                             236C     236C        3     46D8       0
                text85                             1949     1949       2F     3292       0
                text84                             24B1     24B1        B     4962       0
                text83                             246D     246D        9     48DA       0
                text82                             2412     2412        8     4824       0
                text81                             241A     241A        8     4834       0
                text80                             2422     2422        8     4844       0
                text79                             242A     242A        8     4854       0
                text78                             24E9     24E9        C     49D2       0
                text77                             24BC     24BC        B     4978       0
                text76                             2489     2489        A     4912       0
                text75                             2432     2432        8     4864       0
                text74                             243A     243A        8     4874       0
                text73                             2442     2442        8     4884       0
                text72                             18F3     18F3       2B     31E6       0
                text71                             1F4C     1F4C       59     3E98       0
                text70                             1BAC     1BAC       44     3758       0
                text69                             236F     236F        3     46DE       0
                text68                             1850     1850       26     30A0       0
                text67                             24C7     24C7        B     498E       0
                text66                             24D2     24D2        B     49A4       0
                text65                             2493     2493        A     4926       0
                text64                             27B8     27B8       24     4F70       0
                text63                             25AD     25AD       15     4B5A       0
                text62                             1EA1     1EA1       53     3D42       0
                text61                             1B26     1B26       43     364C       0
                text60                             182B     182B       25     3056       0
                text59                             23DC     23DC        6     47B8       0
                text58                              64A      64A      132        8       0
                text57                             27DC     27DC       24     4FB8       0
                text56                             1BF0     1BF0       46     37E0       0
                text55                             252B     252B       10     4A56       0
                text54                             1DAD     1DAD       50     3B5A       0
                text53                              900      900       89     1200       0
                text52                               AB       AB      240        8       0
                text51                              E04      E04       E2     1C08       0
                text50                             1448     1448       62     2890       0
                text49                             191E     191E       2B     323C       0
                text48                              C45      C45       DE     188A       0
                text47                             1789     1789       77     2F12       0
                text46                             1638     1638       69     2C70       0
                text45                              AA1      AA1       C9     1542       0
                text44                             1AE5     1AE5       41     35CA       0
                text43                             2771     2771       23     4EE2       0
                text42                             1C7F     1C7F       49     38FE       0
                text41                             18C9     18C9       2A     3192       0
                text40                              A13      A13       8E     1426       0
                text39                             1B69     1B69       43     36D2       0
                text38                             255D     255D       13     4ABA       0
                text37                             23BA     23BA        5     4774       0
                text36                             15D3     15D3       65     2BA6       0
                text35                             274F     274F       22     4E9E       0
                text34                              EE6      EE6      11A     1DCC       0
                text33                              D23      D23       E1     1A46       0
                text32                              879      879       87     10F2       0
                text31                             1FA5     1FA5       5B     3F4A       0
                text30                             23BF     23BF        5     477E       0
                text29                             1E4F     1E4F       52     3C9E       0
                text28                             13ED     13ED       5B     27DA       0
                text27                              77C      77C       7B        8       0
                text26                             2692     2692       1E     4D24       0
                text25                             156F     156F       64     2ADE       0
                text24                             26B0     26B0       1E     4D60       0
                text23                              801      801       78     1002       0
                text22                             25C2     25C2       16     4B84       0
                text21                             2584     2584       14     4B08       0
                text20                             14AA     14AA       62     2954       0
                swtext1                            1800     1800       2A     3000       0
                text19                              2EB      2EB      1CC        8       0
                text18                             249D     249D        A     493A       0
                text17                             24A7     24A7        A     494E       0
                text16                             2476     2476        9     48EC       0
                text15                              7F7      7F7        9        8       0
                text14                             1D13     1D13       4C     3A26       0
                text13                             244A     244A        8     4894       0
                text12                             150C     150C       63     2A18       0
                text11                              B6A      B6A       DB     16D4       0
                text10                             2658     2658       1C     4CB0       0
                text9                              251C     251C        F     4A38       0
                text8                              16A1     16A1       71     2D42       0
                text7                              253B     253B       10     4A76       0
                text6                              1A3B     1A3B       34     3476       0
                text5                              2622     2622       1A     4C44       0
                text4                              19A8     19A8       30     3350       0
                text3                              19D8     19D8       30     33B0       0
                text2                              1CC8     1CC8       4B     3990       0
                text1                               4B7      4B7      193        8       0
                maintext                            989      989       8A     1312       0
                cstackBANK0                          20       20       2E       20       1
                cstackCOMMON                         70       70        D       70       1
                cstackBANK1                          A0       A0       38       A0       1
                cstackBANK5                         2A0      2A0       18      2A0       1
                clrtext                            23E2     23E2        6     47C4       0
                inittext                           23E8     23E8        6     47D0       0
                dataBANK4                           250      250       20      220       1
                bssBANK4                            220      220       30      220       1
                bssBANK3                            1A0      1A0       39      1A0       1
                dataBANK2                           16A      16A        2      120       1
                bssBANK2                            120      120       46      120       1
                dataBANK1                            EA       EA        6       A0       1
                bssBANK1                             D8       D8       12       A0       1
                dataBANK0                            5A       5A        4       20       1
                bssBANK0                             4E       4E        C       20       1
                bssCOMMON                            7D       7D        1       70       1
                stringtext61                       2A53     2A53        2     5000       0
                stringtext60                       2A51     2A51        2     5000       0
                stringtext59                       2A4F     2A4F        2     5000       0
                stringtext58                       2A4A     2A4A        3     5000       0
                stringtext57                       2A47     2A47        3     5000       0
                stringtext56                       2A3D     2A3D        4     5000       0
                stringtext55                       2A39     2A39        4     5000       0
                stringtext54                       2A35     2A35        4     5000       0
                stringtext53                       2A31     2A31        4     5000       0
                stringtext52                       2A2D     2A2D        4     5000       0
                stringtext51                       2A28     2A28        5     5000       0
                stringtext50                       2A23     2A23        5     5000       0
                stringtext49                       2A1E     2A1E        5     5000       0
                stringtext48                       2A19     2A19        5     5000       0
                stringtext47                       2A14     2A14        5     5000       0
                stringtext46                       2A0F     2A0F        5     5000       0
                stringtext45                       2A08     2A08        7     5000       0
                stringtext44                       2A01     2A01        7     5000       0
                stringtext43                       29F9     29F9        8     5000       0
                stringtext42                       29F1     29F1        8     5000       0
                stringtext41                       29E9     29E9        8     5000       0
                stringtext40                       29E1     29E1        8     5000       0
                stringtext39                       29D9     29D9        8     5000       0
                stringtext38                       29D1     29D1        8     5000       0
                stringtext37                       29C9     29C9        8     5000       0
                stringtext36                       29C1     29C1        8     5000       0
                stringtext35                       29B8     29B8        9     5000       0
                stringtext34                       29AF     29AF        9     5000       0
                stringtext33                       29A4     29A4        B     5000       0
                stringtext32                       2999     2999        B     5000       0
                stringtext31                       298D     298D        C     5000       0
                stringtext30                       2974     2974        D     5000       0
                stringtext29                       2966     2966        E     5000       0
                stringtext28                       2957     2957        F     5000       0
                stringtext27                       2948     2948        F     5000       0
                stringtext26                       2929     2929       10     5000       0
                stringtext25                       2919     2919       10     5000       0
                stringtext24                       2909     2909       10     5000       0
                stringtext23                       28F9     28F9       10     5000       0
                stringtext22                       28E8     28E8       11     5000       0
                stringtext21                       28D7     28D7       11     5000       0
                stringtext20                       28C6     28C6       11     5000       0
                stringtext19                       28B5     28B5       11     5000       0
                stringtext18                       28A3     28A3       12     5000       0
                stringtext17                       288C     288C       17     5000       0
                stringtext16                       2873     2873       19     5000       0
                stringtext15                       2859     2859       1A     5000       0
                stringtext14                       283D     283D       1C     5000       0
                stringtext13                       281F     281F       1E     5000       0
                stringtext12                       2800     2800       1F     5000       0
                nvBANK2                             166      166        4      120       1
                nvBANK0                              5E       5E        1       20       1
                stringtext11                       2981     2981        C     5000       0
                stringtext10                       2939     2939        F     5000       0
                stringtext9                        10F4     10F4       F4     2000       0
                stringtext8                        2A55     2A55        1     5000       0
                stringtext7                        2A4D     2A4D        2     5000       0
                stringtext6                        2A44     2A44        3     5000       0
                stringtext5                        2A41     2A41        3     5000       0
                stringtext4                        2000     2000       28     4000       0
                stringtext3                        12DA     12DA       F2     2000       0
                stringtext2                        11E8     11E8       F2     2000       0
                stringtext1                        1000     1000       F4     2000       0
                idataBANK4                         270E     270E       20     4E1C       0
                idataBANK2                            2        2        2        0       0
                idataBANK1                         23EE     23EE        6     47DC       0
                idataBANK0                         23A2     23A2        4     4744       0

TOTAL           Name                               Link     Load   Length     Space
        CLASS   STACK          

        CLASS   CODE           
                end_init                             50       50        2         0
                cinit                                52       52       59         0
                intentry                              4        4       4C         0
                reset_vec                             0        0        2         0
                text164                            263C     263C       1C         0
                text163                            2674     2674       1E         0
                text162                            2339     2339        3         0
                text161                            23A6     23A6        5         0
                text160                            1876     1876       29         0
                text159                            1C36     1C36       49         0
                text158                            25D8     25D8       18         0
                text157                            272E     272E       21         0
                text156                            1A6F     1A6F       37         0
                text155                            24F5     24F5        D         0
                text154                            233C     233C        3         0
                text153                            23AB     23AB        5         0
                text152                            2452     2452        9         0
                text151                            2502     2502        D         0
                text150                            233F     233F        3         0
                text149                            2342     2342        3         0
                text148                            2372     2372        4         0
                text147                            2345     2345        3         0
                text146                            2348     2348        3         0
                text145                            2335     2335        2         0
                text144                            2337     2337        2         0
                text143                            234B     234B        3         0
                text142                            182A     182A        1         0
                text141                            2376     2376        4         0
                text140                            234E     234E        3         0
                text139                            23B0     23B0        5         0
                text138                            24DD     24DD        C         0
                text137                            2351     2351        3         0
                text136                            189F     189F       2A         0
                text135                            23F4     23F4        7         0
                text134                            23B5     23B5        5         0
                text133                            237A     237A        4         0
                text132                            237E     237E        4         0
                text131                            2382     2382        4         0
                text130                            2386     2386        4         0
                text129                            2402     2402        8         0
                text128                            23FB     23FB        7         0
                text127                            23C4     23C4        6         0
                text126                            238A     238A        4         0
                text125                            238E     238E        4         0
                text124                            2392     2392        4         0
                text123                            2794     2794       24         0
                text122                            1D5F     1D5F       4E         0
                text121                            1AA6     1AA6       3F         0
                text120                            2354     2354        3         0
                text119                            26CE     26CE       20         0
                text117                            26EE     26EE       20         0
                text116                            2608     2608       1A         0
                text115                            247F     247F        A         0
                text114                            1A08     1A08       33         0
                text113                            240A     240A        8         0
                text112                            245B     245B        9         0
                text111                            2570     2570       14         0
                text110                            2464     2464        9         0
                text109                            254B     254B       12         0
                text108                            2396     2396        4         0
                text107                            2598     2598       15         0
                text106                            1978     1978       30         0
                text105                            1EF4     1EF4       58         0
                text104                            25F0     25F0       18         0
                text103                            13CC     13CC       21         0
                text102                            2357     2357        3         0
                text101                            235A     235A        3         0
                text100                            1712     1712       77         0
                text99                             1DFD     1DFD       52         0
                text98                             235D     235D        3         0
                text97                             239A     239A        4         0
                text96                             2360     2360        3         0
                text95                             2363     2363        3         0
                text94                             23CA     23CA        6         0
                text93                             23D0     23D0        6         0
                text92                             2366     2366        3         0
                text91                              800      800        1         0
                text90                             239E     239E        4         0
                text89                             2369     2369        3         0
                text88                             23D6     23D6        6         0
                text87                             250F     250F        D         0
                text86                             236C     236C        3         0
                text85                             1949     1949       2F         0
                text84                             24B1     24B1        B         0
                text83                             246D     246D        9         0
                text82                             2412     2412        8         0
                text81                             241A     241A        8         0
                text80                             2422     2422        8         0
                text79                             242A     242A        8         0
                text78                             24E9     24E9        C         0
                text77                             24BC     24BC        B         0
                text76                             2489     2489        A         0
                text75                             2432     2432        8         0
                text74                             243A     243A        8         0
                text73                             2442     2442        8         0
                text72                             18F3     18F3       2B         0
                text71                             1F4C     1F4C       59         0
                text70                             1BAC     1BAC       44         0
                text69                             236F     236F        3         0
                text68                             1850     1850       26         0
                text67                             24C7     24C7        B         0
                text66                             24D2     24D2        B         0
                text65                             2493     2493        A         0
                text64                             27B8     27B8       24         0
                text63                             25AD     25AD       15         0
                text62                             1EA1     1EA1       53         0
                text61                             1B26     1B26       43         0
                text60                             182B     182B       25         0
                text59                             23DC     23DC        6         0
                text58                              64A      64A      132         0
                text57                             27DC     27DC       24         0
                text56                             1BF0     1BF0       46         0
                text55                             252B     252B       10         0
                text54                             1DAD     1DAD       50         0
                text53                              900      900       89         0
                text52                               AB       AB      240         0
                text51                              E04      E04       E2         0
                text50                             1448     1448       62         0
                text49                             191E     191E       2B         0
                text48                              C45      C45       DE         0
                text47                             1789     1789       77         0
                text46                             1638     1638       69         0
                text45                              AA1      AA1       C9         0
                text44                             1AE5     1AE5       41         0
                text43                             2771     2771       23         0
                text42                             1C7F     1C7F       49         0
                text41                             18C9     18C9       2A         0
                text40                              A13      A13       8E         0
                text39                             1B69     1B69       43         0
                text38                             255D     255D       13         0
                text37                             23BA     23BA        5         0
                text36                             15D3     15D3       65         0
                text35                             274F     274F       22         0
                text34                              EE6      EE6      11A         0
                text33                              D23      D23       E1         0
                text32                              879      879       87         0
                text31                             1FA5     1FA5       5B         0
                text30                             23BF     23BF        5         0
                text29                             1E4F     1E4F       52         0
                text28                             13ED     13ED       5B         0
                text27                              77C      77C       7B         0
                text26                             2692     2692       1E         0
                text25                             156F     156F       64         0
                text24                             26B0     26B0       1E         0
                text23                              801      801       78         0
                text22                             25C2     25C2       16         0
                text21                             2584     2584       14         0
                text20                             14AA     14AA       62         0
                text19                              2EB      2EB      1CC         0
                text18                             249D     249D        A         0
                text17                             24A7     24A7        A         0
                text16                             2476     2476        9         0
                text15                              7F7      7F7        9         0
                text14                             1D13     1D13       4C         0
                text13                             244A     244A        8         0
                text12                             150C     150C       63         0
                text11                              B6A      B6A       DB         0
                text10                             2658     2658       1C         0
                text9                              251C     251C        F         0
                text8                              16A1     16A1       71         0
                text7                              253B     253B       10         0
                text6                              1A3B     1A3B       34         0
                text5                              2622     2622       1A         0
                text4                              19A8     19A8       30         0
                text3                              19D8     19D8       30         0
                text2                              1CC8     1CC8       4B         0
                text1                               4B7      4B7      193         0
                maintext                            989      989       8A         0
                clrtext                            23E2     23E2        6         0
                inittext                           23E8     23E8        6         0
                idataBANK4                         270E     270E       20         0
                idataBANK2                            2        2        2         0
                idataBANK1                         23EE     23EE        6         0
                idataBANK0                         23A2     23A2        4         0

        CLASS   STRCODE        
                stringtext61                       2A53     2A53        2         0
                stringtext60                       2A51     2A51        2         0
                stringtext59                       2A4F     2A4F        2         0
                stringtext58                       2A4A     2A4A        3         0
                stringtext57                       2A47     2A47        3         0
                stringtext56                       2A3D     2A3D        4         0
                stringtext55                       2A39     2A39        4         0
                stringtext54                       2A35     2A35        4         0
                stringtext53                       2A31     2A31        4         0
                stringtext52                       2A2D     2A2D        4         0
                stringtext51                       2A28     2A28        5         0
                stringtext50                       2A23     2A23        5         0
                stringtext49                       2A1E     2A1E        5         0
                stringtext48                       2A19     2A19        5         0
                stringtext47                       2A14     2A14        5         0
                stringtext46                       2A0F     2A0F        5         0
                stringtext45                       2A08     2A08        7         0
                stringtext44                       2A01     2A01        7         0
                stringtext43                       29F9     29F9        8         0
                stringtext42                       29F1     29F1        8         0
                stringtext41                       29E9     29E9        8         0
                stringtext40                       29E1     29E1        8         0
                stringtext39                       29D9     29D9        8         0
                stringtext38                       29D1     29D1        8         0
                stringtext37                       29C9     29C9        8         0
                stringtext36                       29C1     29C1        8         0
                stringtext35                       29B8     29B8        9         0
                stringtext34                       29AF     29AF        9         0
                stringtext33                       29A4     29A4        B         0
                stringtext32                       2999     2999        B         0
                stringtext31                       298D     298D        C         0
                stringtext30                       2974     2974        D         0
                stringtext29                       2966     2966        E         0
                stringtext28                       2957     2957        F         0
                stringtext27                       2948     2948        F         0
                stringtext26                       2929     2929       10         0
                stringtext25                       2919     2919       10         0
                stringtext24                       2909     2909       10         0
                stringtext23                       28F9     28F9       10         0
                stringtext22                       28E8     28E8       11         0
                stringtext21                       28D7     28D7       11         0
                stringtext20                       28C6     28C6       11         0
                stringtext19                       28B5     28B5       11         0
                stringtext18                       28A3     28A3       12         0
                stringtext17                       288C     288C       17         0
                stringtext16                       2873     2873       19         0
                stringtext15                       2859     2859       1A         0
                stringtext14                       283D     283D       1C         0
                stringtext13                       281F     281F       1E         0
                stringtext12                       2800     2800       1F         0
                stringtext11                       2981     2981        C         0
                stringtext10                       2939     2939        F         0
                stringtext9                        10F4     10F4       F4         0
                stringtext8                        2A55     2A55        1         0
                stringtext7                        2A4D     2A4D        2         0
                stringtext6                        2A44     2A44        3         0
                stringtext5                        2A41     2A41        3         0
                stringtext4                        2000     2000       28         0
                stringtext3                        12DA     12DA       F2         0
                stringtext2                        11E8     11E8       F2         0
                stringtext1                        1000     1000       F4         0

        CLASS   STRING         

        CLASS   CONST          
                swtext1                            1800     1800       2A         0

        CLASS   ENTRY          

        CLASS   COMMON         
                cstackCOMMON                         70       70        D         1
                bssCOMMON                            7D       7D        1         1

        CLASS   BANK0          
                cstackBANK0                          20       20       2E         1
                dataBANK0                            5A       5A        4         1
                bssBANK0                             4E       4E        C         1
                nvBANK0                              5E       5E        1         1

        CLASS   BANK1          
                cstackBANK1                          A0       A0       38         1
                dataBANK1                            EA       EA        6         1
                bssBANK1                             D8       D8       12         1

        CLASS   BANK2          
                dataBANK2                           16A      16A        2         1
                bssBANK2                            120      120       46         1
                nvBANK2                             166      166        4         1

        CLASS   BANK3          
                bssBANK3                            1A0      1A0       39         1

        CLASS   BANK4          
                dataBANK4                           250      250       20         1
                bssBANK4                            220      220       30         1

        CLASS   BANK5          
                cstackBANK5                         2A0      2A0       18         1

        CLASS   BANK6          

        CLASS   BANK7          

        CLASS   BANK8          

        CLASS   BANK9          

        CLASS   BANK10         

        CLASS   BANK11         

        CLASS   BANK12         

        CLASS   BANK13         

        CLASS   BANK14         

        CLASS   BANK15         

        CLASS   BANK16         

        CLASS   BANK17         

        CLASS   BANK18         

        CLASS   BANK19         

        CLASS   BANK20         

        CLASS   BANK21         

        CLASS   BANK22         

        CLASS   BANK23         

        CLASS   BANK24         

        CLASS   BANK25         

        CLASS   BIGRAM         

        CLASS   RAM            

        CLASS   ABS1           
                abs_s1                               7E       7E        2         1

        CLASS   SFR0           

        CLASS   SFR1           

        CLASS   SFR2           

        CLASS   SFR3           

        CLASS   SFR4           

        CLASS   SFR5           

        CLASS   SFR6           

        CLASS   SFR7           

        CLASS   SFR8           

        CLASS   SFR9           

        CLASS   SFR10          

        CLASS   SFR11          

        CLASS   SFR12          

        CLASS   SFR13          

        CLASS   SFR14          

        CLASS   SFR15          

        CLASS   SFR16          

        CLASS   SFR17          

        CLASS   SFR18          

        CLASS   SFR19          

        CLASS   SFR20          

        CLASS   SFR21          

        CLASS   SFR22          

        CLASS   SFR23          

        CLASS   SFR24          

        CLASS   SFR25          

        CLASS   SFR26          

        CLASS   SFR27          

        CLASS   SFR28          

        CLASS   SFR29          

        CLASS   SFR30          

        CLASS   SFR31          

        CLASS   CONFIG         
                config                             8007     8007        4         0

        CLASS   IDLOC          
                idloc                              8000     8000        4         0

        CLASS   EEDATA         

        CLASS   BANK31         

        CLASS   BANK30         

        CLASS   BANK29         

        CLASS   BANK28         

        CLASS   BANK27         

        CLASS   BANK26         



SEGMENTS        Name                           Load    Length   Top    Selector   Space  Class     Delta

                reset_vec                      000000  000004  000004         0       0  CODE        2
                intentry                       000004  0007FD  000801         8       0  CODE        2
                cstackBANK0                    000020  00003F  00005F        20       1  BANK0       1
                cstackCOMMON                   000070  00000E  00007E        70       1  COMMON      1
                cstackBANK1                    0000A0  000050  0000F0        A0       1  BANK1       1
                bssBANK2                       000120  00004C  00016C       120       1  BANK2       1
                bssBANK3                       0001A0  000039  0001D9       1A0       1  BANK3       1
                bssBANK4                       000220  000050  000270       220       1  BANK4       1
                cstackBANK5                    0002A0  000018  0002B8       2A0       1  BANK5       1
                text23                         000801  000078  000879      1002       0  CODE        2
                text32                         000879  000087  000900      10F2       0  CODE        2
                text53                         000900  000089  000989      1200       0  CODE        2
                maintext                       000989  00008A  000A13      1312       0  CODE        2
                text40                         000A13  00008E  000AA1      1426       0  CODE        2
                text45                         000AA1  0000C9  000B6A      1542       0  CODE        2
                text11                         000B6A  0000DB  000C45      16D4       0  CODE        2
                text48                         000C45  0000DE  000D23      188A       0  CODE        2
                text33                         000D23  0000E1  000E04      1A46       0  CODE        2
                text51                         000E04  0000E2  000EE6      1C08       0  CODE        2
                text34                         000EE6  00011A  001000      1DCC       0  CODE        2
                stringtext1                    001000  0003CC  0013CC      2000       0  STRCODE     2
                text103                        0013CC  000021  0013ED      2798       0  CODE        2
                text28                         0013ED  00005B  001448      27DA       0  CODE        2
                text50                         001448  000062  0014AA      2890       0  CODE        2
                text20                         0014AA  000062  00150C      2954       0  CODE        2
                text12                         00150C  000063  00156F      2A18       0  CODE        2
                text25                         00156F  000064  0015D3      2ADE       0  CODE        2
                text36                         0015D3  000065  001638      2BA6       0  CODE        2
                text46                         001638  000069  0016A1      2C70       0  CODE        2
                text8                          0016A1  000071  001712      2D42       0  CODE        2
                text100                        001712  000077  001789      2E24       0  CODE        2
                text47                         001789  000077  001800      2F12       0  CODE        2
                swtext1                        001800  00002A  00182A      3000       0  CONST       2
                text142                        00182A  000001  00182B      3054       0  CODE        2
                text60                         00182B  000025  001850      3056       0  CODE        2
                text68                         001850  000026  001876      30A0       0  CODE        2
                text160                        001876  000029  00189F      30EC       0  CODE        2
                text136                        00189F  00002A  0018C9      313E       0  CODE        2
                text41                         0018C9  00002A  0018F3      3192       0  CODE        2
                text72                         0018F3  00002B  00191E      31E6       0  CODE        2
                text49                         00191E  00002B  001949      323C       0  CODE        2
                text85                         001949  00002F  001978      3292       0  CODE        2
                text106                        001978  000030  0019A8      32F0       0  CODE        2
                text4                          0019A8  000030  0019D8      3350       0  CODE        2
                text3                          0019D8  000030  001A08      33B0       0  CODE        2
                text114                        001A08  000033  001A3B      3410       0  CODE        2
                text6                          001A3B  000034  001A6F      3476       0  CODE        2
                text156                        001A6F  000037  001AA6      34DE       0  CODE        2
                text121                        001AA6  00003F  001AE5      354C       0  CODE        2
                text44                         001AE5  000041  001B26      35CA       0  CODE        2
                text61                         001B26  000043  001B69      364C       0  CODE        2
                text39                         001B69  000043  001BAC      36D2       0  CODE        2
                text70                         001BAC  000044  001BF0      3758       0  CODE        2
                text56                         001BF0  000046  001C36      37E0       0  CODE        2
                text159                        001C36  000049  001C7F      386C       0  CODE        2
                text42                         001C7F  000049  001CC8      38FE       0  CODE        2
                text2                          001CC8  00004B  001D13      3990       0  CODE        2
                text14                         001D13  00004C  001D5F      3A26       0  CODE        2
                text122                        001D5F  00004E  001DAD      3ABE       0  CODE        2
                text54                         001DAD  000050  001DFD      3B5A       0  CODE        2
                text99                         001DFD  000052  001E4F      3BFA       0  CODE        2
                text29                         001E4F  000052  001EA1      3C9E       0  CODE        2
                text62                         001EA1  000053  001EF4      3D42       0  CODE        2
                text105                        001EF4  000058  001F4C      3DE8       0  CODE        2
                text71                         001F4C  000059  001FA5      3E98       0  CODE        2
                text31                         001FA5  00005B  002000      3F4A       0  CODE        2
                stringtext4                    002000  000028  002028      4000       0  STRCODE     2
                text145                        002335  000002  002337      466A       0  CODE        2
                text144                        002337  000002  002339      466E       0  CODE        2
                text162                        002339  000003  00233C      4672       0  CODE        2
                text154                        00233C  000003  00233F      4678       0  CODE        2
                text150                        00233F  000003  002342      467E       0  CODE        2
                text149                        002342  000003  002345      4684       0  CODE        2
                text147                        002345  000003  002348      468A       0  CODE        2
                text146                        002348  000003  00234B      4690       0  CODE        2
                text143                        00234B  000003  00234E      4696       0  CODE        2
                text140                        00234E  000003  002351      469C       0  CODE        2
                text137                        002351  000003  002354      46A2       0  CODE        2
                text120                        002354  000003  002357      46A8       0  CODE        2
                text102                        002357  000003  00235A      46AE       0  CODE        2
                text101                        00235A  000003  00235D      46B4       0  CODE        2
                text98                         00235D  000003  002360      46BA       0  CODE        2
                text96                         002360  000003  002363      46C0       0  CODE        2
                text95                         002363  000003  002366      46C6       0  CODE        2
                text92                         002366  000003  002369      46CC       0  CODE        2
                text89                         002369  000003  00236C      46D2       0  CODE        2
                text86                         00236C  000003  00236F      46D8       0  CODE        2
                text69                         00236F  000003  002372      46DE       0  CODE        2
                text148                        002372  000004  002376      46E4       0  CODE        2
                text141                        002376  000004  00237A      46EC       0  CODE        2
                text133                        00237A  000004  00237E      46F4       0  CODE        2
                text132                        00237E  000004  002382      46FC       0  CODE        2
                text131                        002382  000004  002386      4704       0  CODE        2
                text130                        002386  000004  00238A      470C       0  CODE        2
                text126                        00238A  000004  00238E      4714       0  CODE        2
                text125                        00238E  000004  002392      471C       0  CODE        2
                text124                        002392  000004  002396      4724       0  CODE        2
                text108                        002396  000004  00239A      472C       0  CODE        2
                text97                         00239A  000004  00239E      4734       0  CODE        2
                text90                         00239E  000004  0023A2      473C       0  CODE        2
                idataBANK0                     0023A2  000004  0023A6      4744       0  CODE        2
                text161                        0023A6  000005  0023AB      474C       0  CODE        2
                text153                        0023AB  000005  0023B0      4756       0  CODE        2
                text139                        0023B0  000005  0023B5      4760       0  CODE        2
                text134                        0023B5  000005  0023BA      476A       0  CODE        2
                text37                         0023BA  000005  0023BF      4774       0  CODE        2
                text30                         0023BF  000005  0023C4      477E       0  CODE        2
                text127                        0023C4  000006  0023CA      4788       0  CODE        2
                text94                         0023CA  000006  0023D0      4794       0  CODE        2
                text93                         0023D0  000006  0023D6      47A0       0  CODE        2
                text88                         0023D6  000006  0023DC      47AC       0  CODE        2
                text59                         0023DC  000006  0023E2      47B8       0  CODE        2
                clrtext                        0023E2  000006  0023E8      47C4       0  CODE        2
                inittext                       0023E8  000006  0023EE      47D0       0  CODE        2
                idataBANK1                     0023EE  000006  0023F4      47DC       0  CODE        2
                text135                        0023F4  000007  0023FB      47E8       0  CODE        2
                text128                        0023FB  000007  002402      47F6       0  CODE        2
                text129                        002402  000008  00240A      4804       0  CODE        2
                text113                        00240A  000008  002412      4814       0  CODE        2
                text82                         002412  000008  00241A      4824       0  CODE        2
                text81                         00241A  000008  002422      4834       0  CODE        2
                text80                         002422  000008  00242A      4844       0  CODE        2
                text79                         00242A  000008  002432      4854       0  CODE        2
                text75                         002432  000008  00243A      4864       0  CODE        2
                text74                         00243A  000008  002442      4874       0  CODE        2
                text73                         002442  000008  00244A      4884       0  CODE        2
                text13                         00244A  000008  002452      4894       0  CODE        2
                text152                        002452  000009  00245B      48A4       0  CODE        2
                text112                        00245B  000009  002464      48B6       0  CODE        2
                text110                        002464  000009  00246D      48C8       0  CODE        2
                text83                         00246D  000009  002476      48DA       0  CODE        2
                text16                         002476  000009  00247F      48EC       0  CODE        2
                text115                        00247F  00000A  002489      48FE       0  CODE        2
                text76                         002489  00000A  002493      4912       0  CODE        2
                text65                         002493  00000A  00249D      4926       0  CODE        2
                text18                         00249D  00000A  0024A7      493A       0  CODE        2
                text17                         0024A7  00000A  0024B1      494E       0  CODE        2
                text84                         0024B1  00000B  0024BC      4962       0  CODE        2
                text77                         0024BC  00000B  0024C7      4978       0  CODE        2
                text67                         0024C7  00000B  0024D2      498E       0  CODE        2
                text66                         0024D2  00000B  0024DD      49A4       0  CODE        2
                text138                        0024DD  00000C  0024E9      49BA       0  CODE        2
                text78                         0024E9  00000C  0024F5      49D2       0  CODE        2
                text155                        0024F5  00000D  002502      49EA       0  CODE        2
                text151                        002502  00000D  00250F      4A04       0  CODE        2
                text87                         00250F  00000D  00251C      4A1E       0  CODE        2
                text9                          00251C  00000F  00252B      4A38       0  CODE        2
                text55                         00252B  000010  00253B      4A56       0  CODE        2
                text7                          00253B  000010  00254B      4A76       0  CODE        2
                text109                        00254B  000012  00255D      4A96       0  CODE        2
                text38                         00255D  000013  002570      4ABA       0  CODE        2
                text111                        002570  000014  002584      4AE0       0  CODE        2
                text21                         002584  000014  002598      4B08       0  CODE        2
                text107                        002598  000015  0025AD      4B30       0  CODE        2
                text63                         0025AD  000015  0025C2      4B5A       0  CODE        2
                text22                         0025C2  000016  0025D8      4B84       0  CODE        2
                text158                        0025D8  000018  0025F0      4BB0       0  CODE        2
                text104                        0025F0  000018  002608      4BE0       0  CODE        2
                text116                        002608  00001A  002622      4C10       0  CODE        2
                text5                          002622  00001A  00263C      4C44       0  CODE        2
                text164                        00263C  00001C  002658      4C78       0  CODE        2
                text10                         002658  00001C  002674      4CB0       0  CODE        2
                text163                        002674  00001E  002692      4CE8       0  CODE        2
                text26                         002692  00001E  0026B0      4D24       0  CODE        2
                text24                         0026B0  00001E  0026CE      4D60       0  CODE        2
                text119                        0026CE  000020  0026EE      4D9C       0  CODE        2
                text117                        0026EE  000020  00270E      4DDC       0  CODE        2
                idataBANK4                     00270E  000020  00272E      4E1C       0  CODE        2
                text157                        00272E  000021  00274F      4E5C       0  CODE        2
                text35                         00274F  000022  002771      4E9E       0  CODE        2
                text43                         002771  000023  002794      4EE2       0  CODE        2
                text123                        002794  000024  0027B8      4F28       0  CODE        2
                text64                         0027B8  000024  0027DC      4F70       0  CODE        2
                text57                         0027DC  000024  002800      4FB8       0  CODE        2
                stringtext12                   002800  000256  002A56      5000       0  STRCODE     2
                idloc                          008000  000004  008004     10000       0  IDLOC       2
                config                         008007  000004  00800B     1000E       0  CONFIG      2


UNUSED ADDRESS RANGES

        Name                Unused          Largest block    Delta
        BANK0            0005F-0006F              11           1
        BANK10           00520-0056F              50           1
        BANK11           005A0-005EF              50           1
        BANK12           00620-0066F              50           1
        BANK13           006A0-006EF              50           1
        BANK14           00720-0076F              50           1
        BANK15           007A0-007EF              50           1
        BANK16           00820-0086F              50           1
        BANK17           008A0-008EF              50           1
        BANK18           00920-0096F              50           1
        BANK19           009A0-009EF              50           1
        BANK2            0016C-0016F               4           1
        BANK20           00A20-00A6F              50           1
        BANK21           00AA0-00AEF              50           1
        BANK22           00B20-00B6F              50           1
        BANK23           00BA0-00BEF              50           1
        BANK24           00C20-00C6F              50           1
        BANK25           00CA0-00CBF              20           1
        BANK3            001D9-001EF              17           1
        BANK5            002B8-002EF              38           1
        BANK6            00320-0036F              50           1
        BANK7            003A0-003EF              50           1
        BANK8            00420-0046F              50           1
        BANK9            004A0-004EF              50           1
        BIGRAM           02000-027EF             7F0           1
        CODE             02028-02334             30D           2
                         02A56-03FFF             800
        CONST            02028-02334             100           2
                         02A56-03FFF             100
        EEDATA           0F000-0F0FF             100           2
        ENTRY            02028-02334             100           2
                         02A56-03FFF             100
        RAM              0005F-0006F              11           1
                         0016C-0016F               4
                         001D9-001EF              17
                         002B8-002EF              38
                         00320-0036F              50
                         003A0-003EF              50
                         00420-0046F              50
                         004A0-004EF              50
                         00520-0056F              50
                         005A0-005EF              50
                         00620-0066F              50
                         006A0-006EF              50
                         00720-0076F              50
                         007A0-007EF              50
                         00820-0086F              50
                         008A0-008EF              50
                         00920-0096F              50
                         009A0-009EF              50
                         00A20-00A6F              50
                         00AA0-00AEF              50
                         00B20-00B6F              50
                         00BA0-00BEF              50
                         00C20-00C6F              50
                         00CA0-00CBF              20
        SFR0             00000-0001F              20           1
        SFR1             00080-0009F              20           1
        SFR10            00500-0051F              20           1
        SFR11            00580-0059F              20           1
        SFR12            00600-0061F              20           1
        SFR13            00680-0069F              20           1
        SFR14            00700-0071F              20           1
        SFR15            00780-0079F              20           1
        SFR16            00800-0081F              20           1
        SFR17            00880-0089F              20           1
        SFR18            00900-0091F              20           1
        SFR19            00980-0099F              20           1
        SFR2             00100-0011F              20           1
        SFR20            00A00-00A1F              20           1
        SFR21            00A80-00A9F              20           1
        SFR22            00B00-00B1F              20           1
        SFR23            00B80-00B9F              20           1
        SFR24            00C00-00C1F              20           1
        SFR25            00C80-00C9F              20           1
        SFR26            00D00-00D6F              70           1
        SFR27            00D80-00DEF              70           1
        SFR28            00E00-00E6F              70           1
        SFR29            00E80-00EEF              70           1
        SFR3             00180-0019F              20           1
        SFR30            00F00-00F6F              70           1
        SFR31            00F80-00FEF              70           1
        SFR4             00200-0021F              20           1
        SFR5             00280-0029F              20           1
        SFR6             00300-0031F              20           1
        SFR7             00380-0039F              20           1
        SFR8             00400-0041F              20           1
        SFR9             00480-0049F              20           1
        STACK            021A8-027EF             648           1
        STRCODE          02028-02334             30D           2
                         02A56-03FFF            15AA
        STRING           02028-02334             100           2
                         02A56-03FFF             100

                                  Symbol Table

?_LED_getData                             cstackBANK0  00049
?_LED_readConfig                          cstackBANK1  000C3
?_LED_testComm                            cstackBANK1  000C7
?___awdiv                                 cstackBANK0  00031
?___awtoft                                cstackBANK0  00039
?___ftadd                                 cstackBANK1  000A6
?___ftmul                                 cstackBANK0  0003F
?___ftpack                                cstackBANK0  00031
?___fttol                                 cstackBANK1  000AF
?___lldiv                                 cstackBANK0  00031
?___llmod                                 cstackBANK0  0003F
?___wmul                                  cstackBANK0  00031
?_atoi                                    cstackBANK0  00037
?_doMove                                  cstackBANK1  000C1
?_drv_read                                cstackBANK0  00049
?_getActive                               cstackBANK0  00049
?_getMoveMask                             cstackBANK0  00049
?_getPosition                             cstackBANK0  00049
?_printf                                  cstackBANK1  000A0
?_setActive                               cstackBANK0  00049
?_setDrvGain                              cstackBANK1  000B7
?_setDrvPeak                              cstackBANK0  00049
?_setDrvPiezoOnTime                       cstackBANK1  000BD
?_setHeaterPostTime                       cstackBANK1  000BD
?_setHeaterPreTime                        cstackBANK1  000BD
?_setHeaterToggle                         cstackBANK1  000B7
?_setLEDBrightnessRange                   cstackBANK1  000B7
?_setLEDPwr                               cstackBANK1  000B7
?_setMoveMask                             cstackBANK0  00049
?_startAbsMove                            cstackBANK0  00049
?_startRelMove                            cstackBANK0  00049
?_strchr                                  cstackBANK0  00031
?_strcspn                                 cstackBANK0  00038
?_stricmp                                 cstackBANK0  00033
?_strspn                                  cstackBANK0  00038
?_zeroPosition                            cstackBANK0  00049
EUSART_Read@readValue                     cstackBANK0  00032
EUSART_Write@txData                       cstackBANK0  00032
LED_getData@j                             cstackBANK1  000C1
LED_getData@readData                      cstackBANK1  000BD
LED_readConfig@topOrBottom                cstackBANK1  000C3
LED_setBrightnessRange@LED_configReg      cstackBANK0  00048
LED_setBrightnessRange@range              cstackBANK0  00044
LED_setBrightnessRange@topOrBottom        cstackBANK0  00046
LED_testComm@oldConfigReg                 cstackBANK1  000CD
LED_testComm@readResult                   cstackBANK1  000CB
LED_testComm@topOrBottom                  cstackBANK1  000C7
LED_test_openshort@j                      cstackBANK1  000C0
LED_test_openshort@readData               cstackBANK1  000BC
LED_test_openshort@topOrBottom            cstackBANK1  000B9
LED_test_openshort@type                   cstackBANK1  000B7
LEDsOn@LEDpins                            cstackBANK0  00044
LEDsOn@topOrBottom                        cstackBANK0  00048
LEDsPwr@pwr                               cstackBANK0  00044
LEDsPwr@pwrAll                            cstackBANK1  000A0
LEDsPwr@topOrBottom                       cstackBANK0  00046
TMR0_Load8bitPeriod@periodVal             cstackBANK0  00031
TMR0_SetInterruptHandler@InterruptHandler cstackBANK0  00031
TMR0_Write8bitTimer@timerVal              cstackCOMMON 00070
TMR2_LoadPeriodRegister@periodVal         cstackBANK0  00031
TMR2_SetInterruptHandler@InterruptHandler cstackBANK0  00031
TMR2_WriteTimer@timerVal                  cstackCOMMON 00070
_ANSELA                                   (abs)        0018C
_ANSELB                                   (abs)        0018D
_ANSELC                                   (abs)        0018E
_BAUD1CON                                 (abs)        0019F
_EUSART_Initialize                        text116      02608
_EUSART_Read                              text117      026EE
_EUSART_Receive_ISR                       text164      0263C
_EUSART_Transmit_ISR                      text163      02674
_EUSART_Write                             text60       0182B
_INTCONbits                               (abs)        0000B
_INTERRUPT_InterruptManager               intentry     00004
[...]
 Return value:  Size  Location     Type
                  1    wreg      void 
 Registers used:
		wreg
 Tracked objects:
		On entry : 
		On exit  : 
		Unchanged: 
 Data sizes:     COMMON   BANK0   BANK1   BANK2   BANK3   BANK4   BANK5   BANK6   BANK7   BANK8   BANK9  BANK10  BANK11  BANK12  BANK13  BANK14  BANK15  BANK16  BANK17  BANK18  BANK19  BANK20  BANK21  BANK22  BANK23  BANK24  BANK25
      Params:         0       0       0       0       0       0       0       0       0       0       0       0       0       0       0       0       0       0       0       0       0       0       0       0       0       0       0
      Locals:         1       0       0       0       0       0       0       0       0       0       0       0       0       0       0       0       0       0       0       0       0       0       0       0       0       0       0
      Temps:          0       0       0       0       0       0       0       0       0       0       0       0       0       0       0       0       0       0       0       0       0       0       0       0       0       0       0
      Totals:         1       0       0       0       0       0       0       0       0       0       0       0       0       0       0       0       0       0       0       0       0       0       0       0       0       0       0
Total ram usage:        1 bytes
 Hardware stack levels used:    1
 This function calls:
		Nothing
 This function is called by:
		_TMR0_DefaultInterruptHandler
 This function uses a non-reentrant model


 *************** function _TMR0_StopTimer *****************
 Defined at:
		line 91 in file "mcc_generated_files/tmr0.c"
 Parameters:    Size  Location     Type
		None
 Auto vars:     Size  Location     Type
		None
 Return value:  Size  Location     Type
                  1    wreg      void 
 Registers used:
		None
 Tracked objects:
		On entry : 
		On exit  : 
		Unchanged: 
 Data sizes:     COMMON   BANK0   BANK1   BANK2   BANK3   BANK4   BANK5   BANK6   BANK7   BANK8   BANK9  BANK10  BANK11  BANK12  BANK13  BANK14  BANK15  BANK16  BANK17  BANK18  BANK19  BANK20  BANK21  BANK22  BANK23  BANK24  BANK25
      Params:         0       0       0       0       0       0       0       0       0       0       0       0       0       0       0       0       0       0       0       0       0       0       0       0       0       0       0
      Locals:         0       0       0       0       0       0       0       0       0       0       0       0       0       0       0       0       0       0       0       0       0       0       0       0       0       0       0
      Temps:          0       0       0       0       0       0       0       0       0       0       0       0       0       0       0       0       0       0       0       0       0       0       0       0       0       0       0
      Totals:         0       0       0       0       0       0       0       0       0       0       0       0       0       0       0       0       0       0       0       0       0       0       0       0       0       0       0
Total ram usage:        0 bytes
 Hardware stack levels used:    1
 This function calls:
		Nothing
 This function is called by:
		_TMR0_DefaultInterruptHandler
 This function uses a non-reentrant model


 *************** function _EUSART_Transmit_ISR *****************
 Defined at:
		line 161 in file "mcc_generated_files/eusart.c"
 Parameters:    Size  Location     Type
		None
 Auto vars:     Size  Location     Type
		None
 Return value:  Size  Location     Type
                  1    wreg      void 
 Registers used:
		wreg, fsr1l, fsr1h, status,2, status,0
 Tracked objects:
		On entry : 
		On exit  : 
		Unchanged: 
 Data sizes:     COMMON   BANK0   BANK1   BANK2   BANK3   BANK4   BANK5   BANK6   BANK7   BANK8   BANK9  BANK10  BANK11  BANK12  BANK13  BANK14  BANK15  BANK16  BANK17  BANK18  BANK19  BANK20  BANK21  BANK22  BANK23  BANK24  BANK25
      Params:         0       0       0       0       0       0       0       0       0       0       0       0       0       0       0       0       0       0       0       0       0       0       0       0       0       0       0
      Locals:         0       0       0       0       0       0       0       0       0       0       0       0       0       0       0       0       0       0       0       0       0       0       0       0       0       0       0
      Temps:          1       0       0       0       0       0       0       0       0       0       0       0       0       0       0       0       0       0       0       0       0       0       0       0       0       0       0
      Totals:         1       0       0       0       0       0       0       0       0       0       0       0       0       0       0       0       0       0       0       0       0       0       0       0       0       0       0
Total ram usage:        1 bytes
 Hardware stack levels used:    1
 This function calls:
		Nothing
 This function is called by:
		_INTERRUPT_InterruptManager
 This function uses a non-reentrant model


 *************** function _EUSART_Receive_ISR *****************
 Defined at:
		line 180 in file "mcc_generated_files/eusart.c"
 Parameters:    Size  Location     Type
		None
 Auto vars:     Size  Location     Type
		None
 Return value:  Size  Location     Type
                  1    wreg      void 
 Registers used:
		wreg, fsr1l, fsr1h, status,2, status,0
 Tracked objects:
		On entry : 
		On exit  : 
		Unchanged: 
 Data sizes:     COMMON   BANK0   BANK1   BANK2   BANK3   BANK4   BANK5   BANK6   BANK7   BANK8   BANK9  BANK10  BANK11  BANK12  BANK13  BANK14  BANK15  BANK16  BANK17  BANK18  BANK19  BANK20  BANK21  BANK22  BANK23  BANK24  BANK25
      Params:         0       0       0       0       0       0       0       0       0       0       0       0       0       0       0       0       0       0       0       0       0       0       0       0       0       0       0
      Locals:         0       0       0       0       0       0       0       0       0       0       0       0       0       0       0       0       0       0       0       0       0       0       0       0       0       0       0
      Temps:          1       0       0       0       0       0       0       0       0       0       0       0       0       0       0       0       0       0       0       0       0       0       0       0       0       0       0
      Totals:         1       0       0       0       0       0       0       0       0       0       0       0       0       0       0       0       0       0       0       0       0       0       0       0       0       0       0
Total ram usage:        1 bytes
 Hardware stack levels used:    1
 This function calls:
		Nothing
 This function is called by:
		_INTERRUPT_InterruptManager
 This function uses a non-reentrant model



MODULE INFORMATION

Module		Function		Class		Link	Load	Size
drv2665.c
		_drv_reset     		CODE           	249D	0000	11
		_fifo_check    		CODE           	252B	0000	17
		_drv_write     		CODE           	27DC	0000	37
		_drv_write_DC  		CODE           	1DAD	0000	81
		_drv_read      		CODE           	1BF0	0000	71
		_drv_init      		CODE           	150C	0000	100

drv2665.c estimated size: 317

LEDcomm.c
		_send_last_2bytes_IK		CODE           	1EF4	0000	89
		_LED_setBrightnessRange		CODE           	0C45	0000	223
		_LED_test_openshort		CODE           	1638	0000	106
		_send_2bytes_latchless_IK		CODE           	1978	0000	49
		_LEDsPwr       		CODE           	156F	0000	101
		_LED_testComm  		CODE           	1789	0000	120
		_LEDsOn        		CODE           	13CC	0000	34
		_send_2length_2bytes_IK		CODE           	25F0	0000	25
		_LED_getData   		CODE           	1448	0000	99
		_LED_readConfig		CODE           	191E	0000	44

LEDcomm.c estimated size: 890

C:\Program Files (x86)\Microchip\xc8\v1.45\sources\common\float.c
		___ftpack      		CODE           	15D3	0000	102

C:\Program Files (x86)\Microchip\xc8\v1.45\sources\common\float.c estimated size: 102

C:\Program Files (x86)\Microchip\xc8\v1.45\sources\common\doprnt.c
		_printf        		CODE           	064A	0000	307

C:\Program Files (x86)\Microchip\xc8\v1.45\sources\common\doprnt.c estimated size: 307

C:\Program Files (x86)\Microchip\xc8\v1.45\sources\common\strspn.c
		_strspn        		CODE           	19D8	0000	49

C:\Program Files (x86)\Microchip\xc8\v1.45\sources\common\strspn.c estimated size: 49

mcc_generated_files/tmr2.c
		_TMR2_ISR      		CODE           	2502	0000	14
		_TMR2_LoadPeriodRegister		CODE           	23BF	0000	6
		_TMR2_Initialize		CODE           	254B	0000	19
		_TMR2_SetInterruptHandler		CODE           	2464	0000	10
		_TMR2_StopTimer		CODE           	233C	0000	4
		_TMR2_DefaultInterruptHandler		CODE           	2452	0000	10
		_TMR2_WriteTimer		CODE           	23AB	0000	6
		_TMR2_StartTimer		CODE           	235A	0000	4

mcc_generated_files/tmr2.c estimated size: 73

mcc_generated_files/interrupt_manager.c
		_INTERRUPT_InterruptManager		CODE           	0004	0000	77

mcc_generated_files/interrupt_manager.c estimated size: 77

C:\Program Files (x86)\Microchip\xc8\v1.45\sources\common\Umul16.c
		___wmul        		CODE           	2658	0000	29

C:\Program Files (x86)\Microchip\xc8\v1.45\sources\common\Umul16.c estimated size: 29

mcc_generated_files/tmr0.c
		_TMR0_Load8bitPeriod		CODE           	23BA	0000	6
		_TMR0_SetInterruptHandler		CODE           	245B	0000	10
		_TMR0_StopTimer		CODE           	2339	0000	4
		_TMR0_Write8bitTimer		CODE           	23A6	0000	6
		_TMR0_DefaultInterruptHandler		CODE           	1A6F	0000	56
		_TMR0_StartTimer		CODE           	2357	0000	4
		_TMR0_ISR      		CODE           	24F5	0000	14
		_TMR0_Initialize		CODE           	2570	0000	21

mcc_generated_files/tmr0.c estimated size: 121

C:\Program Files (x86)\Microchip\xc8\v1.45\sources\common\strcspn.c
		_strcspn       		CODE           	19A8	0000	49

C:\Program Files (x86)\Microchip\xc8\v1.45\sources\common\strcspn.c estimated size: 49

mcc_generated_files/pin_manager.c
		_PIN_MANAGER_Initialize		CODE           	1A08	0000	52

mcc_generated_files/pin_manager.c estimated size: 52

C:\Program Files (x86)\Microchip\xc8\v1.45\sources\common\isdigit.c
		_isdigit       		CODE           	251C	0000	16

C:\Program Files (x86)\Microchip\xc8\v1.45\sources\common\isdigit.c estimated size: 16

C:\Program Files (x86)\Microchip\xc8\v1.45\sources\common\ftmul.c
		___ftmul       		CODE           	0D23	0000	226

C:\Program Files (x86)\Microchip\xc8\v1.45\sources\common\ftmul.c estimated size: 226

C:\Program Files (x86)\Microchip\xc8\v1.45\sources\common\llmod.c
		___llmod       		CODE           	1B26	0000	68

C:\Program Files (x86)\Microchip\xc8\v1.45\sources\common\llmod.c estimated size: 68

C:\Program Files (x86)\Microchip\xc8\v1.45\sources\common\atoi.c
		_atoi          		CODE           	16A1	0000	114

C:\Program Files (x86)\Microchip\xc8\v1.45\sources\common\atoi.c estimated size: 114

C:\Program Files (x86)\Microchip\xc8\v1.45\sources\common\strtok.c
		_strtok        		CODE           	1CC8	0000	76

C:\Program Files (x86)\Microchip\xc8\v1.45\sources\common\strtok.c estimated size: 76

C:\Program Files (x86)\Microchip\xc8\v1.45\sources\common\stricmp.c
		_stricmp       		CODE           	1A3B	0000	53

C:\Program Files (x86)\Microchip\xc8\v1.45\sources\common\stricmp.c estimated size: 53

shared
		i1_returnReset 		CODE           	2337	0000	3
		i1_do_I2C_SEND_ADR_READ		CODE           	2402	0000	9
		i1_do_I2C_DO_NACK_STOP		CODE           	238E	0000	5
		i1_mssp1_clearIRQ		CODE           	2354	0000	4
		i1_do_I2C_SEND_RESTART		CODE           	2382	0000	5
		drv2665@drv_fifo_sine		STRCODE        	10F4	0000	245
		i1_do_I2C_TX_EMPTY		CODE           	189F	0000	43
		_dpowers       		STRCODE        	2000	0000	41
		i1_do_I2C_DO_NACK_RESTART		CODE           	2392	0000	5
		i1_send_2bytes_latchless_IK		CODE           	1876	0000	42
		i1_do_I2C_SEND_RESTART_READ		CODE           	237A	0000	5
		i1_do_I2C_DO_ADDRESS_NACK		CODE           	2794	0000	37
		i1_do_I2C_RX   		CODE           	1AA6	0000	64
		i1_do_I2C_TX   		CODE           	1D5F	0000	79
		_drv_sine      		STRCODE        	0000	0000	0
		_LEDpower      		STRCODE        	2A4D	0000	3
		i1_i2c_ISR     		CODE           	26CE	0000	33
		i1_i2c1_driver_sendNACK		CODE           	2376	0000	5
		i1_do_I2C_IDLE 		CODE           	23B5	0000	6
		i1_do_I2C_RCEN 		CODE           	23C4	0000	7
		i1_i2c1_driver_isNACK		CODE           	24DD	0000	13
		__initialization		CODE           	0052	0000	86
		i1_LEDsOn      		CODE           	272E	0000	34
		i1_mssp1_setIRQ		CODE           	2351	0000	4
		i1_i2c1_driver_restart		CODE           	2345	0000	4
		i1_i2c1_driver_stop		CODE           	2348	0000	4
		_TMR0_RANGE    		STRCODE        	2A44	0000	4
		i1_do_I2C_RESET		CODE           	23F4	0000	8
		i1_i2c1_driver_startRX		CODE           	234B	0000	4
		i1_i2c1_driver_resetBus		CODE           	182A	0000	2
		i1_i2c1_driver_sendACK		CODE           	2372	0000	5
		_TMR2_RANGE    		STRCODE        	2A41	0000	4
		i1_do_I2C_SEND_RESTART_WRITE		CODE           	237E	0000	5
		_drv_address   		STRCODE        	2A55	0000	2
		drv2665@drv_sine		STRCODE        	11E8	0000	243
		i1_do_I2C_DO_ACK		CODE           	238A	0000	5
		i1_do_I2C_SEND_ADR_WRITE		CODE           	23FB	0000	8
		i1_i2c1_driver_getRXData		CODE           	234E	0000	4
		_drv_fifo_sine 		STRCODE        	0000	0000	0
		i1_send_2length_2bytes_IK		CODE           	25D8	0000	25
		i1_do_I2C_SEND_STOP		CODE           	2386	0000	5
		i1_i2c1_driver_TXData		CODE           	23B0	0000	6
		sin@coeff_a    		STRCODE        	0000	0000	0
		sin@coeff_b    		STRCODE        	0000	0000	0
		i1_returnStop  		CODE           	2335	0000	3
		i1_send_last_2bytes_IK		CODE           	1C36	0000	74

shared estimated size: 1193

mcc_generated_files/mcc.c
		_WDT_Initialize		CODE           	2396	0000	5
		_PMD_Initialize		CODE           	240A	0000	9
		_OSCILLATOR_Initialize		CODE           	247F	0000	11
		_SYSTEM_Initialize		CODE           	2598	0000	22

mcc_generated_files/mcc.c estimated size: 47

C:\Program Files (x86)\Microchip\xc8\v1.45\sources\common\fttol.c
		___fttol       		CODE           	0879	0000	136

C:\Program Files (x86)\Microchip\xc8\v1.45\sources\common\fttol.c estimated size: 136

C:\Program Files (x86)\Microchip\xc8\v1.45\sources\common\awtoft.c
		___awtoft      		CODE           	274F	0000	35

C:\Program Files (x86)\Microchip\xc8\v1.45\sources\common\awtoft.c estimated size: 35

mcc_generated_files/drivers/i2c_master.c
		_returnStop    		CODE           	23CA	0000	7
		_i2c_setBuffer 		CODE           	25AD	0000	22
		_i2c_busCollisionISR		CODE           	2342	0000	4
		_i2c_ISR       		CODE           	1850	0000	39
		_i2c_setAddress		CODE           	244A	0000	9
		_i2c_masterOperation		CODE           	27B8	0000	37
		_do_I2C_TX_EMPTY		CODE           	1949	0000	48
		_returnReset   		CODE           	23D0	0000	7
		_do_I2C_SEND_RESTART_WRITE		CODE           	241A	0000	9
		_i2c_poller    		CODE           	24D2	0000	12
		_do_I2C_DO_NACK_RESTART		CODE           	2442	0000	9
		_do_I2C_SEND_RESTART_READ		CODE           	2412	0000	9
		_do_I2C_SEND_ADR_WRITE		CODE           	24BC	0000	12
		_do_I2C_SEND_STOP		CODE           	242A	0000	9
		_i2c_open      		CODE           	1D13	0000	77
		_do_I2C_SEND_ADR_READ		CODE           	24E9	0000	13
		_do_I2C_DO_NACK_STOP		CODE           	243A	0000	9
		_do_I2C_SEND_RESTART		CODE           	2422	0000	9
		_do_I2C_RX     		CODE           	1BAC	0000	69
		_do_I2C_TX     		CODE           	1F4C	0000	90
		_do_I2C_IDLE   		CODE           	246D	0000	10
		_do_I2C_RCEN   		CODE           	2489	0000	11
		_do_I2C_DO_ADDRESS_NACK		CODE           	18F3	0000	44
		_do_I2C_RESET  		CODE           	24B1	0000	12
		_do_I2C_DO_ACK 		CODE           	2432	0000	9

mcc_generated_files/drivers/i2c_master.c estimated size: 586

C:\Program Files (x86)\Microchip\xc8\v1.45\sources\common\awdiv.c
		___awdiv       		CODE           	1DFD	0000	83

C:\Program Files (x86)\Microchip\xc8\v1.45\sources\common\awdiv.c estimated size: 83

C:\Program Files (x86)\Microchip\xc8\v1.45\sources\common\ftadd.c
		___ftadd       		CODE           	0EE6	0000	283

C:\Program Files (x86)\Microchip\xc8\v1.45\sources\common\ftadd.c estimated size: 283

mcc_generated_files/i2c1_driver.c
		_mssp1_waitForEvent		CODE           	24C7	0000	12
		_i2c1_driver_open		CODE           	24A7	0000	11
		_i2c1_driver_isNACK		CODE           	250F	0000	14
		_i2c1_driver_stop		CODE           	2363	0000	4
		_i2c1_driver_getRXData		CODE           	2369	0000	4
		_i2c1_driver_TXData		CODE           	23D6	0000	7
		_i2c1_driver_setBusCollisionISR		CODE           	2476	0000	10
		_i2c1_driver_start		CODE           	235D	0000	4
		_i2c1_driver_sendACK		CODE           	239A	0000	5
		_mssp1_setIRQ  		CODE           	236C	0000	4
		_i2c1_driver_sendNACK		CODE           	239E	0000	5
		_i2c1_driver_restart		CODE           	2360	0000	4
		_i2c1_driver_resetBus		CODE           	0800	0000	2
		_i2c1_driver_clearBusCollision		CODE           	233F	0000	4
		_mssp1_clearIRQ		CODE           	236F	0000	4
		_i2c1_driver_startRX		CODE           	2366	0000	4
		_i2c1_driver_setI2cISR		CODE           	07F7	0000	10
		_mssp1_IRQisEnabled		CODE           	2493	0000	11

mcc_generated_files/i2c1_driver.c estimated size: 119

C:\Program Files (x86)\Microchip\xc8\v1.45\sources\common\toupper.c
		_toupper       		CODE           	253B	0000	17

C:\Program Files (x86)\Microchip\xc8\v1.45\sources\common\toupper.c estimated size: 17

C:\Program Files (x86)\Microchip\xc8\v1.45\sources\common\lldiv.c
		___lldiv       		CODE           	1EA1	0000	84

C:\Program Files (x86)\Microchip\xc8\v1.45\sources\common\lldiv.c estimated size: 84

mcc_generated_files/eusart.c
		_putch         		CODE           	23DC	0000	7
		_EUSART_Read   		CODE           	26EE	0000	33
		_EUSART_Write  		CODE           	182B	0000	38
		_EUSART_Transmit_ISR		CODE           	2674	0000	31
		_EUSART_Initialize		CODE           	2608	0000	27
		_EUSART_Receive_ISR		CODE           	263C	0000	29

mcc_generated_files/eusart.c estimated size: 165

main.c
		_main_initialize		CODE           	0B6A	0000	220
		_getActive     		CODE           	1AE5	0000	66
		_zeroPosition  		CODE           	14AA	0000	99
		_getPosition   		CODE           	18C9	0000	43
		_getMoveMask   		CODE           	1C7F	0000	74
		_doRelMove     		CODE           	0E04	0000	227
		_setActive     		CODE           	0A13	0000	143
		_setMoveMask   		CODE           	0801	0000	121
		_main          		CODE           	0989	0000	139
		_setHeaterPreTime		CODE           	13ED	0000	92
		_setLEDPwr     		CODE           	26B0	0000	31
		_commCheck     		CODE           	0AA1	0000	202
		_setDrvGain    		CODE           	1B69	0000	68
		_doAbsMove     		CODE           	00AB	0000	577
		_setHeaterPostTime		CODE           	1E4F	0000	83
		_doMove        		CODE           	0900	0000	138
		_startRelMove  		CODE           	2584	0000	21
		_calcHeaterPins		CODE           	1712	0000	120
		_setDrvPeak    		CODE           	255D	0000	20
		_startAbsMove  		CODE           	25C2	0000	23
		_setDrvPiezoOnTime		CODE           	1FA5	0000	92
		_setHeaterToggle		CODE           	077C	0000	124
		_getMotionStatus		CODE           	2771	0000	36
		_setLEDBrightnessRange		CODE           	2692	0000	31

main.c estimated size: 2790

cmd_parser.c
		_execCmd       		CODE           	02EB	0000	461
		_parseCmd      		CODE           	04B7	0000	404

cmd_parser.c estimated size: 865

C:\Program Files (x86)\Microchip\xc8\v1.45\sources\common\strchr.c
		_strchr        		CODE           	2622	0000	27

C:\Program Files (x86)\Microchip\xc8\v1.45\sources\common\strchr.c estimated size: 27

