Microchip MPLAB XC8 Compiler V1.45 ()

Linker command line:

-W-3 --edf=C:\Program Files (x86)\Microchip\xc8\v1.45\dat\en_msgs.txt -cs \
  -h+dist/default/production\udrive_code.production.sym \
  --cmf=dist/default/production\udrive_code.production.cmf -z -Q16F18346 \
  -oC:\Users\kolbi\AppData\Local\Temp\sbi4.2 \
  -Mdist/default/production/udrive_code.production.map -E1 -ver=XC8 \
  -ASTACK=0217Ch-0278fh -pstack=STACK -ACODE=00h-07FFhx8 \
  -ASTRCODE=00h-03FFFh -ASTRING=00h-0FFhx64 -ACONST=00h-0FFhx64 \
  -AENTRY=00h-0FFhx64 -ACOMMON=070h-07Fh -ABANK0=020h-06Fh \
  -ABANK1=0A0h-0EFh -ABANK2=0120h-016Fh -ABANK3=01A0h-01EFh \
  -ABANK4=0220h-026Fh -ABANK5=02A0h-02EFh -ABANK6=0320h-036Fh \
  -ABANK7=03A0h-03EFh -ABANK8=0420h-046Fh -ABANK9=04A0h-04EFh \
  -ABANK10=0520h-056Fh -ABANK11=05A0h-05EFh -ABANK12=0620h-066Fh \
  -ABANK13=06A0h-06EFh -ABANK14=0720h-076Fh -ABANK15=07A0h-07EFh \
  -ABANK16=0820h-086Fh -ABANK17=08A0h-08EFh -ABANK18=0920h-096Fh \
  -ABANK19=09A0h-09EFh -ABANK20=0A20h-0A6Fh -ABANK21=0AA0h-0AEFh \
  -ABANK22=0B20h-0B6Fh -ABANK23=0BA0h-0BEFh -ABANK24=0C20h-0C6Fh \
  -ABANK25=0CA0h-0CBFh -ABIGRAM=02000h-027EFh \
  -ARAM=020h-06Fh,0A0h-0EFh,0120h-016Fh,01A0h-01EFh,0220h-026Fh,02A0h-02EFh,0320h-036Fh,03A0h-03EFh,0420h-046Fh,04A0h-04EFh,0520h-056Fh,05A0h-05EFh,0620h-066Fh,06A0h-06EFh,0720h-076Fh,07A0h-07EFh,0820h-086Fh,08A0h-08EFh,0920h-096Fh,09A0h-09EFh,0A20h-0A6Fh,0AA0h-0AEFh,0B20h-0B6Fh,0BA0h-0BEFh,0C20h-0C6Fh,0CA0h-0CBFh \
  -AABS1=020h-07Fh,0A0h-0EFh,0120h-016Fh,01A0h-01EFh,0220h-026Fh,02A0h-02EFh,0320h-036Fh,03A0h-03EFh,0420h-046Fh,04A0h-04EFh,0520h-056Fh,05A0h-05EFh,0620h-066Fh,06A0h-06EFh,0720h-076Fh,07A0h-07EFh,0820h-086Fh,08A0h-08EFh,0920h-096Fh,09A0h-09EFh,0A20h-0A6Fh,0AA0h-0AEFh,0B20h-0B6Fh,0BA0h-0BEFh,0C20h-0C6Fh,0CA0h-0CBFh \
  -ASFR0=00h-01Fh -ASFR1=080h-09Fh -ASFR2=0100h-011Fh -ASFR3=0180h-019Fh \
  -ASFR4=0200h-021Fh -ASFR5=0280h-029Fh -ASFR6=0300h-031Fh \
  -ASFR7=0380h-039Fh -ASFR8=0400h-041Fh -ASFR9=0480h-049Fh \
  -ASFR10=0500h-051Fh -ASFR11=0580h-059Fh -ASFR12=0600h-061Fh \
  -ASFR13=0680h-069Fh -ASFR14=0700h-071Fh -ASFR15=0780h-079Fh \
  -ASFR16=0800h-081Fh -ASFR17=0880h-089Fh -ASFR18=0900h-091Fh \
  -ASFR19=0980h-099Fh -ASFR20=0A00h-0A1Fh -ASFR21=0A80h-0A9Fh \
  -ASFR22=0B00h-0B1Fh -ASFR23=0B80h-0B9Fh -ASFR24=0C00h-0C1Fh \
  -ASFR25=0C80h-0C9Fh -ASFR26=0D00h-0D6Fh -ASFR27=0D80h-0DEFh \
  -ASFR28=0E00h-0E6Fh -ASFR29=0E80h-0EEFh -ASFR30=0F00h-0F6Fh \
  -ASFR31=0F80h-0FEFh -preset_vec=00h,intentry=04h,init,end_init \
  -ppowerup=CODE -pcinit=CODE -pfunctab=ENTRY -ACONFIG=08007h-0800Ah \
  -pconfig=CONFIG -DCONFIG=2 -AIDLOC=08000h-08003h -pidloc=IDLOC -DIDLOC=2 \
  -AEEDATA=00h-0FFh/0F000h -peeprom_data=EEDATA -DEEDATA=2 -DCODE=2 \
  -DSTRCODE=2 -DSTRING=2 -DCONST=2 -DENTRY=2 -k \
  C:\Users\kolbi\AppData\Local\Temp\sbi4.obj \
  dist/default/production\udrive_code.production.obj 

Object code version is 3.11

Machine type is 16F18346



                Name                               Link     Load   Length Selector   Space Scale
C:\Users\kolbi\AppData\Local\Temp\sbi4.obj
                end_init                             50       50        2        8       0
                reset_vec                             0        0        2        0       0
                idloc                              8000     8000        4    10000       0
                config                             8007     8007        4    1000E       0
dist/default/production\udrive_code.production.obj
                cinit                                52       52       6E        8       0
                intentry                              4        4       4C        8       0
                text165                            24AC     24AC       1C     4958       0
                text164                            2501     2501       1E     4A02       0
                text163                            21D7     21D7        3     43AE       0
                text162                            2244     2244        5     4488       0
                text161                            271D     271D       29     4E3A       0
                text160                            1A68     1A68       49     34D0       0
                text159                            242D     242D       18     485A       0
                text158                            25BB     25BB       21     4B76       0
                text157                            18A2     18A2       37     3144       0
                text156                            239D     239D        D     473A       0
                text155                            21DA     21DA        3     43B4       0
                text154                            2249     2249        5     4492       0
                text153                            22E4     22E4        9     45C8       0
                text152                            23AA     23AA        D     4754       0
                text151                            21DD     21DD        3     43BA       0
                text150                            21E0     21E0        3     43C0       0
                text149                            2210     2210        4     4420       0
                text148                            21E3     21E3        3     43C6       0
                text147                            21E6     21E6        3     43CC       0
                text146                            21D3     21D3        2     43A6       0
                text145                            21D5     21D5        2     43AA       0
                text144                            21E9     21E9        3     43D2       0
                text143                            21D1     21D1        1     43A2       0
                text142                            2214     2214        4     4428       0
                text141                            21EC     21EC        3     43D8       0
                text140                            224E     224E        5     449C       0
                text139                            236D     236D        C     46DA       0
                text138                            21EF     21EF        3     43DE       0
                text137                            13CC     13CC       2A     2798       0
                text136                            2286     2286        7     450C       0
                text135                            2253     2253        5     44A6       0
                text134                            2218     2218        4     4430       0
                text133                            221C     221C        4     4438       0
                text132                            2220     2220        4     4440       0
                text131                            2224     2224        4     4448       0
                text130                            2294     2294        8     4528       0
                text129                            228D     228D        7     451A       0
                text128                            2262     2262        6     44C4       0
                text127                            2228     2228        4     4450       0
                text126                            222C     222C        4     4458       0
                text125                            2230     2230        4     4460       0
                text124                            2642     2642       24     4C84       0
                text123                            1BE2     1BE2       4E     37C4       0
                text122                            18D9     18D9       3F     31B2       0
                text121                            21F2     21F2        3     43E4       0
                text120                            255B     255B       20     4AB6       0
                text118                            257B     257B       20     4AF6       0
                text117                            245D     245D       1A     48BA       0
                text116                            231A     231A        A     4634       0
                text115                            183B     183B       33     3076       0
                text114                            229C     229C        8     4538       0
                text113                            22ED     22ED        9     45DA       0
                text112                            2419     2419       14     4832       0
                text111                            22F6     22F6        9     45EC       0
                text110                            23F4     23F4       12     47E8       0
                text109                            2234     2234        4     4468       0
                text108                             800      800       15        8       0
                text107                            27A0     27A0       30     4F40       0
                text106                            1D77     1D77       58     3AEE       0
                text105                            2445     2445       18     488A       0
                text104                            25DC     25DC       21     4BB8       0
                text103                            21F5     21F5        3     43EA       0
                text102                            21F8     21F8        3     43F0       0
                text101                            170E     170E       79     2E1C       0
                text100                            1C80     1C80       52     3900       0
                text99                             21FB     21FB        3     43F6       0
                text98                             2238     2238        4     4470       0
                text97                             21FE     21FE        3     43FC       0
                text96                             2201     2201        3     4402       0
                text95                             2268     2268        6     44D0       0
                text94                             226E     226E        6     44DC       0
                text93                             2204     2204        3     4408       0
                text92                             21D2     21D2        1     43A4       0
                text91                             223C     223C        4     4478       0
                text90                             2207     2207        3     440E       0
                text89                             2274     2274        6     44E8       0
                text88                             23B7     23B7        D     476E       0
                text87                             220A     220A        3     4414       0
                text86                             2771     2771       2F     4EE2       0
                text85                             234C     234C        B     4698       0
                text84                             22FF     22FF        9     45FE       0
                text83                             22A4     22A4        8     4548       0
                text82                             22AC     22AC        8     4558       0
                text81                             22B4     22B4        8     4568       0
                text80                             22BC     22BC        8     4578       0
                text79                             2379     2379        C     46F2       0
                text78                             2357     2357        B     46AE       0
                text77                             2324     2324        A     4648       0
                text76                             22C4     22C4        8     4588       0
                text75                             22CC     22CC        8     4598       0
                text74                             22D4     22D4        8     45A8       0
                text73                             2746     2746       2B     4E8C       0
                text72                             1DCF     1DCF       59     3B9E       0
                text71                             19DD     19DD       44     33BA       0
                text70                             220D     220D        3     441A       0
                text69                             26F7     26F7       26     4DEE       0
                text68                             2362     2362        B     46C4       0
                text67                             1800     1800        B     2F0E       0
                text66                             232E     232E        A     465C       0
                text65                             2666     2666       24     4CCC       0
                text64                              7EB      7EB       15        8       0
                text63                             1D24     1D24       53     3A48       0
                text62                             1957     1957       43     32AE       0
                text61                             26D2     26D2       25     4DA4       0
                text60                             227A     227A        6     44F4       0
                text59                              ECE      ECE      132     1D9C       0
                text58                             268A     268A       24     4D14       0
                text57                             1A21     1A21       47     3442       0
                text56                             23E3     23E3       11     47C6       0
                text55                             1C30     1C30       50     3860       0
                text54                              919      919       89     1232       0
                text53                               C0       C0      2B0        8       0
                text52                              D9D      D9D      131     1B3A       0
                text51                             1E28     1E28       5B     3C50       0
                text50                             26AE     26AE       24     4D5C       0
                text49                              BDE      BDE       DE     17BC       0
                text48                             1787     1787       79     2F0E       0
                text47                             15AE     15AE       75     2B5C       0
                text46                              A3A      A3A       C7     1474       0
                text45                             1B48     1B48       4D     3690       0
                text44                             261F     261F       23     4C3E       0
                text43                             1B95     1B95       4D     372A       0
                text42                             1918     1918       3F     3230       0
                text41                             1698     1698       76     2D30       0
                text40                             199A     199A       43     3334       0
                text39                             2406     2406       13     480C       0
                text38                             2258     2258        5     44B0       0
                text37                             13F6     13F6       65     27EC       0
                text36                             25FD     25FD       22     4BFA       0
                text35                              6D1      6D1      11A        8       0
                text34                              CBC      CBC       E1     1978       0
                text33                              892      892       87     1124       0
                text32                             1E83     1E83       5B     3D06       0
                text31                             225D     225D        5     44BA       0
                text30                             1CD2     1CD2       52     39A4       0
                text29                             1EDE     1EDE       5B     3DBC       0
                text28                              815      815       7D     102A       0
                text27                             251F     251F       1E     4A3E       0
                text26                             1F9C     1F9C       64     3F38       0
                text25                             253D     253D       1E     4A7A       0
                text24                             153B     153B       73     2A76       0
                text23                             24E4     24E4       1D     49C8       0
                text22                             2491     2491       1B     4922       0
                text21                              9A2      9A2       98     1344       0
                text20                             1623     1623       75     2C46       0
                swtext1                            2000     2000       2C     4000       0
                text19                              370      370      1BF        8       0
                text18                             2338     2338        A     4670       0
                text17                             2342     2342        A     4684       0
                text16                             2308     2308        9     4610       0
                text15                             2311     2311        9     4622       0
                text14                             1AFC     1AFC       4C     35F8       0
                text13                             22DC     22DC        8     45B8       0
                text12                             1F39     1F39       63     3E72       0
                text11                              B01      B01       DD     1602       0
                text10                             24C8     24C8       1C     4990       0
                text9                              23C4     23C4        F     4788       0
                text8                              14CA     14CA       71     2994       0
                text7                              23D3     23D3       10     47A6       0
                text6                              186E     186E       34     30DC       0
                text5                              2477     2477       1A     48EE       0
                text4                              27D0     27D0       30     4FA0       0
                text3                              180B     180B       30     3016       0
                text2                              1AB1     1AB1       4B     3562       0
                text1                               52F      52F      1A2        8       0
                maintext                           145B     145B       6F     28B6       0
                cstackBANK0                          20       20       2E       20       1
                cstackCOMMON                         70       70        D       70       1
                cstackBANK1                          A0       A0       39       A0       1
                cstackBANK4                         240      240       1C      220       1
                clrtext                            2385     2385        C     470A       0
                inittext                           2391     2391        C     4722       0
                dataBANK4                           220      220       20      220       1
                bssBANK3                            1A0      1A0       39      1A0       1
                dataBANK2                           16E      16E        2      120       1
                bssBANK2                            120      120       4C      120       1
                dataBANK1                            E9       E9        6       A0       1
                bssBANK1                             D9       D9       10       A0       1
                dataBANK0                            5A       5A        4       20       1
                bssBANK0                             4E       4E        C       20       1
                bssCOMMON                            7D       7D        1       70       1
                stringtext60                       2A65     2A65        2     5000       0
                stringtext59                       2A63     2A63        2     5000       0
                stringtext58                       2A61     2A61        2     5000       0
                stringtext57                       2A5C     2A5C        3     5000       0
                stringtext56                       2A59     2A59        3     5000       0
                stringtext55                       2A4F     2A4F        4     5000       0
                stringtext54                       2A4B     2A4B        4     5000       0
                stringtext53                       2A47     2A47        4     5000       0
                stringtext52                       2A43     2A43        4     5000       0
                stringtext51                       2A3F     2A3F        4     5000       0
                stringtext50                       2A3A     2A3A        5     5000       0
                stringtext49                       2A35     2A35        5     5000       0
                stringtext48                       2A30     2A30        5     5000       0
                stringtext47                       2A2B     2A2B        5     5000       0
                stringtext46                       2A26     2A26        5     5000       0
                stringtext45                       2A21     2A21        5     5000       0
                stringtext44                       2A1A     2A1A        7     5000       0
                stringtext43                       2A13     2A13        7     5000       0
                stringtext42                       2A0B     2A0B        8     5000       0
                stringtext41                       2A03     2A03        8     5000       0
                stringtext40                       29FB     29FB        8     5000       0
                stringtext39                       29F3     29F3        8     5000       0
                stringtext38                       29EB     29EB        8     5000       0
                stringtext37                       29E3     29E3        8     5000       0
                stringtext36                       29DB     29DB        8     5000       0
                stringtext35                       29D3     29D3        8     5000       0
                stringtext34                       29CA     29CA        9     5000       0
                stringtext33                       29C1     29C1        9     5000       0
                stringtext32                       29B6     29B6        B     5000       0
                stringtext31                       29AB     29AB        B     5000       0
                stringtext30                       29A0     29A0        B     5000       0
                stringtext29                       2994     2994        C     5000       0
                stringtext28                       297B     297B        D     5000       0
                stringtext27                       296D     296D        E     5000       0
                stringtext26                       295E     295E        F     5000       0
                stringtext25                       294F     294F        F     5000       0
                stringtext24                       2930     2930       10     5000       0
                stringtext23                       2920     2920       10     5000       0
                stringtext22                       2910     2910       10     5000       0
                stringtext21                       28FF     28FF       11     5000       0
                stringtext20                       28EE     28EE       11     5000       0
                stringtext19                       28DD     28DD       11     5000       0
                stringtext18                       28CB     28CB       12     5000       0
                stringtext17                       28B4     28B4       17     5000       0
                stringtext16                       289B     289B       19     5000       0
                stringtext15                       2881     2881       1A     5000       0
                stringtext14                       2865     2865       1C     5000       0
                stringtext13                       2847     2847       1E     5000       0
                stringtext12                       2828     2828       1F     5000       0
                nvBANK3                             1D9      1D9        2      1A0       1
                nvBANK2                             16C      16C        2      120       1
                nvBANK0                              5E       5E        1       20       1
                stringtext11                       2988     2988        C     5000       0
                stringtext10                       2940     2940        F     5000       0
                stringtext9                        10F4     10F4       F4     2000       0
                stringtext8                        2A67     2A67        1     5000       0
                stringtext7                        2A5F     2A5F        2     5000       0
                stringtext6                        2A56     2A56        3     5000       0
                stringtext5                        2A53     2A53        3     5000       0
                stringtext4                        2800     2800       28     5000       0
                stringtext3                        12DA     12DA       F2     2000       0
                stringtext2                        11E8     11E8       F2     2000       0
                stringtext1                        1000     1000       F4     2000       0
                idataBANK4                         259B     259B       20     4B36       0
                idataBANK2                            2        2        2        0       0
                idataBANK1                         2280     2280        6     4500       0
                idataBANK0                         2240     2240        4     4480       0

TOTAL           Name                               Link     Load   Length     Space
        CLASS   STACK          

        CLASS   CODE           
                end_init                             50       50        2         0
                cinit                                52       52       6E         0
                intentry                              4        4       4C         0
                reset_vec                             0        0        2         0
                text165                            24AC     24AC       1C         0
                text164                            2501     2501       1E         0
                text163                            21D7     21D7        3         0
                text162                            2244     2244        5         0
                text161                            271D     271D       29         0
                text160                            1A68     1A68       49         0
                text159                            242D     242D       18         0
                text158                            25BB     25BB       21         0
                text157                            18A2     18A2       37         0
                text156                            239D     239D        D         0
                text155                            21DA     21DA        3         0
                text154                            2249     2249        5         0
                text153                            22E4     22E4        9         0
                text152                            23AA     23AA        D         0
                text151                            21DD     21DD        3         0
                text150                            21E0     21E0        3         0
                text149                            2210     2210        4         0
                text148                            21E3     21E3        3         0
                text147                            21E6     21E6        3         0
                text146                            21D3     21D3        2         0
                text145                            21D5     21D5        2         0
                text144                            21E9     21E9        3         0
                text143                            21D1     21D1        1         0
                text142                            2214     2214        4         0
                text141                            21EC     21EC        3         0
                text140                            224E     224E        5         0
                text139                            236D     236D        C         0
                text138                            21EF     21EF        3         0
                text137                            13CC     13CC       2A         0
                text136                            2286     2286        7         0
                text135                            2253     2253        5         0
                text134                            2218     2218        4         0
                text133                            221C     221C        4         0
                text132                            2220     2220        4         0
                text131                            2224     2224        4         0
                text130                            2294     2294        8         0
                text129                            228D     228D        7         0
                text128                            2262     2262        6         0
                text127                            2228     2228        4         0
                text126                            222C     222C        4         0
                text125                            2230     2230        4         0
                text124                            2642     2642       24         0
                text123                            1BE2     1BE2       4E         0
                text122                            18D9     18D9       3F         0
                text121                            21F2     21F2        3         0
                text120                            255B     255B       20         0
                text118                            257B     257B       20         0
                text117                            245D     245D       1A         0
                text116                            231A     231A        A         0
                text115                            183B     183B       33         0
                text114                            229C     229C        8         0
                text113                            22ED     22ED        9         0
                text112                            2419     2419       14         0
                text111                            22F6     22F6        9         0
                text110                            23F4     23F4       12         0
                text109                            2234     2234        4         0
                text108                             800      800       15         0
                text107                            27A0     27A0       30         0
                text106                            1D77     1D77       58         0
                text105                            2445     2445       18         0
                text104                            25DC     25DC       21         0
                text103                            21F5     21F5        3         0
                text102                            21F8     21F8        3         0
                text101                            170E     170E       79         0
                text100                            1C80     1C80       52         0
                text99                             21FB     21FB        3         0
                text98                             2238     2238        4         0
                text97                             21FE     21FE        3         0
                text96                             2201     2201        3         0
                text95                             2268     2268        6         0
                text94                             226E     226E        6         0
                text93                             2204     2204        3         0
                text92                             21D2     21D2        1         0
                text91                             223C     223C        4         0
                text90                             2207     2207        3         0
                text89                             2274     2274        6         0
                text88                             23B7     23B7        D         0
                text87                             220A     220A        3         0
                text86                             2771     2771       2F         0
                text85                             234C     234C        B         0
                text84                             22FF     22FF        9         0
                text83                             22A4     22A4        8         0
                text82                             22AC     22AC        8         0
                text81                             22B4     22B4        8         0
                text80                             22BC     22BC        8         0
                text79                             2379     2379        C         0
                text78                             2357     2357        B         0
                text77                             2324     2324        A         0
                text76                             22C4     22C4        8         0
                text75                             22CC     22CC        8         0
                text74                             22D4     22D4        8         0
                text73                             2746     2746       2B         0
                text72                             1DCF     1DCF       59         0
                text71                             19DD     19DD       44         0
                text70                             220D     220D        3         0
                text69                             26F7     26F7       26         0
                text68                             2362     2362        B         0
                text67                             1800     1800        B         0
                text66                             232E     232E        A         0
                text65                             2666     2666       24         0
                text64                              7EB      7EB       15         0
                text63                             1D24     1D24       53         0
                text62                             1957     1957       43         0
                text61                             26D2     26D2       25         0
                text60                             227A     227A        6         0
                text59                              ECE      ECE      132         0
                text58                             268A     268A       24         0
                text57                             1A21     1A21       47         0
                text56                             23E3     23E3       11         0
                text55                             1C30     1C30       50         0
                text54                              919      919       89         0
                text53                               C0       C0      2B0         0
                text52                              D9D      D9D      131         0
                text51                             1E28     1E28       5B         0
                text50                             26AE     26AE       24         0
                text49                              BDE      BDE       DE         0
                text48                             1787     1787       79         0
                text47                             15AE     15AE       75         0
                text46                              A3A      A3A       C7         0
                text45                             1B48     1B48       4D         0
                text44                             261F     261F       23         0
                text43                             1B95     1B95       4D         0
                text42                             1918     1918       3F         0
                text41                             1698     1698       76         0
                text40                             199A     199A       43         0
                text39                             2406     2406       13         0
                text38                             2258     2258        5         0
                text37                             13F6     13F6       65         0
                text36                             25FD     25FD       22         0
                text35                              6D1      6D1      11A         0
                text34                              CBC      CBC       E1         0
                text33                              892      892       87         0
                text32                             1E83     1E83       5B         0
                text31                             225D     225D        5         0
                text30                             1CD2     1CD2       52         0
                text29                             1EDE     1EDE       5B         0
                text28                              815      815       7D         0
                text27                             251F     251F       1E         0
                text26                             1F9C     1F9C       64         0
                text25                             253D     253D       1E         0
                text24                             153B     153B       73         0
                text23                             24E4     24E4       1D         0
                text22                             2491     2491       1B         0
                text21                              9A2      9A2       98         0
                text20                             1623     1623       75         0
                text19                              370      370      1BF         0
                text18                             2338     2338        A         0
                text17                             2342     2342        A         0
                text16                             2308     2308        9         0
                text15                             2311     2311        9         0
                text14                             1AFC     1AFC       4C         0
                text13                             22DC     22DC        8         0
                text12                             1F39     1F39       63         0
                text11                              B01      B01       DD         0
                text10                             24C8     24C8       1C         0
                text9                              23C4     23C4        F         0
                text8                              14CA     14CA       71         0
                text7                              23D3     23D3       10         0
                text6                              186E     186E       34         0
                text5                              2477     2477       1A         0
                text4                              27D0     27D0       30         0
                text3                              180B     180B       30         0
                text2                              1AB1     1AB1       4B         0
                text1                               52F      52F      1A2         0
                maintext                           145B     145B       6F         0
                clrtext                            2385     2385        C         0
                inittext                           2391     2391        C         0
                idataBANK4                         259B     259B       20         0
                idataBANK2                            2        2        2         0
                idataBANK1                         2280     2280        6         0
                idataBANK0                         2240     2240        4         0

        CLASS   STRCODE        
                stringtext60                       2A65     2A65        2         0
                stringtext59                       2A63     2A63        2         0
                stringtext58                       2A61     2A61        2         0
                stringtext57                       2A5C     2A5C        3         0
                stringtext56                       2A59     2A59        3         0
                stringtext55                       2A4F     2A4F        4         0
                stringtext54                       2A4B     2A4B        4         0
                stringtext53                       2A47     2A47        4         0
                stringtext52                       2A43     2A43        4         0
                stringtext51                       2A3F     2A3F        4         0
                stringtext50                       2A3A     2A3A        5         0
                stringtext49                       2A35     2A35        5         0
                stringtext48                       2A30     2A30        5         0
                stringtext47                       2A2B     2A2B        5         0
                stringtext46                       2A26     2A26        5         0
                stringtext45                       2A21     2A21        5         0
                stringtext44                       2A1A     2A1A        7         0
                stringtext43                       2A13     2A13        7         0
                stringtext42                       2A0B     2A0B        8         0
                stringtext41                       2A03     2A03        8         0
                stringtext40                       29FB     29FB        8         0
                stringtext39                       29F3     29F3        8         0
                stringtext38                       29EB     29EB        8         0
                stringtext37                       29E3     29E3        8         0
                stringtext36                       29DB     29DB        8         0
                stringtext35                       29D3     29D3        8         0
                stringtext34                       29CA     29CA        9         0
                stringtext33                       29C1     29C1        9         0
                stringtext32                       29B6     29B6        B         0
                stringtext31                       29AB     29AB        B         0
                stringtext30                       29A0     29A0        B         0
                stringtext29                       2994     2994        C         0
                stringtext28                       297B     297B        D         0
                stringtext27                       296D     296D        E         0
                stringtext26                       295E     295E        F         0
                stringtext25                       294F     294F        F         0
                stringtext24                       2930     2930       10         0
                stringtext23                       2920     2920       10         0
                stringtext22                       2910     2910       10         0
                stringtext21                       28FF     28FF       11         0
                stringtext20                       28EE     28EE       11         0
                stringtext19                       28DD     28DD       11         0
                stringtext18                       28CB     28CB       12         0
                stringtext17                       28B4     28B4       17         0
                stringtext16                       289B     289B       19         0
                stringtext15                       2881     2881       1A         0
                stringtext14                       2865     2865       1C         0
                stringtext13                       2847     2847       1E         0
                stringtext12                       2828     2828       1F         0
                stringtext11                       2988     2988        C         0
                stringtext10                       2940     2940        F         0
                stringtext9                        10F4     10F4       F4         0
                stringtext8                        2A67     2A67        1         0
                stringtext7                        2A5F     2A5F        2         0
                stringtext6                        2A56     2A56        3         0
                stringtext5                        2A53     2A53        3         0
                stringtext4                        2800     2800       28         0
                stringtext3                        12DA     12DA       F2         0
                stringtext2                        11E8     11E8       F2         0
                stringtext1                        1000     1000       F4         0

        CLASS   STRING         

        CLASS   CONST          
                swtext1                            2000     2000       2C         0

        CLASS   ENTRY          

        CLASS   COMMON         
                cstackCOMMON                         70       70        D         1
                bssCOMMON                            7D       7D        1         1

        CLASS   BANK0          
                cstackBANK0                          20       20       2E         1
                dataBANK0                            5A       5A        4         1
                bssBANK0                             4E       4E        C         1
                nvBANK0                              5E       5E        1         1

        CLASS   BANK1          
                cstackBANK1                          A0       A0       39         1
                dataBANK1                            E9       E9        6         1
                bssBANK1                             D9       D9       10         1

        CLASS   BANK2          
                dataBANK2                           16E      16E        2         1
                bssBANK2                            120      120       4C         1
                nvBANK2                             16C      16C        2         1

        CLASS   BANK3          
                bssBANK3                            1A0      1A0       39         1
                nvBANK3                             1D9      1D9        2         1

        CLASS   BANK4          
                cstackBANK4                         240      240       1C         1
                dataBANK4                           220      220       20         1

        CLASS   BANK5          

        CLASS   BANK6          

        CLASS   BANK7          

        CLASS   BANK8          

        CLASS   BANK9          

        CLASS   BANK10         

        CLASS   BANK11         

        CLASS   BANK12         

        CLASS   BANK13         

        CLASS   BANK14         

        CLASS   BANK15         

        CLASS   BANK16         

        CLASS   BANK17         

        CLASS   BANK18         

        CLASS   BANK19         

        CLASS   BANK20         

        CLASS   BANK21         

        CLASS   BANK22         

        CLASS   BANK23         

        CLASS   BANK24         

        CLASS   BANK25         

        CLASS   BIGRAM         

        CLASS   RAM            

        CLASS   ABS1           
                abs_s1                               7E       7E        2         1
                abs_s1                              C30      C30       40         1
                abs_s1                              CA0      CA0       20         1
                abs_s1                             2790     2790        0         1

        CLASS   SFR0           

        CLASS   SFR1           

        CLASS   SFR2           

        CLASS   SFR3           

        CLASS   SFR4           

        CLASS   SFR5           

        CLASS   SFR6           

        CLASS   SFR7           

        CLASS   SFR8           

        CLASS   SFR9           

        CLASS   SFR10          

        CLASS   SFR11          

        CLASS   SFR12          

        CLASS   SFR13          

        CLASS   SFR14          

        CLASS   SFR15          

        CLASS   SFR16          

        CLASS   SFR17          

        CLASS   SFR18          

        CLASS   SFR19          

        CLASS   SFR20          

        CLASS   SFR21          

        CLASS   SFR22          

        CLASS   SFR23          

        CLASS   SFR24          

        CLASS   SFR25          

        CLASS   SFR26          

        CLASS   SFR27          

        CLASS   SFR28          

        CLASS   SFR29          

        CLASS   SFR30          

        CLASS   SFR31          

        CLASS   CONFIG         
                config                             8007     8007        4         0

        CLASS   IDLOC          
                idloc                              8000     8000        4         0

        CLASS   EEDATA         

        CLASS   BANK31         

        CLASS   BANK30         

        CLASS   BANK29         

        CLASS   BANK28         

        CLASS   BANK27         

        CLASS   BANK26         



SEGMENTS        Name                           Load    Length   Top    Selector   Space  Class     Delta

                reset_vec                      000000  000004  000004         0       0  CODE        2
                intentry                       000004  000811  000815         8       0  CODE        2
                cstackBANK0                    000020  00003F  00005F        20       1  BANK0       1
                cstackCOMMON                   000070  00000E  00007E        70       1  COMMON      1
                cstackBANK1                    0000A0  00004F  0000EF        A0       1  BANK1       1
                bssBANK2                       000120  000050  000170       120       1  BANK2       1
                bssBANK3                       0001A0  00003B  0001DB       1A0       1  BANK3       1
                dataBANK4                      000220  00003C  00025C       220       1  BANK4       1
                text28                         000815  00007D  000892      102A       0  CODE        2
                text33                         000892  000087  000919      1124       0  CODE        2
                text54                         000919  000089  0009A2      1232       0  CODE        2
                text21                         0009A2  000098  000A3A      1344       0  CODE        2
                text46                         000A3A  0000C7  000B01      1474       0  CODE        2
                text11                         000B01  0000DD  000BDE      1602       0  CODE        2
                text49                         000BDE  0000DE  000CBC      17BC       0  CODE        2
                text34                         000CBC  0000E1  000D9D      1978       0  CODE        2
                text52                         000D9D  000131  000ECE      1B3A       0  CODE        2
                text59                         000ECE  000132  001000      1D9C       0  CODE        2
                stringtext1                    001000  0003CC  0013CC      2000       0  STRCODE     2
                text137                        0013CC  00002A  0013F6      2798       0  CODE        2
                text37                         0013F6  000065  00145B      27EC       0  CODE        2
                maintext                       00145B  00006F  0014CA      28B6       0  CODE        2
                text8                          0014CA  000071  00153B      2994       0  CODE        2
                text24                         00153B  000073  0015AE      2A76       0  CODE        2
                text47                         0015AE  000075  001623      2B5C       0  CODE        2
                text20                         001623  000075  001698      2C46       0  CODE        2
                text41                         001698  000076  00170E      2D30       0  CODE        2
                text101                        00170E  000079  001787      2E1C       0  CODE        2
                text48                         001787  000084  00180B      2F0E       0  CODE        2
                text3                          00180B  000030  00183B      3016       0  CODE        2
                text115                        00183B  000033  00186E      3076       0  CODE        2
                text6                          00186E  000034  0018A2      30DC       0  CODE        2
                text157                        0018A2  000037  0018D9      3144       0  CODE        2
                text122                        0018D9  00003F  001918      31B2       0  CODE        2
                text42                         001918  00003F  001957      3230       0  CODE        2
                text62                         001957  000043  00199A      32AE       0  CODE        2
                text40                         00199A  000043  0019DD      3334       0  CODE        2
                text71                         0019DD  000044  001A21      33BA       0  CODE        2
                text57                         001A21  000047  001A68      3442       0  CODE        2
                text160                        001A68  000049  001AB1      34D0       0  CODE        2
                text2                          001AB1  00004B  001AFC      3562       0  CODE        2
                text14                         001AFC  00004C  001B48      35F8       0  CODE        2
                text45                         001B48  00004D  001B95      3690       0  CODE        2
                text43                         001B95  00004D  001BE2      372A       0  CODE        2
                text123                        001BE2  00004E  001C30      37C4       0  CODE        2
                text55                         001C30  000050  001C80      3860       0  CODE        2
                text100                        001C80  000052  001CD2      3900       0  CODE        2
                text30                         001CD2  000052  001D24      39A4       0  CODE        2
                text63                         001D24  000053  001D77      3A48       0  CODE        2
                text106                        001D77  000058  001DCF      3AEE       0  CODE        2
                text72                         001DCF  000059  001E28      3B9E       0  CODE        2
                text51                         001E28  00005B  001E83      3C50       0  CODE        2
                text32                         001E83  00005B  001EDE      3D06       0  CODE        2
                text29                         001EDE  00005B  001F39      3DBC       0  CODE        2
                text12                         001F39  000063  001F9C      3E72       0  CODE        2
                text26                         001F9C  000064  002000      3F38       0  CODE        2
                swtext1                        002000  00002C  00202C      4000       0  CONST       2
                text143                        0021D1  000001  0021D2      43A2       0  CODE        2
                text92                         0021D2  000001  0021D3      43A4       0  CODE        2
                text146                        0021D3  000002  0021D5      43A6       0  CODE        2
                text145                        0021D5  000002  0021D7      43AA       0  CODE        2
                text163                        0021D7  000003  0021DA      43AE       0  CODE        2
                text155                        0021DA  000003  0021DD      43B4       0  CODE        2
                text151                        0021DD  000003  0021E0      43BA       0  CODE        2
                text150                        0021E0  000003  0021E3      43C0       0  CODE        2
                text148                        0021E3  000003  0021E6      43C6       0  CODE        2
                text147                        0021E6  000003  0021E9      43CC       0  CODE        2
                text144                        0021E9  000003  0021EC      43D2       0  CODE        2
                text141                        0021EC  000003  0021EF      43D8       0  CODE        2
                text138                        0021EF  000003  0021F2      43DE       0  CODE        2
                text121                        0021F2  000003  0021F5      43E4       0  CODE        2
                text103                        0021F5  000003  0021F8      43EA       0  CODE        2
                text102                        0021F8  000003  0021FB      43F0       0  CODE        2
                text99                         0021FB  000003  0021FE      43F6       0  CODE        2
                text97                         0021FE  000003  002201      43FC       0  CODE        2
                text96                         002201  000003  002204      4402       0  CODE        2
                text93                         002204  000003  002207      4408       0  CODE        2
                text90                         002207  000003  00220A      440E       0  CODE        2
                text87                         00220A  000003  00220D      4414       0  CODE        2
                text70                         00220D  000003  002210      441A       0  CODE        2
                text149                        002210  000004  002214      4420       0  CODE        2
                text142                        002214  000004  002218      4428       0  CODE        2
                text134                        002218  000004  00221C      4430       0  CODE        2
                text133                        00221C  000004  002220      4438       0  CODE        2
                text132                        002220  000004  002224      4440       0  CODE        2
                text131                        002224  000004  002228      4448       0  CODE        2
                text127                        002228  000004  00222C      4450       0  CODE        2
                text126                        00222C  000004  002230      4458       0  CODE        2
                text125                        002230  000004  002234      4460       0  CODE        2
                text109                        002234  000004  002238      4468       0  CODE        2
                text98                         002238  000004  00223C      4470       0  CODE        2
                text91                         00223C  000004  002240      4478       0  CODE        2
                idataBANK0                     002240  000004  002244      4480       0  CODE        2
                text162                        002244  000005  002249      4488       0  CODE        2
                text154                        002249  000005  00224E      4492       0  CODE        2
                text140                        00224E  000005  002253      449C       0  CODE        2
                text135                        002253  000005  002258      44A6       0  CODE        2
                text38                         002258  000005  00225D      44B0       0  CODE        2
                text31                         00225D  000005  002262      44BA       0  CODE        2
                text128                        002262  000006  002268      44C4       0  CODE        2
                text95                         002268  000006  00226E      44D0       0  CODE        2
                text94                         00226E  000006  002274      44DC       0  CODE        2
                text89                         002274  000006  00227A      44E8       0  CODE        2
                text60                         00227A  000006  002280      44F4       0  CODE        2
                idataBANK1                     002280  000006  002286      4500       0  CODE        2
                text136                        002286  000007  00228D      450C       0  CODE        2
                text129                        00228D  000007  002294      451A       0  CODE        2
                text130                        002294  000008  00229C      4528       0  CODE        2
                text114                        00229C  000008  0022A4      4538       0  CODE        2
                text83                         0022A4  000008  0022AC      4548       0  CODE        2
                text82                         0022AC  000008  0022B4      4558       0  CODE        2
                text81                         0022B4  000008  0022BC      4568       0  CODE        2
                text80                         0022BC  000008  0022C4      4578       0  CODE        2
                text76                         0022C4  000008  0022CC      4588       0  CODE        2
                text75                         0022CC  000008  0022D4      4598       0  CODE        2
                text74                         0022D4  000008  0022DC      45A8       0  CODE        2
                text13                         0022DC  000008  0022E4      45B8       0  CODE        2
                text153                        0022E4  000009  0022ED      45C8       0  CODE        2
                text113                        0022ED  000009  0022F6      45DA       0  CODE        2
                text111                        0022F6  000009  0022FF      45EC       0  CODE        2
                text84                         0022FF  000009  002308      45FE       0  CODE        2
                text16                         002308  000009  002311      4610       0  CODE        2
                text15                         002311  000009  00231A      4622       0  CODE        2
                text116                        00231A  00000A  002324      4634       0  CODE        2
                text77                         002324  00000A  00232E      4648       0  CODE        2
                text66                         00232E  00000A  002338      465C       0  CODE        2
                text18                         002338  00000A  002342      4670       0  CODE        2
                text17                         002342  00000A  00234C      4684       0  CODE        2
                text85                         00234C  00000B  002357      4698       0  CODE        2
                text78                         002357  00000B  002362      46AE       0  CODE        2
                text68                         002362  00000B  00236D      46C4       0  CODE        2
                text139                        00236D  00000C  002379      46DA       0  CODE        2
                text79                         002379  00000C  002385      46F2       0  CODE        2
                clrtext                        002385  00000C  002391      470A       0  CODE        2
                inittext                       002391  00000C  00239D      4722       0  CODE        2
                text156                        00239D  00000D  0023AA      473A       0  CODE        2
                text152                        0023AA  00000D  0023B7      4754       0  CODE        2
                text88                         0023B7  00000D  0023C4      476E       0  CODE        2
                text9                          0023C4  00000F  0023D3      4788       0  CODE        2
                text7                          0023D3  000010  0023E3      47A6       0  CODE        2
                text56                         0023E3  000011  0023F4      47C6       0  CODE        2
                text110                        0023F4  000012  002406      47E8       0  CODE        2
                text39                         002406  000013  002419      480C       0  CODE        2
                text112                        002419  000014  00242D      4832       0  CODE        2
                text159                        00242D  000018  002445      485A       0  CODE        2
                text105                        002445  000018  00245D      488A       0  CODE        2
                text117                        00245D  00001A  002477      48BA       0  CODE        2
                text5                          002477  00001A  002491      48EE       0  CODE        2
                text22                         002491  00001B  0024AC      4922       0  CODE        2
                text165                        0024AC  00001C  0024C8      4958       0  CODE        2
                text10                         0024C8  00001C  0024E4      4990       0  CODE        2
                text23                         0024E4  00001D  002501      49C8       0  CODE        2
                text164                        002501  00001E  00251F      4A02       0  CODE        2
                text27                         00251F  00001E  00253D      4A3E       0  CODE        2
                text25                         00253D  00001E  00255B      4A7A       0  CODE        2
                text120                        00255B  000020  00257B      4AB6       0  CODE        2
                text118                        00257B  000020  00259B      4AF6       0  CODE        2
                idataBANK4                     00259B  000020  0025BB      4B36       0  CODE        2
                text158                        0025BB  000021  0025DC      4B76       0  CODE        2
                text104                        0025DC  000021  0025FD      4BB8       0  CODE        2
                text36                         0025FD  000022  00261F      4BFA       0  CODE        2
                text44                         00261F  000023  002642      4C3E       0  CODE        2
                text124                        002642  000024  002666      4C84       0  CODE        2
                text65                         002666  000024  00268A      4CCC       0  CODE        2
                text58                         00268A  000024  0026AE      4D14       0  CODE        2
                text50                         0026AE  000024  0026D2      4D5C       0  CODE        2
                text61                         0026D2  000025  0026F7      4DA4       0  CODE        2
                text69                         0026F7  000026  00271D      4DEE       0  CODE        2
                text161                        00271D  000029  002746      4E3A       0  CODE        2
                text73                         002746  00002B  002771      4E8C       0  CODE        2
                text86                         002771  00002F  0027A0      4EE2       0  CODE        2
                text107                        0027A0  000030  0027D0      4F40       0  CODE        2
                text4                          0027D0  000030  002800      4FA0       0  CODE        2
                stringtext4                    002800  000268  002A68      5000       0  STRCODE     2
                idloc                          008000  000004  008004     10000       0  IDLOC       2
                config                         008007  000004  00800B     1000E       0  CONFIG      2


UNUSED ADDRESS RANGES

        Name                Unused          Largest block    Delta
        BANK0            0005F-0006F              11           1
        BANK1            000EF-000EF               1           1
        BANK10           00520-0056F              50           1
        BANK11           005A0-005EF              50           1
        BANK12           00620-0066F              50           1
        BANK13           006A0-006EF              50           1
        BANK14           00720-0076F              50           1
        BANK15           007A0-007EF              50           1
        BANK16           00820-0086F              50           1
        BANK17           008A0-008EF              50           1
        BANK18           00920-0096F              50           1
        BANK19           009A0-009EF              50           1
        BANK20           00A20-00A6F              50           1
        BANK21           00AA0-00AEF              50           1
        BANK22           00B20-00B6F              50           1
        BANK23           00BA0-00BEF              50           1
        BANK24           00C20-00C2F              10           1
        BANK3            001DB-001EF              15           1
        BANK4            0025C-0026F              14           1
        BANK5            002A0-002EF              50           1
        BANK6            00320-0036F              50           1
        BANK7            003A0-003EF              50           1
        BANK8            00420-0046F              50           1
        BANK9            004A0-004EF              50           1
        BIGRAM           02000-027EF             7F0           1
        CODE             0202C-021D0             1A5           2
                         02A68-03FFF             800
        CONST            0202C-021D0              D4           2
                         02A68-03FFF             100
        EEDATA           0F000-0F0FF             100           2
        ENTRY            0202C-021D0              D4           2
                         02A68-03FFF             100
        RAM              0005F-0006F              11           1
                         000EF-000EF               1
                         001DB-001EF              15
                         0025C-0026F              14
                         002A0-002EF              50
                         00320-0036F              50
                         003A0-003EF              50
                         00420-0046F              50
                         004A0-004EF              50
                         00520-0056F              50
                         005A0-005EF              50
                         00620-0066F              50
                         006A0-006EF              50
                         00720-0076F              50
                         007A0-007EF              50
                         00820-0086F              50
                         008A0-008EF              50
                         00920-0096F              50
                         009A0-009EF              50
                         00A20-00A6F              50
                         00AA0-00AEF              50
                         00B20-00B6F              50
                         00BA0-00BEF              50
                         00C20-00C2F              10
        SFR0             00000-0001F              20           1
        SFR1             00080-0009F              20           1
        SFR10            00500-0051F              20           1
        SFR11            00580-0059F              20           1
        SFR12            00600-0061F              20           1
        SFR13            00680-0069F              20           1
        SFR14            00700-0071F              20           1
        SFR15            00780-0079F              20           1
        SFR16            00800-0081F              20           1
        SFR17            00880-0089F              20           1
        SFR18            00900-0091F              20           1
        SFR19            00980-0099F              20           1
        SFR2             00100-0011F              20           1
        SFR20            00A00-00A1F              20           1
        SFR21            00A80-00A9F              20           1
        SFR22            00B00-00B1F              20           1
        SFR23            00B80-00B9F              20           1
        SFR24            00C00-00C1F              20           1
        SFR25            00C80-00C9F              20           1
        SFR26            00D00-00D6F              70           1
        SFR27            00D80-00DEF              70           1
        SFR28            00E00-00E6F              70           1
        SFR29            00E80-00EEF              70           1
        SFR3             00180-0019F              20           1
        SFR30            00F00-00F6F              70           1
        SFR31            00F80-00FEF              70           1
        SFR4             00200-0021F              20           1
        SFR5             00280-0029F              20           1
        SFR6             00300-0031F              20           1
        SFR7             00380-0039F              20           1
        SFR8             00400-0041F              20           1
        SFR9             00480-0049F              20           1
        STACK            0217C-0278F             614           1
        STRCODE          0202C-021D0             1A5           2
                         02A68-03FFF            1598
        STRING           0202C-021D0              D4           2
                         02A68-03FFF             100

                                  Symbol Table

?_LED_getData                             cstackBANK1  000B5
?_LED_readConfig                          cstackBANK1  000C5
?_LED_testComm                            cstackBANK1  000C9
?___awdiv                                 cstackBANK0  00031
?___awtoft                                cstackBANK0  00039
?___ftadd                                 cstackBANK1  000A6
?___ftmul                                 cstackBANK0  0003F
?___ftpack                                cstackBANK0  00031
?___fttol                                 cstackBANK1  000AF
?___lldiv                                 cstackBANK0  00031
?___llmod                                 cstackBANK0  0003F
?___wmul                                  cstackBANK0  00031
?_atoi                                    cstackBANK0  00037
?_doMove                                  cstackBANK1  000BF
?_drv_read                                cstackBANK1  000B5
?_getActive                               cstackBANK1  000B5
?_getMoveMask                             cstackBANK1  000B5
?_getPosition                             cstackBANK1  000B5
?_printf                                  cstackBANK1  000A0
?_setActive                               cstackBANK1  000B5
?_setDrvGain                              cstackBANK1  000B5
?_setDrvPeak                              cstackBANK1  000B5
?_setDrvPiezoOnTime                       cstackBANK1  000BD
?_setHeaterPostTime                       cstackBANK1  000BD
?_setHeaterPreTime                        cstackBANK1  000BD
?_setHeaterToggle                         cstackBANK1  000B5
?_setLEDBrightnessRange                   cstackBANK1  000B5
?_setLEDPwr                               cstackBANK1  000B5
?_setMoveMask                             cstackBANK1  000B5
?_startAbsMove                            cstackBANK1  000B5
?_startRelMove                            cstackBANK1  000B5
?_strchr                                  cstackBANK0  00031
?_strcspn                                 cstackBANK0  00038
?_stricmp                                 cstackBANK0  00033
?_strspn                                  cstackBANK0  00038
?_timedActiveHeatOn                       cstackBANK1  000B5
?_zeroPosition                            cstackBANK1  000B5
EUSART_Read@readValue                     cstackBANK0  00032
EUSART_Write@txData                       cstackBANK0  00032
LED_getData@j                             cstackBANK1  000C3
LED_getData@readData                      cstackBANK1  000BF
LED_readConfig@topOrBottom                cstackBANK1  000C5
LED_setBrightnessRange@LED_configReg      cstackBANK0  00048
LED_setBrightnessRange@range              cstackBANK0  00044
LED_setBrightnessRange@topOrBottom        cstackBANK0  00046
LED_testComm@oldConfigReg                 cstackBANK1  000CD
LED_testComm@readResult                   cstackBANK1  000CB
LED_testComm@topOrBottom                  cstackBANK1  000C9
LED_test_openshort@j                      cstackBANK1  000BA
LED_test_openshort@topOrBottom            cstackBANK1  000B7
LED_test_openshort@type                   cstackBANK1  000B5
LEDsOn@LEDpins                            cstackBANK0  00044
LEDsOn@topOrBottom                        cstackBANK0  00048
LEDsPwr@pwr                               cstackBANK0  00044
LEDsPwr@pwrAll                            cstackBANK1  000A0
LEDsPwr@topOrBottom                       cstackBANK0  00046
TMR0_Load8bitPeriod@periodVal             cstackBANK0  00031
TMR0_SetInterruptHandler@InterruptHandler cstackBANK0  00031
TMR0_Write8bitTimer@timerVal              cstackCOMMON 00070
TMR2_LoadPeriodRegister@periodVal         cstackBANK0  00031
TMR2_SetInterruptHandler@InterruptHandler cstackBANK0  00031
TMR2_WriteTimer@timerVal                  cstackCOMMON 00070
_ANSELA                                   (abs)        0018C
_ANSELB                                   (abs)        0018D
_ANSELC                                   (abs)        0018E
_BAUD1CON                                 (abs)        0019F
_EUSART_Initialize                        text117      0245D
_EUSART_Read                              text118      0257B
_EUSART_Receive_ISR                       text165      024AC
_EUSART_Transmit_ISR                      text164      02501
[...]
                  1    wreg      void 
 Registers used:
		wreg
 Tracked objects:
		On entry : 
		On exit  : 
		Unchanged: 
 Data sizes:     COMMON   BANK0   BANK1   BANK2   BANK3   BANK4   BANK5   BANK6   BANK7   BANK8   BANK9  BANK10  BANK11  BANK12  BANK13  BANK14  BANK15  BANK16  BANK17  BANK18  BANK19  BANK20  BANK21  BANK22  BANK23  BANK24  BANK25
      Params:         0       0       0       0       0       0       0       0       0       0       0       0       0       0       0       0       0       0       0       0       0       0       0       0       0       0       0
      Locals:         1       0       0       0       0       0       0       0       0       0       0       0       0       0       0       0       0       0       0       0       0       0       0       0       0       0       0
      Temps:          0       0       0       0       0       0       0       0       0       0       0       0       0       0       0       0       0       0       0       0       0       0       0       0       0       0       0
      Totals:         1       0       0       0       0       0       0       0       0       0       0       0       0       0       0       0       0       0       0       0       0       0       0       0       0       0       0
Total ram usage:        1 bytes
 Hardware stack levels used:    1
 This function calls:
		Nothing
 This function is called by:
		_TMR0_DefaultInterruptHandler
 This function uses a non-reentrant model


 *************** function _TMR0_StopTimer *****************
 Defined at:
		line 91 in file "mcc_generated_files/tmr0.c"
 Parameters:    Size  Location     Type
		None
 Auto vars:     Size  Location     Type
		None
 Return value:  Size  Location     Type
                  1    wreg      void 
 Registers used:
		None
 Tracked objects:
		On entry : 
		On exit  : 
		Unchanged: 
 Data sizes:     COMMON   BANK0   BANK1   BANK2   BANK3   BANK4   BANK5   BANK6   BANK7   BANK8   BANK9  BANK10  BANK11  BANK12  BANK13  BANK14  BANK15  BANK16  BANK17  BANK18  BANK19  BANK20  BANK21  BANK22  BANK23  BANK24  BANK25
      Params:         0       0       0       0       0       0       0       0       0       0       0       0       0       0       0       0       0       0       0       0       0       0       0       0       0       0       0
      Locals:         0       0       0       0       0       0       0       0       0       0       0       0       0       0       0       0       0       0       0       0       0       0       0       0       0       0       0
      Temps:          0       0       0       0       0       0       0       0       0       0       0       0       0       0       0       0       0       0       0       0       0       0       0       0       0       0       0
      Totals:         0       0       0       0       0       0       0       0       0       0       0       0       0       0       0       0       0       0       0       0       0       0       0       0       0       0       0
Total ram usage:        0 bytes
 Hardware stack levels used:    1
 This function calls:
		Nothing
 This function is called by:
		_TMR0_DefaultInterruptHandler
 This function uses a non-reentrant model


 *************** function _EUSART_Transmit_ISR *****************
 Defined at:
		line 161 in file "mcc_generated_files/eusart.c"
 Parameters:    Size  Location     Type
		None
 Auto vars:     Size  Location     Type
		None
 Return value:  Size  Location     Type
                  1    wreg      void 
 Registers used:
		wreg, fsr1l, fsr1h, status,2, status,0
 Tracked objects:
		On entry : 
		On exit  : 
		Unchanged: 
 Data sizes:     COMMON   BANK0   BANK1   BANK2   BANK3   BANK4   BANK5   BANK6   BANK7   BANK8   BANK9  BANK10  BANK11  BANK12  BANK13  BANK14  BANK15  BANK16  BANK17  BANK18  BANK19  BANK20  BANK21  BANK22  BANK23  BANK24  BANK25
      Params:         0       0       0       0       0       0       0       0       0       0       0       0       0       0       0       0       0       0       0       0       0       0       0       0       0       0       0
      Locals:         0       0       0       0       0       0       0       0       0       0       0       0       0       0       0       0       0       0       0       0       0       0       0       0       0       0       0
      Temps:          1       0       0       0       0       0       0       0       0       0       0       0       0       0       0       0       0       0       0       0       0       0       0       0       0       0       0
      Totals:         1       0       0       0       0       0       0       0       0       0       0       0       0       0       0       0       0       0       0       0       0       0       0       0       0       0       0
Total ram usage:        1 bytes
 Hardware stack levels used:    1
 This function calls:
		Nothing
 This function is called by:
		_INTERRUPT_InterruptManager
 This function uses a non-reentrant model


 *************** function _EUSART_Receive_ISR *****************
 Defined at:
		line 180 in file "mcc_generated_files/eusart.c"
 Parameters:    Size  Location     Type
		None
 Auto vars:     Size  Location     Type
		None
 Return value:  Size  Location     Type
                  1    wreg      void 
 Registers used:
		wreg, fsr1l, fsr1h, status,2, status,0
 Tracked objects:
		On entry : 
		On exit  : 
		Unchanged: 
 Data sizes:     COMMON   BANK0   BANK1   BANK2   BANK3   BANK4   BANK5   BANK6   BANK7   BANK8   BANK9  BANK10  BANK11  BANK12  BANK13  BANK14  BANK15  BANK16  BANK17  BANK18  BANK19  BANK20  BANK21  BANK22  BANK23  BANK24  BANK25
      Params:         0       0       0       0       0       0       0       0       0       0       0       0       0       0       0       0       0       0       0       0       0       0       0       0       0       0       0
      Locals:         0       0       0       0       0       0       0       0       0       0       0       0       0       0       0       0       0       0       0       0       0       0       0       0       0       0       0
      Temps:          1       0       0       0       0       0       0       0       0       0       0       0       0       0       0       0       0       0       0       0       0       0       0       0       0       0       0
      Totals:         1       0       0       0       0       0       0       0       0       0       0       0       0       0       0       0       0       0       0       0       0       0       0       0       0       0       0
Total ram usage:        1 bytes
 Hardware stack levels used:    1
 This function calls:
		Nothing
 This function is called by:
		_INTERRUPT_InterruptManager
 This function uses a non-reentrant model



MODULE INFORMATION

Module		Function		Class		Link	Load	Size
drv2665.c
		_drv_reset     		CODE           	2338	0000	11
		_fifo_check    		CODE           	23E3	0000	18
		_drv_write     		CODE           	268A	0000	37
		_drv_write_DC  		CODE           	1C30	0000	81
		_drv_read      		CODE           	1A21	0000	72
		_drv_init      		CODE           	1F39	0000	100

drv2665.c estimated size: 319

LEDcomm.c
		_send_last_2bytes_IK		CODE           	1D77	0000	89
		_LED_setBrightnessRange		CODE           	0BDE	0000	223
		_LED_test_openshort		CODE           	15AE	0000	118
		_send_2bytes_latchless_IK		CODE           	27A0	0000	49
		_LEDsPwr       		CODE           	1F9C	0000	101
		_LED_testComm  		CODE           	1787	0000	122
		_LEDsOn        		CODE           	25DC	0000	34
		_send_2length_2bytes_IK		CODE           	2445	0000	25
		_LED_getData   		CODE           	1E28	0000	92
		_LED_readConfig		CODE           	26AE	0000	37

LEDcomm.c estimated size: 890

C:\Program Files (x86)\Microchip\xc8\v1.45\sources\common\float.c
		___ftpack      		CODE           	13F6	0000	102

C:\Program Files (x86)\Microchip\xc8\v1.45\sources\common\float.c estimated size: 102

C:\Program Files (x86)\Microchip\xc8\v1.45\sources\common\doprnt.c
		_printf        		CODE           	0ECE	0000	307

C:\Program Files (x86)\Microchip\xc8\v1.45\sources\common\doprnt.c estimated size: 307

C:\Program Files (x86)\Microchip\xc8\v1.45\sources\common\strspn.c
		_strspn        		CODE           	180B	0000	49

C:\Program Files (x86)\Microchip\xc8\v1.45\sources\common\strspn.c estimated size: 49

mcc_generated_files/tmr2.c
		_TMR2_ISR      		CODE           	23AA	0000	14
		_TMR2_LoadPeriodRegister		CODE           	225D	0000	6
		_TMR2_Initialize		CODE           	23F4	0000	19
		_TMR2_SetInterruptHandler		CODE           	22F6	0000	10
		_TMR2_StopTimer		CODE           	21DA	0000	4
		_TMR2_DefaultInterruptHandler		CODE           	22E4	0000	10
		_TMR2_WriteTimer		CODE           	2249	0000	6
		_TMR2_StartTimer		CODE           	21F8	0000	4

mcc_generated_files/tmr2.c estimated size: 73

mcc_generated_files/interrupt_manager.c
		_INTERRUPT_InterruptManager		CODE           	0004	0000	77

mcc_generated_files/interrupt_manager.c estimated size: 77

C:\Program Files (x86)\Microchip\xc8\v1.45\sources\common\Umul16.c
		___wmul        		CODE           	24C8	0000	29

C:\Program Files (x86)\Microchip\xc8\v1.45\sources\common\Umul16.c estimated size: 29

mcc_generated_files/tmr0.c
		_TMR0_Load8bitPeriod		CODE           	2258	0000	6
		_TMR0_SetInterruptHandler		CODE           	22ED	0000	10
		_TMR0_StopTimer		CODE           	21D7	0000	4
		_TMR0_Write8bitTimer		CODE           	2244	0000	6
		_TMR0_DefaultInterruptHandler		CODE           	18A2	0000	56
		_TMR0_StartTimer		CODE           	21F5	0000	4
		_TMR0_ISR      		CODE           	239D	0000	14
		_TMR0_Initialize		CODE           	2419	0000	21

mcc_generated_files/tmr0.c estimated size: 121

C:\Program Files (x86)\Microchip\xc8\v1.45\sources\common\strcspn.c
		_strcspn       		CODE           	27D0	0000	49

C:\Program Files (x86)\Microchip\xc8\v1.45\sources\common\strcspn.c estimated size: 49

mcc_generated_files/pin_manager.c
		_PIN_MANAGER_Initialize		CODE           	183B	0000	52

mcc_generated_files/pin_manager.c estimated size: 52

C:\Program Files (x86)\Microchip\xc8\v1.45\sources\common\isdigit.c
		_isdigit       		CODE           	23C4	0000	16

C:\Program Files (x86)\Microchip\xc8\v1.45\sources\common\isdigit.c estimated size: 16

C:\Program Files (x86)\Microchip\xc8\v1.45\sources\common\ftmul.c
		___ftmul       		CODE           	0CBC	0000	226

C:\Program Files (x86)\Microchip\xc8\v1.45\sources\common\ftmul.c estimated size: 226

C:\Program Files (x86)\Microchip\xc8\v1.45\sources\common\llmod.c
		___llmod       		CODE           	1957	0000	68

C:\Program Files (x86)\Microchip\xc8\v1.45\sources\common\llmod.c estimated size: 68

C:\Program Files (x86)\Microchip\xc8\v1.45\sources\common\atoi.c
		_atoi          		CODE           	14CA	0000	114

C:\Program Files (x86)\Microchip\xc8\v1.45\sources\common\atoi.c estimated size: 114

C:\Program Files (x86)\Microchip\xc8\v1.45\sources\common\strtok.c
		_strtok        		CODE           	1AB1	0000	76

C:\Program Files (x86)\Microchip\xc8\v1.45\sources\common\strtok.c estimated size: 76

C:\Program Files (x86)\Microchip\xc8\v1.45\sources\common\stricmp.c
		_stricmp       		CODE           	186E	0000	53

C:\Program Files (x86)\Microchip\xc8\v1.45\sources\common\stricmp.c estimated size: 53

shared
		i1_returnReset 		CODE           	21D5	0000	3
		i1_do_I2C_SEND_ADR_READ		CODE           	2294	0000	9
		i1_do_I2C_DO_NACK_STOP		CODE           	222C	0000	5
		i1_mssp1_clearIRQ		CODE           	21F2	0000	4
		i1_do_I2C_SEND_RESTART		CODE           	2220	0000	5
		drv2665@drv_fifo_sine		STRCODE        	10F4	0000	245
		i1_do_I2C_TX_EMPTY		CODE           	13CC	0000	43
		_dpowers       		STRCODE        	2800	0000	41
		i1_do_I2C_DO_NACK_RESTART		CODE           	2230	0000	5
		i1_send_2bytes_latchless_IK		CODE           	271D	0000	42
		i1_do_I2C_SEND_RESTART_READ		CODE           	2218	0000	5
		i1_do_I2C_DO_ADDRESS_NACK		CODE           	2642	0000	37
		i1_do_I2C_RX   		CODE           	18D9	0000	64
		i1_do_I2C_TX   		CODE           	1BE2	0000	79
		_drv_sine      		STRCODE        	0000	0000	0
		_LEDpower      		STRCODE        	2A5F	0000	3
		i1_i2c_ISR     		CODE           	255B	0000	33
		i1_i2c1_driver_sendNACK		CODE           	2214	0000	5
		i1_do_I2C_IDLE 		CODE           	2253	0000	6
		i1_do_I2C_RCEN 		CODE           	2262	0000	7
		i1_i2c1_driver_isNACK		CODE           	236D	0000	13
		__initialization		CODE           	0052	0000	107
		i1_LEDsOn      		CODE           	25BB	0000	34
		i1_mssp1_setIRQ		CODE           	21EF	0000	4
		i1_i2c1_driver_restart		CODE           	21E3	0000	4
		i1_i2c1_driver_stop		CODE           	21E6	0000	4
		_TMR0_RANGE    		STRCODE        	2A56	0000	4
		i1_do_I2C_RESET		CODE           	2286	0000	8
		i1_i2c1_driver_startRX		CODE           	21E9	0000	4
		i1_i2c1_driver_resetBus		CODE           	21D1	0000	2
		i1_i2c1_driver_sendACK		CODE           	2210	0000	5
		_TMR2_RANGE    		STRCODE        	2A53	0000	4
		i1_do_I2C_SEND_RESTART_WRITE		CODE           	221C	0000	5
		_drv_address   		STRCODE        	2A67	0000	2
		drv2665@drv_sine		STRCODE        	11E8	0000	243
		i1_do_I2C_DO_ACK		CODE           	2228	0000	5
		i1_do_I2C_SEND_ADR_WRITE		CODE           	228D	0000	8
		i1_i2c1_driver_getRXData		CODE           	21EC	0000	4
		_drv_fifo_sine 		STRCODE        	0000	0000	0
		i1_send_2length_2bytes_IK		CODE           	242D	0000	25
		i1_do_I2C_SEND_STOP		CODE           	2224	0000	5
		i1_i2c1_driver_TXData		CODE           	224E	0000	6
		sin@coeff_a    		STRCODE        	0000	0000	0
		sin@coeff_b    		STRCODE        	0000	0000	0
		i1_returnStop  		CODE           	21D3	0000	3
		i1_send_last_2bytes_IK		CODE           	1A68	0000	74

shared estimated size: 1214

mcc_generated_files/mcc.c
		_WDT_Initialize		CODE           	2234	0000	5
		_PMD_Initialize		CODE           	229C	0000	9
		_OSCILLATOR_Initialize		CODE           	231A	0000	11
		_SYSTEM_Initialize		CODE           	0800	0000	22

mcc_generated_files/mcc.c estimated size: 47

C:\Program Files (x86)\Microchip\xc8\v1.45\sources\common\fttol.c
		___fttol       		CODE           	0892	0000	136

C:\Program Files (x86)\Microchip\xc8\v1.45\sources\common\fttol.c estimated size: 136

C:\Program Files (x86)\Microchip\xc8\v1.45\sources\common\awtoft.c
		___awtoft      		CODE           	25FD	0000	35

C:\Program Files (x86)\Microchip\xc8\v1.45\sources\common\awtoft.c estimated size: 35

mcc_generated_files/drivers/i2c_master.c
		_returnStop    		CODE           	2268	0000	7
		_i2c_setBuffer 		CODE           	07EB	0000	22
		_i2c_busCollisionISR		CODE           	21E0	0000	4
		_i2c_ISR       		CODE           	26F7	0000	39
		_i2c_setAddress		CODE           	22DC	0000	9
		_i2c_masterOperation		CODE           	2666	0000	37
		_do_I2C_TX_EMPTY		CODE           	2771	0000	48
		_returnReset   		CODE           	226E	0000	7
		_do_I2C_SEND_RESTART_WRITE		CODE           	22AC	0000	9
		_i2c_poller    		CODE           	1800	0000	12
		_do_I2C_DO_NACK_RESTART		CODE           	22D4	0000	9
		_do_I2C_SEND_RESTART_READ		CODE           	22A4	0000	9
		_do_I2C_SEND_ADR_WRITE		CODE           	2357	0000	12
		_do_I2C_SEND_STOP		CODE           	22BC	0000	9
		_i2c_open      		CODE           	1AFC	0000	77
		_do_I2C_SEND_ADR_READ		CODE           	2379	0000	13
		_do_I2C_DO_NACK_STOP		CODE           	22CC	0000	9
		_do_I2C_SEND_RESTART		CODE           	22B4	0000	9
		_do_I2C_RX     		CODE           	19DD	0000	69
		_do_I2C_TX     		CODE           	1DCF	0000	90
		_do_I2C_IDLE   		CODE           	22FF	0000	10
		_do_I2C_RCEN   		CODE           	2324	0000	11
		_do_I2C_DO_ADDRESS_NACK		CODE           	2746	0000	44
		_do_I2C_RESET  		CODE           	234C	0000	12
		_do_I2C_DO_ACK 		CODE           	22C4	0000	9

mcc_generated_files/drivers/i2c_master.c estimated size: 586

C:\Program Files (x86)\Microchip\xc8\v1.45\sources\common\awdiv.c
		___awdiv       		CODE           	1C80	0000	83

C:\Program Files (x86)\Microchip\xc8\v1.45\sources\common\awdiv.c estimated size: 83

C:\Program Files (x86)\Microchip\xc8\v1.45\sources\common\ftadd.c
		___ftadd       		CODE           	06D1	0000	283

C:\Program Files (x86)\Microchip\xc8\v1.45\sources\common\ftadd.c estimated size: 283

mcc_generated_files/i2c1_driver.c
		_mssp1_waitForEvent		CODE           	2362	0000	12
		_i2c1_driver_open		CODE           	2342	0000	11
		_i2c1_driver_isNACK		CODE           	23B7	0000	14
		_i2c1_driver_stop		CODE           	2201	0000	4
		_i2c1_driver_getRXData		CODE           	2207	0000	4
		_i2c1_driver_TXData		CODE           	2274	0000	7
		_i2c1_driver_setBusCollisionISR		CODE           	2308	0000	10
		_i2c1_driver_start		CODE           	21FB	0000	4
		_i2c1_driver_sendACK		CODE           	2238	0000	5
		_mssp1_setIRQ  		CODE           	220A	0000	4
		_i2c1_driver_sendNACK		CODE           	223C	0000	5
		_i2c1_driver_restart		CODE           	21FE	0000	4
		_i2c1_driver_resetBus		CODE           	21D2	0000	2
		_i2c1_driver_clearBusCollision		CODE           	21DD	0000	4
		_mssp1_clearIRQ		CODE           	220D	0000	4
		_i2c1_driver_startRX		CODE           	2204	0000	4
		_i2c1_driver_setI2cISR		CODE           	2311	0000	10
		_mssp1_IRQisEnabled		CODE           	232E	0000	11

mcc_generated_files/i2c1_driver.c estimated size: 119

C:\Program Files (x86)\Microchip\xc8\v1.45\sources\common\toupper.c
		_toupper       		CODE           	23D3	0000	17

C:\Program Files (x86)\Microchip\xc8\v1.45\sources\common\toupper.c estimated size: 17

C:\Program Files (x86)\Microchip\xc8\v1.45\sources\common\lldiv.c
		___lldiv       		CODE           	1D24	0000	84

C:\Program Files (x86)\Microchip\xc8\v1.45\sources\common\lldiv.c estimated size: 84

mcc_generated_files/eusart.c
		_putch         		CODE           	227A	0000	7
		_EUSART_Read   		CODE           	257B	0000	33
		_EUSART_Write  		CODE           	26D2	0000	38
		_EUSART_Transmit_ISR		CODE           	2501	0000	31
		_EUSART_Initialize		CODE           	245D	0000	27
		_EUSART_Receive_ISR		CODE           	24AC	0000	29

mcc_generated_files/eusart.c estimated size: 165

main.c
		_main_initialize		CODE           	0B01	0000	222
		_getActive     		CODE           	1B48	0000	78
		_zeroPosition  		CODE           	1623	0000	118
		_getPosition   		CODE           	1918	0000	64
		_getMoveMask   		CODE           	1B95	0000	78
		_doRelMove     		CODE           	0D9D	0000	306
		_setActive     		CODE           	1698	0000	119
		_setMoveMask   		CODE           	153B	0000	116
		_main          		CODE           	145B	0000	112
		_setHeaterPreTime		CODE           	1EDE	0000	92
		_setLEDPwr     		CODE           	253D	0000	31
		_commCheck     		CODE           	0A3A	0000	200
		_setDrvGain    		CODE           	199A	0000	68
		_doAbsMove     		CODE           	00C0	0000	689
		_setHeaterPostTime		CODE           	1CD2	0000	83
		_doMove        		CODE           	0919	0000	138
		_startRelMove  		CODE           	2491	0000	28
		_calcHeaterPins		CODE           	170E	0000	122
		_setDrvPeak    		CODE           	2406	0000	20
		_startAbsMove  		CODE           	24E4	0000	30
		_setDrvPiezoOnTime		CODE           	1E83	0000	92
		_setHeaterToggle		CODE           	0815	0000	126
		_timedActiveHeatOn		CODE           	09A2	0000	153
		_getMotionStatus		CODE           	261F	0000	36
		_setLEDBrightnessRange		CODE           	251F	0000	31

main.c estimated size: 3152

cmd_parser.c
		_execCmd       		CODE           	0370	0000	448
		_parseCmd      		CODE           	052F	0000	419

cmd_parser.c estimated size: 867

C:\Program Files (x86)\Microchip\xc8\v1.45\sources\common\strchr.c
		_strchr        		CODE           	2477	0000	27

C:\Program Files (x86)\Microchip\xc8\v1.45\sources\common\strchr.c estimated size: 27

