Microchip MPLAB XC8 Compiler V1.45 ()

Linker command line:

-W-3 --edf=C:\Program Files (x86)\Microchip\xc8\v1.45\dat\en_msgs.txt -cs \
  -h+dist/default/production\udrive_code.production.sym \
  --cmf=dist/default/production\udrive_code.production.cmf -z -Q16F18346 \
  -oC:\Users\kolbi\AppData\Local\Temp\s1ss.2 \
  -Mdist/default/production/udrive_code.production.map -E1 -ver=XC8 \
  -ASTACK=0217Ch-0278fh -pstack=STACK -ACODE=00h-07FFhx8 \
  -ASTRCODE=00h-03FFFh -ASTRING=00h-0FFhx64 -ACONST=00h-0FFhx64 \
  -AENTRY=00h-0FFhx64 -ACOMMON=070h-07Fh -ABANK0=020h-06Fh \
  -ABANK1=0A0h-0EFh -ABANK2=0120h-016Fh -ABANK3=01A0h-01EFh \
  -ABANK4=0220h-026Fh -ABANK5=02A0h-02EFh -ABANK6=0320h-036Fh \
  -ABANK7=03A0h-03EFh -ABANK8=0420h-046Fh -ABANK9=04A0h-04EFh \
  -ABANK10=0520h-056Fh -ABANK11=05A0h-05EFh -ABANK12=0620h-066Fh \
  -ABANK13=06A0h-06EFh -ABANK14=0720h-076Fh -ABANK15=07A0h-07EFh \
  -ABANK16=0820h-086Fh -ABANK17=08A0h-08EFh -ABANK18=0920h-096Fh \
  -ABANK19=09A0h-09EFh -ABANK20=0A20h-0A6Fh -ABANK21=0AA0h-0AEFh \
  -ABANK22=0B20h-0B6Fh -ABANK23=0BA0h-0BEFh -ABANK24=0C20h-0C6Fh \
  -ABANK25=0CA0h-0CBFh -ABIGRAM=02000h-027EFh \
  -ARAM=020h-06Fh,0A0h-0EFh,0120h-016Fh,01A0h-01EFh,0220h-026Fh,02A0h-02EFh,0320h-036Fh,03A0h-03EFh,0420h-046Fh,04A0h-04EFh,0520h-056Fh,05A0h-05EFh,0620h-066Fh,06A0h-06EFh,0720h-076Fh,07A0h-07EFh,0820h-086Fh,08A0h-08EFh,0920h-096Fh,09A0h-09EFh,0A20h-0A6Fh,0AA0h-0AEFh,0B20h-0B6Fh,0BA0h-0BEFh,0C20h-0C6Fh,0CA0h-0CBFh \
  -AABS1=020h-07Fh,0A0h-0EFh,0120h-016Fh,01A0h-01EFh,0220h-026Fh,02A0h-02EFh,0320h-036Fh,03A0h-03EFh,0420h-046Fh,04A0h-04EFh,0520h-056Fh,05A0h-05EFh,0620h-066Fh,06A0h-06EFh,0720h-076Fh,07A0h-07EFh,0820h-086Fh,08A0h-08EFh,0920h-096Fh,09A0h-09EFh,0A20h-0A6Fh,0AA0h-0AEFh,0B20h-0B6Fh,0BA0h-0BEFh,0C20h-0C6Fh,0CA0h-0CBFh \
  -ASFR0=00h-01Fh -ASFR1=080h-09Fh -ASFR2=0100h-011Fh -ASFR3=0180h-019Fh \
  -ASFR4=0200h-021Fh -ASFR5=0280h-029Fh -ASFR6=0300h-031Fh \
  -ASFR7=0380h-039Fh -ASFR8=0400h-041Fh -ASFR9=0480h-049Fh \
  -ASFR10=0500h-051Fh -ASFR11=0580h-059Fh -ASFR12=0600h-061Fh \
  -ASFR13=0680h-069Fh -ASFR14=0700h-071Fh -ASFR15=0780h-079Fh \
  -ASFR16=0800h-081Fh -ASFR17=0880h-089Fh -ASFR18=0900h-091Fh \
  -ASFR19=0980h-099Fh -ASFR20=0A00h-0A1Fh -ASFR21=0A80h-0A9Fh \
  -ASFR22=0B00h-0B1Fh -ASFR23=0B80h-0B9Fh -ASFR24=0C00h-0C1Fh \
  -ASFR25=0C80h-0C9Fh -ASFR26=0D00h-0D6Fh -ASFR27=0D80h-0DEFh \
  -ASFR28=0E00h-0E6Fh -ASFR29=0E80h-0EEFh -ASFR30=0F00h-0F6Fh \
  -ASFR31=0F80h-0FEFh -preset_vec=00h,intentry=04h,init,end_init \
  -ppowerup=CODE -pcinit=CODE -pfunctab=ENTRY -ACONFIG=08007h-0800Ah \
  -pconfig=CONFIG -DCONFIG=2 -AIDLOC=08000h-08003h -pidloc=IDLOC -DIDLOC=2 \
  -AEEDATA=00h-0FFh/0F000h -peeprom_data=EEDATA -DEEDATA=2 -DCODE=2 \
  -DSTRCODE=2 -DSTRING=2 -DCONST=2 -DENTRY=2 -k \
  C:\Users\kolbi\AppData\Local\Temp\s1ss.obj \
  dist/default/production\udrive_code.production.obj 

Object code version is 3.11

Machine type is 16F18346



                Name                               Link     Load   Length Selector   Space Scale
C:\Users\kolbi\AppData\Local\Temp\s1ss.obj
                end_init                             50       50        2        8       0
                reset_vec                             0        0        2        0       0
                config                             8007     8007        4    1000E       0
dist/default/production\udrive_code.production.obj
                cinit                                52       52       73        8       0
                intentry                              4        4       4C        8       0
                text168                            2425     2425       1C     484A       0
                text167                            247A     247A       1E     48F4       0
                text166                            2110     2110        3     4220       0
                text165                            217D     217D        5     42FA       0
                text164                            269A     269A       29     4D34       0
                text163                            1A44     1A44       49     3488       0
                text162                            23A6     23A6       18     474C       0
                text161                            2534     2534       21     4A68       0
                text160                             802      802       37     1004       0
                text159                            22D9     22D9        D     45B2       0
                text158                            2113     2113        3     4226       0
                text157                            2182     2182        5     4304       0
                text156                            221F     221F        9     443E       0
                text155                            22E6     22E6        D     45CC       0
                text154                            2116     2116        3     422C       0
                text153                            2119     2119        3     4232       0
                text152                            2149     2149        4     4292       0
                text151                            211C     211C        3     4238       0
                text150                            211F     211F        3     423E       0
                text149                             800      800        2        8       0
                text148                               2        2        2        0       0
                text147                            2122     2122        3     4244       0
                text146                            210E     210E        1     421C       0
                text145                            214D     214D        4     429A       0
                text144                            2125     2125        3     424A       0
                text143                            2187     2187        5     430E       0
                text142                            22A9     22A9        C     4552       0
                text141                            2128     2128        3     4250       0
                text140                            26EC     26EC       2A     4DD8       0
                text139                            21B9     21B9        7     4372       0
                text138                            218C     218C        5     4318       0
                text137                            2151     2151        4     42A2       0
                text136                            2155     2155        4     42AA       0
                text135                            2159     2159        4     42B2       0
                text134                            215D     215D        4     42BA       0
                text133                            21C7     21C7        8     438E       0
                text132                            21C0     21C0        7     4380       0
                text131                            219B     219B        6     4336       0
                text130                            2161     2161        4     42C2       0
                text129                            2165     2165        4     42CA       0
                text128                            2169     2169        4     42D2       0
                text127                            25BB     25BB       24     4B76       0
                text126                            1BBE     1BBE       4E     377C       0
                text125                            1871     1871       3F     30E2       0
                text124                            212B     212B        3     4256       0
                text123                            24D4     24D4       20     49A8       0
                text121                            24F4     24F4       20     49E8       0
                text120                            23D6     23D6       1A     47AC       0
                text119                            2255     2255        A     44AA       0
                text118                            180A     180A       33     3014       0
                text117                            21CF     21CF        8     439E       0
                text116                            2228     2228        9     4450       0
                text115                            2368     2368       14     46D0       0
                text114                            2231     2231        9     4462       0
                text113                            2330     2330       12     4660       0
                text112                            216D     216D        4     42DA       0
                text111                            237C     237C       15     46F8       0
                text110                            2770     2770       30     4EE0       0
                text109                            1D4D     1D4D       58     3A9A       0
                text108                            23BE     23BE       18     477C       0
                text107                            2555     2555       21     4AAA       0
                text106                            212E     212E        3     425C       0
                text105                            2131     2131        3     4262       0
                text104                            151D     151D       76     2A3A       0
                text103                            1CA8     1CA8       52     3950       0
                text102                            2134     2134        3     4268       0
                text101                            2171     2171        4     42E2       0
                text100                            2137     2137        3     426E       0
                text99                             213A     213A        3     4274       0
                text98                             21A1     21A1        6     4342       0
                text97                             21A7     21A7        6     434E       0
                text96                             213D     213D        3     427A       0
                text95                             210F     210F        1     421E       0
                text94                             2175     2175        4     42EA       0
                text93                             2140     2140        3     4280       0
                text92                             21AD     21AD        6     435A       0
                text91                             22F3     22F3        D     45E6       0
                text90                             2143     2143        3     4286       0
                text89                             2741     2741       2F     4E82       0
                text88                             227D     227D        B     44FA       0
                text87                             223A     223A        9     4474       0
                text86                             21D7     21D7        8     43AE       0
                text85                             21DF     21DF        8     43BE       0
                text84                             21E7     21E7        8     43CE       0
                text83                             21EF     21EF        8     43DE       0
                text82                             22B5     22B5        C     456A       0
                text81                             2288     2288        B     4510       0
                text80                             225F     225F        A     44BE       0
                text79                             21F7     21F7        8     43EE       0
                text78                             21FF     21FF        8     43FE       0
                text77                             2207     2207        8     440E       0
                text76                             2716     2716       2B     4E2C       0
                text75                             1DA5     1DA5       59     3B4A       0
                text74                             1975     1975       44     32EA       0
                text73                             2146     2146        3     428C       0
                text72                             264C     264C       26     4C98       0
                text71                             2293     2293        B     4526       0
                text70                             229E     229E        B     453C       0
                text69                             2269     2269        A     44D2       0
                text68                             25DF     25DF       24     4BBE       0
                text67                             2391     2391       15     4722       0
                text66                             1CFA     1CFA       53     39F4       0
                text65                             18EF     18EF       43     31DE       0
                text64                             2627     2627       25     4C4E       0
                text63                             21B3     21B3        6     4366       0
                text62                              ECE      ECE      132     1D9C       0
                text61                             2603     2603       24     4C06       0
                text60                             19FD     19FD       47     33FA       0
                text59                             231F     231F       11     463E       0
                text58                             19B9     19B9       44     3372       0
                text57                              73B      73B       B6        8       0
                text56                               C5       C5      2B3        8       0
                text55                              DA3      DA3      12B     1B46       0
                text54                             1779     1779       87     2EF2       0
                text53                             26C3     26C3       29     4D86       0
                text52                              8C0      8C0       98     1180       0
                text51                             1609     1609       77     2C12       0
                text50                             1680     1680       7C     2D00       0
                text49                              A0D      A0D       C7     141A       0
                text48                             1B24     1B24       4D     3648       0
                text47                             2598     2598       23     4B30       0
                text46                             1B71     1B71       4D     36E2       0
                text45                             18B0     18B0       3F     3160       0
                text44                             1593     1593       76     2B26       0
                text43                             1932     1932       43     3264       0
                text42                             2342     2342       13     4684       0
                text41                             2191     2191        5     4322       0
                text40                             13D0     13D0       65     27A0       0
                text39                             2576     2576       22     4AEC       0
                text38                              C89      C89      11A     1912       0
                text37                              BA8      BA8       E1     1750       0
                text36                              839      839       87     1072       0
                text35                             1DFE     1DFE       5B     3BFC       0
                text34                             2196     2196        5     432C       0
                text33                             1C0C     1C0C       4E     3818       0
                text32                             1C5A     1C5A       4E     38B4       0
                text31                             2355     2355       13     46AA       0
                text30                             2300     2300        F     4600       0
                text29                             16FC     16FC       7D     2DF8       0
                text28                             2498     2498       1E     4930       0
                text27                             1EBC     1EBC       64     3D78       0
                text26                             24B6     24B6       1E     496C       0
                text25                             1435     1435       73     286A       0
                text24                             245D     245D       1D     48BA       0
                text23                             240A     240A       1B     4814       0
                text22                             2672     2672       28     4CE4       0
                text21                              958      958       B5     12B0       0
                text20                             14A8     14A8       75     2950       0
                swtext1                            2000     2000       32     4000       0
                text19                              378      378      1F2        8       0
                text18                             2273     2273        A     44E6       0
                text17                             1800     1800        A     2EF2       0
                text16                             2243     2243        9     4486       0
                text15                             224C     224C        9     4498       0
                text14                             1AD8     1AD8       4C     35B0       0
                text13                             220F     220F        8     441E       0
                text12                             1E59     1E59       63     3CB2       0
                text11                              AD4      AD4       D4     15A8       0
                text10                             2441     2441       1C     4882       0
                text9                               7F1      7F1        F        8       0
                text8                              1F8F     1F8F       71     3F1E       0
                text7                              230F     230F       10     461E       0
                text6                              183D     183D       34     307A       0
                text5                              23F0     23F0       1A     47E0       0
                text4                              27A0     27A0       30     4F40       0
                text3                              27D0     27D0       30     4FA0       0
                text2                              1A8D     1A8D       4B     351A       0
                text1                               56A      56A      1D1        8       0
                maintext                           1F20     1F20       6F     3E40       0
                cstackBANK0                          20       20       2E       20       1
                cstackCOMMON                         70       70        D       70       1
                cstackBANK1                          A0       A0       3F       A0       1
                cstackBANK4                         240      240       1C      220       1
                clrtext                            22C1     22C1        C     4582       0
                inittext                           22CD     22CD        C     459A       0
                dataBANK4                           220      220       20      220       1
                bssBANK3                            1A0      1A0       41      1A0       1
                dataBANK2                           168      168        8      120       1
                bssBANK2                            120      120       48      120       1
                dataBANK1                            EB       EB        4       A0       1
                bssBANK1                             DF       DF        C       A0       1
                dataBANK0                            5A       5A        4       20       1
                bssBANK0                             4E       4E        C       20       1
                bssCOMMON                            7D       7D        1       70       1
                stringtext60                       2A63     2A63        2     5000       0
                stringtext59                       2A5E     2A5E        3     5000       0
                stringtext58                       2A5B     2A5B        3     5000       0
                stringtext57                       2A58     2A58        3     5000       0
                stringtext56                       2A55     2A55        3     5000       0
                stringtext55                       2A4B     2A4B        4     5000       0
                stringtext54                       2A47     2A47        4     5000       0
                stringtext53                       2A43     2A43        4     5000       0
                stringtext52                       2A3F     2A3F        4     5000       0
                stringtext51                       2A3B     2A3B        4     5000       0
                stringtext50                       2A36     2A36        5     5000       0
                stringtext49                       2A31     2A31        5     5000       0
                stringtext48                       2A2C     2A2C        5     5000       0
                stringtext47                       2A27     2A27        5     5000       0
                stringtext46                       2A22     2A22        5     5000       0
                stringtext45                       2A1D     2A1D        5     5000       0
                stringtext44                       2A16     2A16        7     5000       0
                stringtext43                       2A0F     2A0F        7     5000       0
                stringtext42                       2A07     2A07        8     5000       0
                stringtext41                       29FF     29FF        8     5000       0
                stringtext40                       29F7     29F7        8     5000       0
                stringtext39                       29EF     29EF        8     5000       0
                stringtext38                       29E7     29E7        8     5000       0
                stringtext37                       29DF     29DF        8     5000       0
                stringtext36                       29D7     29D7        8     5000       0
                stringtext35                       29CE     29CE        9     5000       0
                stringtext34                       29C5     29C5        9     5000       0
                stringtext33                       29BB     29BB        A     5000       0
                stringtext32                       29B1     29B1        A     5000       0
                stringtext31                       29A6     29A6        B     5000       0
                stringtext30                       299B     299B        B     5000       0
                stringtext29                       2990     2990        B     5000       0
                stringtext28                       2984     2984        C     5000       0
                stringtext27                       296B     296B        D     5000       0
                stringtext26                       295D     295D        E     5000       0
                stringtext25                       294E     294E        F     5000       0
                stringtext24                       293F     293F        F     5000       0
                stringtext23                       2920     2920       10     5000       0
                stringtext22                       2910     2910       10     5000       0
                stringtext21                       28FF     28FF       11     5000       0
                stringtext20                       28EE     28EE       11     5000       0
                stringtext19                       28DD     28DD       11     5000       0
                stringtext18                       28CB     28CB       12     5000       0
                stringtext17                       28B4     28B4       17     5000       0
                stringtext16                       289B     289B       19     5000       0
                stringtext15                       2881     2881       1A     5000       0
                stringtext14                       2865     2865       1C     5000       0
                stringtext13                       2847     2847       1E     5000       0
                stringtext12                       2828     2828       1F     5000       0
                nvBANK3                             1E1      1E1        4      1A0       1
                nvBANK0                              5E       5E        1       20       1
                stringtext11                       2978     2978        C     5000       0
                stringtext10                       2930     2930        F     5000       0
                stringtext9                        10F4     10F4       F4     2000       0
                stringtext8                        2A65     2A65        1     5000       0
                stringtext7                        2A61     2A61        2     5000       0
                stringtext6                        2A52     2A52        3     5000       0
                stringtext5                        2A4F     2A4F        3     5000       0
                stringtext4                        2800     2800       28     5000       0
                stringtext3                        12DA     12DA       F2     2000       0
                stringtext2                        11E8     11E8       F2     2000       0
                stringtext1                        1000     1000       F4     2000       0
                idataBANK4                         2514     2514       20     4A28       0
                idataBANK2                         2217     2217        8     442E       0
                idataBANK1                         2179     2179        4     42F2       0
                idataBANK0                         13CC     13CC        4     2798       0

TOTAL           Name                               Link     Load   Length     Space
        CLASS   STACK          

        CLASS   CODE           
                end_init                             50       50        2         0
                cinit                                52       52       73         0
                intentry                              4        4       4C         0
                reset_vec                             0        0        2         0
                text168                            2425     2425       1C         0
                text167                            247A     247A       1E         0
                text166                            2110     2110        3         0
                text165                            217D     217D        5         0
                text164                            269A     269A       29         0
                text163                            1A44     1A44       49         0
                text162                            23A6     23A6       18         0
                text161                            2534     2534       21         0
                text160                             802      802       37         0
                text159                            22D9     22D9        D         0
                text158                            2113     2113        3         0
                text157                            2182     2182        5         0
                text156                            221F     221F        9         0
                text155                            22E6     22E6        D         0
                text154                            2116     2116        3         0
                text153                            2119     2119        3         0
                text152                            2149     2149        4         0
                text151                            211C     211C        3         0
                text150                            211F     211F        3         0
                text149                             800      800        2         0
                text148                               2        2        2         0
                text147                            2122     2122        3         0
                text146                            210E     210E        1         0
                text145                            214D     214D        4         0
                text144                            2125     2125        3         0
                text143                            2187     2187        5         0
                text142                            22A9     22A9        C         0
                text141                            2128     2128        3         0
                text140                            26EC     26EC       2A         0
                text139                            21B9     21B9        7         0
                text138                            218C     218C        5         0
                text137                            2151     2151        4         0
                text136                            2155     2155        4         0
                text135                            2159     2159        4         0
                text134                            215D     215D        4         0
                text133                            21C7     21C7        8         0
                text132                            21C0     21C0        7         0
                text131                            219B     219B        6         0
                text130                            2161     2161        4         0
                text129                            2165     2165        4         0
                text128                            2169     2169        4         0
                text127                            25BB     25BB       24         0
                text126                            1BBE     1BBE       4E         0
                text125                            1871     1871       3F         0
                text124                            212B     212B        3         0
                text123                            24D4     24D4       20         0
                text121                            24F4     24F4       20         0
                text120                            23D6     23D6       1A         0
                text119                            2255     2255        A         0
                text118                            180A     180A       33         0
                text117                            21CF     21CF        8         0
                text116                            2228     2228        9         0
                text115                            2368     2368       14         0
                text114                            2231     2231        9         0
                text113                            2330     2330       12         0
                text112                            216D     216D        4         0
                text111                            237C     237C       15         0
                text110                            2770     2770       30         0
                text109                            1D4D     1D4D       58         0
                text108                            23BE     23BE       18         0
                text107                            2555     2555       21         0
                text106                            212E     212E        3         0
                text105                            2131     2131        3         0
                text104                            151D     151D       76         0
                text103                            1CA8     1CA8       52         0
                text102                            2134     2134        3         0
                text101                            2171     2171        4         0
                text100                            2137     2137        3         0
                text99                             213A     213A        3         0
                text98                             21A1     21A1        6         0
                text97                             21A7     21A7        6         0
                text96                             213D     213D        3         0
                text95                             210F     210F        1         0
                text94                             2175     2175        4         0
                text93                             2140     2140        3         0
                text92                             21AD     21AD        6         0
                text91                             22F3     22F3        D         0
                text90                             2143     2143        3         0
                text89                             2741     2741       2F         0
                text88                             227D     227D        B         0
                text87                             223A     223A        9         0
                text86                             21D7     21D7        8         0
                text85                             21DF     21DF        8         0
                text84                             21E7     21E7        8         0
                text83                             21EF     21EF        8         0
                text82                             22B5     22B5        C         0
                text81                             2288     2288        B         0
                text80                             225F     225F        A         0
                text79                             21F7     21F7        8         0
                text78                             21FF     21FF        8         0
                text77                             2207     2207        8         0
                text76                             2716     2716       2B         0
                text75                             1DA5     1DA5       59         0
                text74                             1975     1975       44         0
                text73                             2146     2146        3         0
                text72                             264C     264C       26         0
                text71                             2293     2293        B         0
                text70                             229E     229E        B         0
                text69                             2269     2269        A         0
                text68                             25DF     25DF       24         0
                text67                             2391     2391       15         0
                text66                             1CFA     1CFA       53         0
                text65                             18EF     18EF       43         0
                text64                             2627     2627       25         0
                text63                             21B3     21B3        6         0
                text62                              ECE      ECE      132         0
                text61                             2603     2603       24         0
                text60                             19FD     19FD       47         0
                text59                             231F     231F       11         0
                text58                             19B9     19B9       44         0
                text57                              73B      73B       B6         0
                text56                               C5       C5      2B3         0
                text55                              DA3      DA3      12B         0
                text54                             1779     1779       87         0
                text53                             26C3     26C3       29         0
                text52                              8C0      8C0       98         0
                text51                             1609     1609       77         0
                text50                             1680     1680       7C         0
                text49                              A0D      A0D       C7         0
                text48                             1B24     1B24       4D         0
                text47                             2598     2598       23         0
                text46                             1B71     1B71       4D         0
                text45                             18B0     18B0       3F         0
                text44                             1593     1593       76         0
                text43                             1932     1932       43         0
                text42                             2342     2342       13         0
                text41                             2191     2191        5         0
                text40                             13D0     13D0       65         0
                text39                             2576     2576       22         0
                text38                              C89      C89      11A         0
                text37                              BA8      BA8       E1         0
                text36                              839      839       87         0
                text35                             1DFE     1DFE       5B         0
                text34                             2196     2196        5         0
                text33                             1C0C     1C0C       4E         0
                text32                             1C5A     1C5A       4E         0
                text31                             2355     2355       13         0
                text30                             2300     2300        F         0
                text29                             16FC     16FC       7D         0
                text28                             2498     2498       1E         0
                text27                             1EBC     1EBC       64         0
                text26                             24B6     24B6       1E         0
                text25                             1435     1435       73         0
                text24                             245D     245D       1D         0
                text23                             240A     240A       1B         0
                text22                             2672     2672       28         0
                text21                              958      958       B5         0
                text20                             14A8     14A8       75         0
                text19                              378      378      1F2         0
                text18                             2273     2273        A         0
                text17                             1800     1800        A         0
                text16                             2243     2243        9         0
                text15                             224C     224C        9         0
                text14                             1AD8     1AD8       4C         0
                text13                             220F     220F        8         0
                text12                             1E59     1E59       63         0
                text11                              AD4      AD4       D4         0
                text10                             2441     2441       1C         0
                text9                               7F1      7F1        F         0
                text8                              1F8F     1F8F       71         0
                text7                              230F     230F       10         0
                text6                              183D     183D       34         0
                text5                              23F0     23F0       1A         0
                text4                              27A0     27A0       30         0
                text3                              27D0     27D0       30         0
                text2                              1A8D     1A8D       4B         0
                text1                               56A      56A      1D1         0
                maintext                           1F20     1F20       6F         0
                clrtext                            22C1     22C1        C         0
                inittext                           22CD     22CD        C         0
                idataBANK4                         2514     2514       20         0
                idataBANK2                         2217     2217        8         0
                idataBANK1                         2179     2179        4         0
                idataBANK0                         13CC     13CC        4         0

        CLASS   STRCODE        
                stringtext60                       2A63     2A63        2         0
                stringtext59                       2A5E     2A5E        3         0
                stringtext58                       2A5B     2A5B        3         0
                stringtext57                       2A58     2A58        3         0
                stringtext56                       2A55     2A55        3         0
                stringtext55                       2A4B     2A4B        4         0
                stringtext54                       2A47     2A47        4         0
                stringtext53                       2A43     2A43        4         0
                stringtext52                       2A3F     2A3F        4         0
                stringtext51                       2A3B     2A3B        4         0
                stringtext50                       2A36     2A36        5         0
                stringtext49                       2A31     2A31        5         0
                stringtext48                       2A2C     2A2C        5         0
                stringtext47                       2A27     2A27        5         0
                stringtext46                       2A22     2A22        5         0
                stringtext45                       2A1D     2A1D        5         0
                stringtext44                       2A16     2A16        7         0
                stringtext43                       2A0F     2A0F        7         0
                stringtext42                       2A07     2A07        8         0
                stringtext41                       29FF     29FF        8         0
                stringtext40                       29F7     29F7        8         0
                stringtext39                       29EF     29EF        8         0
                stringtext38                       29E7     29E7        8         0
                stringtext37                       29DF     29DF        8         0
                stringtext36                       29D7     29D7        8         0
                stringtext35                       29CE     29CE        9         0
                stringtext34                       29C5     29C5        9         0
                stringtext33                       29BB     29BB        A         0
                stringtext32                       29B1     29B1        A         0
                stringtext31                       29A6     29A6        B         0
                stringtext30                       299B     299B        B         0
                stringtext29                       2990     2990        B         0
                stringtext28                       2984     2984        C         0
                stringtext27                       296B     296B        D         0
                stringtext26                       295D     295D        E         0
                stringtext25                       294E     294E        F         0
                stringtext24                       293F     293F        F         0
                stringtext23                       2920     2920       10         0
                stringtext22                       2910     2910       10         0
                stringtext21                       28FF     28FF       11         0
                stringtext20                       28EE     28EE       11         0
                stringtext19                       28DD     28DD       11         0
                stringtext18                       28CB     28CB       12         0
                stringtext17                       28B4     28B4       17         0
                stringtext16                       289B     289B       19         0
                stringtext15                       2881     2881       1A         0
                stringtext14                       2865     2865       1C         0
                stringtext13                       2847     2847       1E         0
                stringtext12                       2828     2828       1F         0
                stringtext11                       2978     2978        C         0
                stringtext10                       2930     2930        F         0
                stringtext9                        10F4     10F4       F4         0
                stringtext8                        2A65     2A65        1         0
                stringtext7                        2A61     2A61        2         0
                stringtext6                        2A52     2A52        3         0
                stringtext5                        2A4F     2A4F        3         0
                stringtext4                        2800     2800       28         0
                stringtext3                        12DA     12DA       F2         0
                stringtext2                        11E8     11E8       F2         0
                stringtext1                        1000     1000       F4         0

        CLASS   STRING         

        CLASS   CONST          
                swtext1                            2000     2000       32         0

        CLASS   ENTRY          

        CLASS   COMMON         
                cstackCOMMON                         70       70        D         1
                bssCOMMON                            7D       7D        1         1

        CLASS   BANK0          
                cstackBANK0                          20       20       2E         1
                dataBANK0                            5A       5A        4         1
                bssBANK0                             4E       4E        C         1
                nvBANK0                              5E       5E        1         1

        CLASS   BANK1          
                cstackBANK1                          A0       A0       3F         1
                dataBANK1                            EB       EB        4         1
                bssBANK1                             DF       DF        C         1

        CLASS   BANK2          
                dataBANK2                           168      168        8         1
                bssBANK2                            120      120       48         1

        CLASS   BANK3          
                bssBANK3                            1A0      1A0       41         1
                nvBANK3                             1E1      1E1        4         1

        CLASS   BANK4          
                cstackBANK4                         240      240       1C         1
                dataBANK4                           220      220       20         1

        CLASS   BANK5          

        CLASS   BANK6          

        CLASS   BANK7          

        CLASS   BANK8          

        CLASS   BANK9          

        CLASS   BANK10         

        CLASS   BANK11         

        CLASS   BANK12         

        CLASS   BANK13         

        CLASS   BANK14         

        CLASS   BANK15         

        CLASS   BANK16         

        CLASS   BANK17         

        CLASS   BANK18         

        CLASS   BANK19         

        CLASS   BANK20         

        CLASS   BANK21         

        CLASS   BANK22         

        CLASS   BANK23         

        CLASS   BANK24         

        CLASS   BANK25         

        CLASS   BIGRAM         

        CLASS   RAM            

        CLASS   ABS1           
                abs_s1                               7E       7E        2         1
                abs_s1                              C30      C30       40         1
                abs_s1                              CA0      CA0       20         1
                abs_s1                             2790     2790        0         1

        CLASS   SFR0           

        CLASS   SFR1           

        CLASS   SFR2           

        CLASS   SFR3           

        CLASS   SFR4           

        CLASS   SFR5           

        CLASS   SFR6           

        CLASS   SFR7           

        CLASS   SFR8           

        CLASS   SFR9           

        CLASS   SFR10          

        CLASS   SFR11          

        CLASS   SFR12          

        CLASS   SFR13          

        CLASS   SFR14          

        CLASS   SFR15          

        CLASS   SFR16          

        CLASS   SFR17          

        CLASS   SFR18          

        CLASS   SFR19          

        CLASS   SFR20          

        CLASS   SFR21          

        CLASS   SFR22          

        CLASS   SFR23          

        CLASS   SFR24          

        CLASS   SFR25          

        CLASS   SFR26          

        CLASS   SFR27          

        CLASS   SFR28          

        CLASS   SFR29          

        CLASS   SFR30          

        CLASS   SFR31          

        CLASS   CONFIG         
                config                             8007     8007        4         0

        CLASS   IDLOC          

        CLASS   EEDATA         

        CLASS   BANK31         

        CLASS   BANK30         

        CLASS   BANK29         

        CLASS   BANK28         

        CLASS   BANK27         

        CLASS   BANK26         



SEGMENTS        Name                           Load    Length   Top    Selector   Space  Class     Delta

                reset_vec                      000000  000004  000004         0       0  CODE        2
                intentry                       000004  0007FE  000802         8       0  CODE        2
                cstackBANK0                    000020  00003F  00005F        20       1  BANK0       1
                cstackCOMMON                   000070  00000E  00007E        70       1  COMMON      1
                cstackBANK1                    0000A0  00004F  0000EF        A0       1  BANK1       1
                bssBANK2                       000120  000050  000170       120       1  BANK2       1
                bssBANK3                       0001A0  000045  0001E5       1A0       1  BANK3       1
                dataBANK4                      000220  00003C  00025C       220       1  BANK4       1
                text160                        000802  000037  000839      1004       0  CODE        2
                text36                         000839  000087  0008C0      1072       0  CODE        2
                text52                         0008C0  000098  000958      1180       0  CODE        2
                text21                         000958  0000B5  000A0D      12B0       0  CODE        2
                text49                         000A0D  0000C7  000AD4      141A       0  CODE        2
                text11                         000AD4  0000D4  000BA8      15A8       0  CODE        2
                text37                         000BA8  0000E1  000C89      1750       0  CODE        2
                text38                         000C89  00011A  000DA3      1912       0  CODE        2
                text55                         000DA3  00012B  000ECE      1B46       0  CODE        2
                text62                         000ECE  000132  001000      1D9C       0  CODE        2
                stringtext1                    001000  0003CC  0013CC      2000       0  STRCODE     2
                idataBANK0                     0013CC  000004  0013D0      2798       0  CODE        2
                text40                         0013D0  000065  001435      27A0       0  CODE        2
                text25                         001435  000073  0014A8      286A       0  CODE        2
                text20                         0014A8  000075  00151D      2950       0  CODE        2
                text104                        00151D  000076  001593      2A3A       0  CODE        2
                text44                         001593  000076  001609      2B26       0  CODE        2
                text51                         001609  000077  001680      2C12       0  CODE        2
                text50                         001680  00007C  0016FC      2D00       0  CODE        2
                text29                         0016FC  00007D  001779      2DF8       0  CODE        2
                text54                         001779  000091  00180A      2EF2       0  CODE        2
                text118                        00180A  000033  00183D      3014       0  CODE        2
                text6                          00183D  000034  001871      307A       0  CODE        2
                text125                        001871  00003F  0018B0      30E2       0  CODE        2
                text45                         0018B0  00003F  0018EF      3160       0  CODE        2
                text65                         0018EF  000043  001932      31DE       0  CODE        2
                text43                         001932  000043  001975      3264       0  CODE        2
                text74                         001975  000044  0019B9      32EA       0  CODE        2
                text58                         0019B9  000044  0019FD      3372       0  CODE        2
                text60                         0019FD  000047  001A44      33FA       0  CODE        2
                text163                        001A44  000049  001A8D      3488       0  CODE        2
                text2                          001A8D  00004B  001AD8      351A       0  CODE        2
                text14                         001AD8  00004C  001B24      35B0       0  CODE        2
                text48                         001B24  00004D  001B71      3648       0  CODE        2
                text46                         001B71  00004D  001BBE      36E2       0  CODE        2
                text126                        001BBE  00004E  001C0C      377C       0  CODE        2
                text33                         001C0C  00004E  001C5A      3818       0  CODE        2
                text32                         001C5A  00004E  001CA8      38B4       0  CODE        2
                text103                        001CA8  000052  001CFA      3950       0  CODE        2
                text66                         001CFA  000053  001D4D      39F4       0  CODE        2
                text109                        001D4D  000058  001DA5      3A9A       0  CODE        2
                text75                         001DA5  000059  001DFE      3B4A       0  CODE        2
                text35                         001DFE  00005B  001E59      3BFC       0  CODE        2
                text12                         001E59  000063  001EBC      3CB2       0  CODE        2
                text27                         001EBC  000064  001F20      3D78       0  CODE        2
                maintext                       001F20  00006F  001F8F      3E40       0  CODE        2
                text8                          001F8F  000071  002000      3F1E       0  CODE        2
                swtext1                        002000  000032  002032      4000       0  CONST       2
                text146                        00210E  000001  00210F      421C       0  CODE        2
                text95                         00210F  000001  002110      421E       0  CODE        2
                text166                        002110  000003  002113      4220       0  CODE        2
                text158                        002113  000003  002116      4226       0  CODE        2
                text154                        002116  000003  002119      422C       0  CODE        2
                text153                        002119  000003  00211C      4232       0  CODE        2
                text151                        00211C  000003  00211F      4238       0  CODE        2
                text150                        00211F  000003  002122      423E       0  CODE        2
                text147                        002122  000003  002125      4244       0  CODE        2
                text144                        002125  000003  002128      424A       0  CODE        2
                text141                        002128  000003  00212B      4250       0  CODE        2
                text124                        00212B  000003  00212E      4256       0  CODE        2
                text106                        00212E  000003  002131      425C       0  CODE        2
                text105                        002131  000003  002134      4262       0  CODE        2
                text102                        002134  000003  002137      4268       0  CODE        2
                text100                        002137  000003  00213A      426E       0  CODE        2
                text99                         00213A  000003  00213D      4274       0  CODE        2
                text96                         00213D  000003  002140      427A       0  CODE        2
                text93                         002140  000003  002143      4280       0  CODE        2
                text90                         002143  000003  002146      4286       0  CODE        2
                text73                         002146  000003  002149      428C       0  CODE        2
                text152                        002149  000004  00214D      4292       0  CODE        2
                text145                        00214D  000004  002151      429A       0  CODE        2
                text137                        002151  000004  002155      42A2       0  CODE        2
                text136                        002155  000004  002159      42AA       0  CODE        2
                text135                        002159  000004  00215D      42B2       0  CODE        2
                text134                        00215D  000004  002161      42BA       0  CODE        2
                text130                        002161  000004  002165      42C2       0  CODE        2
                text129                        002165  000004  002169      42CA       0  CODE        2
                text128                        002169  000004  00216D      42D2       0  CODE        2
                text112                        00216D  000004  002171      42DA       0  CODE        2
                text101                        002171  000004  002175      42E2       0  CODE        2
                text94                         002175  000004  002179      42EA       0  CODE        2
                idataBANK1                     002179  000004  00217D      42F2       0  CODE        2
                text165                        00217D  000005  002182      42FA       0  CODE        2
                text157                        002182  000005  002187      4304       0  CODE        2
                text143                        002187  000005  00218C      430E       0  CODE        2
                text138                        00218C  000005  002191      4318       0  CODE        2
                text41                         002191  000005  002196      4322       0  CODE        2
                text34                         002196  000005  00219B      432C       0  CODE        2
                text131                        00219B  000006  0021A1      4336       0  CODE        2
                text98                         0021A1  000006  0021A7      4342       0  CODE        2
                text97                         0021A7  000006  0021AD      434E       0  CODE        2
                text92                         0021AD  000006  0021B3      435A       0  CODE        2
                text63                         0021B3  000006  0021B9      4366       0  CODE        2
                text139                        0021B9  000007  0021C0      4372       0  CODE        2
                text132                        0021C0  000007  0021C7      4380       0  CODE        2
                text133                        0021C7  000008  0021CF      438E       0  CODE        2
                text117                        0021CF  000008  0021D7      439E       0  CODE        2
                text86                         0021D7  000008  0021DF      43AE       0  CODE        2
                text85                         0021DF  000008  0021E7      43BE       0  CODE        2
                text84                         0021E7  000008  0021EF      43CE       0  CODE        2
                text83                         0021EF  000008  0021F7      43DE       0  CODE        2
                text79                         0021F7  000008  0021FF      43EE       0  CODE        2
                text78                         0021FF  000008  002207      43FE       0  CODE        2
                text77                         002207  000008  00220F      440E       0  CODE        2
                text13                         00220F  000008  002217      441E       0  CODE        2
                idataBANK2                     002217  000008  00221F      442E       0  CODE        2
                text156                        00221F  000009  002228      443E       0  CODE        2
                text116                        002228  000009  002231      4450       0  CODE        2
                text114                        002231  000009  00223A      4462       0  CODE        2
                text87                         00223A  000009  002243      4474       0  CODE        2
                text16                         002243  000009  00224C      4486       0  CODE        2
                text15                         00224C  000009  002255      4498       0  CODE        2
                text119                        002255  00000A  00225F      44AA       0  CODE        2
                text80                         00225F  00000A  002269      44BE       0  CODE        2
                text69                         002269  00000A  002273      44D2       0  CODE        2
                text18                         002273  00000A  00227D      44E6       0  CODE        2
                text88                         00227D  00000B  002288      44FA       0  CODE        2
                text81                         002288  00000B  002293      4510       0  CODE        2
                text71                         002293  00000B  00229E      4526       0  CODE        2
                text70                         00229E  00000B  0022A9      453C       0  CODE        2
                text142                        0022A9  00000C  0022B5      4552       0  CODE        2
                text82                         0022B5  00000C  0022C1      456A       0  CODE        2
                clrtext                        0022C1  00000C  0022CD      4582       0  CODE        2
                inittext                       0022CD  00000C  0022D9      459A       0  CODE        2
                text159                        0022D9  00000D  0022E6      45B2       0  CODE        2
                text155                        0022E6  00000D  0022F3      45CC       0  CODE        2
                text91                         0022F3  00000D  002300      45E6       0  CODE        2
                text30                         002300  00000F  00230F      4600       0  CODE        2
                text7                          00230F  000010  00231F      461E       0  CODE        2
                text59                         00231F  000011  002330      463E       0  CODE        2
                text113                        002330  000012  002342      4660       0  CODE        2
                text42                         002342  000013  002355      4684       0  CODE        2
                text31                         002355  000013  002368      46AA       0  CODE        2
                text115                        002368  000014  00237C      46D0       0  CODE        2
                text111                        00237C  000015  002391      46F8       0  CODE        2
                text67                         002391  000015  0023A6      4722       0  CODE        2
                text162                        0023A6  000018  0023BE      474C       0  CODE        2
                text108                        0023BE  000018  0023D6      477C       0  CODE        2
                text120                        0023D6  00001A  0023F0      47AC       0  CODE        2
                text5                          0023F0  00001A  00240A      47E0       0  CODE        2
                text23                         00240A  00001B  002425      4814       0  CODE        2
                text168                        002425  00001C  002441      484A       0  CODE        2
                text10                         002441  00001C  00245D      4882       0  CODE        2
                text24                         00245D  00001D  00247A      48BA       0  CODE        2
                text167                        00247A  00001E  002498      48F4       0  CODE        2
                text28                         002498  00001E  0024B6      4930       0  CODE        2
                text26                         0024B6  00001E  0024D4      496C       0  CODE        2
                text123                        0024D4  000020  0024F4      49A8       0  CODE        2
                text121                        0024F4  000020  002514      49E8       0  CODE        2
                idataBANK4                     002514  000020  002534      4A28       0  CODE        2
                text161                        002534  000021  002555      4A68       0  CODE        2
                text107                        002555  000021  002576      4AAA       0  CODE        2
                text39                         002576  000022  002598      4AEC       0  CODE        2
                text47                         002598  000023  0025BB      4B30       0  CODE        2
                text127                        0025BB  000024  0025DF      4B76       0  CODE        2
                text68                         0025DF  000024  002603      4BBE       0  CODE        2
                text61                         002603  000024  002627      4C06       0  CODE        2
                text64                         002627  000025  00264C      4C4E       0  CODE        2
                text72                         00264C  000026  002672      4C98       0  CODE        2
                text22                         002672  000028  00269A      4CE4       0  CODE        2
                text164                        00269A  000029  0026C3      4D34       0  CODE        2
                text53                         0026C3  000029  0026EC      4D86       0  CODE        2
                text140                        0026EC  00002A  002716      4DD8       0  CODE        2
                text76                         002716  00002B  002741      4E2C       0  CODE        2
                text89                         002741  00002F  002770      4E82       0  CODE        2
                text110                        002770  000030  0027A0      4EE0       0  CODE        2
                text4                          0027A0  000030  0027D0      4F40       0  CODE        2
                text3                          0027D0  000030  002800      4FA0       0  CODE        2
                stringtext4                    002800  000266  002A66      5000       0  STRCODE     2
                config                         008007  000004  00800B     1000E       0  CONFIG      2


UNUSED ADDRESS RANGES

        Name                Unused          Largest block    Delta
        BANK0            0005F-0006F              11           1
        BANK1            000EF-000EF               1           1
        BANK10           00520-0056F              50           1
        BANK11           005A0-005EF              50           1
        BANK12           00620-0066F              50           1
        BANK13           006A0-006EF              50           1
        BANK14           00720-0076F              50           1
        BANK15           007A0-007EF              50           1
        BANK16           00820-0086F              50           1
        BANK17           008A0-008EF              50           1
        BANK18           00920-0096F              50           1
        BANK19           009A0-009EF              50           1
        BANK20           00A20-00A6F              50           1
        BANK21           00AA0-00AEF              50           1
        BANK22           00B20-00B6F              50           1
        BANK23           00BA0-00BEF              50           1
        BANK24           00C20-00C2F              10           1
        BANK3            001E5-001EF               B           1
        BANK4            0025C-0026F              14           1
        BANK5            002A0-002EF              50           1
        BANK6            00320-0036F              50           1
        BANK7            003A0-003EF              50           1
        BANK8            00420-0046F              50           1
        BANK9            004A0-004EF              50           1
        BIGRAM           02000-027EF             7F0           1
        CODE             02032-0210D              DC           2
                         02A66-03FFF             800
        CONST            02032-0210D              CE           2
                         02A66-03FFF             100
        EEDATA           0F000-0F0FF             100           2
        ENTRY            02032-0210D              CE           2
                         02A66-03FFF             100
        IDLOC            08000-08003               4           2
        RAM              0005F-0006F              11           1
                         000EF-000EF               1
                         001E5-001EF               B
                         0025C-0026F              14
                         002A0-002EF              50
                         00320-0036F              50
                         003A0-003EF              50
                         00420-0046F              50
                         004A0-004EF              50
                         00520-0056F              50
                         005A0-005EF              50
                         00620-0066F              50
                         006A0-006EF              50
                         00720-0076F              50
                         007A0-007EF              50
                         00820-0086F              50
                         008A0-008EF              50
                         00920-0096F              50
                         009A0-009EF              50
                         00A20-00A6F              50
                         00AA0-00AEF              50
                         00B20-00B6F              50
                         00BA0-00BEF              50
                         00C20-00C2F              10
        SFR0             00000-0001F              20           1
        SFR1             00080-0009F              20           1
        SFR10            00500-0051F              20           1
        SFR11            00580-0059F              20           1
        SFR12            00600-0061F              20           1
        SFR13            00680-0069F              20           1
        SFR14            00700-0071F              20           1
        SFR15            00780-0079F              20           1
        SFR16            00800-0081F              20           1
        SFR17            00880-0089F              20           1
        SFR18            00900-0091F              20           1
        SFR19            00980-0099F              20           1
        SFR2             00100-0011F              20           1
        SFR20            00A00-00A1F              20           1
        SFR21            00A80-00A9F              20           1
        SFR22            00B00-00B1F              20           1
        SFR23            00B80-00B9F              20           1
        SFR24            00C00-00C1F              20           1
        SFR25            00C80-00C9F              20           1
        SFR26            00D00-00D6F              70           1
        SFR27            00D80-00DEF              70           1
        SFR28            00E00-00E6F              70           1
        SFR29            00E80-00EEF              70           1
        SFR3             00180-0019F              20           1
        SFR30            00F00-00F6F              70           1
        SFR31            00F80-00FEF              70           1
        SFR4             00200-0021F              20           1
        SFR5             00280-0029F              20           1
        SFR6             00300-0031F              20           1
        SFR7             00380-0039F              20           1
        SFR8             00400-0041F              20           1
        SFR9             00480-0049F              20           1
        STACK            0217C-0278F             614           1
        STRCODE          02032-0210D              DC           2
                         02A66-03FFF            159A
        STRING           02032-0210D              CE           2
                         02A66-03FFF             100

                                  Symbol Table

?_LED_getData                             cstackBANK1  000B5
?_LED_readConfig                          cstackBANK1  000C6
?_LED_testComm                            cstackBANK1  000CA
?___awdiv                                 cstackBANK0  00031
?___awtoft                                cstackBANK0  00039
?___ftadd                                 cstackBANK1  000A6
?___ftmul                                 cstackBANK0  0003F
?___ftpack                                cstackBANK0  00031
?___fttol                                 cstackBANK1  000AF
?___lldiv                                 cstackBANK0  00031
?___llmod                                 cstackBANK0  0003F
?___wmul                                  cstackBANK0  00031
?_atoi                                    cstackBANK0  00037
?_doMove                                  cstackBANK1  000BF
?_drv_read                                cstackBANK1  000B5
?_getActive                               cstackBANK1  000B5
?_getMoveMask                             cstackBANK1  000B5
?_getPosition                             cstackBANK1  000B5
?_printf                                  cstackBANK1  000A0
?_setActive                               cstackBANK1  000B5
?_setDrvGain                              cstackBANK1  000B5
?_setDrvPeak                              cstackBANK1  000B5
?_setDrvPiezoOnTime                       cstackBANK1  000BD
?_setH1OffTime                            cstackBANK1  000BD
?_setH2OnTime                             cstackBANK1  000BD
?_setHeaterPostTime                       cstackBANK1  000B5
?_setHeaterPreTime                        cstackBANK1  000B5
?_setHeaterToggle                         cstackBANK1  000B5
?_setLEDBrightnessRange                   cstackBANK1  000B5
?_setLEDPwr                               cstackBANK1  000B5
?_setMoveMask                             cstackBANK1  000B5
?_startAbsMove                            cstackBANK1  000B5
?_startRelMove                            cstackBANK1  000B5
?_stop                                    cstackBANK1  000B5
?_strchr                                  cstackBANK0  00031
?_strcspn                                 cstackBANK0  00038
?_stricmp                                 cstackBANK0  00033
?_strspn                                  cstackBANK0  00038
?_timedActiveHeatOn                       cstackBANK1  000B5
?_zeroPosition                            cstackBANK1  000B5
EUSART_Read@readValue                     cstackBANK0  00032
EUSART_Write@txData                       cstackBANK0  00032
LED_getData@j                             cstackBANK1  000C4
LED_getData@readData                      cstackBANK1  000C0
LED_getData@topOrBottom                   cstackBANK1  000B5
LED_readConfig@topOrBottom                cstackBANK1  000C6
LED_setBrightnessRange@LED_configReg      cstackBANK1  000A0
LED_setBrightnessRange@range              cstackBANK0  00044
LED_setBrightnessRange@topOrBottom        cstackBANK0  00046
LED_testComm@oldConfigReg                 cstackBANK1  000D0
LED_testComm@readResult                   cstackBANK1  000CE
LED_testComm@topOrBottom                  cstackBANK1  000CA
LED_test_openshort@j                      cstackBANK1  000BA
LED_test_openshort@topOrBottom            cstackBANK1  000B7
LED_test_openshort@type                   cstackBANK1  000B5
LEDsOn@LEDpins                            cstackBANK0  00044
LEDsOn@topOrBottom                        cstackBANK0  00048
LEDsPwr@pwr                               cstackBANK0  00044
LEDsPwr@pwrAll                            cstackBANK1  000A0
LEDsPwr@topOrBottom                       cstackBANK0  00046
TMR0_Load8bitPeriod@periodVal             cstackBANK0  00031
TMR0_SetInterruptHandler@InterruptHandler cstackBANK0  00031
TMR0_Write8bitTimer@timerVal              cstackCOMMON 00070
[...]
 Data sizes:     COMMON   BANK0   BANK1   BANK2   BANK3   BANK4   BANK5   BANK6   BANK7   BANK8   BANK9  BANK10  BANK11  BANK12  BANK13  BANK14  BANK15  BANK16  BANK17  BANK18  BANK19  BANK20  BANK21  BANK22  BANK23  BANK24  BANK25
      Params:         0       0       0       0       0       0       0       0       0       0       0       0       0       0       0       0       0       0       0       0       0       0       0       0       0       0       0
      Locals:         1       0       0       0       0       0       0       0       0       0       0       0       0       0       0       0       0       0       0       0       0       0       0       0       0       0       0
      Temps:          0       0       0       0       0       0       0       0       0       0       0       0       0       0       0       0       0       0       0       0       0       0       0       0       0       0       0
      Totals:         1       0       0       0       0       0       0       0       0       0       0       0       0       0       0       0       0       0       0       0       0       0       0       0       0       0       0
Total ram usage:        1 bytes
 Hardware stack levels used:    1
 This function calls:
		Nothing
 This function is called by:
		_TMR0_DefaultInterruptHandler
 This function uses a non-reentrant model


 *************** function _TMR0_StopTimer *****************
 Defined at:
		line 91 in file "mcc_generated_files/tmr0.c"
 Parameters:    Size  Location     Type
		None
 Auto vars:     Size  Location     Type
		None
 Return value:  Size  Location     Type
                  1    wreg      void 
 Registers used:
		None
 Tracked objects:
		On entry : 
		On exit  : 
		Unchanged: 
 Data sizes:     COMMON   BANK0   BANK1   BANK2   BANK3   BANK4   BANK5   BANK6   BANK7   BANK8   BANK9  BANK10  BANK11  BANK12  BANK13  BANK14  BANK15  BANK16  BANK17  BANK18  BANK19  BANK20  BANK21  BANK22  BANK23  BANK24  BANK25
      Params:         0       0       0       0       0       0       0       0       0       0       0       0       0       0       0       0       0       0       0       0       0       0       0       0       0       0       0
      Locals:         0       0       0       0       0       0       0       0       0       0       0       0       0       0       0       0       0       0       0       0       0       0       0       0       0       0       0
      Temps:          0       0       0       0       0       0       0       0       0       0       0       0       0       0       0       0       0       0       0       0       0       0       0       0       0       0       0
      Totals:         0       0       0       0       0       0       0       0       0       0       0       0       0       0       0       0       0       0       0       0       0       0       0       0       0       0       0
Total ram usage:        0 bytes
 Hardware stack levels used:    1
 This function calls:
		Nothing
 This function is called by:
		_TMR0_DefaultInterruptHandler
 This function uses a non-reentrant model


 *************** function _EUSART_Transmit_ISR *****************
 Defined at:
		line 161 in file "mcc_generated_files/eusart.c"
 Parameters:    Size  Location     Type
		None
 Auto vars:     Size  Location     Type
		None
 Return value:  Size  Location     Type
                  1    wreg      void 
 Registers used:
		wreg, fsr1l, fsr1h, status,2, status,0
 Tracked objects:
		On entry : 
		On exit  : 
		Unchanged: 
 Data sizes:     COMMON   BANK0   BANK1   BANK2   BANK3   BANK4   BANK5   BANK6   BANK7   BANK8   BANK9  BANK10  BANK11  BANK12  BANK13  BANK14  BANK15  BANK16  BANK17  BANK18  BANK19  BANK20  BANK21  BANK22  BANK23  BANK24  BANK25
      Params:         0       0       0       0       0       0       0       0       0       0       0       0       0       0       0       0       0       0       0       0       0       0       0       0       0       0       0
      Locals:         0       0       0       0       0       0       0       0       0       0       0       0       0       0       0       0       0       0       0       0       0       0       0       0       0       0       0
      Temps:          1       0       0       0       0       0       0       0       0       0       0       0       0       0       0       0       0       0       0       0       0       0       0       0       0       0       0
      Totals:         1       0       0       0       0       0       0       0       0       0       0       0       0       0       0       0       0       0       0       0       0       0       0       0       0       0       0
Total ram usage:        1 bytes
 Hardware stack levels used:    1
 This function calls:
		Nothing
 This function is called by:
		_INTERRUPT_InterruptManager
 This function uses a non-reentrant model


 *************** function _EUSART_Receive_ISR *****************
 Defined at:
		line 180 in file "mcc_generated_files/eusart.c"
 Parameters:    Size  Location     Type
		None
 Auto vars:     Size  Location     Type
		None
 Return value:  Size  Location     Type
                  1    wreg      void 
 Registers used:
		wreg, fsr1l, fsr1h, status,2, status,0
 Tracked objects:
		On entry : 
		On exit  : 
		Unchanged: 
 Data sizes:     COMMON   BANK0   BANK1   BANK2   BANK3   BANK4   BANK5   BANK6   BANK7   BANK8   BANK9  BANK10  BANK11  BANK12  BANK13  BANK14  BANK15  BANK16  BANK17  BANK18  BANK19  BANK20  BANK21  BANK22  BANK23  BANK24  BANK25
      Params:         0       0       0       0       0       0       0       0       0       0       0       0       0       0       0       0       0       0       0       0       0       0       0       0       0       0       0
      Locals:         0       0       0       0       0       0       0       0       0       0       0       0       0       0       0       0       0       0       0       0       0       0       0       0       0       0       0
      Temps:          1       0       0       0       0       0       0       0       0       0       0       0       0       0       0       0       0       0       0       0       0       0       0       0       0       0       0
      Totals:         1       0       0       0       0       0       0       0       0       0       0       0       0       0       0       0       0       0       0       0       0       0       0       0       0       0       0
Total ram usage:        1 bytes
 Hardware stack levels used:    1
 This function calls:
		Nothing
 This function is called by:
		_INTERRUPT_InterruptManager
 This function uses a non-reentrant model



MODULE INFORMATION

Module		Function		Class		Link	Load	Size
drv2665.c
		_drv_reset     		CODE           	2273	0000	11
		_fifo_check    		CODE           	231F	0000	18
		_drv_write     		CODE           	2603	0000	37
		_drv_write_DC  		CODE           	19B9	0000	69
		_drv_read      		CODE           	19FD	0000	72
		_drv_init      		CODE           	1E59	0000	100

drv2665.c estimated size: 307

LEDcomm.c
		_send_last_2bytes_IK		CODE           	1D4D	0000	89
		_LED_setBrightnessRange		CODE           	08C0	0000	153
		_LED_test_openshort		CODE           	1680	0000	125
		_send_2bytes_latchless_IK		CODE           	2770	0000	49
		_LEDsPwr       		CODE           	1EBC	0000	101
		_LED_testComm  		CODE           	1609	0000	120
		_LEDsOn        		CODE           	2555	0000	34
		_send_2length_2bytes_IK		CODE           	23BE	0000	25
		_LED_getData   		CODE           	1779	0000	136
		_LED_readConfig		CODE           	26C3	0000	42

LEDcomm.c estimated size: 874

C:\Program Files (x86)\Microchip\xc8\v1.45\sources\common\float.c
		___ftpack      		CODE           	13D0	0000	102

C:\Program Files (x86)\Microchip\xc8\v1.45\sources\common\float.c estimated size: 102

C:\Program Files (x86)\Microchip\xc8\v1.45\sources\common\doprnt.c
		_printf        		CODE           	0ECE	0000	307

C:\Program Files (x86)\Microchip\xc8\v1.45\sources\common\doprnt.c estimated size: 307

C:\Program Files (x86)\Microchip\xc8\v1.45\sources\common\strspn.c
		_strspn        		CODE           	27D0	0000	49

C:\Program Files (x86)\Microchip\xc8\v1.45\sources\common\strspn.c estimated size: 49

mcc_generated_files/tmr2.c
		_TMR2_ISR      		CODE           	22E6	0000	14
		_TMR2_LoadPeriodRegister		CODE           	2196	0000	6
		_TMR2_Initialize		CODE           	2330	0000	19
		_TMR2_SetInterruptHandler		CODE           	2231	0000	10
		_TMR2_StopTimer		CODE           	2113	0000	4
		_TMR2_DefaultInterruptHandler		CODE           	221F	0000	10
		_TMR2_WriteTimer		CODE           	2182	0000	6
		_TMR2_StartTimer		CODE           	2131	0000	4

mcc_generated_files/tmr2.c estimated size: 73

mcc_generated_files/interrupt_manager.c
		_INTERRUPT_InterruptManager		CODE           	0004	0000	77

mcc_generated_files/interrupt_manager.c estimated size: 77

C:\Program Files (x86)\Microchip\xc8\v1.45\sources\common\Umul16.c
		___wmul        		CODE           	2441	0000	29

C:\Program Files (x86)\Microchip\xc8\v1.45\sources\common\Umul16.c estimated size: 29

mcc_generated_files/tmr0.c
		_TMR0_Load8bitPeriod		CODE           	2191	0000	6
		_TMR0_SetInterruptHandler		CODE           	2228	0000	10
		_TMR0_StopTimer		CODE           	2110	0000	4
		_TMR0_Write8bitTimer		CODE           	217D	0000	6
		_TMR0_DefaultInterruptHandler		CODE           	0802	0000	56
		_TMR0_StartTimer		CODE           	212E	0000	4
		_TMR0_ISR      		CODE           	22D9	0000	14
		_TMR0_Initialize		CODE           	2368	0000	21

mcc_generated_files/tmr0.c estimated size: 121

C:\Program Files (x86)\Microchip\xc8\v1.45\sources\common\strcspn.c
		_strcspn       		CODE           	27A0	0000	49

C:\Program Files (x86)\Microchip\xc8\v1.45\sources\common\strcspn.c estimated size: 49

mcc_generated_files/pin_manager.c
		_PIN_MANAGER_Initialize		CODE           	180A	0000	52

mcc_generated_files/pin_manager.c estimated size: 52

C:\Program Files (x86)\Microchip\xc8\v1.45\sources\common\isdigit.c
		_isdigit       		CODE           	07F1	0000	16

C:\Program Files (x86)\Microchip\xc8\v1.45\sources\common\isdigit.c estimated size: 16

C:\Program Files (x86)\Microchip\xc8\v1.45\sources\common\ftmul.c
		___ftmul       		CODE           	0BA8	0000	226

C:\Program Files (x86)\Microchip\xc8\v1.45\sources\common\ftmul.c estimated size: 226

C:\Program Files (x86)\Microchip\xc8\v1.45\sources\common\llmod.c
		___llmod       		CODE           	18EF	0000	68

C:\Program Files (x86)\Microchip\xc8\v1.45\sources\common\llmod.c estimated size: 68

C:\Program Files (x86)\Microchip\xc8\v1.45\sources\common\atoi.c
		_atoi          		CODE           	1F8F	0000	114

C:\Program Files (x86)\Microchip\xc8\v1.45\sources\common\atoi.c estimated size: 114

C:\Program Files (x86)\Microchip\xc8\v1.45\sources\common\strtok.c
		_strtok        		CODE           	1A8D	0000	76

C:\Program Files (x86)\Microchip\xc8\v1.45\sources\common\strtok.c estimated size: 76

C:\Program Files (x86)\Microchip\xc8\v1.45\sources\common\stricmp.c
		_stricmp       		CODE           	183D	0000	53

C:\Program Files (x86)\Microchip\xc8\v1.45\sources\common\stricmp.c estimated size: 53

shared
		i1_returnReset 		CODE           	0002	0000	3
		i1_do_I2C_SEND_ADR_READ		CODE           	21C7	0000	9
		i1_do_I2C_DO_NACK_STOP		CODE           	2165	0000	5
		i1_mssp1_clearIRQ		CODE           	212B	0000	4
		i1_do_I2C_SEND_RESTART		CODE           	2159	0000	5
		drv2665@drv_fifo_sine		STRCODE        	10F4	0000	245
		i1_do_I2C_TX_EMPTY		CODE           	26EC	0000	43
		_dpowers       		STRCODE        	2800	0000	41
		i1_do_I2C_DO_NACK_RESTART		CODE           	2169	0000	5
		i1_send_2bytes_latchless_IK		CODE           	269A	0000	42
		i1_do_I2C_SEND_RESTART_READ		CODE           	2151	0000	5
		i1_do_I2C_DO_ADDRESS_NACK		CODE           	25BB	0000	37
		i1_do_I2C_RX   		CODE           	1871	0000	64
		i1_do_I2C_TX   		CODE           	1BBE	0000	79
		_drv_sine      		STRCODE        	0000	0000	0
		_LEDpower      		STRCODE        	2A61	0000	3
		i1_i2c_ISR     		CODE           	24D4	0000	33
		i1_i2c1_driver_sendNACK		CODE           	214D	0000	5
		i1_do_I2C_IDLE 		CODE           	218C	0000	6
		i1_do_I2C_RCEN 		CODE           	219B	0000	7
		i1_i2c1_driver_isNACK		CODE           	22A9	0000	13
		__initialization		CODE           	0052	0000	112
		i1_LEDsOn      		CODE           	2534	0000	34
		i1_mssp1_setIRQ		CODE           	2128	0000	4
		i1_i2c1_driver_restart		CODE           	211C	0000	4
		i1_i2c1_driver_stop		CODE           	211F	0000	4
		_TMR0_RANGE    		STRCODE        	2A52	0000	4
		i1_do_I2C_RESET		CODE           	21B9	0000	8
		i1_i2c1_driver_startRX		CODE           	2122	0000	4
		i1_i2c1_driver_resetBus		CODE           	210E	0000	2
		i1_i2c1_driver_sendACK		CODE           	2149	0000	5
		_TMR2_RANGE    		STRCODE        	2A4F	0000	4
		i1_do_I2C_SEND_RESTART_WRITE		CODE           	2155	0000	5
		_drv_address   		STRCODE        	2A65	0000	2
		drv2665@drv_sine		STRCODE        	11E8	0000	243
		i1_do_I2C_DO_ACK		CODE           	2161	0000	5
		i1_do_I2C_SEND_ADR_WRITE		CODE           	21C0	0000	8
		i1_i2c1_driver_getRXData		CODE           	2125	0000	4
		_drv_fifo_sine 		STRCODE        	0000	0000	0
		i1_send_2length_2bytes_IK		CODE           	23A6	0000	25
		i1_do_I2C_SEND_STOP		CODE           	215D	0000	5
		i1_i2c1_driver_TXData		CODE           	2187	0000	6
		sin@coeff_a    		STRCODE        	0000	0000	0
		sin@coeff_b    		STRCODE        	0000	0000	0
		i1_returnStop  		CODE           	0800	0000	3
		i1_send_last_2bytes_IK		CODE           	1A44	0000	74

shared estimated size: 1219

mcc_generated_files/mcc.c
		_WDT_Initialize		CODE           	216D	0000	5
		_PMD_Initialize		CODE           	21CF	0000	9
		_OSCILLATOR_Initialize		CODE           	2255	0000	11
		_SYSTEM_Initialize		CODE           	237C	0000	22

mcc_generated_files/mcc.c estimated size: 47

C:\Program Files (x86)\Microchip\xc8\v1.45\sources\common\fttol.c
		___fttol       		CODE           	0839	0000	136

C:\Program Files (x86)\Microchip\xc8\v1.45\sources\common\fttol.c estimated size: 136

C:\Program Files (x86)\Microchip\xc8\v1.45\sources\common\awtoft.c
		___awtoft      		CODE           	2576	0000	35

C:\Program Files (x86)\Microchip\xc8\v1.45\sources\common\awtoft.c estimated size: 35

mcc_generated_files/drivers/i2c_master.c
		_returnStop    		CODE           	21A1	0000	7
		_i2c_setBuffer 		CODE           	2391	0000	22
		_i2c_busCollisionISR		CODE           	2119	0000	4
		_i2c_ISR       		CODE           	264C	0000	39
		_i2c_setAddress		CODE           	220F	0000	9
		_i2c_masterOperation		CODE           	25DF	0000	37
		_do_I2C_TX_EMPTY		CODE           	2741	0000	48
		_returnReset   		CODE           	21A7	0000	7
		_do_I2C_SEND_RESTART_WRITE		CODE           	21DF	0000	9
		_i2c_poller    		CODE           	229E	0000	12
		_do_I2C_DO_NACK_RESTART		CODE           	2207	0000	9
		_do_I2C_SEND_RESTART_READ		CODE           	21D7	0000	9
		_do_I2C_SEND_ADR_WRITE		CODE           	2288	0000	12
		_do_I2C_SEND_STOP		CODE           	21EF	0000	9
		_i2c_open      		CODE           	1AD8	0000	77
		_do_I2C_SEND_ADR_READ		CODE           	22B5	0000	13
		_do_I2C_DO_NACK_STOP		CODE           	21FF	0000	9
		_do_I2C_SEND_RESTART		CODE           	21E7	0000	9
		_do_I2C_RX     		CODE           	1975	0000	69
		_do_I2C_TX     		CODE           	1DA5	0000	90
		_do_I2C_IDLE   		CODE           	223A	0000	10
		_do_I2C_RCEN   		CODE           	225F	0000	11
		_do_I2C_DO_ADDRESS_NACK		CODE           	2716	0000	44
		_do_I2C_RESET  		CODE           	227D	0000	12
		_do_I2C_DO_ACK 		CODE           	21F7	0000	9

mcc_generated_files/drivers/i2c_master.c estimated size: 586

C:\Program Files (x86)\Microchip\xc8\v1.45\sources\common\awdiv.c
		___awdiv       		CODE           	1CA8	0000	83

C:\Program Files (x86)\Microchip\xc8\v1.45\sources\common\awdiv.c estimated size: 83

C:\Program Files (x86)\Microchip\xc8\v1.45\sources\common\ftadd.c
		___ftadd       		CODE           	0C89	0000	283

C:\Program Files (x86)\Microchip\xc8\v1.45\sources\common\ftadd.c estimated size: 283

mcc_generated_files/i2c1_driver.c
		_mssp1_waitForEvent		CODE           	2293	0000	12
		_i2c1_driver_open		CODE           	1800	0000	11
		_i2c1_driver_isNACK		CODE           	22F3	0000	14
		_i2c1_driver_stop		CODE           	213A	0000	4
		_i2c1_driver_getRXData		CODE           	2140	0000	4
		_i2c1_driver_TXData		CODE           	21AD	0000	7
		_i2c1_driver_setBusCollisionISR		CODE           	2243	0000	10
		_i2c1_driver_start		CODE           	2134	0000	4
		_i2c1_driver_sendACK		CODE           	2171	0000	5
		_mssp1_setIRQ  		CODE           	2143	0000	4
		_i2c1_driver_sendNACK		CODE           	2175	0000	5
		_i2c1_driver_restart		CODE           	2137	0000	4
		_i2c1_driver_resetBus		CODE           	210F	0000	2
		_i2c1_driver_clearBusCollision		CODE           	2116	0000	4
		_mssp1_clearIRQ		CODE           	2146	0000	4
		_i2c1_driver_startRX		CODE           	213D	0000	4
		_i2c1_driver_setI2cISR		CODE           	224C	0000	10
		_mssp1_IRQisEnabled		CODE           	2269	0000	11

mcc_generated_files/i2c1_driver.c estimated size: 119

C:\Program Files (x86)\Microchip\xc8\v1.45\sources\common\toupper.c
		_toupper       		CODE           	230F	0000	17

C:\Program Files (x86)\Microchip\xc8\v1.45\sources\common\toupper.c estimated size: 17

C:\Program Files (x86)\Microchip\xc8\v1.45\sources\common\lldiv.c
		___lldiv       		CODE           	1CFA	0000	84

C:\Program Files (x86)\Microchip\xc8\v1.45\sources\common\lldiv.c estimated size: 84

mcc_generated_files/eusart.c
		_putch         		CODE           	21B3	0000	7
		_EUSART_Read   		CODE           	24F4	0000	33
		_EUSART_Write  		CODE           	2627	0000	38
		_EUSART_Transmit_ISR		CODE           	247A	0000	31
		_EUSART_Initialize		CODE           	23D6	0000	27
		_EUSART_Receive_ISR		CODE           	2425	0000	29

mcc_generated_files/eusart.c estimated size: 165

main.c
		_main_initialize		CODE           	0AD4	0000	213
		_getActive     		CODE           	1B24	0000	78
		_zeroPosition  		CODE           	14A8	0000	118
		_getPosition   		CODE           	18B0	0000	64
		_setH2OnTime   		CODE           	1C5A	0000	79
		_getMoveMask   		CODE           	1B71	0000	78
		_doRelMove     		CODE           	0DA3	0000	300
		_stop          		CODE           	2672	0000	41
		_setActive     		CODE           	1593	0000	119
		_setMoveMask   		CODE           	1435	0000	116
		_main          		CODE           	1F20	0000	112
		_setHeaterPreTime		CODE           	2300	0000	16
		_setLEDPwr     		CODE           	24B6	0000	31
		_commCheck     		CODE           	0A0D	0000	200
		_setDrvGain    		CODE           	1932	0000	68
		_doAbsMove     		CODE           	00C5	0000	692
		_setHeaterPostTime		CODE           	2355	0000	20
		_doMove        		CODE           	073B	0000	183
		_startRelMove  		CODE           	240A	0000	28
		_setH1OffTime  		CODE           	1C0C	0000	79
		_calcHeaterPins		CODE           	151D	0000	119
		_setDrvPeak    		CODE           	2342	0000	20
		_startAbsMove  		CODE           	245D	0000	30
		_setDrvPiezoOnTime		CODE           	1DFE	0000	92
		_setHeaterToggle		CODE           	16FC	0000	126
		_timedActiveHeatOn		CODE           	0958	0000	182
		_getMotionStatus		CODE           	2598	0000	36
		_setLEDBrightnessRange		CODE           	2498	0000	31

main.c estimated size: 3271

cmd_parser.c
		_execCmd       		CODE           	0378	0000	499
		_parseCmd      		CODE           	056A	0000	466

cmd_parser.c estimated size: 965

C:\Program Files (x86)\Microchip\xc8\v1.45\sources\common\strchr.c
		_strchr        		CODE           	23F0	0000	27

C:\Program Files (x86)\Microchip\xc8\v1.45\sources\common\strchr.c estimated size: 27

