Microchip MPLAB XC8 Compiler V1.45 ()

Linker command line:

-W-3 --edf=C:\Program Files (x86)\Microchip\xc8\v1.45\dat\en_msgs.txt -cs \
  -h+dist/default/production\udrive_code.production.sym \
  --cmf=dist/default/production\udrive_code.production.cmf -z -Q16F18346 \
  -oC:\Users\kolbi\AppData\Local\Temp\sftg.2 \
  -Mdist/default/production/udrive_code.production.map -E1 -ver=XC8 \
  -ASTACK=021D4h-0278fh -pstack=STACK -ACODE=00h-07FFhx8 \
  -ASTRCODE=00h-03FFFh -ASTRING=00h-0FFhx64 -ACONST=00h-0FFhx64 \
  -AENTRY=00h-0FFhx64 -ACOMMON=070h-07Fh -ABANK0=020h-06Fh \
  -ABANK1=0A0h-0EFh -ABANK2=0120h-016Fh -ABANK3=01A0h-01EFh \
  -ABANK4=0220h-026Fh -ABANK5=02A0h-02EFh -ABANK6=0320h-036Fh \
  -ABANK7=03A0h-03EFh -ABANK8=0420h-046Fh -ABANK9=04A0h-04EFh \
  -ABANK10=0520h-056Fh -ABANK11=05A0h-05EFh -ABANK12=0620h-066Fh \
  -ABANK13=06A0h-06EFh -ABANK14=0720h-076Fh -ABANK15=07A0h-07EFh \
  -ABANK16=0820h-086Fh -ABANK17=08A0h-08EFh -ABANK18=0920h-096Fh \
  -ABANK19=09A0h-09EFh -ABANK20=0A20h-0A6Fh -ABANK21=0AA0h-0AEFh \
  -ABANK22=0B20h-0B6Fh -ABANK23=0BA0h-0BEFh -ABANK24=0C20h-0C6Fh \
  -ABANK25=0CA0h-0CBFh -ABIGRAM=02000h-027EFh \
  -ARAM=020h-06Fh,0A0h-0EFh,0120h-016Fh,01A0h-01EFh,0220h-026Fh,02A0h-02EFh,0320h-036Fh,03A0h-03EFh,0420h-046Fh,04A0h-04EFh,0520h-056Fh,05A0h-05EFh,0620h-066Fh,06A0h-06EFh,0720h-076Fh,07A0h-07EFh,0820h-086Fh,08A0h-08EFh,0920h-096Fh,09A0h-09EFh,0A20h-0A6Fh,0AA0h-0AEFh,0B20h-0B6Fh,0BA0h-0BEFh,0C20h-0C6Fh,0CA0h-0CBFh \
  -AABS1=020h-07Fh,0A0h-0EFh,0120h-016Fh,01A0h-01EFh,0220h-026Fh,02A0h-02EFh,0320h-036Fh,03A0h-03EFh,0420h-046Fh,04A0h-04EFh,0520h-056Fh,05A0h-05EFh,0620h-066Fh,06A0h-06EFh,0720h-076Fh,07A0h-07EFh,0820h-086Fh,08A0h-08EFh,0920h-096Fh,09A0h-09EFh,0A20h-0A6Fh,0AA0h-0AEFh,0B20h-0B6Fh,0BA0h-0BEFh,0C20h-0C6Fh,0CA0h-0CBFh \
  -ASFR0=00h-01Fh -ASFR1=080h-09Fh -ASFR2=0100h-011Fh -ASFR3=0180h-019Fh \
  -ASFR4=0200h-021Fh -ASFR5=0280h-029Fh -ASFR6=0300h-031Fh \
  -ASFR7=0380h-039Fh -ASFR8=0400h-041Fh -ASFR9=0480h-049Fh \
  -ASFR10=0500h-051Fh -ASFR11=0580h-059Fh -ASFR12=0600h-061Fh \
  -ASFR13=0680h-069Fh -ASFR14=0700h-071Fh -ASFR15=0780h-079Fh \
  -ASFR16=0800h-081Fh -ASFR17=0880h-089Fh -ASFR18=0900h-091Fh \
  -ASFR19=0980h-099Fh -ASFR20=0A00h-0A1Fh -ASFR21=0A80h-0A9Fh \
  -ASFR22=0B00h-0B1Fh -ASFR23=0B80h-0B9Fh -ASFR24=0C00h-0C1Fh \
  -ASFR25=0C80h-0C9Fh -ASFR26=0D00h-0D6Fh -ASFR27=0D80h-0DEFh \
  -ASFR28=0E00h-0E6Fh -ASFR29=0E80h-0EEFh -ASFR30=0F00h-0F6Fh \
  -ASFR31=0F80h-0FEFh -preset_vec=00h,intentry=04h,init,end_init \
  -ppowerup=CODE -pcinit=CODE -pfunctab=ENTRY -ACONFIG=08007h-0800Ah \
  -pconfig=CONFIG -DCONFIG=2 -AIDLOC=08000h-08003h -pidloc=IDLOC -DIDLOC=2 \
  -AEEDATA=00h-0FFh/0F000h -peeprom_data=EEDATA -DEEDATA=2 -DCODE=2 \
  -DSTRCODE=2 -DSTRING=2 -DCONST=2 -DENTRY=2 -k \
  C:\Users\kolbi\AppData\Local\Temp\sftg.obj \
  dist/default/production\udrive_code.production.obj 

Object code version is 3.11

Machine type is 16F18346



                Name                               Link     Load   Length Selector   Space Scale
C:\Users\kolbi\AppData\Local\Temp\sftg.obj
                end_init                             5A       5A        2        8       0
                reset_vec                             0        0        2        0       0
                config                             8007     8007        4    1000E       0
dist/default/production\udrive_code.production.obj
                cinit                                5C       5C       84        8       0
                intentry                              4        4       56        8       0
                text182                            22E6     22E6       1C     45CC       0
                text181                            231E     231E       1E     463C       0
                text180                            2F3C     2F3C        3     5E78       0
                text179                            2FAB     2FAB        5     5F56       0
                text178                            2519     2519       29     4A32       0
                text177                            1A69     1A69       49     34D2       0
                text176                            2236     2236       18     446C       0
                text175                            23D7     23D7       21     47AE       0
                text174                            2716     2716       37     4E2C       0
                text173                            2162     2162        D     42C4       0
                text172                            2F3F     2F3F        3     5E7E       0
                text171                            2FB0     2FB0        5     5F60       0
                text170                            2082     2082        9     4104       0
                text169                            216F     216F        D     42DE       0
                text168                            2F42     2F42        3     5E84       0
                text167                            2FB5     2FB5        5     5F6A       0
                text166                            20CA     20CA        A     4194       0
                text165                            217C     217C        D     42F8       0
                text164                            2F45     2F45        3     5E8A       0
                text163                            2F48     2F48        3     5E90       0
                text162                            2F7B     2F7B        4     5EF6       0
                text161                            2F4B     2F4B        3     5E96       0
                text160                            2F4E     2F4E        3     5E9C       0
                text159                            2F38     2F38        2     5E70       0
                text158                            2F3A     2F3A        2     5E74       0
                text157                            2F51     2F51        3     5EA2       0
                text156                            2F36     2F36        1     5E6C       0
                text155                            2F7F     2F7F        4     5EFE       0
                text154                            2F54     2F54        3     5EA8       0
                text153                            2FBA     2FBA        5     5F74       0
                text152                            2132     2132        C     4264       0
                text151                            2F57     2F57        3     5EAE       0
                text150                            2594     2594       2A     4B28       0
                text149                            2FF2     2FF2        7     5FE4       0
                text148                            2FBF     2FBF        5     5F7E       0
                text147                            2F83     2F83        4     5F06       0
                text146                            2F87     2F87        4     5F0E       0
                text145                            2F8B     2F8B        4     5F16       0
                text144                            2F8F     2F8F        4     5F1E       0
                text143                            2032     2032        8     4064       0
                text142                            2FF9     2FF9        7     5FF2       0
                text141                            2FCE     2FCE        6     5F9C       0
                text140                            2F93     2F93        4     5F26       0
                text139                            2F97     2F97        4     5F2E       0
                text138                            2F9B     2F9B        4     5F36       0
                text137                            243B     243B       24     4876       0
                text136                            1BE3     1BE3       4E     37C6       0
                text135                            1914     1914       40     3228       0
                text134                            2F5A     2F5A        3     5EB4       0
                text133                            2397     2397       20     472E       0
                text131                            23B7     23B7       20     476E       0
                text130                            2297     2297       1A     452E       0
                text129                            20D4     20D4        A     41A8       0
                text128                            2679     2679       33     4CF2       0
                text127                            203A     203A        8     4074       0
                text126                            208B     208B        9     4116       0
                text125                            220D     220D       14     441A       0
                text124                            2094     2094        9     4128       0
                text123                            21D5     21D5       12     43AA       0
                text122                            209D     209D        9     413A       0
                text121                            21E7     21E7       13     43CE       0
                text120                            2F9F     2F9F        4     5F3E       0
                text119                            224E     224E       18     449C       0
                text118                            25E9     25E9       30     4BD2       0
                text117                            1DC4     1DC4       58     3B88       0
                text116                            2266     2266       18     44CC       0
                text115                            23F8     23F8       21     47F0       0
                text114                            2F5D     2F5D        3     5EBA       0
                text113                            2F60     2F60        3     5EC0       0
                text112                            2F63     2F63        3     5EC6       0
                text111                            1505     1505       79     2A0A       0
                text110                            1CCD     1CCD       52     399A       0
                text109                            2F66     2F66        3     5ECC       0
                text108                            2FA3     2FA3        4     5F46       0
                text107                            2F69     2F69        3     5ED2       0
                text106                            2F6C     2F6C        3     5ED8       0
                text105                            2FD4     2FD4        6     5FA8       0
                text104                            2FDA     2FDA        6     5FB4       0
                text103                            2F6F     2F6F        3     5EDE       0
                text102                            2F37     2F37        1     5E6E       0
                text101                            2FA7     2FA7        4     5F4E       0
                text100                            2F72     2F72        3     5EE4       0
                text99                             2FE0     2FE0        6     5FC0       0
                text98                             2189     2189        D     4312       0
                text97                             2F75     2F75        3     5EEA       0
                text96                              800      800       2F        8       0
                text95                             2106     2106        B     420C       0
                text94                             20A6     20A6        9     414C       0
                text93                             2042     2042        8     4084       0
                text92                             204A     204A        8     4094       0
                text91                             2052     2052        8     40A4       0
                text90                             205A     205A        8     40B4       0
                text89                             213E     213E        C     427C       0
                text88                             2111     2111        B     4222       0
                text87                             20DE     20DE        A     41BC       0
                text86                             2062     2062        8     40C4       0
                text85                             206A     206A        8     40D4       0
                text84                             2072     2072        8     40E4       0
                text83                             25BE     25BE       2B     4B7C       0
                text82                             1E1C     1E1C       59     3C38       0
                text81                             1A21     1A21       48     3442       0
                text80                             2F78     2F78        3     5EF0       0
                text79                             24CC     24CC       26     4998       0
                text78                             211C     211C        B     4238       0
                text77                             2127     2127        B     424E       0
                text76                             20E8     20E8        A     41D0       0
                text75                             245F     245F       24     48BE       0
                text74                             2221     2221       15     4442       0
                text73                             1D71     1D71       53     3AE2       0
                text72                             1954     1954       43     32A8       0
                text71                             24A7     24A7       25     494E       0
                text70                             2FE6     2FE6        6     5FCC       0
                text69                              D94      D94      132     1B28       0
                text68                             2483     2483       24     4906       0
                text67                             274D     274D       37     4E9A       0
                text66                             227E     227E       19     44FC       0
                text65                              82F      82F       91     105E       0
                text64                               E0       E0      2B8        8       0
                text63                             2542     2542       29     4A84       0
                text62                              EC6      EC6      13A     1D8C       0
                text61                             16F2     16F2       87     2DE4       0
                text60                             256B     256B       29     4AD6       0
                text59                              768      768       98        8       0
                text58                             148E     148E       77     291C       0
                text57                             15F9     15F9       7C     2BF2       0
                text56                             19DA     19DA       47     33B4       0
                text55                              A14      A14       C7     1428       0
                text54                             1B49     1B49       4D     3692       0
                text53                             1B96     1B96       4D     372C       0
                text52                             27C1     27C1       3F     4F82       0
                text51                             1418     1418       76     2830       0
                text50                             1997     1997       43     332E       0
                text49                             11E8     11E8       65     23D0       0
                text48                             2419     2419       22     4832       0
                text47                             2302     2302       1C     4604       0
                text46                              C90      C90      104     1920       0
                text45                             20AF     20AF        9     415E       0
                text44                             2784     2784       3D     4F08       0
                text43                             1779     1779       87     2EF2       0
                text42                             26E0     26E0       36     4DC0       0
                text41                             1D1F     1D1F       52     3A3E       0
                text40                             1E75     1E75       5B     3CEA       0
                text39                              968      968       AC     12D0       0
                text38                             157E     157E       7B     2AFC       0
                text37                             2378     2378       1F     46F0       0
                text36                             2FC4     2FC4        5     5F88       0
                text35                              BA7      BA7       E9     174E       0
                text34                             1ED0     1ED0       5F     3DA0       0
                text33                             2FC9     2FC9        5     5F92       0
                text32                             1C31     1C31       4E     3862       0
                text31                             1C7F     1C7F       4E     38FE       0
                text30                             21FA     21FA       13     43F4       0
                text29                             2196     2196        F     432C       0
                text28                             1675     1675       7D     2CEA       0
                text27                             233C     233C       1E     4678       0
                text26                             1F2F     1F2F       64     3E5E       0
                text25                             235A     235A       1E     46B4       0
                text24                             1330     1330       73     2660       0
                text23                             21C4     21C4       11     4388       0
                text22                             22CB     22CB       1B     4596       0
                text21                             24F2     24F2       27     49E4       0
                text20                              8C0      8C0       A8     1180       0
                text19                             13A3     13A3       75     2746       0
                swtext1                            2000     2000       32     4000       0
                text18                              398      398      1FF        8       0
                text17                             20F2     20F2        A     41E4       0
                text16                             20FC     20FC        A     41F8       0
                text15                             20B8     20B8        9     4170       0
                text14                             20C1     20C1        9     4182       0
                text13                             1AFD     1AFD       4C     35FA       0
                text12                             207A     207A        8     40F4       0
                text11                             1F93     1F93       6D     3F26       0
                text10                              ADB      ADB       CC     15B6       0
                text9                              21A5     21A5        F     434A       0
                text8                              124D     124D       71     249A       0
                text7                              21B4     21B4       10     4368       0
                text6                              26AC     26AC       34     4D58       0
                text5                              22B1     22B1       1A     4562       0
                text4                              2619     2619       30     4C32       0
                text3                              2649     2649       30     4C92       0
                text2                              1AB2     1AB2       4B     3564       0
                text1                               597      597      1D1        8       0
                maintext                           12BE     12BE       72     257C       0
                cstackBANK0                          20       20       2E       20       1
                cstackCOMMON                         70       70        D       70       1
                cstackBANK1                          A0       A0       38       A0       1
                cstackBANK2                         16C      16C        1      120       1
                cstackBANK3                         1DD      1DD        9      1A0       1
                cstackBANK5                         2C8      2C8       1C      2A0       1
                clrtext                            214A     214A        C     4294       0
                inittext                           2156     2156        C     42AC       0
                bssBANK5                            2A0      2A0       28      2A0       1
                dataBANK4                           248      248       20      220       1
                bssBANK4                            220      220       28      220       1
                bssBANK3                            1A0      1A0       3D      1A0       1
                dataBANK2                           16A      16A        2      120       1
                bssBANK2                            120      120       4A      120       1
                dataBANK1                            EA       EA        6       A0       1
                bssBANK1                             D8       D8       12       A0       1
                dataBANK0                            5A       5A        4       20       1
                bssBANK0                             4E       4E        C       20       1
                bssCOMMON                            7D       7D        1       70       1
                stringtext57                       3046     3046        2     6000       0
                stringtext56                       3041     3041        3     6000       0
                stringtext55                       303E     303E        3     6000       0
                stringtext54                       303B     303B        3     6000       0
                stringtext53                       3038     3038        3     6000       0
                stringtext52                       302E     302E        4     6000       0
                stringtext51                       302A     302A        4     6000       0
                stringtext50                       3026     3026        4     6000       0
                stringtext49                       3022     3022        4     6000       0
                stringtext48                       301E     301E        4     6000       0
                stringtext47                       3019     3019        5     6000       0
                stringtext46                       3014     3014        5     6000       0
                stringtext45                       300F     300F        5     6000       0
                stringtext44                       300A     300A        5     6000       0
                stringtext43                       3005     3005        5     6000       0
                stringtext42                       3000     3000        5     6000       0
                stringtext41                       29E5     29E5        7     5000       0
                stringtext40                       29DE     29DE        7     5000       0
                stringtext39                       29D6     29D6        8     5000       0
                stringtext38                       29CE     29CE        8     5000       0
                stringtext37                       29C6     29C6        8     5000       0
                stringtext36                       29BE     29BE        8     5000       0
                stringtext35                       29B6     29B6        8     5000       0
                stringtext34                       29AE     29AE        8     5000       0
                stringtext33                       29A6     29A6        8     5000       0
                stringtext32                       299D     299D        9     5000       0
                stringtext31                       2994     2994        9     5000       0
                stringtext30                       298A     298A        A     5000       0
                stringtext29                       2980     2980        A     5000       0
                stringtext28                       2975     2975        B     5000       0
                stringtext27                       296A     296A        B     5000       0
                stringtext26                       295F     295F        B     5000       0
                stringtext25                       2953     2953        C     5000       0
                stringtext24                       293A     293A        D     5000       0
                stringtext23                       292C     292C        E     5000       0
                stringtext22                       291D     291D        F     5000       0
                stringtext21                       28FE     28FE       10     5000       0
                stringtext20                       28EE     28EE       10     5000       0
                stringtext19                       28DD     28DD       11     5000       0
                stringtext18                       28CB     28CB       12     5000       0
                stringtext17                       28B4     28B4       17     5000       0
                stringtext16                       289B     289B       19     5000       0
                stringtext15                       2881     2881       1A     5000       0
                stringtext14                       2865     2865       1C     5000       0
                stringtext13                       2847     2847       1E     5000       0
                stringtext12                       2828     2828       1F     5000       0
                nvBANK3                             1E6      1E6        6      1A0       1
                nvBANK0                              5E       5E        1       20       1
                stringtext11                       2947     2947        C     5000       0
                stringtext10                       290E     290E        F     5000       0
                stringtext9                        3048     3048        1     6000       0
                stringtext8                        3044     3044        2     6000       0
                stringtext7                        3035     3035        3     6000       0
                stringtext6                        3032     3032        3     6000       0
                stringtext5                        2800     2800       28     5000       0
                stringtext4                        187A     187A       7A     3000       0
                stringtext3                        1800     1800       7A     3000       0
                stringtext2                        10F2     10F2       F2     2000       0
                stringtext1                        1000     1000       F2     2000       0
                idataBANK4                         18F4     18F4       20     31E8       0
                idataBANK2                            2        2        2        0       0
                idataBANK1                         2FEC     2FEC        6     5FD8       0
                idataBANK0                         11E4     11E4        4     23C8       0

TOTAL           Name                               Link     Load   Length     Space
        CLASS   STACK          

        CLASS   CODE           
                end_init                             5A       5A        2         0
                cinit                                5C       5C       84         0
                intentry                              4        4       56         0
                reset_vec                             0        0        2         0
                text182                            22E6     22E6       1C         0
                text181                            231E     231E       1E         0
                text180                            2F3C     2F3C        3         0
                text179                            2FAB     2FAB        5         0
                text178                            2519     2519       29         0
                text177                            1A69     1A69       49         0
                text176                            2236     2236       18         0
                text175                            23D7     23D7       21         0
                text174                            2716     2716       37         0
                text173                            2162     2162        D         0
                text172                            2F3F     2F3F        3         0
                text171                            2FB0     2FB0        5         0
                text170                            2082     2082        9         0
                text169                            216F     216F        D         0
                text168                            2F42     2F42        3         0
                text167                            2FB5     2FB5        5         0
                text166                            20CA     20CA        A         0
                text165                            217C     217C        D         0
                text164                            2F45     2F45        3         0
                text163                            2F48     2F48        3         0
                text162                            2F7B     2F7B        4         0
                text161                            2F4B     2F4B        3         0
                text160                            2F4E     2F4E        3         0
                text159                            2F38     2F38        2         0
                text158                            2F3A     2F3A        2         0
                text157                            2F51     2F51        3         0
                text156                            2F36     2F36        1         0
                text155                            2F7F     2F7F        4         0
                text154                            2F54     2F54        3         0
                text153                            2FBA     2FBA        5         0
                text152                            2132     2132        C         0
                text151                            2F57     2F57        3         0
                text150                            2594     2594       2A         0
                text149                            2FF2     2FF2        7         0
                text148                            2FBF     2FBF        5         0
                text147                            2F83     2F83        4         0
                text146                            2F87     2F87        4         0
                text145                            2F8B     2F8B        4         0
                text144                            2F8F     2F8F        4         0
                text143                            2032     2032        8         0
                text142                            2FF9     2FF9        7         0
                text141                            2FCE     2FCE        6         0
                text140                            2F93     2F93        4         0
                text139                            2F97     2F97        4         0
                text138                            2F9B     2F9B        4         0
                text137                            243B     243B       24         0
                text136                            1BE3     1BE3       4E         0
                text135                            1914     1914       40         0
                text134                            2F5A     2F5A        3         0
                text133                            2397     2397       20         0
                text131                            23B7     23B7       20         0
                text130                            2297     2297       1A         0
                text129                            20D4     20D4        A         0
                text128                            2679     2679       33         0
                text127                            203A     203A        8         0
                text126                            208B     208B        9         0
                text125                            220D     220D       14         0
                text124                            2094     2094        9         0
                text123                            21D5     21D5       12         0
                text122                            209D     209D        9         0
                text121                            21E7     21E7       13         0
                text120                            2F9F     2F9F        4         0
                text119                            224E     224E       18         0
                text118                            25E9     25E9       30         0
                text117                            1DC4     1DC4       58         0
                text116                            2266     2266       18         0
                text115                            23F8     23F8       21         0
                text114                            2F5D     2F5D        3         0
                text113                            2F60     2F60        3         0
                text112                            2F63     2F63        3         0
                text111                            1505     1505       79         0
                text110                            1CCD     1CCD       52         0
                text109                            2F66     2F66        3         0
                text108                            2FA3     2FA3        4         0
                text107                            2F69     2F69        3         0
                text106                            2F6C     2F6C        3         0
                text105                            2FD4     2FD4        6         0
                text104                            2FDA     2FDA        6         0
                text103                            2F6F     2F6F        3         0
                text102                            2F37     2F37        1         0
                text101                            2FA7     2FA7        4         0
                text100                            2F72     2F72        3         0
                text99                             2FE0     2FE0        6         0
                text98                             2189     2189        D         0
                text97                             2F75     2F75        3         0
                text96                              800      800       2F         0
                text95                             2106     2106        B         0
                text94                             20A6     20A6        9         0
                text93                             2042     2042        8         0
                text92                             204A     204A        8         0
                text91                             2052     2052        8         0
                text90                             205A     205A        8         0
                text89                             213E     213E        C         0
                text88                             2111     2111        B         0
                text87                             20DE     20DE        A         0
                text86                             2062     2062        8         0
                text85                             206A     206A        8         0
                text84                             2072     2072        8         0
                text83                             25BE     25BE       2B         0
                text82                             1E1C     1E1C       59         0
                text81                             1A21     1A21       48         0
                text80                             2F78     2F78        3         0
                text79                             24CC     24CC       26         0
                text78                             211C     211C        B         0
                text77                             2127     2127        B         0
                text76                             20E8     20E8        A         0
                text75                             245F     245F       24         0
                text74                             2221     2221       15         0
                text73                             1D71     1D71       53         0
                text72                             1954     1954       43         0
                text71                             24A7     24A7       25         0
                text70                             2FE6     2FE6        6         0
                text69                              D94      D94      132         0
                text68                             2483     2483       24         0
                text67                             274D     274D       37         0
                text66                             227E     227E       19         0
                text65                              82F      82F       91         0
                text64                               E0       E0      2B8         0
                text63                             2542     2542       29         0
                text62                              EC6      EC6      13A         0
                text61                             16F2     16F2       87         0
                text60                             256B     256B       29         0
                text59                              768      768       98         0
                text58                             148E     148E       77         0
                text57                             15F9     15F9       7C         0
                text56                             19DA     19DA       47         0
                text55                              A14      A14       C7         0
                text54                             1B49     1B49       4D         0
                text53                             1B96     1B96       4D         0
                text52                             27C1     27C1       3F         0
                text51                             1418     1418       76         0
                text50                             1997     1997       43         0
                text49                             11E8     11E8       65         0
                text48                             2419     2419       22         0
                text47                             2302     2302       1C         0
                text46                              C90      C90      104         0
                text45                             20AF     20AF        9         0
                text44                             2784     2784       3D         0
                text43                             1779     1779       87         0
                text42                             26E0     26E0       36         0
                text41                             1D1F     1D1F       52         0
                text40                             1E75     1E75       5B         0
                text39                              968      968       AC         0
                text38                             157E     157E       7B         0
                text37                             2378     2378       1F         0
                text36                             2FC4     2FC4        5         0
                text35                              BA7      BA7       E9         0
                text34                             1ED0     1ED0       5F         0
                text33                             2FC9     2FC9        5         0
                text32                             1C31     1C31       4E         0
                text31                             1C7F     1C7F       4E         0
                text30                             21FA     21FA       13         0
                text29                             2196     2196        F         0
                text28                             1675     1675       7D         0
                text27                             233C     233C       1E         0
                text26                             1F2F     1F2F       64         0
                text25                             235A     235A       1E         0
                text24                             1330     1330       73         0
                text23                             21C4     21C4       11         0
                text22                             22CB     22CB       1B         0
                text21                             24F2     24F2       27         0
                text20                              8C0      8C0       A8         0
                text19                             13A3     13A3       75         0
                text18                              398      398      1FF         0
                text17                             20F2     20F2        A         0
                text16                             20FC     20FC        A         0
                text15                             20B8     20B8        9         0
                text14                             20C1     20C1        9         0
                text13                             1AFD     1AFD       4C         0
                text12                             207A     207A        8         0
                text11                             1F93     1F93       6D         0
                text10                              ADB      ADB       CC         0
                text9                              21A5     21A5        F         0
                text8                              124D     124D       71         0
                text7                              21B4     21B4       10         0
                text6                              26AC     26AC       34         0
                text5                              22B1     22B1       1A         0
                text4                              2619     2619       30         0
                text3                              2649     2649       30         0
                text2                              1AB2     1AB2       4B         0
                text1                               597      597      1D1         0
                maintext                           12BE     12BE       72         0
                clrtext                            214A     214A        C         0
                inittext                           2156     2156        C         0
                idataBANK4                         18F4     18F4       20         0
                idataBANK2                            2        2        2         0
                idataBANK1                         2FEC     2FEC        6         0
                idataBANK0                         11E4     11E4        4         0

        CLASS   STRCODE        
                stringtext57                       3046     3046        2         0
                stringtext56                       3041     3041        3         0
                stringtext55                       303E     303E        3         0
                stringtext54                       303B     303B        3         0
                stringtext53                       3038     3038        3         0
                stringtext52                       302E     302E        4         0
                stringtext51                       302A     302A        4         0
                stringtext50                       3026     3026        4         0
                stringtext49                       3022     3022        4         0
                stringtext48                       301E     301E        4         0
                stringtext47                       3019     3019        5         0
                stringtext46                       3014     3014        5         0
                stringtext45                       300F     300F        5         0
                stringtext44                       300A     300A        5         0
                stringtext43                       3005     3005        5         0
                stringtext42                       3000     3000        5         0
                stringtext41                       29E5     29E5        7         0
                stringtext40                       29DE     29DE        7         0
                stringtext39                       29D6     29D6        8         0
                stringtext38                       29CE     29CE        8         0
                stringtext37                       29C6     29C6        8         0
                stringtext36                       29BE     29BE        8         0
                stringtext35                       29B6     29B6        8         0
                stringtext34                       29AE     29AE        8         0
                stringtext33                       29A6     29A6        8         0
                stringtext32                       299D     299D        9         0
                stringtext31                       2994     2994        9         0
                stringtext30                       298A     298A        A         0
                stringtext29                       2980     2980        A         0
                stringtext28                       2975     2975        B         0
                stringtext27                       296A     296A        B         0
                stringtext26                       295F     295F        B         0
                stringtext25                       2953     2953        C         0
                stringtext24                       293A     293A        D         0
                stringtext23                       292C     292C        E         0
                stringtext22                       291D     291D        F         0
                stringtext21                       28FE     28FE       10         0
                stringtext20                       28EE     28EE       10         0
                stringtext19                       28DD     28DD       11         0
                stringtext18                       28CB     28CB       12         0
                stringtext17                       28B4     28B4       17         0
                stringtext16                       289B     289B       19         0
                stringtext15                       2881     2881       1A         0
                stringtext14                       2865     2865       1C         0
                stringtext13                       2847     2847       1E         0
                stringtext12                       2828     2828       1F         0
                stringtext11                       2947     2947        C         0
                stringtext10                       290E     290E        F         0
                stringtext9                        3048     3048        1         0
                stringtext8                        3044     3044        2         0
                stringtext7                        3035     3035        3         0
                stringtext6                        3032     3032        3         0
                stringtext5                        2800     2800       28         0
                stringtext4                        187A     187A       7A         0
                stringtext3                        1800     1800       7A         0
                stringtext2                        10F2     10F2       F2         0
                stringtext1                        1000     1000       F2         0

        CLASS   STRING         

        CLASS   CONST          
                swtext1                            2000     2000       32         0

        CLASS   ENTRY          

        CLASS   COMMON         
                cstackCOMMON                         70       70        D         1
                bssCOMMON                            7D       7D        1         1

        CLASS   BANK0          
                cstackBANK0                          20       20       2E         1
                dataBANK0                            5A       5A        4         1
                bssBANK0                             4E       4E        C         1
                nvBANK0                              5E       5E        1         1

        CLASS   BANK1          
                cstackBANK1                          A0       A0       38         1
                dataBANK1                            EA       EA        6         1
                bssBANK1                             D8       D8       12         1

        CLASS   BANK2          
                cstackBANK2                         16C      16C        1         1
                dataBANK2                           16A      16A        2         1
                bssBANK2                            120      120       4A         1

        CLASS   BANK3          
                cstackBANK3                         1DD      1DD        9         1
                bssBANK3                            1A0      1A0       3D         1
                nvBANK3                             1E6      1E6        6         1

        CLASS   BANK4          
                dataBANK4                           248      248       20         1
                bssBANK4                            220      220       28         1

        CLASS   BANK5          
                cstackBANK5                         2C8      2C8       1C         1
                bssBANK5                            2A0      2A0       28         1

        CLASS   BANK6          

        CLASS   BANK7          

        CLASS   BANK8          

        CLASS   BANK9          

        CLASS   BANK10         

        CLASS   BANK11         

        CLASS   BANK12         

        CLASS   BANK13         

        CLASS   BANK14         

        CLASS   BANK15         

        CLASS   BANK16         

        CLASS   BANK17         

        CLASS   BANK18         

        CLASS   BANK19         

        CLASS   BANK20         

        CLASS   BANK21         

        CLASS   BANK22         

        CLASS   BANK23         

        CLASS   BANK24         

        CLASS   BANK25         

        CLASS   BIGRAM         

        CLASS   RAM            

        CLASS   ABS1           
                abs_s1                               7E       7E        2         1
                abs_s1                              C30      C30       40         1
                abs_s1                              CA0      CA0       20         1
                abs_s1                             2790     2790        0         1

        CLASS   SFR0           

        CLASS   SFR1           

        CLASS   SFR2           

        CLASS   SFR3           

        CLASS   SFR4           

        CLASS   SFR5           

        CLASS   SFR6           

        CLASS   SFR7           

        CLASS   SFR8           

        CLASS   SFR9           

        CLASS   SFR10          

        CLASS   SFR11          

        CLASS   SFR12          

        CLASS   SFR13          

        CLASS   SFR14          

        CLASS   SFR15          

        CLASS   SFR16          

        CLASS   SFR17          

        CLASS   SFR18          

        CLASS   SFR19          

        CLASS   SFR20          

        CLASS   SFR21          

        CLASS   SFR22          

        CLASS   SFR23          

        CLASS   SFR24          

        CLASS   SFR25          

        CLASS   SFR26          

        CLASS   SFR27          

        CLASS   SFR28          

        CLASS   SFR29          

        CLASS   SFR30          

        CLASS   SFR31          

        CLASS   CONFIG         
                config                             8007     8007        4         0

        CLASS   IDLOC          

        CLASS   EEDATA         

        CLASS   BANK31         

        CLASS   BANK30         

        CLASS   BANK29         

        CLASS   BANK28         

        CLASS   BANK27         

        CLASS   BANK26         



SEGMENTS        Name                           Load    Length   Top    Selector   Space  Class     Delta

                reset_vec                      000000  000004  000004         0       0  CODE        2
                intentry                       000004  00082B  00082F         8       0  CODE        2
                cstackBANK0                    000020  00003F  00005F        20       1  BANK0       1
                cstackCOMMON                   000070  00000E  00007E        70       1  COMMON      1
                cstackBANK1                    0000A0  000050  0000F0        A0       1  BANK1       1
                bssBANK2                       000120  00004D  00016D       120       1  BANK2       1
                bssBANK3                       0001A0  00004C  0001EC       1A0       1  BANK3       1
                bssBANK4                       000220  000048  000268       220       1  BANK4       1
                bssBANK5                       0002A0  000044  0002E4       2A0       1  BANK5       1
                text65                         00082F  000091  0008C0      105E       0  CODE        2
                text20                         0008C0  0000A8  000968      1180       0  CODE        2
                text39                         000968  0000AC  000A14      12D0       0  CODE        2
                text55                         000A14  0000C7  000ADB      1428       0  CODE        2
                text10                         000ADB  0000CC  000BA7      15B6       0  CODE        2
                text35                         000BA7  0000E9  000C90      174E       0  CODE        2
                text46                         000C90  000104  000D94      1920       0  CODE        2
                text69                         000D94  000132  000EC6      1B28       0  CODE        2
                text62                         000EC6  00013A  001000      1D8C       0  CODE        2
                stringtext1                    001000  0001E4  0011E4      2000       0  STRCODE     2
                idataBANK0                     0011E4  000004  0011E8      23C8       0  CODE        2
                text49                         0011E8  000065  00124D      23D0       0  CODE        2
                text8                          00124D  000071  0012BE      249A       0  CODE        2
                maintext                       0012BE  000072  001330      257C       0  CODE        2
                text24                         001330  000073  0013A3      2660       0  CODE        2
                text19                         0013A3  000075  001418      2746       0  CODE        2
                text51                         001418  000076  00148E      2830       0  CODE        2
                text58                         00148E  000077  001505      291C       0  CODE        2
                text111                        001505  000079  00157E      2A0A       0  CODE        2
                text38                         00157E  00007B  0015F9      2AFC       0  CODE        2
                text57                         0015F9  00007C  001675      2BF2       0  CODE        2
                text28                         001675  00007D  0016F2      2CEA       0  CODE        2
                text61                         0016F2  000087  001779      2DE4       0  CODE        2
                text43                         001779  000087  001800      2EF2       0  CODE        2
                stringtext3                    001800  0000F4  0018F4      3000       0  STRCODE     2
                idataBANK4                     0018F4  000020  001914      31E8       0  CODE        2
                text135                        001914  000040  001954      3228       0  CODE        2
                text72                         001954  000043  001997      32A8       0  CODE        2
                text50                         001997  000043  0019DA      332E       0  CODE        2
                text56                         0019DA  000047  001A21      33B4       0  CODE        2
                text81                         001A21  000048  001A69      3442       0  CODE        2
                text177                        001A69  000049  001AB2      34D2       0  CODE        2
                text2                          001AB2  00004B  001AFD      3564       0  CODE        2
                text13                         001AFD  00004C  001B49      35FA       0  CODE        2
                text54                         001B49  00004D  001B96      3692       0  CODE        2
                text53                         001B96  00004D  001BE3      372C       0  CODE        2
                text136                        001BE3  00004E  001C31      37C6       0  CODE        2
                text32                         001C31  00004E  001C7F      3862       0  CODE        2
                text31                         001C7F  00004E  001CCD      38FE       0  CODE        2
                text110                        001CCD  000052  001D1F      399A       0  CODE        2
                text41                         001D1F  000052  001D71      3A3E       0  CODE        2
                text73                         001D71  000053  001DC4      3AE2       0  CODE        2
                text117                        001DC4  000058  001E1C      3B88       0  CODE        2
                text82                         001E1C  000059  001E75      3C38       0  CODE        2
                text40                         001E75  00005B  001ED0      3CEA       0  CODE        2
                text34                         001ED0  00005F  001F2F      3DA0       0  CODE        2
                text26                         001F2F  000064  001F93      3E5E       0  CODE        2
                text11                         001F93  00006D  002000      3F26       0  CODE        2
                swtext1                        002000  000032  002032      4000       0  CONST       2
                text143                        002032  000008  00203A      4064       0  CODE        2
                text127                        00203A  000008  002042      4074       0  CODE        2
                text93                         002042  000008  00204A      4084       0  CODE        2
                text92                         00204A  000008  002052      4094       0  CODE        2
                text91                         002052  000008  00205A      40A4       0  CODE        2
                text90                         00205A  000008  002062      40B4       0  CODE        2
                text86                         002062  000008  00206A      40C4       0  CODE        2
                text85                         00206A  000008  002072      40D4       0  CODE        2
                text84                         002072  000008  00207A      40E4       0  CODE        2
                text12                         00207A  000008  002082      40F4       0  CODE        2
                text170                        002082  000009  00208B      4104       0  CODE        2
                text126                        00208B  000009  002094      4116       0  CODE        2
                text124                        002094  000009  00209D      4128       0  CODE        2
                text122                        00209D  000009  0020A6      413A       0  CODE        2
                text94                         0020A6  000009  0020AF      414C       0  CODE        2
                text45                         0020AF  000009  0020B8      415E       0  CODE        2
                text15                         0020B8  000009  0020C1      4170       0  CODE        2
                text14                         0020C1  000009  0020CA      4182       0  CODE        2
                text166                        0020CA  00000A  0020D4      4194       0  CODE        2
                text129                        0020D4  00000A  0020DE      41A8       0  CODE        2
                text87                         0020DE  00000A  0020E8      41BC       0  CODE        2
                text76                         0020E8  00000A  0020F2      41D0       0  CODE        2
                text17                         0020F2  00000A  0020FC      41E4       0  CODE        2
                text16                         0020FC  00000A  002106      41F8       0  CODE        2
                text95                         002106  00000B  002111      420C       0  CODE        2
                text88                         002111  00000B  00211C      4222       0  CODE        2
                text78                         00211C  00000B  002127      4238       0  CODE        2
                text77                         002127  00000B  002132      424E       0  CODE        2
                text152                        002132  00000C  00213E      4264       0  CODE        2
                text89                         00213E  00000C  00214A      427C       0  CODE        2
                clrtext                        00214A  00000C  002156      4294       0  CODE        2
                inittext                       002156  00000C  002162      42AC       0  CODE        2
                text173                        002162  00000D  00216F      42C4       0  CODE        2
                text169                        00216F  00000D  00217C      42DE       0  CODE        2
                text165                        00217C  00000D  002189      42F8       0  CODE        2
                text98                         002189  00000D  002196      4312       0  CODE        2
                text29                         002196  00000F  0021A5      432C       0  CODE        2
                text9                          0021A5  00000F  0021B4      434A       0  CODE        2
                text7                          0021B4  000010  0021C4      4368       0  CODE        2
                text23                         0021C4  000011  0021D5      4388       0  CODE        2
                text123                        0021D5  000012  0021E7      43AA       0  CODE        2
                text121                        0021E7  000013  0021FA      43CE       0  CODE        2
                text30                         0021FA  000013  00220D      43F4       0  CODE        2
                text125                        00220D  000014  002221      441A       0  CODE        2
                text74                         002221  000015  002236      4442       0  CODE        2
                text176                        002236  000018  00224E      446C       0  CODE        2
                text119                        00224E  000018  002266      449C       0  CODE        2
                text116                        002266  000018  00227E      44CC       0  CODE        2
                text66                         00227E  000019  002297      44FC       0  CODE        2
                text130                        002297  00001A  0022B1      452E       0  CODE        2
                text5                          0022B1  00001A  0022CB      4562       0  CODE        2
                text22                         0022CB  00001B  0022E6      4596       0  CODE        2
                text182                        0022E6  00001C  002302      45CC       0  CODE        2
                text47                         002302  00001C  00231E      4604       0  CODE        2
                text181                        00231E  00001E  00233C      463C       0  CODE        2
                text27                         00233C  00001E  00235A      4678       0  CODE        2
                text25                         00235A  00001E  002378      46B4       0  CODE        2
                text37                         002378  00001F  002397      46F0       0  CODE        2
                text133                        002397  000020  0023B7      472E       0  CODE        2
                text131                        0023B7  000020  0023D7      476E       0  CODE        2
                text175                        0023D7  000021  0023F8      47AE       0  CODE        2
                text115                        0023F8  000021  002419      47F0       0  CODE        2
                text48                         002419  000022  00243B      4832       0  CODE        2
                text137                        00243B  000024  00245F      4876       0  CODE        2
                text75                         00245F  000024  002483      48BE       0  CODE        2
                text68                         002483  000024  0024A7      4906       0  CODE        2
                text71                         0024A7  000025  0024CC      494E       0  CODE        2
                text79                         0024CC  000026  0024F2      4998       0  CODE        2
                text21                         0024F2  000027  002519      49E4       0  CODE        2
                text178                        002519  000029  002542      4A32       0  CODE        2
                text63                         002542  000029  00256B      4A84       0  CODE        2
                text60                         00256B  000029  002594      4AD6       0  CODE        2
                text150                        002594  00002A  0025BE      4B28       0  CODE        2
                text83                         0025BE  00002B  0025E9      4B7C       0  CODE        2
                text118                        0025E9  000030  002619      4BD2       0  CODE        2
                text4                          002619  000030  002649      4C32       0  CODE        2
                text3                          002649  000030  002679      4C92       0  CODE        2
                text128                        002679  000033  0026AC      4CF2       0  CODE        2
                text6                          0026AC  000034  0026E0      4D58       0  CODE        2
                text42                         0026E0  000036  002716      4DC0       0  CODE        2
                text174                        002716  000037  00274D      4E2C       0  CODE        2
                text67                         00274D  000037  002784      4E9A       0  CODE        2
                text44                         002784  00003D  0027C1      4F08       0  CODE        2
                text52                         0027C1  00003F  002800      4F82       0  CODE        2
                stringtext5                    002800  0001EC  0029EC      5000       0  STRCODE     2
                text156                        002F36  000001  002F37      5E6C       0  CODE        2
                text102                        002F37  000001  002F38      5E6E       0  CODE        2
                text159                        002F38  000002  002F3A      5E70       0  CODE        2
                text158                        002F3A  000002  002F3C      5E74       0  CODE        2
                text180                        002F3C  000003  002F3F      5E78       0  CODE        2
                text172                        002F3F  000003  002F42      5E7E       0  CODE        2
                text168                        002F42  000003  002F45      5E84       0  CODE        2
                text164                        002F45  000003  002F48      5E8A       0  CODE        2
                text163                        002F48  000003  002F4B      5E90       0  CODE        2
                text161                        002F4B  000003  002F4E      5E96       0  CODE        2
                text160                        002F4E  000003  002F51      5E9C       0  CODE        2
                text157                        002F51  000003  002F54      5EA2       0  CODE        2
                text154                        002F54  000003  002F57      5EA8       0  CODE        2
                text151                        002F57  000003  002F5A      5EAE       0  CODE        2
                text134                        002F5A  000003  002F5D      5EB4       0  CODE        2
                text114                        002F5D  000003  002F60      5EBA       0  CODE        2
                text113                        002F60  000003  002F63      5EC0       0  CODE        2
                text112                        002F63  000003  002F66      5EC6       0  CODE        2
                text109                        002F66  000003  002F69      5ECC       0  CODE        2
                text107                        002F69  000003  002F6C      5ED2       0  CODE        2
                text106                        002F6C  000003  002F6F      5ED8       0  CODE        2
                text103                        002F6F  000003  002F72      5EDE       0  CODE        2
                text100                        002F72  000003  002F75      5EE4       0  CODE        2
                text97                         002F75  000003  002F78      5EEA       0  CODE        2
                text80                         002F78  000003  002F7B      5EF0       0  CODE        2
                text162                        002F7B  000004  002F7F      5EF6       0  CODE        2
                text155                        002F7F  000004  002F83      5EFE       0  CODE        2
                text147                        002F83  000004  002F87      5F06       0  CODE        2
                text146                        002F87  000004  002F8B      5F0E       0  CODE        2
                text145                        002F8B  000004  002F8F      5F16       0  CODE        2
                text144                        002F8F  000004  002F93      5F1E       0  CODE        2
                text140                        002F93  000004  002F97      5F26       0  CODE        2
                text139                        002F97  000004  002F9B      5F2E       0  CODE        2
                text138                        002F9B  000004  002F9F      5F36       0  CODE        2
                text120                        002F9F  000004  002FA3      5F3E       0  CODE        2
                text108                        002FA3  000004  002FA7      5F46       0  CODE        2
                text101                        002FA7  000004  002FAB      5F4E       0  CODE        2
                text179                        002FAB  000005  002FB0      5F56       0  CODE        2
                text171                        002FB0  000005  002FB5      5F60       0  CODE        2
                text167                        002FB5  000005  002FBA      5F6A       0  CODE        2
                text153                        002FBA  000005  002FBF      5F74       0  CODE        2
                text148                        002FBF  000005  002FC4      5F7E       0  CODE        2
                text36                         002FC4  000005  002FC9      5F88       0  CODE        2
                text33                         002FC9  000005  002FCE      5F92       0  CODE        2
                text141                        002FCE  000006  002FD4      5F9C       0  CODE        2
                text105                        002FD4  000006  002FDA      5FA8       0  CODE        2
                text104                        002FDA  000006  002FE0      5FB4       0  CODE        2
                text99                         002FE0  000006  002FE6      5FC0       0  CODE        2
                text70                         002FE6  000006  002FEC      5FCC       0  CODE        2
                idataBANK1                     002FEC  000006  002FF2      5FD8       0  CODE        2
                text149                        002FF2  000007  002FF9      5FE4       0  CODE        2
                text142                        002FF9  000007  003000      5FF2       0  CODE        2
                stringtext42                   003000  000049  003049      6000       0  STRCODE     2
                config                         008007  000004  00800B     1000E       0  CONFIG      2


UNUSED ADDRESS RANGES

        Name                Unused          Largest block    Delta
        BANK0            0005F-0006F              11           1
        BANK10           00520-0056F              50           1
        BANK11           005A0-005EF              50           1
        BANK12           00620-0066F              50           1
        BANK13           006A0-006EF              50           1
        BANK14           00720-0076F              50           1
        BANK15           007A0-007EF              50           1
        BANK16           00820-0086F              50           1
        BANK17           008A0-008EF              50           1
        BANK18           00920-0096F              50           1
        BANK19           009A0-009EF              50           1
        BANK2            0016D-0016F               3           1
        BANK20           00A20-00A6F              50           1
        BANK21           00AA0-00AEF              50           1
        BANK22           00B20-00B6F              50           1
        BANK23           00BA0-00BEF              50           1
        BANK24           00C20-00C2F              10           1
        BANK3            001EC-001EF               4           1
        BANK4            00268-0026F               8           1
        BANK5            002E4-002EF               C           1
        BANK6            00320-0036F              50           1
        BANK7            003A0-003EF              50           1
        BANK8            00420-0046F              50           1
        BANK9            004A0-004EF              50           1
        BIGRAM           02000-027EF             7F0           1
        CODE             029EC-02F35             54A           2
                         03049-03FFF             7B7
        CONST            029EC-02F35             100           2
                         03049-03FFF             100
        EEDATA           0F000-0F0FF             100           2
        ENTRY            029EC-02F35             100           2
                         03049-03FFF             100
        IDLOC            08000-08003               4           2
        RAM              0005F-0006F              11           1
                         0016D-0016F               3
                         001EC-001EF               4
                         00268-0026F               8
                         002E4-002EF               C
                         00320-0036F              50
                         003A0-003EF              50
                         00420-0046F              50
                         004A0-004EF              50
                         00520-0056F              50
                         005A0-005EF              50
                         00620-0066F              50
                         006A0-006EF              50
                         00720-0076F              50
                         007A0-007EF              50
                         00820-0086F              50
                         008A0-008EF              50
                         00920-0096F              50
                         009A0-009EF              50
                         00A20-00A6F              50
                         00AA0-00AEF              50
                         00B20-00B6F              50
                         00BA0-00BEF              50
                         00C20-00C2F              10
        SFR0             00000-0001F              20           1
        SFR1             00080-0009F              20           1
        SFR10            00500-0051F              20           1
        SFR11            00580-0059F              20           1
        SFR12            00600-0061F              20           1
        SFR13            00680-0069F              20           1
        SFR14            00700-0071F              20           1
        SFR15            00780-0079F              20           1
        SFR16            00800-0081F              20           1
        SFR17            00880-0089F              20           1
        SFR18            00900-0091F              20           1
        SFR19            00980-0099F              20           1
        SFR2             00100-0011F              20           1
        SFR20            00A00-00A1F              20           1
        SFR21            00A80-00A9F              20           1
        SFR22            00B00-00B1F              20           1
        SFR23            00B80-00B9F              20           1
        SFR24            00C00-00C1F              20           1
        SFR25            00C80-00C9F              20           1
        SFR26            00D00-00D6F              70           1
        SFR27            00D80-00DEF              70           1
        SFR28            00E00-00E6F              70           1
        SFR29            00E80-00EEF              70           1
        SFR3             00180-0019F              20           1
        SFR30            00F00-00F6F              70           1
        SFR31            00F80-00FEF              70           1
[...]
		None
 Return value:  Size  Location     Type
                  1    wreg      void 
 Registers used:
		None
 Tracked objects:
		On entry : 
		On exit  : 
		Unchanged: 
 Data sizes:     COMMON   BANK0   BANK1   BANK2   BANK3   BANK4   BANK5   BANK6   BANK7   BANK8   BANK9  BANK10  BANK11  BANK12  BANK13  BANK14  BANK15  BANK16  BANK17  BANK18  BANK19  BANK20  BANK21  BANK22  BANK23  BANK24  BANK25
      Params:         0       0       0       0       0       0       0       0       0       0       0       0       0       0       0       0       0       0       0       0       0       0       0       0       0       0       0
      Locals:         0       0       0       0       0       0       0       0       0       0       0       0       0       0       0       0       0       0       0       0       0       0       0       0       0       0       0
      Temps:          0       0       0       0       0       0       0       0       0       0       0       0       0       0       0       0       0       0       0       0       0       0       0       0       0       0       0
      Totals:         0       0       0       0       0       0       0       0       0       0       0       0       0       0       0       0       0       0       0       0       0       0       0       0       0       0       0
Total ram usage:        0 bytes
 Hardware stack levels used:    1
 This function calls:
		Nothing
 This function is called by:
		_TMR0_DefaultInterruptHandler
 This function uses a non-reentrant model


 *************** function _EUSART_Transmit_ISR *****************
 Defined at:
		line 161 in file "mcc_generated_files/eusart.c"
 Parameters:    Size  Location     Type
		None
 Auto vars:     Size  Location     Type
		None
 Return value:  Size  Location     Type
                  1    wreg      void 
 Registers used:
		wreg, fsr1l, fsr1h, status,2, status,0
 Tracked objects:
		On entry : 
		On exit  : 
		Unchanged: 
 Data sizes:     COMMON   BANK0   BANK1   BANK2   BANK3   BANK4   BANK5   BANK6   BANK7   BANK8   BANK9  BANK10  BANK11  BANK12  BANK13  BANK14  BANK15  BANK16  BANK17  BANK18  BANK19  BANK20  BANK21  BANK22  BANK23  BANK24  BANK25
      Params:         0       0       0       0       0       0       0       0       0       0       0       0       0       0       0       0       0       0       0       0       0       0       0       0       0       0       0
      Locals:         0       0       0       0       0       0       0       0       0       0       0       0       0       0       0       0       0       0       0       0       0       0       0       0       0       0       0
      Temps:          1       0       0       0       0       0       0       0       0       0       0       0       0       0       0       0       0       0       0       0       0       0       0       0       0       0       0
      Totals:         1       0       0       0       0       0       0       0       0       0       0       0       0       0       0       0       0       0       0       0       0       0       0       0       0       0       0
Total ram usage:        1 bytes
 Hardware stack levels used:    1
 This function calls:
		Nothing
 This function is called by:
		_INTERRUPT_InterruptManager
 This function uses a non-reentrant model


 *************** function _EUSART_Receive_ISR *****************
 Defined at:
		line 180 in file "mcc_generated_files/eusart.c"
 Parameters:    Size  Location     Type
		None
 Auto vars:     Size  Location     Type
		None
 Return value:  Size  Location     Type
                  1    wreg      void 
 Registers used:
		wreg, fsr1l, fsr1h, status,2, status,0
 Tracked objects:
		On entry : 
		On exit  : 
		Unchanged: 
 Data sizes:     COMMON   BANK0   BANK1   BANK2   BANK3   BANK4   BANK5   BANK6   BANK7   BANK8   BANK9  BANK10  BANK11  BANK12  BANK13  BANK14  BANK15  BANK16  BANK17  BANK18  BANK19  BANK20  BANK21  BANK22  BANK23  BANK24  BANK25
      Params:         0       0       0       0       0       0       0       0       0       0       0       0       0       0       0       0       0       0       0       0       0       0       0       0       0       0       0
      Locals:         0       0       0       0       0       0       0       0       0       0       0       0       0       0       0       0       0       0       0       0       0       0       0       0       0       0       0
      Temps:          1       0       0       0       0       0       0       0       0       0       0       0       0       0       0       0       0       0       0       0       0       0       0       0       0       0       0
      Totals:         1       0       0       0       0       0       0       0       0       0       0       0       0       0       0       0       0       0       0       0       0       0       0       0       0       0       0
Total ram usage:        1 bytes
 Hardware stack levels used:    1
 This function calls:
		Nothing
 This function is called by:
		_INTERRUPT_InterruptManager
 This function uses a non-reentrant model



MODULE INFORMATION

Module		Function		Class		Link	Load	Size
drv2665.c
		_drv_reset     		CODE           	20F2	0000	11
		_drv_write_wvfrm		CODE           	227E	0000	26
		_calcDownstroke		CODE           	0968	0000	173
		_calcUpstroke  		CODE           	157E	0000	124
		_drv_write     		CODE           	2483	0000	37
		_drv_write_DC  		CODE           	274D	0000	56
		_drv_read      		CODE           	19DA	0000	72
		_drv_init      		CODE           	1F93	0000	110

drv2665.c estimated size: 609

C:\Program Files (x86)\Microchip\xc8\v1.45\sources\common\ftneg.c
		___ftneg       		CODE           	20AF	0000	10

C:\Program Files (x86)\Microchip\xc8\v1.45\sources\common\ftneg.c estimated size: 10

LEDcomm.c
		_send_last_2bytes_IK		CODE           	1DC4	0000	89
		_LED_setBrightnessRange		CODE           	0768	0000	153
		_LED_test_openshort		CODE           	15F9	0000	125
		_send_2bytes_latchless_IK		CODE           	25E9	0000	49
		_LEDsPwr       		CODE           	1F2F	0000	101
		_LED_testComm  		CODE           	148E	0000	120
		_LEDsOn        		CODE           	23F8	0000	34
		_send_2length_2bytes_IK		CODE           	2266	0000	25
		_LED_getData   		CODE           	16F2	0000	136
		_LED_readConfig		CODE           	256B	0000	42

LEDcomm.c estimated size: 874

C:\Program Files (x86)\Microchip\xc8\v1.45\sources\common\float.c
		___ftpack      		CODE           	11E8	0000	102

C:\Program Files (x86)\Microchip\xc8\v1.45\sources\common\float.c estimated size: 102

C:\Program Files (x86)\Microchip\xc8\v1.45\sources\common\doprnt.c
		_printf        		CODE           	0D94	0000	307

C:\Program Files (x86)\Microchip\xc8\v1.45\sources\common\doprnt.c estimated size: 307

mcc_generated_files/tmr4.c
		_TMR4_ISR      		CODE           	217C	0000	14
		_TMR4_Initialize		CODE           	21E7	0000	20
		_TMR4_SetInterruptHandler		CODE           	209D	0000	10
		_TMR4_StopTimer		CODE           	2F42	0000	4
		_TMR4_DefaultInterruptHandler		CODE           	20CA	0000	11
		_TMR4_WriteTimer		CODE           	2FB5	0000	6
		_TMR4_StartTimer		CODE           	2F63	0000	4

mcc_generated_files/tmr4.c estimated size: 69

C:\Program Files (x86)\Microchip\xc8\v1.45\sources\common\round.c
		_round         		CODE           	1E75	0000	92

C:\Program Files (x86)\Microchip\xc8\v1.45\sources\common\round.c estimated size: 92

C:\Program Files (x86)\Microchip\xc8\v1.45\sources\common\strspn.c
		_strspn        		CODE           	2649	0000	49

C:\Program Files (x86)\Microchip\xc8\v1.45\sources\common\strspn.c estimated size: 49

mcc_generated_files/tmr2.c
		_TMR2_ISR      		CODE           	216F	0000	14
		_TMR2_LoadPeriodRegister		CODE           	2FC9	0000	6
		_TMR2_Initialize		CODE           	21D5	0000	19
		_TMR2_SetInterruptHandler		CODE           	2094	0000	10
		_TMR2_StopTimer		CODE           	2F3F	0000	4
		_TMR2_DefaultInterruptHandler		CODE           	2082	0000	10
		_TMR2_WriteTimer		CODE           	2FB0	0000	6
		_TMR2_StartTimer		CODE           	2F60	0000	4

mcc_generated_files/tmr2.c estimated size: 73

mcc_generated_files/interrupt_manager.c
		_INTERRUPT_InterruptManager		CODE           	0004	0000	87

mcc_generated_files/interrupt_manager.c estimated size: 87

C:\Program Files (x86)\Microchip\xc8\v1.45\sources\common\Umul16.c
		___wmul        		CODE           	2302	0000	29

C:\Program Files (x86)\Microchip\xc8\v1.45\sources\common\Umul16.c estimated size: 29

mcc_generated_files/tmr0.c
		_TMR0_Load8bitPeriod		CODE           	2FC4	0000	6
		_TMR0_SetInterruptHandler		CODE           	208B	0000	10
		_TMR0_StopTimer		CODE           	2F3C	0000	4
		_TMR0_Write8bitTimer		CODE           	2FAB	0000	6
		_TMR0_DefaultInterruptHandler		CODE           	2716	0000	56
		_TMR0_StartTimer		CODE           	2F5D	0000	4
		_TMR0_ISR      		CODE           	2162	0000	14
		_TMR0_Initialize		CODE           	220D	0000	21

mcc_generated_files/tmr0.c estimated size: 121

C:\Program Files (x86)\Microchip\xc8\v1.45\sources\common\strcspn.c
		_strcspn       		CODE           	2619	0000	49

C:\Program Files (x86)\Microchip\xc8\v1.45\sources\common\strcspn.c estimated size: 49

C:\Program Files (x86)\Microchip\xc8\v1.45\sources\common\frexp.c
		_frexp         		CODE           	26E0	0000	55

C:\Program Files (x86)\Microchip\xc8\v1.45\sources\common\frexp.c estimated size: 55

mcc_generated_files/pin_manager.c
		_PIN_MANAGER_Initialize		CODE           	2679	0000	52

mcc_generated_files/pin_manager.c estimated size: 52

C:\Program Files (x86)\Microchip\xc8\v1.45\sources\common\isdigit.c
		_isdigit       		CODE           	21A5	0000	16

C:\Program Files (x86)\Microchip\xc8\v1.45\sources\common\isdigit.c estimated size: 16

C:\Program Files (x86)\Microchip\xc8\v1.45\sources\common\ftmul.c
		___ftmul       		CODE           	0BA7	0000	234

C:\Program Files (x86)\Microchip\xc8\v1.45\sources\common\ftmul.c estimated size: 234

C:\Program Files (x86)\Microchip\xc8\v1.45\sources\common\llmod.c
		___llmod       		CODE           	1954	0000	68

C:\Program Files (x86)\Microchip\xc8\v1.45\sources\common\llmod.c estimated size: 68

C:\Program Files (x86)\Microchip\xc8\v1.45\sources\common\atoi.c
		_atoi          		CODE           	124D	0000	114

C:\Program Files (x86)\Microchip\xc8\v1.45\sources\common\atoi.c estimated size: 114

C:\Program Files (x86)\Microchip\xc8\v1.45\sources\common\strtok.c
		_strtok        		CODE           	1AB2	0000	76

C:\Program Files (x86)\Microchip\xc8\v1.45\sources\common\strtok.c estimated size: 76

C:\Program Files (x86)\Microchip\xc8\v1.45\sources\common\stricmp.c
		_stricmp       		CODE           	26AC	0000	53

C:\Program Files (x86)\Microchip\xc8\v1.45\sources\common\stricmp.c estimated size: 53

shared
		i1_returnReset 		CODE           	2F3A	0000	3
		i1_do_I2C_SEND_ADR_READ		CODE           	2032	0000	9
		i1_do_I2C_DO_NACK_STOP		CODE           	2F97	0000	5
		i1_mssp1_clearIRQ		CODE           	2F5A	0000	4
		i1_do_I2C_SEND_RESTART		CODE           	2F8B	0000	5
		drv2665@drv_fifo_sine		STRCODE        	0000	0000	0
		i1_do_I2C_TX_EMPTY		CODE           	2594	0000	43
		_dpowers       		STRCODE        	2800	0000	41
		i1_do_I2C_DO_NACK_RESTART		CODE           	2F9B	0000	5
		i1_send_2bytes_latchless_IK		CODE           	2519	0000	42
		i1_do_I2C_SEND_RESTART_READ		CODE           	2F83	0000	5
		i1_do_I2C_DO_ADDRESS_NACK		CODE           	243B	0000	37
		i1_do_I2C_RX   		CODE           	1914	0000	65
		i1_do_I2C_TX   		CODE           	1BE3	0000	79
		_drv_sine      		STRCODE        	0000	0000	0
		_LEDpower      		STRCODE        	3044	0000	3
		i1_i2c_ISR     		CODE           	2397	0000	33
		i1_i2c1_driver_sendNACK		CODE           	2F7F	0000	5
		i1_do_I2C_IDLE 		CODE           	2FBF	0000	6
		i1_do_I2C_RCEN 		CODE           	2FCE	0000	7
		i1_i2c1_driver_isNACK		CODE           	2132	0000	13
		__initialization		CODE           	005C	0000	129
		i1_LEDsOn      		CODE           	23D7	0000	34
		i1_mssp1_setIRQ		CODE           	2F57	0000	4
		i1_i2c1_driver_restart		CODE           	2F4B	0000	4
		i1_i2c1_driver_stop		CODE           	2F4E	0000	4
		_TMR0_RANGE    		STRCODE        	3035	0000	4
		i1_do_I2C_RESET		CODE           	2FF2	0000	8
		i1_i2c1_driver_startRX		CODE           	2F51	0000	4
		i1_i2c1_driver_resetBus		CODE           	2F36	0000	2
		i1_i2c1_driver_sendACK		CODE           	2F7B	0000	5
		_TMR2_RANGE    		STRCODE        	3032	0000	4
		i1_do_I2C_SEND_RESTART_WRITE		CODE           	2F87	0000	5
		_drv_address   		STRCODE        	3048	0000	2
		drv2665@drv_sine		STRCODE        	1000	0000	243
		i1_do_I2C_DO_ACK		CODE           	2F93	0000	5
		i1_do_I2C_SEND_ADR_WRITE		CODE           	2FF9	0000	8
		i1_i2c1_driver_getRXData		CODE           	2F54	0000	4
		_drv_fifo_sine 		STRCODE        	0000	0000	0
		i1_send_2length_2bytes_IK		CODE           	2236	0000	25
		i1_do_I2C_SEND_STOP		CODE           	2F8F	0000	5
		i1_i2c1_driver_TXData		CODE           	2FBA	0000	6
		sin@coeff_a    		STRCODE        	0000	0000	0
		sin@coeff_b    		STRCODE        	0000	0000	0
		i1_returnStop  		CODE           	2F38	0000	3
		i1_send_last_2bytes_IK		CODE           	1A69	0000	74

shared estimated size: 992

mcc_generated_files/mcc.c
		_WDT_Initialize		CODE           	2F9F	0000	5
		_PMD_Initialize		CODE           	203A	0000	9
		_OSCILLATOR_Initialize		CODE           	20D4	0000	11
		_SYSTEM_Initialize		CODE           	224E	0000	25

mcc_generated_files/mcc.c estimated size: 50

C:\Program Files (x86)\Microchip\xc8\v1.45\sources\common\fttol.c
		___fttol       		CODE           	1779	0000	136

C:\Program Files (x86)\Microchip\xc8\v1.45\sources\common\fttol.c estimated size: 136

C:\Program Files (x86)\Microchip\xc8\v1.45\sources\common\awtoft.c
		___awtoft      		CODE           	2419	0000	35

C:\Program Files (x86)\Microchip\xc8\v1.45\sources\common\awtoft.c estimated size: 35

mcc_generated_files/drivers/i2c_master.c
		_returnStop    		CODE           	2FD4	0000	7
		_i2c_setBuffer 		CODE           	2221	0000	22
		_i2c_busCollisionISR		CODE           	2F48	0000	4
		_i2c_ISR       		CODE           	24CC	0000	39
		_i2c_setAddress		CODE           	207A	0000	9
		_i2c_masterOperation		CODE           	245F	0000	37
		_do_I2C_TX_EMPTY		CODE           	0800	0000	48
		_returnReset   		CODE           	2FDA	0000	7
		_do_I2C_SEND_RESTART_WRITE		CODE           	204A	0000	9
		_i2c_poller    		CODE           	2127	0000	12
		_do_I2C_DO_NACK_RESTART		CODE           	2072	0000	9
		_do_I2C_SEND_RESTART_READ		CODE           	2042	0000	9
		_do_I2C_SEND_ADR_WRITE		CODE           	2111	0000	12
		_do_I2C_SEND_STOP		CODE           	205A	0000	9
		_i2c_open      		CODE           	1AFD	0000	77
		_do_I2C_SEND_ADR_READ		CODE           	213E	0000	13
		_do_I2C_DO_NACK_STOP		CODE           	206A	0000	9
		_do_I2C_SEND_RESTART		CODE           	2052	0000	9
		_do_I2C_RX     		CODE           	1A21	0000	73
		_do_I2C_TX     		CODE           	1E1C	0000	90
		_do_I2C_IDLE   		CODE           	20A6	0000	10
		_do_I2C_RCEN   		CODE           	20DE	0000	11
		_do_I2C_DO_ADDRESS_NACK		CODE           	25BE	0000	44
		_do_I2C_RESET  		CODE           	2106	0000	12
		_do_I2C_DO_ACK 		CODE           	2062	0000	9

mcc_generated_files/drivers/i2c_master.c estimated size: 590

C:\Program Files (x86)\Microchip\xc8\v1.45\sources\common\awdiv.c
		___awdiv       		CODE           	1CCD	0000	83

C:\Program Files (x86)\Microchip\xc8\v1.45\sources\common\awdiv.c estimated size: 83

C:\Program Files (x86)\Microchip\xc8\v1.45\sources\common\ftadd.c
		___ftadd       		CODE           	0C90	0000	261

C:\Program Files (x86)\Microchip\xc8\v1.45\sources\common\ftadd.c estimated size: 261

mcc_generated_files/i2c1_driver.c
		_mssp1_waitForEvent		CODE           	211C	0000	12
		_i2c1_driver_open		CODE           	20FC	0000	11
		_i2c1_driver_isNACK		CODE           	2189	0000	14
		_i2c1_driver_stop		CODE           	2F6C	0000	4
		_i2c1_driver_getRXData		CODE           	2F72	0000	4
		_i2c1_driver_TXData		CODE           	2FE0	0000	7
		_i2c1_driver_setBusCollisionISR		CODE           	20B8	0000	10
		_i2c1_driver_start		CODE           	2F66	0000	4
		_i2c1_driver_sendACK		CODE           	2FA3	0000	5
		_mssp1_setIRQ  		CODE           	2F75	0000	4
		_i2c1_driver_sendNACK		CODE           	2FA7	0000	5
		_i2c1_driver_restart		CODE           	2F69	0000	4
		_i2c1_driver_resetBus		CODE           	2F37	0000	2
		_i2c1_driver_clearBusCollision		CODE           	2F45	0000	4
		_mssp1_clearIRQ		CODE           	2F78	0000	4
		_i2c1_driver_startRX		CODE           	2F6F	0000	4
		_i2c1_driver_setI2cISR		CODE           	20C1	0000	10
		_mssp1_IRQisEnabled		CODE           	20E8	0000	11

mcc_generated_files/i2c1_driver.c estimated size: 119

C:\Program Files (x86)\Microchip\xc8\v1.45\sources\common\toupper.c
		_toupper       		CODE           	21B4	0000	17

C:\Program Files (x86)\Microchip\xc8\v1.45\sources\common\toupper.c estimated size: 17

C:\Program Files (x86)\Microchip\xc8\v1.45\sources\common\lldiv.c
		___lldiv       		CODE           	1D71	0000	84

C:\Program Files (x86)\Microchip\xc8\v1.45\sources\common\lldiv.c estimated size: 84

C:\Program Files (x86)\Microchip\xc8\v1.45\sources\common\trunc.c
		_trunc         		CODE           	1D1F	0000	83

C:\Program Files (x86)\Microchip\xc8\v1.45\sources\common\trunc.c estimated size: 83

mcc_generated_files/eusart.c
		_putch         		CODE           	2FE6	0000	7
		_EUSART_Read   		CODE           	23B7	0000	33
		_EUSART_Write  		CODE           	24A7	0000	38
		_EUSART_Transmit_ISR		CODE           	231E	0000	31
		_EUSART_Initialize		CODE           	2297	0000	27
		_EUSART_Receive_ISR		CODE           	22E6	0000	29

mcc_generated_files/eusart.c estimated size: 165

main.c
		_main_initialize		CODE           	0ADB	0000	205
		_getActive     		CODE           	1B49	0000	78
		_zeroPosition  		CODE           	13A3	0000	118
		_getPosition   		CODE           	27C1	0000	64
		_setH2OnTime   		CODE           	1C7F	0000	79
		_getMoveMask   		CODE           	1B96	0000	78
		_doRelMove     		CODE           	0EC6	0000	315
		_stop          		CODE           	24F2	0000	40
		_setActive     		CODE           	1418	0000	119
		_setMoveMask   		CODE           	1330	0000	116
		_main          		CODE           	12BE	0000	115
		_setHeaterPreTime		CODE           	2196	0000	16
		_setLEDPwr     		CODE           	235A	0000	31
		_commCheck     		CODE           	0A14	0000	200
		_setDrvGain    		CODE           	1997	0000	68
		_doAbsMove     		CODE           	00E0	0000	697
		_setHeaterPostTime		CODE           	21FA	0000	20
		_doMove        		CODE           	082F	0000	146
		_startRelMove  		CODE           	22CB	0000	28
		_setH1OffTime  		CODE           	1C31	0000	79
		_calcHeaterPins		CODE           	1505	0000	122
		_setDrvPeak    		CODE           	2378	0000	32
		_startAbsMove  		CODE           	21C4	0000	18
		_setDrvPiezoOnTime		CODE           	1ED0	0000	96
		_setHeaterToggle		CODE           	1675	0000	126
		_timedActiveHeatOn		CODE           	08C0	0000	169
		_getMotionStatus		CODE           	2542	0000	42
		_setLEDBrightnessRange		CODE           	233C	0000	31

main.c estimated size: 3248

cmd_parser.c
		_execCmd       		CODE           	0398	0000	512
		_parseCmd      		CODE           	0597	0000	466

cmd_parser.c estimated size: 978

C:\Program Files (x86)\Microchip\xc8\v1.45\sources\common\strchr.c
		_strchr        		CODE           	22B1	0000	27

C:\Program Files (x86)\Microchip\xc8\v1.45\sources\common\strchr.c estimated size: 27

C:\Program Files (x86)\Microchip\xc8\v1.45\sources\common\altoft.c
		___altoft      		CODE           	2784	0000	62

C:\Program Files (x86)\Microchip\xc8\v1.45\sources\common\altoft.c estimated size: 62

